 WARN  Issue while reading "/private/tmp/sci-temporal-2382/.npmrc". Failed to replace env in config: ${NPM_PACKAGES_TOKEN}
 WARN  Issue while reading "/private/tmp/sci-temporal-2382/.npmrc". Failed to replace env in config: ${NPM_PACKAGES_TOKEN}

> olumi-assistants-service@1.12.0 pretypecheck /private/tmp/sci-temporal-2382
> pnpm openapi:generate && pnpm check:schemas-resolution

 WARN  Issue while reading "/private/tmp/sci-temporal-2382/.npmrc". Failed to replace env in config: ${NPM_PACKAGES_TOKEN}
 WARN  Issue while reading "/private/tmp/sci-temporal-2382/.npmrc". Failed to replace env in config: ${NPM_PACKAGES_TOKEN}

> olumi-assistants-service@1.12.0 openapi:generate /private/tmp/sci-temporal-2382
> openapi-typescript openapi.yaml -o src/generated/openapi.d.ts

✨ openapi-typescript 7.10.1
🚀 openapi.yaml → src/generated/openapi.d.ts [358.5ms]
 WARN  Issue while reading "/private/tmp/sci-temporal-2382/.npmrc". Failed to replace env in config: ${NPM_PACKAGES_TOKEN}
 WARN  Issue while reading "/private/tmp/sci-temporal-2382/.npmrc". Failed to replace env in config: ${NPM_PACKAGES_TOKEN}

> olumi-assistants-service@1.12.0 check:schemas-resolution /private/tmp/sci-temporal-2382
> node scripts/check-schemas-resolution.mjs

✔ @talchain/schemas@0.75.0 bound from this project (pin: file:./vendor/talchain-schemas-0.75.0.tgz)

> olumi-assistants-service@1.12.0 typecheck /private/tmp/sci-temporal-2382
> tsc -p tsconfig.build.json --noEmit

src/orchestrator/tools/edit-graph.ts(3036,55): error TS2345: Argument of type '"FIELD_NOT_ALLOWED"' is not assignable to parameter of type '"MAX_OPERATIONS_EXCEEDED" | "STRUCTURAL_VALIDATION_FAILED" | "PLOT_SEMANTIC_REJECTED" | "PLOT_UNAVAILABLE" | "PLOT_REQUEST_FAILED" | "PLOT_APPLIED_GRAPH_OMITTED_WITH_REPAIRS" | ... 4 more ... | undefined'.
src/orchestrator/tools/edit-graph.ts(3980,57): error TS2345: Argument of type '"FIELD_NOT_ALLOWED"' is not assignable to parameter of type '"MAX_OPERATIONS_EXCEEDED" | "STRUCTURAL_VALIDATION_FAILED" | "PLOT_SEMANTIC_REJECTED" | "PLOT_UNAVAILABLE" | "PLOT_REQUEST_FAILED" | "PLOT_APPLIED_GRAPH_OMITTED_WITH_REPAIRS" | ... 4 more ... | undefined'.
 ELIFECYCLE  Command failed with exit code 2.
