 WARN  Issue while reading "/private/tmp/scihero-cee-1790984347/.npmrc". Failed to replace env in config: ${NPM_PACKAGES_TOKEN}
 WARN  Issue while reading "/private/tmp/scihero-cee-1790984347/.npmrc". Failed to replace env in config: ${NPM_PACKAGES_TOKEN}

 RUN  v4.1.10 /private/tmp/scihero-cee-1790984347

{"level":"info","time":1790989506491,"pid":91287,"hostname":"Mac.net","event":"agent_lane.route_mounted","msg":"POST /agent/v1/turn mounted"}
{"level":"info","time":1790989506528,"pid":91287,"hostname":"Mac.net","event":"v5.coaching.run_delta_outcome","scenario_id":"5032b6d3-a37d-445f-902c-b604c9dd2b30","outcome":"skipped","reason":"caller_binds_run_delta","prior_facts_count":null,"run_analysis_facts_count":null,"wire_reason_carried":null}
{"level":"info","time":1790989506537,"pid":91287,"hostname":"Mac.net","event":"v5.egress.leading_option_claim_neutralised_at_wire","request_id":"req-1","exit_path":"agent_lane_v1","edited_fields":"blocks","mode":"surgical","original_length":0,"projected_length":0}
{"level":"info","time":1790989506549,"pid":91287,"hostname":"Mac.net","event":"v5.egress.leading_option_claim_neutralised_at_wire","request_id":"req-1","exit_path":"agent_lane_v1_final","edited_fields":"blocks","mode":"surgical","original_length":0,"projected_length":0}
{"level":"info","time":1790989506563,"pid":91287,"hostname":"Mac.net","event":"v5.coaching.run_delta_outcome","scenario_id":"75a33983-3c25-400d-862e-b2a0b4d05f03","outcome":"skipped","reason":"caller_binds_run_delta","prior_facts_count":null,"run_analysis_facts_count":null,"wire_reason_carried":null}
{"level":"info","time":1790989506564,"pid":91287,"hostname":"Mac.net","event":"v5.egress.leading_option_claim_neutralised_at_wire","request_id":"req-4","exit_path":"agent_lane_v1","edited_fields":"blocks","mode":"surgical","original_length":0,"projected_length":0}
{"level":"info","time":1790989506567,"pid":91287,"hostname":"Mac.net","event":"v5.egress.leading_option_claim_neutralised_at_wire","request_id":"req-4","exit_path":"agent_lane_v1_final","edited_fields":"blocks","mode":"surgical","original_length":0,"projected_length":0}
{"level":"info","time":1790989506576,"pid":91287,"hostname":"Mac.net","event":"v5.coaching.run_delta_outcome","scenario_id":"3090f487-c77e-40d1-8ab5-feae3dd17c64","outcome":"skipped","reason":"caller_binds_run_delta","prior_facts_count":null,"run_analysis_facts_count":null,"wire_reason_carried":null}
{"level":"info","time":1790989506578,"pid":91287,"hostname":"Mac.net","event":"v5.egress.leading_option_claim_neutralised_at_wire","request_id":"req-7","exit_path":"agent_lane_v1","edited_fields":"blocks","mode":"surgical","original_length":0,"projected_length":0}
{"level":"info","time":1790989506581,"pid":91287,"hostname":"Mac.net","event":"v5.egress.leading_option_claim_neutralised_at_wire","request_id":"req-7","exit_path":"agent_lane_v1_final","edited_fields":"blocks","mode":"surgical","original_length":0,"projected_length":0}
{"level":"info","time":1790989506591,"pid":91287,"hostname":"Mac.net","event":"v5.coaching.run_delta_outcome","scenario_id":"675f935d-8aab-4fb6-93ef-01eb3e3e1276","outcome":"skipped","reason":"caller_binds_run_delta","prior_facts_count":null,"run_analysis_facts_count":null,"wire_reason_carried":null}
{"level":"info","time":1790989506592,"pid":91287,"hostname":"Mac.net","event":"v5.egress.leading_option_claim_neutralised_at_wire","request_id":"req-a","exit_path":"agent_lane_v1","edited_fields":"blocks","mode":"surgical","original_length":0,"projected_length":0}
{"level":"info","time":1790989506595,"pid":91287,"hostname":"Mac.net","event":"v5.egress.leading_option_claim_neutralised_at_wire","request_id":"req-a","exit_path":"agent_lane_v1_final","edited_fields":"blocks","mode":"surgical","original_length":0,"projected_length":0}
{"level":"info","time":1790989506602,"pid":91287,"hostname":"Mac.net","event":"v5.coaching.run_delta_outcome","scenario_id":"35642f33-0cf7-4be5-b748-e934e00659d9","outcome":"skipped","reason":"caller_binds_run_delta","prior_facts_count":null,"run_analysis_facts_count":null,"wire_reason_carried":null}
{"level":"info","time":1790989506603,"pid":91287,"hostname":"Mac.net","event":"v5.egress.leading_option_claim_neutralised_at_wire","request_id":"req-d","exit_path":"agent_lane_v1","edited_fields":"blocks","mode":"surgical","original_length":0,"projected_length":0}
{"level":"info","time":1790989506607,"pid":91287,"hostname":"Mac.net","event":"v5.egress.leading_option_claim_neutralised_at_wire","request_id":"req-d","exit_path":"agent_lane_v1_final","edited_fields":"blocks","mode":"surgical","original_length":0,"projected_length":0}
{"level":"info","time":1790989506615,"pid":91287,"hostname":"Mac.net","event":"v5.coaching.run_delta_outcome","scenario_id":"d587e410-bd29-4362-91e0-abde35ff8af5","outcome":"skipped","reason":"caller_binds_run_delta","prior_facts_count":null,"run_analysis_facts_count":null,"wire_reason_carried":null}
{"level":"info","time":1790989506616,"pid":91287,"hostname":"Mac.net","event":"v5.egress.leading_option_claim_neutralised_at_wire","request_id":"req-g","exit_path":"agent_lane_v1","edited_fields":"blocks","mode":"surgical","original_length":0,"projected_length":0}
{"level":"info","time":1790989506619,"pid":91287,"hostname":"Mac.net","event":"v5.egress.leading_option_claim_neutralised_at_wire","request_id":"req-g","exit_path":"agent_lane_v1_final","edited_fields":"blocks","mode":"surgical","original_length":0,"projected_length":0}
{"level":"info","time":1790989506625,"pid":91287,"hostname":"Mac.net","event":"v5.coaching.run_delta_outcome","scenario_id":"243e59e3-b182-4d1d-9299-16cd4a474519","outcome":"skipped","reason":"caller_binds_run_delta","prior_facts_count":null,"run_analysis_facts_count":null,"wire_reason_carried":null}
{"level":"info","time":1790989506627,"pid":91287,"hostname":"Mac.net","event":"v5.egress.leading_option_claim_neutralised_at_wire","request_id":"req-j","exit_path":"agent_lane_v1","edited_fields":"blocks","mode":"surgical","original_length":0,"projected_length":0}
{"level":"info","time":1790989506629,"pid":91287,"hostname":"Mac.net","event":"v5.egress.leading_option_claim_neutralised_at_wire","request_id":"req-j","exit_path":"agent_lane_v1_final","edited_fields":"blocks","mode":"surgical","original_length":0,"projected_length":0}
{"level":"info","time":1790989506633,"pid":91287,"hostname":"Mac.net","event":"v5.coaching.run_delta_outcome","scenario_id":"243e59e3-b182-4d1d-9299-16cd4a474519","outcome":"skipped","reason":"caller_binds_run_delta","prior_facts_count":null,"run_analysis_facts_count":null,"wire_reason_carried":null}
{"level":"info","time":1790989506641,"pid":91287,"hostname":"Mac.net","event":"v5.coaching.run_delta_outcome","scenario_id":"c3ea89b3-ba1c-4879-91da-f3e2af2f70ea","outcome":"skipped","reason":"caller_binds_run_delta","prior_facts_count":null,"run_analysis_facts_count":null,"wire_reason_carried":null}
{"level":"info","time":1790989506642,"pid":91287,"hostname":"Mac.net","event":"v5.egress.leading_option_claim_neutralised_at_wire","request_id":"req-p","exit_path":"agent_lane_v1","edited_fields":"blocks","mode":"surgical","original_length":0,"projected_length":0}
{"level":"info","time":1790989506644,"pid":91287,"hostname":"Mac.net","event":"v5.egress.leading_option_claim_neutralised_at_wire","request_id":"req-p","exit_path":"agent_lane_v1_final","edited_fields":"blocks","mode":"surgical","original_length":0,"projected_length":0}
{"level":"info","time":1790989506649,"pid":91287,"hostname":"Mac.net","event":"v5.coaching.run_delta_outcome","scenario_id":"c3ea89b3-ba1c-4879-91da-f3e2af2f70ea","outcome":"skipped","reason":"caller_binds_run_delta","prior_facts_count":null,"run_analysis_facts_count":null,"wire_reason_carried":null}
{"level":"info","time":1790989508279,"pid":91340,"hostname":"Mac.net","event":"agent_lane.route_mounted","msg":"POST /agent/v1/turn mounted"}
{"level":"info","time":1790989508309,"pid":91340,"hostname":"Mac.net","scenario_id":"7a1e2d3c-4b5a-4e6d-9c7b-8a9f0e1d2c02","method_turn":"choose_plan","msg":"agent-lane: method turn answered without a model call"}
{"level":"info","time":1790989508315,"pid":91340,"hostname":"Mac.net","event":"v5.coaching.run_delta_outcome","scenario_id":"7a1e2d3c-4b5a-4e6d-9c7b-8a9f0e1d2c02","outcome":"skipped","reason":"caller_binds_run_delta","prior_facts_count":null,"run_analysis_facts_count":null,"wire_reason_carried":null}
{"level":"info","time":1790989508325,"pid":91340,"hostname":"Mac.net","event":"v5.egress.leading_option_claim_neutralised_at_wire","request_id":"req-1","exit_path":"agent_lane_v1","edited_fields":"blocks","mode":"surgical","original_length":0,"projected_length":0}
{"level":"info","time":1790989508334,"pid":91340,"hostname":"Mac.net","event":"v5.egress.leading_option_claim_neutralised_at_wire","request_id":"req-1","exit_path":"agent_lane_v1_final","edited_fields":"blocks","mode":"surgical","original_length":0,"projected_length":0}
{"level":"info","time":1790989508362,"pid":91340,"hostname":"Mac.net","event":"cee.analysis_ready.built","optionCount":4,"status":"ready","userQuestionCount":0,"goalNodeId":"quarterly_revenue","readyOptionsCount":4,"optionsNeedingEncoding":0,"optionsNeedingMapping":0,"declinedFallbackCount":0,"blockerCount":0}
{"level":"info","time":1790989508375,"pid":91340,"hostname":"Mac.net","event":"v5.coaching.run_delta_outcome","scenario_id":"7a1e2d3c-4b5a-4e6d-9c7b-8a9f0e1d2c03","outcome":"skipped","reason":"caller_binds_run_delta","prior_facts_count":null,"run_analysis_facts_count":null,"wire_reason_carried":null}
{"level":"info","time":1790989508376,"pid":91340,"hostname":"Mac.net","event":"v5.egress.leading_option_claim_neutralised_at_wire","request_id":"req-3","exit_path":"agent_lane_v1","edited_fields":"blocks","mode":"surgical","original_length":0,"projected_length":0}
{"level":"info","time":1790989508380,"pid":91340,"hostname":"Mac.net","event":"v5.egress.leading_option_claim_neutralised_at_wire","request_id":"req-3","exit_path":"agent_lane_v1_final","edited_fields":"blocks","mode":"surgical","original_length":0,"projected_length":0}
{"level":"info","time":1790989508391,"pid":91340,"hostname":"Mac.net","event":"cee.analysis_ready.built","optionCount":4,"status":"ready","userQuestionCount":0,"goalNodeId":"quarterly_revenue","readyOptionsCount":4,"optionsNeedingEncoding":0,"optionsNeedingMapping":0,"declinedFallbackCount":0,"blockerCount":0}
{"level":"info","time":1790989508399,"pid":91340,"hostname":"Mac.net","scenario_id":"7a1e2d3c-4b5a-4e6d-9c7b-8a9f0e1d2c04","dsk_protocol_id":null,"dsk_not_cited":"no_identified_plan","plan_basis":"user_selected","passed":true,"failed":[],"target_kind":"link","card":"propose_link_strengths","card_ok":true,"msg":"agent-lane: method turn settled"}
{"level":"info","time":1790989508402,"pid":91340,"hostname":"Mac.net","event":"v5.coaching.run_delta_outcome","scenario_id":"7a1e2d3c-4b5a-4e6d-9c7b-8a9f0e1d2c04","outcome":"skipped","reason":"caller_binds_run_delta","prior_facts_count":null,"run_analysis_facts_count":null,"wire_reason_carried":null}
{"level":"info","time":1790989508407,"pid":91340,"hostname":"Mac.net","event":"v5.egress.leading_option_claim_neutralised_at_wire","request_id":"req-5","exit_path":"agent_lane_v1","edited_fields":"blocks","mode":"surgical","original_length":0,"projected_length":0}
{"level":"info","time":1790989508410,"pid":91340,"hostname":"Mac.net","event":"v5.egress.leading_option_claim_neutralised_at_wire","request_id":"req-5","exit_path":"agent_lane_v1_final","edited_fields":"blocks","mode":"surgical","original_length":0,"projected_length":0}
{"level":"info","time":1790989508419,"pid":91340,"hostname":"Mac.net","event":"cee.analysis_ready.built","optionCount":4,"status":"ready","userQuestionCount":0,"goalNodeId":"quarterly_revenue","readyOptionsCount":4,"optionsNeedingEncoding":0,"optionsNeedingMapping":0,"declinedFallbackCount":0,"blockerCount":0}
{"level":"info","time":1790989508424,"pid":91340,"hostname":"Mac.net","scenario_id":"7a1e2d3c-4b5a-4e6d-9c7b-8a9f0e1d2c05","dsk_protocol_id":null,"dsk_not_cited":"no_identified_plan","plan_basis":"user_selected","passed":true,"failed":[],"target_kind":"link","card":"propose_link_strengths","card_ok":true,"msg":"agent-lane: method turn settled"}
{"level":"info","time":1790989508425,"pid":91340,"hostname":"Mac.net","event":"v5.coaching.run_delta_outcome","scenario_id":"7a1e2d3c-4b5a-4e6d-9c7b-8a9f0e1d2c05","outcome":"skipped","reason":"caller_binds_run_delta","prior_facts_count":null,"run_analysis_facts_count":null,"wire_reason_carried":null}
{"level":"info","time":1790989508427,"pid":91340,"hostname":"Mac.net","event":"v5.egress.leading_option_claim_neutralised_at_wire","request_id":"req-7","exit_path":"agent_lane_v1","edited_fields":"blocks","mode":"surgical","original_length":0,"projected_length":0}
{"level":"info","time":1790989508431,"pid":91340,"hostname":"Mac.net","event":"v5.egress.leading_option_claim_neutralised_at_wire","request_id":"req-7","exit_path":"agent_lane_v1_final","edited_fields":"blocks","mode":"surgical","original_length":0,"projected_length":0}
{"level":"info","time":1790989508441,"pid":91340,"hostname":"Mac.net","event":"cee.analysis_ready.built","optionCount":4,"status":"ready","userQuestionCount":0,"goalNodeId":"quarterly_revenue","readyOptionsCount":4,"optionsNeedingEncoding":0,"optionsNeedingMapping":0,"declinedFallbackCount":0,"blockerCount":0}
{"level":"info","time":1790989508444,"pid":91340,"hostname":"Mac.net","scenario_id":"7a1e2d3c-4b5a-4e6d-9c7b-8a9f0e1d2c06","dsk_protocol_id":null,"dsk_not_cited":"no_identified_plan","plan_basis":"user_selected","passed":false,"failed":["PM-COUNT","PM-GROUNDED","PM-WATCH-MITIGATE","PM-NO-PROB","PM-NO-PREDICTION","PM-BLINDSPOT"],"target_kind":"link","card":"propose_link_strengths","card_ok":true,"msg":"agent-lane: method turn settled"}
{"level":"info","time":1790989508446,"pid":91340,"hostname":"Mac.net","event":"v5.coaching.run_delta_outcome","scenario_id":"7a1e2d3c-4b5a-4e6d-9c7b-8a9f0e1d2c06","outcome":"skipped","reason":"caller_binds_run_delta","prior_facts_count":null,"run_analysis_facts_count":null,"wire_reason_carried":null}
{"level":"info","time":1790989508448,"pid":91340,"hostname":"Mac.net","event":"v5.egress.leading_option_claim_neutralised_at_wire","request_id":"req-9","exit_path":"agent_lane_v1","edited_fields":"blocks","mode":"surgical","original_length":0,"projected_length":0}
{"level":"info","time":1790989508451,"pid":91340,"hostname":"Mac.net","event":"v5.egress.leading_option_claim_neutralised_at_wire","request_id":"req-9","exit_path":"agent_lane_v1_final","edited_fields":"blocks","mode":"surgical","original_length":0,"projected_length":0}
{"level":"info","time":1790989508458,"pid":91340,"hostname":"Mac.net","event":"cee.analysis_ready.built","optionCount":4,"status":"ready","userQuestionCount":0,"goalNodeId":"quarterly_revenue","readyOptionsCount":4,"optionsNeedingEncoding":0,"optionsNeedingMapping":0,"declinedFallbackCount":0,"blockerCount":0}
{"level":"info","time":1790989508465,"pid":91340,"hostname":"Mac.net","event":"v5.coaching.run_delta_outcome","scenario_id":"7a1e2d3c-4b5a-4e6d-9c7b-8a9f0e1d2c07","outcome":"skipped","reason":"caller_binds_run_delta","prior_facts_count":null,"run_analysis_facts_count":null,"wire_reason_carried":null}
{"level":"info","time":1790989508467,"pid":91340,"hostname":"Mac.net","event":"v5.egress.leading_option_claim_neutralised_at_wire","request_id":"req-b","exit_path":"agent_lane_v1","edited_fields":"blocks","mode":"surgical","original_length":0,"projected_length":0}
{"level":"info","time":1790989508470,"pid":91340,"hostname":"Mac.net","event":"v5.egress.leading_option_claim_neutralised_at_wire","request_id":"req-b","exit_path":"agent_lane_v1_final","edited_fields":"blocks","mode":"surgical","original_length":0,"projected_length":0}
{"level":"info","time":1790989508476,"pid":91340,"hostname":"Mac.net","event":"cee.analysis_ready.built","optionCount":4,"status":"ready","userQuestionCount":0,"goalNodeId":"quarterly_revenue","readyOptionsCount":4,"optionsNeedingEncoding":0,"optionsNeedingMapping":0,"declinedFallbackCount":0,"blockerCount":0}
{"level":"info","time":1790989508479,"pid":91340,"hostname":"Mac.net","scenario_id":"7a1e2d3c-4b5a-4e6d-9c7b-8a9f0e1d2c08","dsk_protocol_id":null,"dsk_not_cited":"no_identified_plan","plan_basis":"user_selected","passed":false,"failed":["PM-COUNT","PM-GROUNDED","PM-WATCH-MITIGATE","PM-NO-PROB","PM-NO-PREDICTION","PM-BLINDSPOT"],"target_kind":"link","card":"propose_link_strengths","card_ok":true,"msg":"agent-lane: method turn settled"}
{"level":"info","time":1790989508480,"pid":91340,"hostname":"Mac.net","event":"v5.coaching.run_delta_outcome","scenario_id":"7a1e2d3c-4b5a-4e6d-9c7b-8a9f0e1d2c08","outcome":"skipped","reason":"caller_binds_run_delta","prior_facts_count":null,"run_analysis_facts_count":null,"wire_reason_carried":null}
{"level":"info","time":1790989508483,"pid":91340,"hostname":"Mac.net","event":"v5.egress.leading_option_claim_neutralised_at_wire","request_id":"req-d","exit_path":"agent_lane_v1","edited_fields":"blocks","mode":"surgical","original_length":0,"projected_length":0}
{"level":"info","time":1790989508484,"pid":91340,"hostname":"Mac.net","event":"v5.egress.leading_option_claim_neutralised_at_wire","request_id":"req-d","exit_path":"agent_lane_v1_final","edited_fields":"blocks","mode":"surgical","original_length":0,"projected_length":0}
{"level":"info","time":1790989508489,"pid":91340,"hostname":"Mac.net","event":"cee.analysis_ready.built","optionCount":4,"status":"ready","userQuestionCount":0,"goalNodeId":"quarterly_revenue","readyOptionsCount":4,"optionsNeedingEncoding":0,"optionsNeedingMapping":0,"declinedFallbackCount":0,"blockerCount":0}
{"level":"info","time":1790989508492,"pid":91340,"hostname":"Mac.net","event":"v5.coaching.run_delta_outcome","scenario_id":"7a1e2d3c-4b5a-4e6d-9c7b-8a9f0e1d2c08","outcome":"skipped","reason":"caller_binds_run_delta","prior_facts_count":null,"run_analysis_facts_count":null,"wire_reason_carried":null}
{"level":"info","time":1790989508493,"pid":91340,"hostname":"Mac.net","event":"v5.egress.leading_option_claim_neutralised_at_wire","request_id":"req-f","exit_path":"agent_lane_v1","edited_fields":"blocks","mode":"surgical","original_length":0,"projected_length":0}
{"level":"info","time":1790989508495,"pid":91340,"hostname":"Mac.net","event":"v5.egress.leading_option_claim_neutralised_at_wire","request_id":"req-f","exit_path":"agent_lane_v1_final","edited_fields":"blocks","mode":"surgical","original_length":0,"projected_length":0}
{"level":"info","time":1790989508503,"pid":91340,"hostname":"Mac.net","event":"cee.analysis_ready.built","optionCount":4,"status":"ready","userQuestionCount":0,"goalNodeId":"quarterly_revenue","readyOptionsCount":4,"optionsNeedingEncoding":0,"optionsNeedingMapping":0,"declinedFallbackCount":0,"blockerCount":0}
{"level":"info","time":1790989508507,"pid":91340,"hostname":"Mac.net","event":"v5.coaching.run_delta_outcome","scenario_id":"7a1e2d3c-4b5a-4e6d-9c7b-8a9f0e1d2c09","outcome":"skipped","reason":"caller_binds_run_delta","prior_facts_count":null,"run_analysis_facts_count":null,"wire_reason_carried":null}
{"level":"info","time":1790989508509,"pid":91340,"hostname":"Mac.net","event":"v5.egress.leading_option_claim_neutralised_at_wire","request_id":"req-h","exit_path":"agent_lane_v1","edited_fields":"blocks","mode":"surgical","original_length":0,"projected_length":0}
{"level":"info","time":1790989508511,"pid":91340,"hostname":"Mac.net","event":"v5.egress.leading_option_claim_neutralised_at_wire","request_id":"req-h","exit_path":"agent_lane_v1_final","edited_fields":"blocks","mode":"surgical","original_length":0,"projected_length":0}
{"level":"info","time":1790989508514,"pid":91340,"hostname":"Mac.net","scenario_id":"7a1e2d3c-4b5a-4e6d-9c7b-8a9f0e1d2c10","method_turn":"unavailable","reason":"model_unread","msg":"agent-lane: method turn answered without a model call"}
{"level":"info","time":1790989508515,"pid":91340,"hostname":"Mac.net","event":"v5.coaching.run_delta_outcome","scenario_id":"7a1e2d3c-4b5a-4e6d-9c7b-8a9f0e1d2c10","outcome":"skipped","reason":"caller_binds_run_delta","prior_facts_count":null,"run_analysis_facts_count":null,"wire_reason_carried":null}
{"level":"info","time":1790989508518,"pid":91340,"hostname":"Mac.net","scenario_id":"7a1e2d3c-4b5a-4e6d-9c7b-8a9f0e1d2c11","method_turn":"choose_plan","msg":"agent-lane: method turn answered without a model call"}
{"level":"info","time":1790989508518,"pid":91340,"hostname":"Mac.net","event":"v5.coaching.run_delta_outcome","scenario_id":"7a1e2d3c-4b5a-4e6d-9c7b-8a9f0e1d2c11","outcome":"skipped","reason":"caller_binds_run_delta","prior_facts_count":null,"run_analysis_facts_count":null,"wire_reason_carried":null}
{"level":"info","time":1790989508519,"pid":91340,"hostname":"Mac.net","event":"v5.egress.leading_option_claim_neutralised_at_wire","request_id":"req-n","exit_path":"agent_lane_v1","edited_fields":"blocks","mode":"surgical","original_length":0,"projected_length":0}
{"level":"info","time":1790989508521,"pid":91340,"hostname":"Mac.net","event":"v5.egress.leading_option_claim_neutralised_at_wire","request_id":"req-n","exit_path":"agent_lane_v1_final","edited_fields":"blocks","mode":"surgical","original_length":0,"projected_length":0}
{"level":"info","time":1790989508524,"pid":91340,"hostname":"Mac.net","scenario_id":"7a1e2d3c-4b5a-4e6d-9c7b-8a9f0e1d2c12","method_turn":"unavailable","reason":"model_unread","msg":"agent-lane: method turn answered without a model call"}
{"level":"info","time":1790989508525,"pid":91340,"hostname":"Mac.net","event":"v5.coaching.run_delta_outcome","scenario_id":"7a1e2d3c-4b5a-4e6d-9c7b-8a9f0e1d2c12","outcome":"skipped","reason":"caller_binds_run_delta","prior_facts_count":null,"run_analysis_facts_count":null,"wire_reason_carried":null}
{"level":"info","time":1790989508529,"pid":91340,"hostname":"Mac.net","event":"cee.analysis_ready.built","optionCount":4,"status":"ready","userQuestionCount":0,"goalNodeId":"quarterly_revenue","readyOptionsCount":4,"optionsNeedingEncoding":0,"optionsNeedingMapping":0,"declinedFallbackCount":0,"blockerCount":0}
{"level":"info","time":1790989508535,"pid":91340,"hostname":"Mac.net","scenario_id":"7a1e2d3c-4b5a-4e6d-9c7b-8a9f0e1d2c13","dsk_protocol_id":null,"dsk_not_cited":"no_identified_plan","plan_basis":"user_selected","passed":true,"failed":[],"target_kind":"link","card":"propose_link_strengths","card_ok":true,"msg":"agent-lane: method turn settled"}
{"level":"info","time":1790989508536,"pid":91340,"hostname":"Mac.net","event":"v5.coaching.run_delta_outcome","scenario_id":"7a1e2d3c-4b5a-4e6d-9c7b-8a9f0e1d2c13","outcome":"skipped","reason":"caller_binds_run_delta","prior_facts_count":null,"run_analysis_facts_count":null,"wire_reason_carried":null}
{"level":"info","time":1790989508538,"pid":91340,"hostname":"Mac.net","event":"v5.egress.leading_option_claim_neutralised_at_wire","request_id":"req-t","exit_path":"agent_lane_v1","edited_fields":"blocks","mode":"surgical","original_length":0,"projected_length":0}
{"level":"info","time":1790989508540,"pid":91340,"hostname":"Mac.net","event":"v5.egress.leading_option_claim_neutralised_at_wire","request_id":"req-t","exit_path":"agent_lane_v1_final","edited_fields":"blocks","mode":"surgical","original_length":0,"projected_length":0}
{"level":"info","time":1790989508544,"pid":91340,"hostname":"Mac.net","event":"cee.analysis_ready.built","optionCount":4,"status":"ready","userQuestionCount":0,"goalNodeId":"quarterly_revenue","readyOptionsCount":4,"optionsNeedingEncoding":0,"optionsNeedingMapping":0,"declinedFallbackCount":0,"blockerCount":0}
{"level":"info","time":1790989508549,"pid":91340,"hostname":"Mac.net","event":"v5.coaching.run_delta_outcome","scenario_id":"7a1e2d3c-4b5a-4e6d-9c7b-8a9f0e1d2c13","outcome":"skipped","reason":"caller_binds_run_delta","prior_facts_count":null,"run_analysis_facts_count":null,"wire_reason_carried":null}
{"level":"info","time":1790989508550,"pid":91340,"hostname":"Mac.net","event":"v5.egress.leading_option_claim_neutralised_at_wire","request_id":"req-v","exit_path":"agent_lane_v1","edited_fields":"blocks","mode":"surgical","original_length":0,"projected_length":0}
{"level":"info","time":1790989508552,"pid":91340,"hostname":"Mac.net","event":"v5.egress.leading_option_claim_neutralised_at_wire","request_id":"req-v","exit_path":"agent_lane_v1_final","edited_fields":"blocks","mode":"surgical","original_length":0,"projected_length":0}
{"level":"info","time":1790989508557,"pid":91340,"hostname":"Mac.net","event":"cee.analysis_ready.built","optionCount":4,"status":"ready","userQuestionCount":0,"goalNodeId":"quarterly_revenue","readyOptionsCount":4,"optionsNeedingEncoding":0,"optionsNeedingMapping":0,"declinedFallbackCount":0,"blockerCount":0}
{"level":"info","time":1790989508560,"pid":91340,"hostname":"Mac.net","scenario_id":"7a1e2d3c-4b5a-4e6d-9c7b-8a9f0e1d2c14","dsk_protocol_id":null,"dsk_not_cited":"no_identified_plan","plan_basis":"user_selected","passed":false,"failed":["PM-COUNT","PM-GROUNDED","PM-WATCH-MITIGATE","PM-BLINDSPOT"],"target_kind":"link","card":"propose_link_strengths","card_ok":true,"msg":"agent-lane: method turn settled"}
{"level":"info","time":1790989508561,"pid":91340,"hostname":"Mac.net","event":"v5.coaching.run_delta_outcome","scenario_id":"7a1e2d3c-4b5a-4e6d-9c7b-8a9f0e1d2c14","outcome":"skipped","reason":"caller_binds_run_delta","prior_facts_count":null,"run_analysis_facts_count":null,"wire_reason_carried":null}
{"level":"info","time":1790989508564,"pid":91340,"hostname":"Mac.net","event":"v5.egress.leading_option_claim_neutralised_at_wire","request_id":"req-x","exit_path":"agent_lane_v1","edited_fields":"blocks","mode":"surgical","original_length":0,"projected_length":0}
{"level":"info","time":1790989508566,"pid":91340,"hostname":"Mac.net","event":"v5.egress.leading_option_claim_neutralised_at_wire","request_id":"req-x","exit_path":"agent_lane_v1_final","edited_fields":"blocks","mode":"surgical","original_length":0,"projected_length":0}
{"level":"info","time":1790989508572,"pid":91340,"hostname":"Mac.net","event":"cee.analysis_ready.built","optionCount":4,"status":"ready","userQuestionCount":0,"goalNodeId":"quarterly_revenue","readyOptionsCount":4,"optionsNeedingEncoding":0,"optionsNeedingMapping":0,"declinedFallbackCount":0,"blockerCount":0}
{"level":"info","time":1790989508575,"pid":91340,"hostname":"Mac.net","event":"v5.coaching.run_delta_outcome","scenario_id":"7a1e2d3c-4b5a-4e6d-9c7b-8a9f0e1d2c15","outcome":"skipped","reason":"caller_binds_run_delta","prior_facts_count":null,"run_analysis_facts_count":null,"wire_reason_carried":null}
{"level":"info","time":1790989508576,"pid":91340,"hostname":"Mac.net","event":"v5.egress.leading_option_claim_neutralised_at_wire","request_id":"req-z","exit_path":"agent_lane_v1","edited_fields":"blocks","mode":"surgical","original_length":0,"projected_length":0}
{"level":"info","time":1790989508578,"pid":91340,"hostname":"Mac.net","event":"v5.egress.leading_option_claim_neutralised_at_wire","request_id":"req-z","exit_path":"agent_lane_v1_final","edited_fields":"blocks","mode":"surgical","original_length":0,"projected_length":0}
{"level":"info","time":1790989508582,"pid":91340,"hostname":"Mac.net","event":"cee.analysis_ready.built","optionCount":4,"status":"ready","userQuestionCount":0,"goalNodeId":"quarterly_revenue","readyOptionsCount":4,"optionsNeedingEncoding":0,"optionsNeedingMapping":0,"declinedFallbackCount":0,"blockerCount":0}
{"level":"info","time":1790989508584,"pid":91340,"hostname":"Mac.net","scenario_id":"7a1e2d3c-4b5a-4e6d-9c7b-8a9f0e1d2c15","dsk_protocol_id":null,"dsk_not_cited":"no_identified_plan","plan_basis":"user_selected","passed":false,"failed":["PM-COUNT","PM-GROUNDED","PM-WATCH-MITIGATE","PM-NO-PROB","PM-NO-PREDICTION","PM-BLINDSPOT"],"target_kind":"link","card":"propose_link_strengths","card_ok":true,"msg":"agent-lane: method turn settled"}
{"level":"info","time":1790989508587,"pid":91340,"hostname":"Mac.net","event":"v5.coaching.run_delta_outcome","scenario_id":"7a1e2d3c-4b5a-4e6d-9c7b-8a9f0e1d2c15","outcome":"skipped","reason":"caller_binds_run_delta","prior_facts_count":null,"run_analysis_facts_count":null,"wire_reason_carried":null}
{"level":"info","time":1790989508588,"pid":91340,"hostname":"Mac.net","event":"v5.egress.leading_option_claim_neutralised_at_wire","request_id":"req-11","exit_path":"agent_lane_v1","edited_fields":"blocks","mode":"surgical","original_length":0,"projected_length":0}
{"level":"info","time":1790989508590,"pid":91340,"hostname":"Mac.net","event":"v5.egress.leading_option_claim_neutralised_at_wire","request_id":"req-11","exit_path":"agent_lane_v1_final","edited_fields":"blocks","mode":"surgical","original_length":0,"projected_length":0}
{"level":"info","time":1790989508594,"pid":91340,"hostname":"Mac.net","event":"cee.analysis_ready.built","optionCount":4,"status":"ready","userQuestionCount":0,"goalNodeId":"quarterly_revenue","readyOptionsCount":4,"optionsNeedingEncoding":0,"optionsNeedingMapping":0,"declinedFallbackCount":0,"blockerCount":0}
{"level":"info","time":1790989508597,"pid":91340,"hostname":"Mac.net","scenario_id":"7a1e2d3c-4b5a-4e6d-9c7b-8a9f0e1d2c15","dsk_protocol_id":null,"dsk_not_cited":"no_identified_plan","plan_basis":"user_selected","passed":false,"failed":["PM-COUNT","PM-GROUNDED","PM-WATCH-MITIGATE","PM-BLINDSPOT"],"target_kind":"link","card":"propose_link_strengths","card_ok":true,"msg":"agent-lane: method turn settled"}
{"level":"info","time":1790989508598,"pid":91340,"hostname":"Mac.net","event":"v5.coaching.run_delta_outcome","scenario_id":"7a1e2d3c-4b5a-4e6d-9c7b-8a9f0e1d2c15","outcome":"skipped","reason":"caller_binds_run_delta","prior_facts_count":null,"run_analysis_facts_count":null,"wire_reason_carried":null}
{"level":"info","time":1790989508600,"pid":91340,"hostname":"Mac.net","event":"v5.egress.leading_option_claim_neutralised_at_wire","request_id":"req-13","exit_path":"agent_lane_v1","edited_fields":"blocks","mode":"surgical","original_length":0,"projected_length":0}
{"level":"info","time":1790989508601,"pid":91340,"hostname":"Mac.net","event":"v5.egress.leading_option_claim_neutralised_at_wire","request_id":"req-13","exit_path":"agent_lane_v1_final","edited_fields":"blocks","mode":"surgical","original_length":0,"projected_length":0}
{"level":"info","time":1790989508607,"pid":91340,"hostname":"Mac.net","event":"cee.analysis_ready.built","optionCount":4,"status":"ready","userQuestionCount":0,"goalNodeId":"quarterly_revenue","readyOptionsCount":4,"optionsNeedingEncoding":0,"optionsNeedingMapping":0,"declinedFallbackCount":0,"blockerCount":0}
{"level":"info","time":1790989508610,"pid":91340,"hostname":"Mac.net","event":"v5.coaching.run_delta_outcome","scenario_id":"7a1e2d3c-4b5a-4e6d-9c7b-8a9f0e1d2c15","outcome":"skipped","reason":"caller_binds_run_delta","prior_facts_count":null,"run_analysis_facts_count":null,"wire_reason_carried":null}
{"level":"info","time":1790989508611,"pid":91340,"hostname":"Mac.net","event":"v5.egress.leading_option_claim_neutralised_at_wire","request_id":"req-15","exit_path":"agent_lane_v1","edited_fields":"blocks","mode":"surgical","original_length":0,"projected_length":0}
{"level":"info","time":1790989508613,"pid":91340,"hostname":"Mac.net","event":"v5.egress.leading_option_claim_neutralised_at_wire","request_id":"req-15","exit_path":"agent_lane_v1_final","edited_fields":"blocks","mode":"surgical","original_length":0,"projected_length":0}
{"level":"info","time":1790989508617,"pid":91340,"hostname":"Mac.net","event":"cee.analysis_ready.built","optionCount":0,"status":"needs_user_mapping","userQuestionCount":1,"goalNodeId":"mrr","readyOptionsCount":0,"optionsNeedingEncoding":0,"optionsNeedingMapping":0,"declinedFallbackCount":0,"blockerCount":0}
{"level":"info","time":1790989508621,"pid":91340,"hostname":"Mac.net","scenario_id":"7a1e2d3c-4b5a-4e6d-9c7b-8a9f0e1d2c16","method_turn":"unavailable","reason":"no_own_option","msg":"agent-lane: method turn answered without a model call"}
{"level":"info","time":1790989508622,"pid":91340,"hostname":"Mac.net","event":"cee.analysis_ready.built","optionCount":0,"status":"needs_user_mapping","userQuestionCount":1,"goalNodeId":"mrr","readyOptionsCount":0,"optionsNeedingEncoding":0,"optionsNeedingMapping":0,"declinedFallbackCount":0,"blockerCount":0}
{"level":"info","time":1790989508646,"pid":91340,"hostname":"Mac.net","event":"cee.analysis_ready.built","optionCount":0,"status":"needs_user_mapping","userQuestionCount":1,"goalNodeId":"mrr","readyOptionsCount":0,"optionsNeedingEncoding":0,"optionsNeedingMapping":0,"declinedFallbackCount":0,"blockerCount":0}
{"level":"info","time":1790989508650,"pid":91340,"hostname":"Mac.net","event":"v5.coaching.run_delta_outcome","scenario_id":"7a1e2d3c-4b5a-4e6d-9c7b-8a9f0e1d2c16","outcome":"skipped","reason":"caller_binds_run_delta","prior_facts_count":null,"run_analysis_facts_count":null,"wire_reason_carried":null}
{"level":"info","time":1790989508654,"pid":91340,"hostname":"Mac.net","event":"cee.analysis_ready.built","optionCount":3,"status":"ready","userQuestionCount":0,"goalNodeId":"mrr","readyOptionsCount":3,"optionsNeedingEncoding":0,"optionsNeedingMapping":0,"declinedFallbackCount":0,"blockerCount":0}
{"level":"info","time":1790989508657,"pid":91340,"hostname":"Mac.net","scenario_id":"7a1e2d3c-4b5a-4e6d-9c7b-8a9f0e1d2c17","method_turn":"choose_plan","msg":"agent-lane: method turn answered without a model call"}
{"level":"info","time":1790989508658,"pid":91340,"hostname":"Mac.net","event":"cee.analysis_ready.built","optionCount":3,"status":"ready","userQuestionCount":0,"goalNodeId":"mrr","readyOptionsCount":3,"optionsNeedingEncoding":0,"optionsNeedingMapping":0,"declinedFallbackCount":0,"blockerCount":0}
{"level":"info","time":1790989508663,"pid":91340,"hostname":"Mac.net","event":"v5.coaching.run_delta_outcome","scenario_id":"7a1e2d3c-4b5a-4e6d-9c7b-8a9f0e1d2c17","outcome":"skipped","reason":"caller_binds_run_delta","prior_facts_count":null,"run_analysis_facts_count":null,"wire_reason_carried":null}
{"level":"info","time":1790989508674,"pid":91340,"hostname":"Mac.net","event":"cee.analysis_ready.built","optionCount":3,"status":"ready","userQuestionCount":0,"goalNodeId":"mrr","readyOptionsCount":3,"optionsNeedingEncoding":0,"optionsNeedingMapping":0,"declinedFallbackCount":0,"blockerCount":0}
{"level":"info","time":1790989508679,"pid":91340,"hostname":"Mac.net","event":"cee.analysis_ready.built","optionCount":3,"status":"ready","userQuestionCount":0,"goalNodeId":"mrr","readyOptionsCount":3,"optionsNeedingEncoding":0,"optionsNeedingMapping":0,"declinedFallbackCount":0,"blockerCount":0}
{"level":"info","time":1790989508687,"pid":91340,"hostname":"Mac.net","scenario_id":"7a1e2d3c-4b5a-4e6d-9c7b-8a9f0e1d2c18","ok":true,"reoffer":true,"msg":"agent-lane: identity card re-offered by the route (the reading is unconfirmed, nothing else was proposed)"}
{"level":"info","time":1790989508689,"pid":91340,"hostname":"Mac.net","event":"v5.coaching.run_delta_outcome","scenario_id":"7a1e2d3c-4b5a-4e6d-9c7b-8a9f0e1d2c18","outcome":"skipped","reason":"caller_binds_run_delta","prior_facts_count":null,"run_analysis_facts_count":null,"wire_reason_carried":null}
{"level":"info","time":1790989508697,"pid":91340,"hostname":"Mac.net","event":"cee.analysis_ready.built","optionCount":4,"status":"ready","userQuestionCount":0,"goalNodeId":"quarterly_revenue","readyOptionsCount":4,"optionsNeedingEncoding":0,"optionsNeedingMapping":0,"declinedFallbackCount":0,"blockerCount":0}
{"level":"info","time":1790989508700,"pid":91340,"hostname":"Mac.net","scenario_id":"7a1e2d3c-4b5a-4e6d-9c7b-8a9f0e1d2c20","dsk_protocol_id":null,"dsk_not_cited":"no_identified_plan","plan_basis":"user_selected","passed":true,"failed":[],"target_kind":"link","card":"propose_link_strengths","card_ok":true,"msg":"agent-lane: method turn settled"}
{"level":"info","time":1790989508701,"pid":91340,"hostname":"Mac.net","event":"v5.coaching.run_delta_outcome","scenario_id":"7a1e2d3c-4b5a-4e6d-9c7b-8a9f0e1d2c20","outcome":"skipped","reason":"caller_binds_run_delta","prior_facts_count":null,"run_analysis_facts_count":null,"wire_reason_carried":null}
{"level":"info","time":1790989508703,"pid":91340,"hostname":"Mac.net","event":"v5.egress.leading_option_claim_neutralised_at_wire","request_id":"req-1d","exit_path":"agent_lane_v1","edited_fields":"blocks","mode":"surgical","original_length":0,"projected_length":0}
{"level":"info","time":1790989508706,"pid":91340,"hostname":"Mac.net","event":"v5.egress.leading_option_claim_neutralised_at_wire","request_id":"req-1d","exit_path":"agent_lane_v1_final","edited_fields":"blocks","mode":"surgical","original_length":0,"projected_length":0}
{"level":"info","time":1790989508710,"pid":91340,"hostname":"Mac.net","event":"cee.analysis_ready.built","optionCount":4,"status":"ready","userQuestionCount":0,"goalNodeId":"quarterly_revenue","readyOptionsCount":4,"optionsNeedingEncoding":0,"optionsNeedingMapping":0,"declinedFallbackCount":0,"blockerCount":0}
{"level":"info","time":1790989508714,"pid":91340,"hostname":"Mac.net","event":"v5.coaching.run_delta_outcome","scenario_id":"7a1e2d3c-4b5a-4e6d-9c7b-8a9f0e1d2c20","outcome":"skipped","reason":"caller_binds_run_delta","prior_facts_count":null,"run_analysis_facts_count":null,"wire_reason_carried":null}
{"level":"info","time":1790989508715,"pid":91340,"hostname":"Mac.net","event":"v5.egress.leading_option_claim_neutralised_at_wire","request_id":"req-1f","exit_path":"agent_lane_v1","edited_fields":"blocks","mode":"surgical","original_length":0,"projected_length":0}
{"level":"info","time":1790989508717,"pid":91340,"hostname":"Mac.net","event":"v5.egress.leading_option_claim_neutralised_at_wire","request_id":"req-1f","exit_path":"agent_lane_v1_final","edited_fields":"blocks","mode":"surgical","original_length":0,"projected_length":0}
{"level":"info","time":1790989508722,"pid":91340,"hostname":"Mac.net","event":"cee.analysis_ready.built","optionCount":4,"status":"ready","userQuestionCount":0,"goalNodeId":"quarterly_revenue","readyOptionsCount":4,"optionsNeedingEncoding":0,"optionsNeedingMapping":0,"declinedFallbackCount":0,"blockerCount":0}
{"level":"info","time":1790989508725,"pid":91340,"hostname":"Mac.net","scenario_id":"7a1e2d3c-4b5a-4e6d-9c7b-8a9f0e1d2c21","dsk_protocol_id":null,"dsk_not_cited":"no_identified_plan","plan_basis":"user_selected","passed":false,"failed":["PM-COUNT","PM-GROUNDED","PM-WATCH-MITIGATE","PM-NO-PROB","PM-NO-PREDICTION","PM-BLINDSPOT"],"target_kind":"link","card":"propose_link_strengths","card_ok":true,"msg":"agent-lane: method turn settled"}
{"level":"info","time":1790989508726,"pid":91340,"hostname":"Mac.net","event":"v5.coaching.run_delta_outcome","scenario_id":"7a1e2d3c-4b5a-4e6d-9c7b-8a9f0e1d2c21","outcome":"skipped","reason":"caller_binds_run_delta","prior_facts_count":null,"run_analysis_facts_count":null,"wire_reason_carried":null}
{"level":"info","time":1790989508728,"pid":91340,"hostname":"Mac.net","event":"v5.egress.leading_option_claim_neutralised_at_wire","request_id":"req-1h","exit_path":"agent_lane_v1","edited_fields":"blocks","mode":"surgical","original_length":0,"projected_length":0}
{"level":"info","time":1790989508730,"pid":91340,"hostname":"Mac.net","event":"v5.egress.leading_option_claim_neutralised_at_wire","request_id":"req-1h","exit_path":"agent_lane_v1_final","edited_fields":"blocks","mode":"surgical","original_length":0,"projected_length":0}
{"level":"info","time":1790989508733,"pid":91340,"hostname":"Mac.net","event":"cee.analysis_ready.built","optionCount":4,"status":"ready","userQuestionCount":0,"goalNodeId":"quarterly_revenue","readyOptionsCount":4,"optionsNeedingEncoding":0,"optionsNeedingMapping":0,"declinedFallbackCount":0,"blockerCount":0}
{"level":"info","time":1790989508736,"pid":91340,"hostname":"Mac.net","event":"v5.coaching.run_delta_outcome","scenario_id":"7a1e2d3c-4b5a-4e6d-9c7b-8a9f0e1d2c21","outcome":"skipped","reason":"caller_binds_run_delta","prior_facts_count":null,"run_analysis_facts_count":null,"wire_reason_carried":null}
{"level":"info","time":1790989508738,"pid":91340,"hostname":"Mac.net","event":"v5.egress.leading_option_claim_neutralised_at_wire","request_id":"req-1j","exit_path":"agent_lane_v1","edited_fields":"blocks","mode":"surgical","original_length":0,"projected_length":0}
{"level":"info","time":1790989508740,"pid":91340,"hostname":"Mac.net","event":"v5.egress.leading_option_claim_neutralised_at_wire","request_id":"req-1j","exit_path":"agent_lane_v1_final","edited_fields":"blocks","mode":"surgical","original_length":0,"projected_length":0}
{"level":"info","time":1790989508745,"pid":91340,"hostname":"Mac.net","event":"cee.analysis_ready.built","optionCount":4,"status":"ready","userQuestionCount":0,"goalNodeId":"quarterly_revenue","readyOptionsCount":4,"optionsNeedingEncoding":0,"optionsNeedingMapping":0,"declinedFallbackCount":0,"blockerCount":0}
{"level":"info","time":1790989508749,"pid":91340,"hostname":"Mac.net","event":"v5.coaching.run_delta_outcome","scenario_id":"7a1e2d3c-4b5a-4e6d-9c7b-8a9f0e1d2c22","outcome":"skipped","reason":"caller_binds_run_delta","prior_facts_count":null,"run_analysis_facts_count":null,"wire_reason_carried":null}
{"level":"info","time":1790989508749,"pid":91340,"hostname":"Mac.net","event":"v5.egress.leading_option_claim_neutralised_at_wire","request_id":"req-1l","exit_path":"agent_lane_v1","edited_fields":"blocks","mode":"surgical","original_length":0,"projected_length":0}
{"level":"info","time":1790989508751,"pid":91340,"hostname":"Mac.net","event":"v5.egress.leading_option_claim_neutralised_at_wire","request_id":"req-1l","exit_path":"agent_lane_v1_final","edited_fields":"blocks","mode":"surgical","original_length":0,"projected_length":0}
{"level":"info","time":1790989508755,"pid":91340,"hostname":"Mac.net","event":"cee.analysis_ready.built","optionCount":4,"status":"ready","userQuestionCount":0,"goalNodeId":"quarterly_revenue","readyOptionsCount":4,"optionsNeedingEncoding":0,"optionsNeedingMapping":0,"declinedFallbackCount":0,"blockerCount":0}
{"level":"info","time":1790989508757,"pid":91340,"hostname":"Mac.net","scenario_id":"7a1e2d3c-4b5a-4e6d-9c7b-8a9f0e1d2c23","dsk_protocol_id":null,"dsk_not_cited":"no_identified_plan","plan_basis":"user_selected","passed":true,"failed":[],"target_kind":"link","card":"propose_link_strengths","card_ok":true,"msg":"agent-lane: method turn settled"}
{"level":"info","time":1790989508758,"pid":91340,"hostname":"Mac.net","event":"v5.coaching.run_delta_outcome","scenario_id":"7a1e2d3c-4b5a-4e6d-9c7b-8a9f0e1d2c23","outcome":"skipped","reason":"caller_binds_run_delta","prior_facts_count":null,"run_analysis_facts_count":null,"wire_reason_carried":null}
{"level":"info","time":1790989508761,"pid":91340,"hostname":"Mac.net","event":"v5.egress.leading_option_claim_neutralised_at_wire","request_id":"req-1n","exit_path":"agent_lane_v1","edited_fields":"blocks","mode":"surgical","original_length":0,"projected_length":0}
{"level":"info","time":1790989508762,"pid":91340,"hostname":"Mac.net","event":"v5.egress.leading_option_claim_neutralised_at_wire","request_id":"req-1n","exit_path":"agent_lane_v1_final","edited_fields":"blocks","mode":"surgical","original_length":0,"projected_length":0}
{"level":"info","time":1790989513212,"pid":91347,"hostname":"Mac.net","event":"agent_lane.route_mounted","msg":"POST /agent/v1/turn mounted"}
{"level":"info","time":1790989513241,"pid":91347,"hostname":"Mac.net","event":"cee.analysis_ready.built","optionCount":4,"status":"ready","userQuestionCount":0,"goalNodeId":"quarterly_revenue","readyOptionsCount":4,"optionsNeedingEncoding":0,"optionsNeedingMapping":0,"declinedFallbackCount":0,"blockerCount":0}
{"level":"info","time":1790989513256,"pid":91347,"hostname":"Mac.net","event":"v5.coaching.run_delta_outcome","scenario_id":"8e3f4a51-6c7d-4e8f-9a01-b2c3d4e5f601","outcome":"skipped","reason":"caller_binds_run_delta","prior_facts_count":null,"run_analysis_facts_count":null,"wire_reason_carried":null}
{"level":"info","time":1790989513269,"pid":91347,"hostname":"Mac.net","scenario_id":"8e3f4a51-6c7d-4e8f-9a01-b2c3d4e5f602","method_turn":"choose_plan","msg":"agent-lane: method turn answered without a model call"}
{"level":"info","time":1790989513270,"pid":91347,"hostname":"Mac.net","event":"v5.coaching.run_delta_outcome","scenario_id":"8e3f4a51-6c7d-4e8f-9a01-b2c3d4e5f602","outcome":"skipped","reason":"caller_binds_run_delta","prior_facts_count":null,"run_analysis_facts_count":null,"wire_reason_carried":null}
{"level":"info","time":1790989513282,"pid":91347,"hostname":"Mac.net","event":"v5.coaching.run_delta_outcome","scenario_id":"8e3f4a51-6c7d-4e8f-9a01-b2c3d4e5f603","outcome":"skipped","reason":"caller_binds_run_delta","prior_facts_count":null,"run_analysis_facts_count":null,"wire_reason_carried":null}
{"level":"info","time":1790989513288,"pid":91347,"hostname":"Mac.net","event":"v5.coaching.run_delta_outcome","scenario_id":"8e3f4a51-6c7d-4e8f-9a01-b2c3d4e5f604","outcome":"skipped","reason":"caller_binds_run_delta","prior_facts_count":null,"run_analysis_facts_count":null,"wire_reason_carried":null}
{"level":"info","time":1790989513297,"pid":91347,"hostname":"Mac.net","event":"cee.analysis_ready.built","optionCount":4,"status":"ready","userQuestionCount":0,"goalNodeId":"quarterly_revenue","readyOptionsCount":4,"optionsNeedingEncoding":0,"optionsNeedingMapping":0,"declinedFallbackCount":0,"blockerCount":0}
{"level":"info","time":1790989513301,"pid":91347,"hostname":"Mac.net","event":"v5.coaching.run_delta_outcome","scenario_id":"8e3f4a51-6c7d-4e8f-9a01-b2c3d4e5f604","outcome":"skipped","reason":"caller_binds_run_delta","prior_facts_count":null,"run_analysis_facts_count":null,"wire_reason_carried":null}
{"level":"info","time":1790989513307,"pid":91347,"hostname":"Mac.net","event":"v5.coaching.run_delta_outcome","scenario_id":"8e3f4a51-6c7d-4e8f-9a01-b2c3d4e5f605","outcome":"skipped","reason":"caller_binds_run_delta","prior_facts_count":null,"run_analysis_facts_count":null,"wire_reason_carried":null}
{"level":"info","time":1790989513312,"pid":91347,"hostname":"Mac.net","event":"v5.coaching.run_delta_outcome","scenario_id":"8e3f4a51-6c7d-4e8f-9a01-b2c3d4e5f605","outcome":"skipped","reason":"caller_binds_run_delta","prior_facts_count":null,"run_analysis_facts_count":null,"wire_reason_carried":null}
{"level":"info","time":1790989513318,"pid":91347,"hostname":"Mac.net","event":"cee.analysis_ready.built","optionCount":4,"status":"ready","userQuestionCount":0,"goalNodeId":"quarterly_revenue","readyOptionsCount":4,"optionsNeedingEncoding":0,"optionsNeedingMapping":0,"declinedFallbackCount":0,"blockerCount":0}
{"level":"info","time":1790989513323,"pid":91347,"hostname":"Mac.net","event":"v5.coaching.run_delta_outcome","scenario_id":"8e3f4a51-6c7d-4e8f-9a01-b2c3d4e5f605","outcome":"skipped","reason":"caller_binds_run_delta","prior_facts_count":null,"run_analysis_facts_count":null,"wire_reason_carried":null}
{"level":"info","time":1790989513331,"pid":91347,"hostname":"Mac.net","event":"cee.analysis_ready.built","optionCount":4,"status":"ready","userQuestionCount":0,"goalNodeId":"quarterly_revenue","readyOptionsCount":4,"optionsNeedingEncoding":0,"optionsNeedingMapping":0,"declinedFallbackCount":0,"blockerCount":0}
{"level":"info","time":1790989513336,"pid":91347,"hostname":"Mac.net","event":"v5.coaching.run_delta_outcome","scenario_id":"8e3f4a51-6c7d-4e8f-9a01-b2c3d4e5f606","outcome":"skipped","reason":"caller_binds_run_delta","prior_facts_count":null,"run_analysis_facts_count":null,"wire_reason_carried":null}
{"level":"info","time":1790989513341,"pid":91347,"hostname":"Mac.net","event":"v5.coaching.run_delta_outcome","scenario_id":"8e3f4a51-6c7d-4e8f-9a01-b2c3d4e5f606","outcome":"skipped","reason":"caller_binds_run_delta","prior_facts_count":null,"run_analysis_facts_count":null,"wire_reason_carried":null}
{"level":"info","time":1790989513347,"pid":91347,"hostname":"Mac.net","event":"cee.analysis_ready.built","optionCount":3,"status":"ready","userQuestionCount":0,"goalNodeId":"monthly_spend","readyOptionsCount":3,"optionsNeedingEncoding":0,"optionsNeedingMapping":0,"declinedFallbackCount":0,"blockerCount":0}
{"level":"info","time":1790989513351,"pid":91347,"hostname":"Mac.net","event":"v5.coaching.run_delta_outcome","scenario_id":"8e3f4a51-6c7d-4e8f-9a01-b2c3d4e5f607","outcome":"skipped","reason":"caller_binds_run_delta","prior_facts_count":null,"run_analysis_facts_count":null,"wire_reason_carried":null}

 Test Files  9 passed (9)
      Tests  262 passed (262)
   Start at  02:04:59
   Duration  16.35s (transform 5.61s, setup 368ms, import 4.28s, tests 10.70s, environment 1ms)

