 WARN  Issue while reading "/private/tmp/scihero-cee-1790984347/.npmrc". Failed to replace env in config: ${NPM_PACKAGES_TOKEN}
 WARN  Issue while reading "/private/tmp/scihero-cee-1790984347/.npmrc". Failed to replace env in config: ${NPM_PACKAGES_TOKEN}

> olumi-assistants-service@1.12.0 pretypecheck /private/tmp/scihero-cee-1790984347
> pnpm openapi:generate && pnpm check:schemas-resolution

 WARN  Issue while reading "/private/tmp/scihero-cee-1790984347/.npmrc". Failed to replace env in config: ${NPM_PACKAGES_TOKEN}
 WARN  Issue while reading "/private/tmp/scihero-cee-1790984347/.npmrc". Failed to replace env in config: ${NPM_PACKAGES_TOKEN}

> olumi-assistants-service@1.12.0 openapi:generate /private/tmp/scihero-cee-1790984347
> openapi-typescript openapi.yaml -o src/generated/openapi.d.ts

✨ openapi-typescript 7.10.1
🚀 openapi.yaml → src/generated/openapi.d.ts [148.9ms]
 WARN  Issue while reading "/private/tmp/scihero-cee-1790984347/.npmrc". Failed to replace env in config: ${NPM_PACKAGES_TOKEN}
 WARN  Issue while reading "/private/tmp/scihero-cee-1790984347/.npmrc". Failed to replace env in config: ${NPM_PACKAGES_TOKEN}

> olumi-assistants-service@1.12.0 check:schemas-resolution /private/tmp/scihero-cee-1790984347
> node scripts/check-schemas-resolution.mjs


✖ schemas-resolution check FAILED: @talchain/schemas version mismatch — bound 0.73.0, but package.json pins 0.74.0

  pin        : file:./vendor/talchain-schemas-0.74.0.tgz
  expected   : 0.74.0
  actually   : 0.73.0
  bound from : /private/tmp/scihero-cee-1790984347/node_modules/@talchain/schemas/package.json

A stale install silently drops wire fields the newer schema defines, so any result measured
against it is untrustworthy. Run `pnpm install --frozen-lockfile`.

 ELIFECYCLE  Command failed with exit code 1.
 ELIFECYCLE  Command failed with exit code 1.
