 WARN  Issue while reading "/private/tmp/scihero-cee-1790984347/.npmrc". Failed to replace env in config: ${NPM_PACKAGES_TOKEN}
 WARN  Issue while reading "/private/tmp/scihero-cee-1790984347/.npmrc". Failed to replace env in config: ${NPM_PACKAGES_TOKEN}

 RUN  v4.1.10 /private/tmp/scihero-cee-1790984347

{"level":"info","time":1790990536566,"pid":95196,"hostname":"Mac.net","event":"agent_lane.route_mounted","msg":"POST /agent/v1/turn mounted"}
{"level":"info","time":1790990536622,"pid":95196,"hostname":"Mac.net","event":"cee.analysis_ready.built","optionCount":2,"status":"ready","userQuestionCount":0,"goalNodeId":"goal_x","readyOptionsCount":2,"optionsNeedingEncoding":0,"optionsNeedingMapping":0,"declinedFallbackCount":0,"blockerCount":0}
{"level":"info","time":1790990536628,"pid":95196,"hostname":"Mac.net","event":"cee.analysis_ready.built","optionCount":2,"status":"ready","userQuestionCount":0,"goalNodeId":"goal_x","readyOptionsCount":2,"optionsNeedingEncoding":0,"optionsNeedingMapping":0,"declinedFallbackCount":0,"blockerCount":0}
{"level":"info","time":1790990536633,"pid":95196,"hostname":"Mac.net","event":"cee.analysis_ready.built","optionCount":2,"status":"ready","userQuestionCount":0,"goalNodeId":"goal_x","readyOptionsCount":2,"optionsNeedingEncoding":0,"optionsNeedingMapping":0,"declinedFallbackCount":0,"blockerCount":0}
{"level":"info","time":1790990536642,"pid":95196,"hostname":"Mac.net","event":"cee.analysis_ready.built","optionCount":2,"status":"ready","userQuestionCount":0,"goalNodeId":"goal_x","readyOptionsCount":2,"optionsNeedingEncoding":0,"optionsNeedingMapping":0,"declinedFallbackCount":0,"blockerCount":0}
{"level":"info","time":1790990536644,"pid":95196,"hostname":"Mac.net","event":"cee.analysis_ready.built","optionCount":2,"status":"ready","userQuestionCount":0,"goalNodeId":"goal_x","readyOptionsCount":2,"optionsNeedingEncoding":0,"optionsNeedingMapping":0,"declinedFallbackCount":0,"blockerCount":0}
{"level":"info","time":1790990536647,"pid":95196,"hostname":"Mac.net","event":"v5.coaching.run_delta_outcome","scenario_id":"7c6e1a2b-3a4f-4e5d-8c6b-7a8f9e0d1c01","outcome":"skipped","reason":"caller_binds_run_delta","prior_facts_count":null,"run_analysis_facts_count":null,"wire_reason_carried":null}
·{"level":"info","time":1790990536677,"pid":95196,"hostname":"Mac.net","event":"cee.analysis_ready.built","optionCount":2,"status":"ready","userQuestionCount":0,"goalNodeId":"goal_x","readyOptionsCount":2,"optionsNeedingEncoding":0,"optionsNeedingMapping":0,"declinedFallbackCount":0,"blockerCount":0}
{"level":"info","time":1790990536679,"pid":95196,"hostname":"Mac.net","event":"cee.analysis_ready.built","optionCount":2,"status":"ready","userQuestionCount":0,"goalNodeId":"goal_x","readyOptionsCount":2,"optionsNeedingEncoding":0,"optionsNeedingMapping":0,"declinedFallbackCount":0,"blockerCount":0}
{"level":"info","time":1790990536682,"pid":95196,"hostname":"Mac.net","event":"cee.analysis_ready.built","optionCount":2,"status":"ready","userQuestionCount":0,"goalNodeId":"goal_x","readyOptionsCount":2,"optionsNeedingEncoding":0,"optionsNeedingMapping":0,"declinedFallbackCount":0,"blockerCount":0}
{"level":"info","time":1790990536688,"pid":95196,"hostname":"Mac.net","event":"cee.analysis_ready.built","optionCount":2,"status":"ready","userQuestionCount":0,"goalNodeId":"goal_x","readyOptionsCount":2,"optionsNeedingEncoding":0,"optionsNeedingMapping":0,"declinedFallbackCount":0,"blockerCount":0}
{"level":"info","time":1790990536689,"pid":95196,"hostname":"Mac.net","event":"cee.analysis_ready.built","optionCount":2,"status":"ready","userQuestionCount":0,"goalNodeId":"goal_x","readyOptionsCount":2,"optionsNeedingEncoding":0,"optionsNeedingMapping":0,"declinedFallbackCount":0,"blockerCount":0}
{"level":"info","time":1790990536690,"pid":95196,"hostname":"Mac.net","event":"v5.coaching.run_delta_outcome","scenario_id":"7c6e1a2b-3a4f-4e5d-8c6b-7a8f9e0d1c02","outcome":"skipped","reason":"caller_binds_run_delta","prior_facts_count":null,"run_analysis_facts_count":null,"wire_reason_carried":null}
{"level":"info","time":1790990536703,"pid":95196,"hostname":"Mac.net","event":"cee.analysis_ready.built","optionCount":2,"status":"ready","userQuestionCount":0,"goalNodeId":"goal_x","readyOptionsCount":2,"optionsNeedingEncoding":0,"optionsNeedingMapping":0,"declinedFallbackCount":0,"blockerCount":0}
{"level":"info","time":1790990536705,"pid":95196,"hostname":"Mac.net","event":"cee.analysis_ready.built","optionCount":2,"status":"ready","userQuestionCount":0,"goalNodeId":"goal_x","readyOptionsCount":2,"optionsNeedingEncoding":0,"optionsNeedingMapping":0,"declinedFallbackCount":0,"blockerCount":0}
{"level":"info","time":1790990536708,"pid":95196,"hostname":"Mac.net","event":"cee.analysis_ready.built","optionCount":2,"status":"ready","userQuestionCount":0,"goalNodeId":"goal_x","readyOptionsCount":2,"optionsNeedingEncoding":0,"optionsNeedingMapping":0,"declinedFallbackCount":0,"blockerCount":0}
{"level":"info","time":1790990536711,"pid":95196,"hostname":"Mac.net","event":"cee.analysis_ready.built","optionCount":2,"status":"ready","userQuestionCount":0,"goalNodeId":"goal_x","readyOptionsCount":2,"optionsNeedingEncoding":0,"optionsNeedingMapping":0,"declinedFallbackCount":0,"blockerCount":0}
{"level":"info","time":1790990536712,"pid":95196,"hostname":"Mac.net","event":"cee.analysis_ready.built","optionCount":2,"status":"ready","userQuestionCount":0,"goalNodeId":"goal_x","readyOptionsCount":2,"optionsNeedingEncoding":0,"optionsNeedingMapping":0,"declinedFallbackCount":0,"blockerCount":0}
{"level":"info","time":1790990536712,"pid":95196,"hostname":"Mac.net","event":"v5.coaching.run_delta_outcome","scenario_id":"7c6e1a2b-3a4f-4e5d-8c6b-7a8f9e0d1c03","outcome":"skipped","reason":"caller_binds_run_delta","prior_facts_count":null,"run_analysis_facts_count":null,"wire_reason_carried":null}
{"level":"info","time":1790990536724,"pid":95196,"hostname":"Mac.net","event":"cee.analysis_ready.built","optionCount":2,"status":"ready","userQuestionCount":0,"goalNodeId":"goal_x","readyOptionsCount":2,"optionsNeedingEncoding":0,"optionsNeedingMapping":0,"declinedFallbackCount":0,"blockerCount":0}
{"level":"info","time":1790990536726,"pid":95196,"hostname":"Mac.net","event":"cee.analysis_ready.built","optionCount":2,"status":"ready","userQuestionCount":0,"goalNodeId":"goal_x","readyOptionsCount":2,"optionsNeedingEncoding":0,"optionsNeedingMapping":0,"declinedFallbackCount":0,"blockerCount":0}
{"level":"info","time":1790990536729,"pid":95196,"hostname":"Mac.net","event":"cee.analysis_ready.built","optionCount":2,"status":"ready","userQuestionCount":0,"goalNodeId":"goal_x","readyOptionsCount":2,"optionsNeedingEncoding":0,"optionsNeedingMapping":0,"declinedFallbackCount":0,"blockerCount":0}
{"level":"info","time":1790990536731,"pid":95196,"hostname":"Mac.net","event":"cee.analysis_ready.built","optionCount":2,"status":"ready","userQuestionCount":0,"goalNodeId":"goal_x","readyOptionsCount":2,"optionsNeedingEncoding":0,"optionsNeedingMapping":0,"declinedFallbackCount":0,"blockerCount":0}
{"level":"info","time":1790990536731,"pid":95196,"hostname":"Mac.net","event":"cee.analysis_ready.built","optionCount":2,"status":"ready","userQuestionCount":0,"goalNodeId":"goal_x","readyOptionsCount":2,"optionsNeedingEncoding":0,"optionsNeedingMapping":0,"declinedFallbackCount":0,"blockerCount":0}
{"level":"info","time":1790990536732,"pid":95196,"hostname":"Mac.net","event":"v5.coaching.run_delta_outcome","scenario_id":"7c6e1a2b-3a4f-4e5d-8c6b-7a8f9e0d1c04","outcome":"skipped","reason":"caller_binds_run_delta","prior_facts_count":null,"run_analysis_facts_count":null,"wire_reason_carried":null}
{"level":"info","time":1790990536744,"pid":95196,"hostname":"Mac.net","event":"cee.analysis_ready.built","optionCount":2,"status":"ready","userQuestionCount":0,"goalNodeId":"goal_x","readyOptionsCount":2,"optionsNeedingEncoding":0,"optionsNeedingMapping":0,"declinedFallbackCount":0,"blockerCount":0}
{"level":"info","time":1790990536745,"pid":95196,"hostname":"Mac.net","event":"cee.analysis_ready.built","optionCount":2,"status":"ready","userQuestionCount":0,"goalNodeId":"goal_x","readyOptionsCount":2,"optionsNeedingEncoding":0,"optionsNeedingMapping":0,"declinedFallbackCount":0,"blockerCount":0}
{"level":"info","time":1790990536748,"pid":95196,"hostname":"Mac.net","event":"cee.analysis_ready.built","optionCount":2,"status":"ready","userQuestionCount":0,"goalNodeId":"goal_x","readyOptionsCount":2,"optionsNeedingEncoding":0,"optionsNeedingMapping":0,"declinedFallbackCount":0,"blockerCount":0}
{"level":"info","time":1790990536749,"pid":95196,"hostname":"Mac.net","event":"cee.analysis_ready.built","optionCount":2,"status":"ready","userQuestionCount":0,"goalNodeId":"goal_x","readyOptionsCount":2,"optionsNeedingEncoding":0,"optionsNeedingMapping":0,"declinedFallbackCount":0,"blockerCount":0}
{"level":"info","time":1790990536751,"pid":95196,"hostname":"Mac.net","event":"cee.analysis_ready.built","optionCount":2,"status":"ready","userQuestionCount":0,"goalNodeId":"goal_x","readyOptionsCount":2,"optionsNeedingEncoding":0,"optionsNeedingMapping":0,"declinedFallbackCount":0,"blockerCount":0}
{"level":"info","time":1790990536752,"pid":95196,"hostname":"Mac.net","event":"v5.coaching.run_delta_outcome","scenario_id":"7c6e1a2b-3a4f-4e5d-8c6b-7a8f9e0d1c05","outcome":"skipped","reason":"caller_binds_run_delta","prior_facts_count":null,"run_analysis_facts_count":null,"wire_reason_carried":null}
{"level":"info","time":1790990536767,"pid":95196,"hostname":"Mac.net","event":"cee.analysis_ready.built","optionCount":2,"status":"ready","userQuestionCount":0,"goalNodeId":"goal_x","readyOptionsCount":2,"optionsNeedingEncoding":0,"optionsNeedingMapping":0,"declinedFallbackCount":0,"blockerCount":0}
{"level":"info","time":1790990536769,"pid":95196,"hostname":"Mac.net","event":"cee.analysis_ready.built","optionCount":2,"status":"ready","userQuestionCount":0,"goalNodeId":"goal_x","readyOptionsCount":2,"optionsNeedingEncoding":0,"optionsNeedingMapping":0,"declinedFallbackCount":0,"blockerCount":0}
····{"level":"info","time":1790990536771,"pid":95196,"hostname":"Mac.net","event":"cee.analysis_ready.built","optionCount":2,"status":"ready","userQuestionCount":0,"goalNodeId":"goal_x","readyOptionsCount":2,"optionsNeedingEncoding":0,"optionsNeedingMapping":0,"declinedFallbackCount":0,"blockerCount":0}
{"level":"info","time":1790990536772,"pid":95196,"hostname":"Mac.net","event":"cee.analysis_ready.built","optionCount":2,"status":"ready","userQuestionCount":0,"goalNodeId":"goal_x","readyOptionsCount":2,"optionsNeedingEncoding":0,"optionsNeedingMapping":0,"declinedFallbackCount":0,"blockerCount":0}
{"level":"info","time":1790990536773,"pid":95196,"hostname":"Mac.net","event":"cee.analysis_ready.built","optionCount":2,"status":"ready","userQuestionCount":0,"goalNodeId":"goal_x","readyOptionsCount":2,"optionsNeedingEncoding":0,"optionsNeedingMapping":0,"declinedFallbackCount":0,"blockerCount":0}
{"level":"info","time":1790990536773,"pid":95196,"hostname":"Mac.net","event":"v5.coaching.run_delta_outcome","scenario_id":"7c6e1a2b-3a4f-4e5d-8c6b-7a8f9e0d1c06","outcome":"skipped","reason":"caller_binds_run_delta","prior_facts_count":null,"run_analysis_facts_count":null,"wire_reason_carried":null}
{"level":"info","time":1790990536783,"pid":95196,"hostname":"Mac.net","event":"cee.analysis_ready.built","optionCount":2,"status":"ready","userQuestionCount":0,"goalNodeId":"goal_x","readyOptionsCount":2,"optionsNeedingEncoding":0,"optionsNeedingMapping":0,"declinedFallbackCount":0,"blockerCount":0}
{"level":"info","time":1790990536785,"pid":95196,"hostname":"Mac.net","event":"cee.analysis_ready.built","optionCount":2,"status":"ready","userQuestionCount":0,"goalNodeId":"goal_x","readyOptionsCount":2,"optionsNeedingEncoding":0,"optionsNeedingMapping":0,"declinedFallbackCount":0,"blockerCount":0}
{"level":"info","time":1790990536787,"pid":95196,"hostname":"Mac.net","event":"cee.analysis_ready.built","optionCount":2,"status":"ready","userQuestionCount":0,"goalNodeId":"goal_x","readyOptionsCount":2,"optionsNeedingEncoding":0,"optionsNeedingMapping":0,"declinedFallbackCount":0,"blockerCount":0}
{"level":"info","time":1790990536788,"pid":95196,"hostname":"Mac.net","event":"cee.analysis_ready.built","optionCount":2,"status":"ready","userQuestionCount":0,"goalNodeId":"goal_x","readyOptionsCount":2,"optionsNeedingEncoding":0,"optionsNeedingMapping":0,"declinedFallbackCount":0,"blockerCount":0}
{"level":"info","time":1790990536789,"pid":95196,"hostname":"Mac.net","event":"cee.analysis_ready.built","optionCount":2,"status":"ready","userQuestionCount":0,"goalNodeId":"goal_x","readyOptionsCount":2,"optionsNeedingEncoding":0,"optionsNeedingMapping":0,"declinedFallbackCount":0,"blockerCount":0}
{"level":"info","time":1790990536790,"pid":95196,"hostname":"Mac.net","event":"v5.coaching.run_delta_outcome","scenario_id":"7c6e1a2b-3a4f-4e5d-8c6b-7a8f9e0d1c07","outcome":"skipped","reason":"caller_binds_run_delta","prior_facts_count":null,"run_analysis_facts_count":null,"wire_reason_carried":null}
{"level":"info","time":1790990536795,"pid":95196,"hostname":"Mac.net","event":"cee.analysis_ready.built","optionCount":2,"status":"ready","userQuestionCount":0,"goalNodeId":"goal_x","readyOptionsCount":2,"optionsNeedingEncoding":0,"optionsNeedingMapping":0,"declinedFallbackCount":0,"blockerCount":0}
{"level":"info","time":1790990536797,"pid":95196,"hostname":"Mac.net","event":"cee.analysis_ready.built","optionCount":2,"status":"ready","userQuestionCount":0,"goalNodeId":"goal_x","readyOptionsCount":2,"optionsNeedingEncoding":0,"optionsNeedingMapping":0,"declinedFallbackCount":0,"blockerCount":0}
{"level":"info","time":1790990536798,"pid":95196,"hostname":"Mac.net","event":"v5.coaching.run_delta_outcome","scenario_id":"7c6e1a2b-3a4f-4e5d-8c6b-7a8f9e0d1c07","outcome":"skipped","reason":"caller_binds_run_delta","prior_facts_count":null,"run_analysis_facts_count":null,"wire_reason_carried":null}
·{"level":"info","time":1790990540812,"pid":95196,"hostname":"Mac.net","event":"cee.analysis_ready.built","optionCount":2,"status":"ready","userQuestionCount":0,"goalNodeId":"goal_x","readyOptionsCount":2,"optionsNeedingEncoding":0,"optionsNeedingMapping":0,"declinedFallbackCount":0,"blockerCount":0}
{"level":"info","time":1790990540814,"pid":95196,"hostname":"Mac.net","event":"cee.analysis_ready.built","optionCount":2,"status":"ready","userQuestionCount":0,"goalNodeId":"goal_x","readyOptionsCount":2,"optionsNeedingEncoding":0,"optionsNeedingMapping":0,"declinedFallbackCount":0,"blockerCount":0}
{"level":"info","time":1790990540817,"pid":95196,"hostname":"Mac.net","event":"cee.analysis_ready.built","optionCount":2,"status":"ready","userQuestionCount":0,"goalNodeId":"goal_x","readyOptionsCount":2,"optionsNeedingEncoding":0,"optionsNeedingMapping":0,"declinedFallbackCount":0,"blockerCount":0}
{"level":"info","time":1790990540818,"pid":95196,"hostname":"Mac.net","event":"cee.analysis_ready.built","optionCount":2,"status":"ready","userQuestionCount":0,"goalNodeId":"goal_x","readyOptionsCount":2,"optionsNeedingEncoding":0,"optionsNeedingMapping":0,"declinedFallbackCount":0,"blockerCount":0}
{"level":"info","time":1790990540820,"pid":95196,"hostname":"Mac.net","event":"cee.analysis_ready.built","optionCount":2,"status":"ready","userQuestionCount":0,"goalNodeId":"goal_x","readyOptionsCount":2,"optionsNeedingEncoding":0,"optionsNeedingMapping":0,"declinedFallbackCount":0,"blockerCount":0}
{"level":"info","time":1790990540822,"pid":95196,"hostname":"Mac.net","event":"v5.coaching.run_delta_outcome","scenario_id":"7c6e1a2b-3a4f-4e5d-8c6b-7a8f9e0d1c08","outcome":"skipped","reason":"caller_binds_run_delta","prior_facts_count":null,"run_analysis_facts_count":null,"wire_reason_carried":null}
·{"level":"info","time":1790990544833,"pid":95196,"hostname":"Mac.net","event":"v5.coaching.run_delta_outcome","scenario_id":"7c6e1a2b-3a4f-4e5d-8c6b-7a8f9e0d1c09","outcome":"skipped","reason":"caller_binds_run_delta","prior_facts_count":null,"run_analysis_facts_count":null,"wire_reason_carried":null}
·{"level":"info","time":1790990544844,"pid":95196,"hostname":"Mac.net","event":"cee.analysis_ready.built","optionCount":2,"status":"ready","userQuestionCount":0,"goalNodeId":"goal_x","readyOptionsCount":2,"optionsNeedingEncoding":0,"optionsNeedingMapping":0,"declinedFallbackCount":0,"blockerCount":0}
{"level":"info","time":1790990544845,"pid":95196,"hostname":"Mac.net","event":"cee.analysis_ready.built","optionCount":2,"status":"ready","userQuestionCount":0,"goalNodeId":"goal_x","readyOptionsCount":2,"optionsNeedingEncoding":0,"optionsNeedingMapping":0,"declinedFallbackCount":0,"blockerCount":0}
{"level":"info","time":1790990544847,"pid":95196,"hostname":"Mac.net","event":"cee.analysis_ready.built","optionCount":2,"status":"ready","userQuestionCount":0,"goalNodeId":"goal_x","readyOptionsCount":2,"optionsNeedingEncoding":0,"optionsNeedingMapping":0,"declinedFallbackCount":0,"blockerCount":0}
{"level":"info","time":1790990544849,"pid":95196,"hostname":"Mac.net","event":"cee.analysis_ready.built","optionCount":2,"status":"ready","userQuestionCount":0,"goalNodeId":"goal_x","readyOptionsCount":2,"optionsNeedingEncoding":0,"optionsNeedingMapping":0,"declinedFallbackCount":0,"blockerCount":0}
{"level":"info","time":1790990544851,"pid":95196,"hostname":"Mac.net","event":"cee.analysis_ready.built","optionCount":2,"status":"ready","userQuestionCount":0,"goalNodeId":"goal_x","readyOptionsCount":2,"optionsNeedingEncoding":0,"optionsNeedingMapping":0,"declinedFallbackCount":0,"blockerCount":0}
{"level":"info","time":1790990544852,"pid":95196,"hostname":"Mac.net","event":"v5.coaching.run_delta_outcome","scenario_id":"7c6e1a2b-3a4f-4e5d-8c6b-7a8f9e0d1c10","outcome":"skipped","reason":"caller_binds_run_delta","prior_facts_count":null,"run_analysis_facts_count":null,"wire_reason_carried":null}
{"level":"info","time":1790990544861,"pid":95196,"hostname":"Mac.net","event":"cee.analysis_ready.built","optionCount":2,"status":"ready","userQuestionCount":0,"goalNodeId":"goal_x","readyOptionsCount":2,"optionsNeedingEncoding":0,"optionsNeedingMapping":0,"declinedFallbackCount":0,"blockerCount":0}
{"level":"info","time":1790990544862,"pid":95196,"hostname":"Mac.net","event":"cee.analysis_ready.built","optionCount":2,"status":"ready","userQuestionCount":0,"goalNodeId":"goal_x","readyOptionsCount":2,"optionsNeedingEncoding":0,"optionsNeedingMapping":0,"declinedFallbackCount":0,"blockerCount":0}
{"level":"info","time":1790990544865,"pid":95196,"hostname":"Mac.net","event":"cee.analysis_ready.built","optionCount":2,"status":"ready","userQuestionCount":0,"goalNodeId":"goal_x","readyOptionsCount":2,"optionsNeedingEncoding":0,"optionsNeedingMapping":0,"declinedFallbackCount":0,"blockerCount":0}
{"level":"info","time":1790990544866,"pid":95196,"hostname":"Mac.net","event":"cee.analysis_ready.built","optionCount":2,"status":"ready","userQuestionCount":0,"goalNodeId":"goal_x","readyOptionsCount":2,"optionsNeedingEncoding":0,"optionsNeedingMapping":0,"declinedFallbackCount":0,"blockerCount":0}
{"level":"info","time":1790990544867,"pid":95196,"hostname":"Mac.net","event":"cee.analysis_ready.built","optionCount":2,"status":"ready","userQuestionCount":0,"goalNodeId":"goal_x","readyOptionsCount":2,"optionsNeedingEncoding":0,"optionsNeedingMapping":0,"declinedFallbackCount":0,"blockerCount":0}
{"level":"info","time":1790990544869,"pid":95196,"hostname":"Mac.net","event":"v5.coaching.run_delta_outcome","scenario_id":"7c6e1a2b-3a4f-4e5d-8c6b-7a8f9e0d1c11","outcome":"skipped","reason":"caller_binds_run_delta","prior_facts_count":null,"run_analysis_facts_count":null,"wire_reason_carried":null}
{"level":"info","time":1790990544878,"pid":95196,"hostname":"Mac.net","event":"cee.analysis_ready.built","optionCount":2,"status":"ready","userQuestionCount":0,"goalNodeId":"goal_x","readyOptionsCount":2,"optionsNeedingEncoding":0,"optionsNeedingMapping":0,"declinedFallbackCount":0,"blockerCount":0}
{"level":"info","time":1790990544879,"pid":95196,"hostname":"Mac.net","event":"cee.analysis_ready.built","optionCount":2,"status":"ready","userQuestionCount":0,"goalNodeId":"goal_x","readyOptionsCount":2,"optionsNeedingEncoding":0,"optionsNeedingMapping":0,"declinedFallbackCount":0,"blockerCount":0}
{"level":"info","time":1790990544881,"pid":95196,"hostname":"Mac.net","event":"cee.analysis_ready.built","optionCount":2,"status":"ready","userQuestionCount":0,"goalNodeId":"goal_x","readyOptionsCount":2,"optionsNeedingEncoding":0,"optionsNeedingMapping":0,"declinedFallbackCount":0,"blockerCount":0}
{"level":"info","time":1790990544882,"pid":95196,"hostname":"Mac.net","event":"cee.analysis_ready.built","optionCount":2,"status":"ready","userQuestionCount":0,"goalNodeId":"goal_x","readyOptionsCount":2,"optionsNeedingEncoding":0,"optionsNeedingMapping":0,"declinedFallbackCount":0,"blockerCount":0}
{"level":"info","time":1790990544883,"pid":95196,"hostname":"Mac.net","event":"cee.analysis_ready.built","optionCount":2,"status":"ready","userQuestionCount":0,"goalNodeId":"goal_x","readyOptionsCount":2,"optionsNeedingEncoding":0,"optionsNeedingMapping":0,"declinedFallbackCount":0,"blockerCount":0}
{"level":"info","time":1790990544884,"pid":95196,"hostname":"Mac.net","event":"v5.coaching.run_delta_outcome","scenario_id":"7c6e1a2b-3a4f-4e5d-8c6b-7a8f9e0d1c12","outcome":"skipped","reason":"caller_binds_run_delta","prior_facts_count":null,"run_analysis_facts_count":null,"wire_reason_carried":null}
{"level":"info","time":1790990544893,"pid":95196,"hostname":"Mac.net","event":"cee.analysis_ready.built","optionCount":2,"status":"ready","userQuestionCount":0,"goalNodeId":"goal_x","readyOptionsCount":2,"optionsNeedingEncoding":0,"optionsNeedingMapping":0,"declinedFallbackCount":0,"blockerCount":0}
{"level":"info","time":1790990544894,"pid":95196,"hostname":"Mac.net","event":"cee.analysis_ready.built","optionCount":2,"status":"ready","userQuestionCount":0,"goalNodeId":"goal_x","readyOptionsCount":2,"optionsNeedingEncoding":0,"optionsNeedingMapping":0,"declinedFallbackCount":0,"blockerCount":0}
{"level":"info","time":1790990544896,"pid":95196,"hostname":"Mac.net","event":"cee.analysis_ready.built","optionCount":2,"status":"ready","userQuestionCount":0,"goalNodeId":"goal_x","readyOptionsCount":2,"optionsNeedingEncoding":0,"optionsNeedingMapping":0,"declinedFallbackCount":0,"blockerCount":0}
{"level":"info","time":1790990544897,"pid":95196,"hostname":"Mac.net","event":"cee.analysis_ready.built","optionCount":2,"status":"ready","userQuestionCount":0,"goalNodeId":"goal_x","readyOptionsCount":2,"optionsNeedingEncoding":0,"optionsNeedingMapping":0,"declinedFallbackCount":0,"blockerCount":0}
{"level":"info","time":1790990544898,"pid":95196,"hostname":"Mac.net","event":"cee.analysis_ready.built","optionCount":2,"status":"ready","userQuestionCount":0,"goalNodeId":"goal_x","readyOptionsCount":2,"optionsNeedingEncoding":0,"optionsNeedingMapping":0,"declinedFallbackCount":0,"blockerCount":0}
{"level":"info","time":1790990544899,"pid":95196,"hostname":"Mac.net","event":"v5.coaching.run_delta_outcome","scenario_id":"7c6e1a2b-3a4f-4e5d-8c6b-7a8f9e0d1c13","outcome":"skipped","reason":"caller_binds_run_delta","prior_facts_count":null,"run_analysis_facts_count":null,"wire_reason_carried":null}
{"level":"info","time":1790990544906,"pid":95196,"hostname":"Mac.net","event":"cee.analysis_ready.built","optionCount":2,"status":"ready","userQuestionCount":0,"goalNodeId":"goal_x","readyOptionsCount":2,"optionsNeedingEncoding":0,"optionsNeedingMapping":0,"declinedFallbackCount":0,"blockerCount":0}
{"level":"info","time":1790990544908,"pid":95196,"hostname":"Mac.net","event":"cee.analysis_ready.built","optionCount":2,"status":"ready","userQuestionCount":0,"goalNodeId":"goal_x","readyOptionsCount":2,"optionsNeedingEncoding":0,"optionsNeedingMapping":0,"declinedFallbackCount":0,"blockerCount":0}
{"level":"info","time":1790990544910,"pid":95196,"hostname":"Mac.net","event":"cee.analysis_ready.built","optionCount":2,"status":"ready","userQuestionCount":0,"goalNodeId":"goal_x","readyOptionsCount":2,"optionsNeedingEncoding":0,"optionsNeedingMapping":0,"declinedFallbackCount":0,"blockerCount":0}
{"level":"info","time":1790990544911,"pid":95196,"hostname":"Mac.net","event":"cee.analysis_ready.built","optionCount":2,"status":"ready","userQuestionCount":0,"goalNodeId":"goal_x","readyOptionsCount":2,"optionsNeedingEncoding":0,"optionsNeedingMapping":0,"declinedFallbackCount":0,"blockerCount":0}
{"level":"info","time":1790990544912,"pid":95196,"hostname":"Mac.net","event":"cee.analysis_ready.built","optionCount":2,"status":"ready","userQuestionCount":0,"goalNodeId":"goal_x","readyOptionsCount":2,"optionsNeedingEncoding":0,"optionsNeedingMapping":0,"declinedFallbackCount":0,"blockerCount":0}
{"level":"info","time":1790990544913,"pid":95196,"hostname":"Mac.net","event":"v5.coaching.run_delta_outcome","scenario_id":"7c6e1a2b-3a4f-4e5d-8c6b-7a8f9e0d1c14","outcome":"skipped","reason":"caller_binds_run_delta","prior_facts_count":null,"run_analysis_facts_count":null,"wire_reason_carried":null}
{"level":"info","time":1790990544920,"pid":95196,"hostname":"Mac.net","event":"v5.coaching.run_delta_outcome","scenario_id":"7c6e1a2b-3a4f-4e5d-8c6b-7a8f9e0d1c15","outcome":"skipped","reason":"caller_binds_run_delta","prior_facts_count":null,"run_analysis_facts_count":null,"wire_reason_carried":null}
{"level":"info","time":1790990544923,"pid":95196,"hostname":"Mac.net","event":"v5.coaching.run_delta_outcome","scenario_id":"7c6e1a2b-3a4f-4e5d-8c6b-7a8f9e0d1c16","outcome":"skipped","reason":"caller_binds_run_delta","prior_facts_count":null,"run_analysis_facts_count":null,"wire_reason_carried":null}
{"level":"info","time":1790990544929,"pid":95196,"hostname":"Mac.net","event":"cee.analysis_ready.built","optionCount":2,"status":"ready","userQuestionCount":0,"goalNodeId":"goal_x","readyOptionsCount":2,"optionsNeedingEncoding":0,"optionsNeedingMapping":0,"declinedFallbackCount":0,"blockerCount":0}
{"level":"info","time":1790990544930,"pid":95196,"hostname":"Mac.net","event":"cee.analysis_ready.built","optionCount":2,"status":"ready","userQuestionCount":0,"goalNodeId":"goal_x","readyOptionsCount":2,"optionsNeedingEncoding":0,"optionsNeedingMapping":0,"declinedFallbackCount":0,"blockerCount":0}
········{"level":"info","time":1790990544932,"pid":95196,"hostname":"Mac.net","event":"cee.analysis_ready.built","optionCount":2,"status":"ready","userQuestionCount":0,"goalNodeId":"goal_x","readyOptionsCount":2,"optionsNeedingEncoding":0,"optionsNeedingMapping":0,"declinedFallbackCount":0,"blockerCount":0}
{"level":"info","time":1790990544933,"pid":95196,"hostname":"Mac.net","event":"cee.analysis_ready.built","optionCount":2,"status":"ready","userQuestionCount":0,"goalNodeId":"goal_x","readyOptionsCount":2,"optionsNeedingEncoding":0,"optionsNeedingMapping":0,"declinedFallbackCount":0,"blockerCount":0}
{"level":"info","time":1790990544934,"pid":95196,"hostname":"Mac.net","event":"cee.analysis_ready.built","optionCount":2,"status":"ready","userQuestionCount":0,"goalNodeId":"goal_x","readyOptionsCount":2,"optionsNeedingEncoding":0,"optionsNeedingMapping":0,"declinedFallbackCount":0,"blockerCount":0}
{"level":"info","time":1790990544935,"pid":95196,"hostname":"Mac.net","event":"v5.coaching.run_delta_outcome","scenario_id":"7c6e1a2b-3a4f-4e5d-8c6b-7a8f9e0d1c17","outcome":"skipped","reason":"caller_binds_run_delta","prior_facts_count":null,"run_analysis_facts_count":null,"wire_reason_carried":null}
{"level":"info","time":1790990548952,"pid":95196,"hostname":"Mac.net","event":"cee.analysis_ready.built","optionCount":2,"status":"ready","userQuestionCount":0,"goalNodeId":"goal_x","readyOptionsCount":2,"optionsNeedingEncoding":0,"optionsNeedingMapping":0,"declinedFallbackCount":0,"blockerCount":0}
{"level":"info","time":1790990548955,"pid":95196,"hostname":"Mac.net","event":"cee.analysis_ready.built","optionCount":2,"status":"ready","userQuestionCount":0,"goalNodeId":"goal_x","readyOptionsCount":2,"optionsNeedingEncoding":0,"optionsNeedingMapping":0,"declinedFallbackCount":0,"blockerCount":0}
{"level":"info","time":1790990548958,"pid":95196,"hostname":"Mac.net","event":"cee.analysis_ready.built","optionCount":2,"status":"ready","userQuestionCount":0,"goalNodeId":"goal_x","readyOptionsCount":2,"optionsNeedingEncoding":0,"optionsNeedingMapping":0,"declinedFallbackCount":0,"blockerCount":0}
{"level":"info","time":1790990548961,"pid":95196,"hostname":"Mac.net","event":"cee.analysis_ready.built","optionCount":2,"status":"ready","userQuestionCount":0,"goalNodeId":"goal_x","readyOptionsCount":2,"optionsNeedingEncoding":0,"optionsNeedingMapping":0,"declinedFallbackCount":0,"blockerCount":0}
{"level":"info","time":1790990548963,"pid":95196,"hostname":"Mac.net","event":"cee.analysis_ready.built","optionCount":2,"status":"ready","userQuestionCount":0,"goalNodeId":"goal_x","readyOptionsCount":2,"optionsNeedingEncoding":0,"optionsNeedingMapping":0,"declinedFallbackCount":0,"blockerCount":0}
{"level":"info","time":1790990548964,"pid":95196,"hostname":"Mac.net","event":"v5.coaching.run_delta_outcome","scenario_id":"7c6e1a2b-3a4f-4e5d-8c6b-7a8f9e0d1c18","outcome":"skipped","reason":"caller_binds_run_delta","prior_facts_count":null,"run_analysis_facts_count":null,"wire_reason_carried":null}
·{"level":"warn","time":1790990548977,"pid":95196,"hostname":"Mac.net","err":"Error: read failed","scenario_id":"7c6e1a2b-3a4f-4e5d-8c6b-7a8f9e0d1c19","msg":"agent-lane: durable conversation could not be read — continuing without it"}
{"level":"info","time":1790990548983,"pid":95196,"hostname":"Mac.net","event":"cee.analysis_ready.built","optionCount":2,"status":"ready","userQuestionCount":0,"goalNodeId":"goal_x","readyOptionsCount":2,"optionsNeedingEncoding":0,"optionsNeedingMapping":0,"declinedFallbackCount":0,"blockerCount":0}
{"level":"info","time":1790990548985,"pid":95196,"hostname":"Mac.net","event":"cee.analysis_ready.built","optionCount":2,"status":"ready","userQuestionCount":0,"goalNodeId":"goal_x","readyOptionsCount":2,"optionsNeedingEncoding":0,"optionsNeedingMapping":0,"declinedFallbackCount":0,"blockerCount":0}
{"level":"info","time":1790990548988,"pid":95196,"hostname":"Mac.net","event":"cee.analysis_ready.built","optionCount":2,"status":"ready","userQuestionCount":0,"goalNodeId":"goal_x","readyOptionsCount":2,"optionsNeedingEncoding":0,"optionsNeedingMapping":0,"declinedFallbackCount":0,"blockerCount":0}
{"level":"info","time":1790990548989,"pid":95196,"hostname":"Mac.net","event":"cee.analysis_ready.built","optionCount":2,"status":"ready","userQuestionCount":0,"goalNodeId":"goal_x","readyOptionsCount":2,"optionsNeedingEncoding":0,"optionsNeedingMapping":0,"declinedFallbackCount":0,"blockerCount":0}
{"level":"info","time":1790990548990,"pid":95196,"hostname":"Mac.net","event":"cee.analysis_ready.built","optionCount":2,"status":"ready","userQuestionCount":0,"goalNodeId":"goal_x","readyOptionsCount":2,"optionsNeedingEncoding":0,"optionsNeedingMapping":0,"declinedFallbackCount":0,"blockerCount":0}
{"level":"info","time":1790990548992,"pid":95196,"hostname":"Mac.net","event":"v5.coaching.run_delta_outcome","scenario_id":"7c6e1a2b-3a4f-4e5d-8c6b-7a8f9e0d1c19","outcome":"skipped","reason":"caller_binds_run_delta","prior_facts_count":null,"run_analysis_facts_count":null,"wire_reason_carried":null}
{"level":"info","time":1790990548996,"pid":95196,"hostname":"Mac.net","event":"v5.coaching.run_delta_outcome","scenario_id":"7c6e1a2b-3a4f-4e5d-8c6b-7a8f9e0d1c20","outcome":"skipped","reason":"caller_binds_run_delta","prior_facts_count":null,"run_analysis_facts_count":null,"wire_reason_carried":null}
{"level":"info","time":1790990549000,"pid":95196,"hostname":"Mac.net","event":"v5.coaching.run_delta_outcome","scenario_id":"7c6e1a2b-3a4f-4e5d-8c6b-7a8f9e0d1c21","outcome":"skipped","reason":"caller_binds_run_delta","prior_facts_count":null,"run_analysis_facts_count":null,"wire_reason_carried":null}
{"level":"info","time":1790990549003,"pid":95196,"hostname":"Mac.net","event":"v5.coaching.run_delta_outcome","scenario_id":"7c6e1a2b-3a4f-4e5d-8c6b-7a8f9e0d1c22","outcome":"skipped","reason":"caller_binds_run_delta","prior_facts_count":null,"run_analysis_facts_count":null,"wire_reason_carried":null}
{"level":"info","time":1790990549006,"pid":95196,"hostname":"Mac.net","event":"v5.coaching.run_delta_outcome","scenario_id":"7c6e1a2b-3a4f-4e5d-8c6b-7a8f9e0d1c23","outcome":"skipped","reason":"caller_binds_run_delta","prior_facts_count":null,"run_analysis_facts_count":null,"wire_reason_carried":null}
{"level":"info","time":1790990549013,"pid":95196,"hostname":"Mac.net","event":"cee.analysis_ready.built","optionCount":2,"status":"ready","userQuestionCount":0,"goalNodeId":"goal_x","readyOptionsCount":2,"optionsNeedingEncoding":0,"optionsNeedingMapping":0,"declinedFallbackCount":0,"blockerCount":0}
{"level":"info","time":1790990549015,"pid":95196,"hostname":"Mac.net","event":"cee.analysis_ready.built","optionCount":2,"status":"ready","userQuestionCount":0,"goalNodeId":"goal_x","readyOptionsCount":2,"optionsNeedingEncoding":0,"optionsNeedingMapping":0,"declinedFallbackCount":0,"blockerCount":0}
{"level":"info","time":1790990549018,"pid":95196,"hostname":"Mac.net","event":"cee.analysis_ready.built","optionCount":2,"status":"ready","userQuestionCount":0,"goalNodeId":"goal_x","readyOptionsCount":2,"optionsNeedingEncoding":0,"optionsNeedingMapping":0,"declinedFallbackCount":0,"blockerCount":0}
{"level":"info","time":1790990549019,"pid":95196,"hostname":"Mac.net","event":"cee.analysis_ready.built","optionCount":2,"status":"ready","userQuestionCount":0,"goalNodeId":"goal_x","readyOptionsCount":2,"optionsNeedingEncoding":0,"optionsNeedingMapping":0,"declinedFallbackCount":0,"blockerCount":0}
{"level":"info","time":1790990549020,"pid":95196,"hostname":"Mac.net","event":"cee.analysis_ready.built","optionCount":2,"status":"ready","userQuestionCount":0,"goalNodeId":"goal_x","readyOptionsCount":2,"optionsNeedingEncoding":0,"optionsNeedingMapping":0,"declinedFallbackCount":0,"blockerCount":0}
{"level":"info","time":1790990549021,"pid":95196,"hostname":"Mac.net","event":"v5.coaching.run_delta_outcome","scenario_id":"7c6e1a2b-3a4f-4e5d-8c6b-7a8f9e0d1c23","outcome":"skipped","reason":"caller_binds_run_delta","prior_facts_count":null,"run_analysis_facts_count":null,"wire_reason_carried":null}
{"level":"info","time":1790990549029,"pid":95196,"hostname":"Mac.net","event":"cee.analysis_ready.built","optionCount":2,"status":"ready","userQuestionCount":0,"goalNodeId":"goal_x","readyOptionsCount":2,"optionsNeedingEncoding":0,"optionsNeedingMapping":0,"declinedFallbackCount":0,"blockerCount":0}
{"level":"info","time":1790990549030,"pid":95196,"hostname":"Mac.net","event":"cee.analysis_ready.built","optionCount":2,"status":"ready","userQuestionCount":0,"goalNodeId":"goal_x","readyOptionsCount":2,"optionsNeedingEncoding":0,"optionsNeedingMapping":0,"declinedFallbackCount":0,"blockerCount":0}
{"level":"info","time":1790990549033,"pid":95196,"hostname":"Mac.net","event":"cee.analysis_ready.built","optionCount":2,"status":"ready","userQuestionCount":0,"goalNodeId":"goal_x","readyOptionsCount":2,"optionsNeedingEncoding":0,"optionsNeedingMapping":0,"declinedFallbackCount":0,"blockerCount":0}
{"level":"info","time":1790990549035,"pid":95196,"hostname":"Mac.net","event":"cee.analysis_ready.built","optionCount":2,"status":"ready","userQuestionCount":0,"goalNodeId":"goal_x","readyOptionsCount":2,"optionsNeedingEncoding":0,"optionsNeedingMapping":0,"declinedFallbackCount":0,"blockerCount":0}
{"level":"info","time":1790990549036,"pid":95196,"hostname":"Mac.net","event":"cee.analysis_ready.built","optionCount":2,"status":"ready","userQuestionCount":0,"goalNodeId":"goal_x","readyOptionsCount":2,"optionsNeedingEncoding":0,"optionsNeedingMapping":0,"declinedFallbackCount":0,"blockerCount":0}
{"level":"info","time":1790990549038,"pid":95196,"hostname":"Mac.net","event":"v5.coaching.run_delta_outcome","scenario_id":"7c6e1a2b-3a4f-4e5d-8c6b-7a8f9e0d1c24","outcome":"skipped","reason":"caller_binds_run_delta","prior_facts_count":null,"run_analysis_facts_count":null,"wire_reason_carried":null}
{"level":"info","time":1790990549041,"pid":95196,"hostname":"Mac.net","event":"cee.analysis_ready.built","optionCount":2,"status":"ready","userQuestionCount":0,"goalNodeId":"goal_x","readyOptionsCount":2,"optionsNeedingEncoding":0,"optionsNeedingMapping":0,"declinedFallbackCount":0,"blockerCount":0}
{"level":"info","time":1790990549044,"pid":95196,"hostname":"Mac.net","event":"cee.analysis_ready.built","optionCount":2,"status":"ready","userQuestionCount":0,"goalNodeId":"goal_x","readyOptionsCount":2,"optionsNeedingEncoding":0,"optionsNeedingMapping":0,"declinedFallbackCount":0,"blockerCount":0}
{"level":"info","time":1790990549045,"pid":95196,"hostname":"Mac.net","event":"v5.coaching.run_delta_outcome","scenario_id":"7c6e1a2b-3a4f-4e5d-8c6b-7a8f9e0d1c24","outcome":"skipped","reason":"caller_binds_run_delta","prior_facts_count":null,"run_analysis_facts_count":null,"wire_reason_carried":null}
{"level":"info","time":1790990549052,"pid":95196,"hostname":"Mac.net","event":"cee.analysis_ready.built","optionCount":2,"status":"ready","userQuestionCount":0,"goalNodeId":"goal_x","readyOptionsCount":2,"optionsNeedingEncoding":0,"optionsNeedingMapping":0,"declinedFallbackCount":0,"blockerCount":0}
{"level":"info","time":1790990549053,"pid":95196,"hostname":"Mac.net","event":"cee.analysis_ready.built","optionCount":2,"status":"ready","userQuestionCount":0,"goalNodeId":"goal_x","readyOptionsCount":2,"optionsNeedingEncoding":0,"optionsNeedingMapping":0,"declinedFallbackCount":0,"blockerCount":0}
{"level":"error","time":1790990549055,"pid":95196,"hostname":"Mac.net","site":"agent-v1-turn.callModel","status":400,"detail":"{\"error\":{\"message\":\"Unsupported parameter.\",\"type\":\"invalid_request_error\",\"param\":\"input[0].content[0].prompt_cache_breakpoint\"}}","msg":"agent-lane: provider refused the instructions cache breakpoint; sending top-level instructions from now on"}
{"level":"info","time":1790990549057,"pid":95196,"hostname":"Mac.net","event":"cee.analysis_ready.built","optionCount":2,"status":"ready","userQuestionCount":0,"goalNodeId":"goal_x","readyOptionsCount":2,"optionsNeedingEncoding":0,"optionsNeedingMapping":0,"declinedFallbackCount":0,"blockerCount":0}
{"level":"info","time":1790990549060,"pid":95196,"hostname":"Mac.net","event":"cee.analysis_ready.built","optionCount":2,"status":"ready","userQuestionCount":0,"goalNodeId":"goal_x","readyOptionsCount":2,"optionsNeedingEncoding":0,"optionsNeedingMapping":0,"declinedFallbackCount":0,"blockerCount":0}
{"level":"info","time":1790990549061,"pid":95196,"hostname":"Mac.net","event":"cee.analysis_ready.built","optionCount":2,"status":"ready","userQuestionCount":0,"goalNodeId":"goal_x","readyOptionsCount":2,"optionsNeedingEncoding":0,"optionsNeedingMapping":0,"declinedFallbackCount":0,"blockerCount":0}
{"level":"info","time":1790990549061,"pid":95196,"hostname":"Mac.net","event":"v5.coaching.run_delta_outcome","scenario_id":"7c6e1a2b-3a4f-4e5d-8c6b-7a8f9e0d1c25","outcome":"skipped","reason":"caller_binds_run_delta","prior_facts_count":null,"run_analysis_facts_count":null,"wire_reason_carried":null}
······{"level":"info","time":1790990550781,"pid":95307,"hostname":"Mac.net","event":"agent_lane.route_mounted","msg":"POST /agent/v1/turn mounted"}
{"level":"info","time":1790990550807,"pid":95307,"hostname":"Mac.net","scenario_id":"7a1e2d3c-4b5a-4e6d-9c7b-8a9f0e1d2c02","method_turn":"choose_plan","msg":"agent-lane: method turn answered without a model call"}
{"level":"info","time":1790990550811,"pid":95307,"hostname":"Mac.net","event":"v5.coaching.run_delta_outcome","scenario_id":"7a1e2d3c-4b5a-4e6d-9c7b-8a9f0e1d2c02","outcome":"skipped","reason":"caller_binds_run_delta","prior_facts_count":null,"run_analysis_facts_count":null,"wire_reason_carried":null}
{"level":"info","time":1790990550820,"pid":95307,"hostname":"Mac.net","event":"v5.egress.leading_option_claim_neutralised_at_wire","request_id":"req-1","exit_path":"agent_lane_v1","edited_fields":"blocks","mode":"surgical","original_length":0,"projected_length":0}
{"level":"info","time":1790990550827,"pid":95307,"hostname":"Mac.net","event":"v5.egress.leading_option_claim_neutralised_at_wire","request_id":"req-1","exit_path":"agent_lane_v1_final","edited_fields":"blocks","mode":"surgical","original_length":0,"projected_length":0}
{"level":"info","time":1790990550844,"pid":95307,"hostname":"Mac.net","event":"cee.analysis_ready.built","optionCount":4,"status":"ready","userQuestionCount":0,"goalNodeId":"quarterly_revenue","readyOptionsCount":4,"optionsNeedingEncoding":0,"optionsNeedingMapping":0,"declinedFallbackCount":0,"blockerCount":0}
{"level":"info","time":1790990550856,"pid":95307,"hostname":"Mac.net","event":"v5.coaching.run_delta_outcome","scenario_id":"7a1e2d3c-4b5a-4e6d-9c7b-8a9f0e1d2c03","outcome":"skipped","reason":"caller_binds_run_delta","prior_facts_count":null,"run_analysis_facts_count":null,"wire_reason_carried":null}
{"level":"info","time":1790990550857,"pid":95307,"hostname":"Mac.net","event":"v5.egress.leading_option_claim_neutralised_at_wire","request_id":"req-3","exit_path":"agent_lane_v1","edited_fields":"blocks","mode":"surgical","original_length":0,"projected_length":0}
{"level":"info","time":1790990550861,"pid":95307,"hostname":"Mac.net","event":"v5.egress.leading_option_claim_neutralised_at_wire","request_id":"req-3","exit_path":"agent_lane_v1_final","edited_fields":"blocks","mode":"surgical","original_length":0,"projected_length":0}
{"level":"info","time":1790990550872,"pid":95307,"hostname":"Mac.net","event":"cee.analysis_ready.built","optionCount":4,"status":"ready","userQuestionCount":0,"goalNodeId":"quarterly_revenue","readyOptionsCount":4,"optionsNeedingEncoding":0,"optionsNeedingMapping":0,"declinedFallbackCount":0,"blockerCount":0}
···{"level":"info","time":1790990550879,"pid":95307,"hostname":"Mac.net","scenario_id":"7a1e2d3c-4b5a-4e6d-9c7b-8a9f0e1d2c04","dsk_protocol_id":null,"dsk_not_cited":"no_identified_plan","plan_basis":"user_selected","passed":true,"failed":[],"target_kind":"link","card":"propose_link_strengths","card_ok":true,"msg":"agent-lane: method turn settled"}
{"level":"info","time":1790990550882,"pid":95307,"hostname":"Mac.net","event":"v5.coaching.run_delta_outcome","scenario_id":"7a1e2d3c-4b5a-4e6d-9c7b-8a9f0e1d2c04","outcome":"skipped","reason":"caller_binds_run_delta","prior_facts_count":null,"run_analysis_facts_count":null,"wire_reason_carried":null}
{"level":"info","time":1790990550886,"pid":95307,"hostname":"Mac.net","event":"v5.egress.leading_option_claim_neutralised_at_wire","request_id":"req-5","exit_path":"agent_lane_v1","edited_fields":"blocks","mode":"surgical","original_length":0,"projected_length":0}
{"level":"info","time":1790990550888,"pid":95307,"hostname":"Mac.net","event":"v5.egress.leading_option_claim_neutralised_at_wire","request_id":"req-5","exit_path":"agent_lane_v1_final","edited_fields":"blocks","mode":"surgical","original_length":0,"projected_length":0}
{"level":"info","time":1790990550895,"pid":95307,"hostname":"Mac.net","event":"cee.analysis_ready.built","optionCount":4,"status":"ready","userQuestionCount":0,"goalNodeId":"quarterly_revenue","readyOptionsCount":4,"optionsNeedingEncoding":0,"optionsNeedingMapping":0,"declinedFallbackCount":0,"blockerCount":0}
{"level":"info","time":1790990550899,"pid":95307,"hostname":"Mac.net","scenario_id":"7a1e2d3c-4b5a-4e6d-9c7b-8a9f0e1d2c05","dsk_protocol_id":null,"dsk_not_cited":"no_identified_plan","plan_basis":"user_selected","passed":true,"failed":[],"target_kind":"link","card":"propose_link_strengths","card_ok":true,"msg":"agent-lane: method turn settled"}
{"level":"info","time":1790990550900,"pid":95307,"hostname":"Mac.net","event":"v5.coaching.run_delta_outcome","scenario_id":"7a1e2d3c-4b5a-4e6d-9c7b-8a9f0e1d2c05","outcome":"skipped","reason":"caller_binds_run_delta","prior_facts_count":null,"run_analysis_facts_count":null,"wire_reason_carried":null}
{"level":"info","time":1790990550902,"pid":95307,"hostname":"Mac.net","event":"v5.egress.leading_option_claim_neutralised_at_wire","request_id":"req-7","exit_path":"agent_lane_v1","edited_fields":"blocks","mode":"surgical","original_length":0,"projected_length":0}
{"level":"info","time":1790990550905,"pid":95307,"hostname":"Mac.net","event":"v5.egress.leading_option_claim_neutralised_at_wire","request_id":"req-7","exit_path":"agent_lane_v1_final","edited_fields":"blocks","mode":"surgical","original_length":0,"projected_length":0}
{"level":"info","time":1790990550915,"pid":95307,"hostname":"Mac.net","event":"cee.analysis_ready.built","optionCount":4,"status":"ready","userQuestionCount":0,"goalNodeId":"quarterly_revenue","readyOptionsCount":4,"optionsNeedingEncoding":0,"optionsNeedingMapping":0,"declinedFallbackCount":0,"blockerCount":0}
{"level":"info","time":1790990550918,"pid":95307,"hostname":"Mac.net","scenario_id":"7a1e2d3c-4b5a-4e6d-9c7b-8a9f0e1d2c06","dsk_protocol_id":null,"dsk_not_cited":"no_identified_plan","plan_basis":"user_selected","passed":false,"failed":["PM-COUNT","PM-GROUNDED","PM-WATCH-MITIGATE","PM-NO-PROB","PM-NO-PREDICTION","PM-BLINDSPOT"],"target_kind":"link","card":"propose_link_strengths","card_ok":true,"msg":"agent-lane: method turn settled"}
{"level":"info","time":1790990550920,"pid":95307,"hostname":"Mac.net","event":"v5.coaching.run_delta_outcome","scenario_id":"7a1e2d3c-4b5a-4e6d-9c7b-8a9f0e1d2c06","outcome":"skipped","reason":"caller_binds_run_delta","prior_facts_count":null,"run_analysis_facts_count":null,"wire_reason_carried":null}
{"level":"info","time":1790990550921,"pid":95307,"hostname":"Mac.net","event":"v5.egress.leading_option_claim_neutralised_at_wire","request_id":"req-9","exit_path":"agent_lane_v1","edited_fields":"blocks","mode":"surgical","original_length":0,"projected_length":0}
{"level":"info","time":1790990550923,"pid":95307,"hostname":"Mac.net","event":"v5.egress.leading_option_claim_neutralised_at_wire","request_id":"req-9","exit_path":"agent_lane_v1_final","edited_fields":"blocks","mode":"surgical","original_length":0,"projected_length":0}
{"level":"info","time":1790990550930,"pid":95307,"hostname":"Mac.net","event":"cee.analysis_ready.built","optionCount":4,"status":"ready","userQuestionCount":0,"goalNodeId":"quarterly_revenue","readyOptionsCount":4,"optionsNeedingEncoding":0,"optionsNeedingMapping":0,"declinedFallbackCount":0,"blockerCount":0}
{"level":"info","time":1790990550934,"pid":95307,"hostname":"Mac.net","event":"v5.coaching.run_delta_outcome","scenario_id":"7a1e2d3c-4b5a-4e6d-9c7b-8a9f0e1d2c07","outcome":"skipped","reason":"caller_binds_run_delta","prior_facts_count":null,"run_analysis_facts_count":null,"wire_reason_carried":null}
{"level":"info","time":1790990550935,"pid":95307,"hostname":"Mac.net","event":"v5.egress.leading_option_claim_neutralised_at_wire","request_id":"req-b","exit_path":"agent_lane_v1","edited_fields":"blocks","mode":"surgical","original_length":0,"projected_length":0}
{"level":"info","time":1790990550937,"pid":95307,"hostname":"Mac.net","event":"v5.egress.leading_option_claim_neutralised_at_wire","request_id":"req-b","exit_path":"agent_lane_v1_final","edited_fields":"blocks","mode":"surgical","original_length":0,"projected_length":0}
{"level":"info","time":1790990550942,"pid":95307,"hostname":"Mac.net","event":"cee.analysis_ready.built","optionCount":4,"status":"ready","userQuestionCount":0,"goalNodeId":"quarterly_revenue","readyOptionsCount":4,"optionsNeedingEncoding":0,"optionsNeedingMapping":0,"declinedFallbackCount":0,"blockerCount":0}
{"level":"info","time":1790990550944,"pid":95307,"hostname":"Mac.net","scenario_id":"7a1e2d3c-4b5a-4e6d-9c7b-8a9f0e1d2c08","dsk_protocol_id":null,"dsk_not_cited":"no_identified_plan","plan_basis":"user_selected","passed":false,"failed":["PM-COUNT","PM-GROUNDED","PM-WATCH-MITIGATE","PM-NO-PROB","PM-NO-PREDICTION","PM-BLINDSPOT"],"target_kind":"link","card":"propose_link_strengths","card_ok":true,"msg":"agent-lane: method turn settled"}
{"level":"info","time":1790990550946,"pid":95307,"hostname":"Mac.net","event":"v5.coaching.run_delta_outcome","scenario_id":"7a1e2d3c-4b5a-4e6d-9c7b-8a9f0e1d2c08","outcome":"skipped","reason":"caller_binds_run_delta","prior_facts_count":null,"run_analysis_facts_count":null,"wire_reason_carried":null}
{"level":"info","time":1790990550947,"pid":95307,"hostname":"Mac.net","event":"v5.egress.leading_option_claim_neutralised_at_wire","request_id":"req-d","exit_path":"agent_lane_v1","edited_fields":"blocks","mode":"surgical","original_length":0,"projected_length":0}
{"level":"info","time":1790990550949,"pid":95307,"hostname":"Mac.net","event":"v5.egress.leading_option_claim_neutralised_at_wire","request_id":"req-d","exit_path":"agent_lane_v1_final","edited_fields":"blocks","mode":"surgical","original_length":0,"projected_length":0}
{"level":"info","time":1790990550953,"pid":95307,"hostname":"Mac.net","event":"cee.analysis_ready.built","optionCount":4,"status":"ready","userQuestionCount":0,"goalNodeId":"quarterly_revenue","readyOptionsCount":4,"optionsNeedingEncoding":0,"optionsNeedingMapping":0,"declinedFallbackCount":0,"blockerCount":0}
{"level":"info","time":1790990550956,"pid":95307,"hostname":"Mac.net","event":"v5.coaching.run_delta_outcome","scenario_id":"7a1e2d3c-4b5a-4e6d-9c7b-8a9f0e1d2c08","outcome":"skipped","reason":"caller_binds_run_delta","prior_facts_count":null,"run_analysis_facts_count":null,"wire_reason_carried":null}
{"level":"info","time":1790990550957,"pid":95307,"hostname":"Mac.net","event":"v5.egress.leading_option_claim_neutralised_at_wire","request_id":"req-f","exit_path":"agent_lane_v1","edited_fields":"blocks","mode":"surgical","original_length":0,"projected_length":0}
{"level":"info","time":1790990550958,"pid":95307,"hostname":"Mac.net","event":"v5.egress.leading_option_claim_neutralised_at_wire","request_id":"req-f","exit_path":"agent_lane_v1_final","edited_fields":"blocks","mode":"surgical","original_length":0,"projected_length":0}
{"level":"info","time":1790990550965,"pid":95307,"hostname":"Mac.net","event":"cee.analysis_ready.built","optionCount":4,"status":"ready","userQuestionCount":0,"goalNodeId":"quarterly_revenue","readyOptionsCount":4,"optionsNeedingEncoding":0,"optionsNeedingMapping":0,"declinedFallbackCount":0,"blockerCount":0}
{"level":"info","time":1790990550969,"pid":95307,"hostname":"Mac.net","event":"v5.coaching.run_delta_outcome","scenario_id":"7a1e2d3c-4b5a-4e6d-9c7b-8a9f0e1d2c09","outcome":"skipped","reason":"caller_binds_run_delta","prior_facts_count":null,"run_analysis_facts_count":null,"wire_reason_carried":null}
{"level":"info","time":1790990550970,"pid":95307,"hostname":"Mac.net","event":"v5.egress.leading_option_claim_neutralised_at_wire","request_id":"req-h","exit_path":"agent_lane_v1","edited_fields":"blocks","mode":"surgical","original_length":0,"projected_length":0}
{"level":"info","time":1790990550972,"pid":95307,"hostname":"Mac.net","event":"v5.egress.leading_option_claim_neutralised_at_wire","request_id":"req-h","exit_path":"agent_lane_v1_final","edited_fields":"blocks","mode":"surgical","original_length":0,"projected_length":0}
{"level":"info","time":1790990550975,"pid":95307,"hostname":"Mac.net","scenario_id":"7a1e2d3c-4b5a-4e6d-9c7b-8a9f0e1d2c10","method_turn":"unavailable","reason":"model_unread","msg":"agent-lane: method turn answered without a model call"}
{"level":"info","time":1790990550975,"pid":95307,"hostname":"Mac.net","event":"v5.coaching.run_delta_outcome","scenario_id":"7a1e2d3c-4b5a-4e6d-9c7b-8a9f0e1d2c10","outcome":"skipped","reason":"caller_binds_run_delta","prior_facts_count":null,"run_analysis_facts_count":null,"wire_reason_carried":null}
{"level":"info","time":1790990550978,"pid":95307,"hostname":"Mac.net","scenario_id":"7a1e2d3c-4b5a-4e6d-9c7b-8a9f0e1d2c11","method_turn":"choose_plan","msg":"agent-lane: method turn answered without a model call"}
{"level":"info","time":1790990550978,"pid":95307,"hostname":"Mac.net","event":"v5.coaching.run_delta_outcome","scenario_id":"7a1e2d3c-4b5a-4e6d-9c7b-8a9f0e1d2c11","outcome":"skipped","reason":"caller_binds_run_delta","prior_facts_count":null,"run_analysis_facts_count":null,"wire_reason_carried":null}
{"level":"info","time":1790990550979,"pid":95307,"hostname":"Mac.net","event":"v5.egress.leading_option_claim_neutralised_at_wire","request_id":"req-n","exit_path":"agent_lane_v1","edited_fields":"blocks","mode":"surgical","original_length":0,"projected_length":0}
{"level":"info","time":1790990550981,"pid":95307,"hostname":"Mac.net","event":"v5.egress.leading_option_claim_neutralised_at_wire","request_id":"req-n","exit_path":"agent_lane_v1_final","edited_fields":"blocks","mode":"surgical","original_length":0,"projected_length":0}
{"level":"info","time":1790990550984,"pid":95307,"hostname":"Mac.net","scenario_id":"7a1e2d3c-4b5a-4e6d-9c7b-8a9f0e1d2c12","method_turn":"unavailable","reason":"model_unread","msg":"agent-lane: method turn answered without a model call"}
{"level":"info","time":1790990550984,"pid":95307,"hostname":"Mac.net","event":"v5.coaching.run_delta_outcome","scenario_id":"7a1e2d3c-4b5a-4e6d-9c7b-8a9f0e1d2c12","outcome":"skipped","reason":"caller_binds_run_delta","prior_facts_count":null,"run_analysis_facts_count":null,"wire_reason_carried":null}
{"level":"info","time":1790990550988,"pid":95307,"hostname":"Mac.net","event":"cee.analysis_ready.built","optionCount":4,"status":"ready","userQuestionCount":0,"goalNodeId":"quarterly_revenue","readyOptionsCount":4,"optionsNeedingEncoding":0,"optionsNeedingMapping":0,"declinedFallbackCount":0,"blockerCount":0}
·······{"level":"info","time":1790990550992,"pid":95307,"hostname":"Mac.net","scenario_id":"7a1e2d3c-4b5a-4e6d-9c7b-8a9f0e1d2c13","dsk_protocol_id":null,"dsk_not_cited":"no_identified_plan","plan_basis":"user_selected","passed":true,"failed":[],"target_kind":"link","card":"propose_link_strengths","card_ok":true,"msg":"agent-lane: method turn settled"}
{"level":"info","time":1790990550993,"pid":95307,"hostname":"Mac.net","event":"v5.coaching.run_delta_outcome","scenario_id":"7a1e2d3c-4b5a-4e6d-9c7b-8a9f0e1d2c13","outcome":"skipped","reason":"caller_binds_run_delta","prior_facts_count":null,"run_analysis_facts_count":null,"wire_reason_carried":null}
{"level":"info","time":1790990550994,"pid":95307,"hostname":"Mac.net","event":"v5.egress.leading_option_claim_neutralised_at_wire","request_id":"req-t","exit_path":"agent_lane_v1","edited_fields":"blocks","mode":"surgical","original_length":0,"projected_length":0}
{"level":"info","time":1790990550996,"pid":95307,"hostname":"Mac.net","event":"v5.egress.leading_option_claim_neutralised_at_wire","request_id":"req-t","exit_path":"agent_lane_v1_final","edited_fields":"blocks","mode":"surgical","original_length":0,"projected_length":0}
{"level":"info","time":1790990551001,"pid":95307,"hostname":"Mac.net","event":"cee.analysis_ready.built","optionCount":4,"status":"ready","userQuestionCount":0,"goalNodeId":"quarterly_revenue","readyOptionsCount":4,"optionsNeedingEncoding":0,"optionsNeedingMapping":0,"declinedFallbackCount":0,"blockerCount":0}
{"level":"info","time":1790990551004,"pid":95307,"hostname":"Mac.net","event":"v5.coaching.run_delta_outcome","scenario_id":"7a1e2d3c-4b5a-4e6d-9c7b-8a9f0e1d2c13","outcome":"skipped","reason":"caller_binds_run_delta","prior_facts_count":null,"run_analysis_facts_count":null,"wire_reason_carried":null}
{"level":"info","time":1790990551005,"pid":95307,"hostname":"Mac.net","event":"v5.egress.leading_option_claim_neutralised_at_wire","request_id":"req-v","exit_path":"agent_lane_v1","edited_fields":"blocks","mode":"surgical","original_length":0,"projected_length":0}
{"level":"info","time":1790990551007,"pid":95307,"hostname":"Mac.net","event":"v5.egress.leading_option_claim_neutralised_at_wire","request_id":"req-v","exit_path":"agent_lane_v1_final","edited_fields":"blocks","mode":"surgical","original_length":0,"projected_length":0}
{"level":"info","time":1790990551011,"pid":95307,"hostname":"Mac.net","event":"cee.analysis_ready.built","optionCount":4,"status":"ready","userQuestionCount":0,"goalNodeId":"quarterly_revenue","readyOptionsCount":4,"optionsNeedingEncoding":0,"optionsNeedingMapping":0,"declinedFallbackCount":0,"blockerCount":0}
{"level":"info","time":1790990551014,"pid":95307,"hostname":"Mac.net","scenario_id":"7a1e2d3c-4b5a-4e6d-9c7b-8a9f0e1d2c14","dsk_protocol_id":null,"dsk_not_cited":"no_identified_plan","plan_basis":"user_selected","passed":false,"failed":["PM-COUNT","PM-GROUNDED","PM-WATCH-MITIGATE","PM-BLINDSPOT"],"target_kind":"link","card":"propose_link_strengths","card_ok":true,"msg":"agent-lane: method turn settled"}
{"level":"info","time":1790990551015,"pid":95307,"hostname":"Mac.net","event":"v5.coaching.run_delta_outcome","scenario_id":"7a1e2d3c-4b5a-4e6d-9c7b-8a9f0e1d2c14","outcome":"skipped","reason":"caller_binds_run_delta","prior_facts_count":null,"run_analysis_facts_count":null,"wire_reason_carried":null}
{"level":"info","time":1790990551017,"pid":95307,"hostname":"Mac.net","event":"v5.egress.leading_option_claim_neutralised_at_wire","request_id":"req-x","exit_path":"agent_lane_v1","edited_fields":"blocks","mode":"surgical","original_length":0,"projected_length":0}
{"level":"info","time":1790990551018,"pid":95307,"hostname":"Mac.net","event":"v5.egress.leading_option_claim_neutralised_at_wire","request_id":"req-x","exit_path":"agent_lane_v1_final","edited_fields":"blocks","mode":"surgical","original_length":0,"projected_length":0}
{"level":"info","time":1790990551022,"pid":95307,"hostname":"Mac.net","event":"cee.analysis_ready.built","optionCount":4,"status":"ready","userQuestionCount":0,"goalNodeId":"quarterly_revenue","readyOptionsCount":4,"optionsNeedingEncoding":0,"optionsNeedingMapping":0,"declinedFallbackCount":0,"blockerCount":0}
{"level":"info","time":1790990551025,"pid":95307,"hostname":"Mac.net","event":"v5.coaching.run_delta_outcome","scenario_id":"7a1e2d3c-4b5a-4e6d-9c7b-8a9f0e1d2c15","outcome":"skipped","reason":"caller_binds_run_delta","prior_facts_count":null,"run_analysis_facts_count":null,"wire_reason_carried":null}
{"level":"info","time":1790990551026,"pid":95307,"hostname":"Mac.net","event":"v5.egress.leading_option_claim_neutralised_at_wire","request_id":"req-z","exit_path":"agent_lane_v1","edited_fields":"blocks","mode":"surgical","original_length":0,"projected_length":0}
{"level":"info","time":1790990551028,"pid":95307,"hostname":"Mac.net","event":"v5.egress.leading_option_claim_neutralised_at_wire","request_id":"req-z","exit_path":"agent_lane_v1_final","edited_fields":"blocks","mode":"surgical","original_length":0,"projected_length":0}
{"level":"info","time":1790990551031,"pid":95307,"hostname":"Mac.net","event":"cee.analysis_ready.built","optionCount":4,"status":"ready","userQuestionCount":0,"goalNodeId":"quarterly_revenue","readyOptionsCount":4,"optionsNeedingEncoding":0,"optionsNeedingMapping":0,"declinedFallbackCount":0,"blockerCount":0}
{"level":"info","time":1790990551035,"pid":95307,"hostname":"Mac.net","scenario_id":"7a1e2d3c-4b5a-4e6d-9c7b-8a9f0e1d2c15","dsk_protocol_id":null,"dsk_not_cited":"no_identified_plan","plan_basis":"user_selected","passed":false,"failed":["PM-COUNT","PM-GROUNDED","PM-WATCH-MITIGATE","PM-NO-PROB","PM-NO-PREDICTION","PM-BLINDSPOT"],"target_kind":"link","card":"propose_link_strengths","card_ok":true,"msg":"agent-lane: method turn settled"}
{"level":"info","time":1790990551036,"pid":95307,"hostname":"Mac.net","event":"v5.coaching.run_delta_outcome","scenario_id":"7a1e2d3c-4b5a-4e6d-9c7b-8a9f0e1d2c15","outcome":"skipped","reason":"caller_binds_run_delta","prior_facts_count":null,"run_analysis_facts_count":null,"wire_reason_carried":null}
{"level":"info","time":1790990551037,"pid":95307,"hostname":"Mac.net","event":"v5.egress.leading_option_claim_neutralised_at_wire","request_id":"req-11","exit_path":"agent_lane_v1","edited_fields":"blocks","mode":"surgical","original_length":0,"projected_length":0}
{"level":"info","time":1790990551039,"pid":95307,"hostname":"Mac.net","event":"v5.egress.leading_option_claim_neutralised_at_wire","request_id":"req-11","exit_path":"agent_lane_v1_final","edited_fields":"blocks","mode":"surgical","original_length":0,"projected_length":0}
{"level":"info","time":1790990551044,"pid":95307,"hostname":"Mac.net","event":"cee.analysis_ready.built","optionCount":4,"status":"ready","userQuestionCount":0,"goalNodeId":"quarterly_revenue","readyOptionsCount":4,"optionsNeedingEncoding":0,"optionsNeedingMapping":0,"declinedFallbackCount":0,"blockerCount":0}
{"level":"info","time":1790990551046,"pid":95307,"hostname":"Mac.net","scenario_id":"7a1e2d3c-4b5a-4e6d-9c7b-8a9f0e1d2c15","dsk_protocol_id":null,"dsk_not_cited":"no_identified_plan","plan_basis":"user_selected","passed":false,"failed":["PM-COUNT","PM-GROUNDED","PM-WATCH-MITIGATE","PM-BLINDSPOT"],"target_kind":"link","card":"propose_link_strengths","card_ok":true,"msg":"agent-lane: method turn settled"}
{"level":"info","time":1790990551047,"pid":95307,"hostname":"Mac.net","event":"v5.coaching.run_delta_outcome","scenario_id":"7a1e2d3c-4b5a-4e6d-9c7b-8a9f0e1d2c15","outcome":"skipped","reason":"caller_binds_run_delta","prior_facts_count":null,"run_analysis_facts_count":null,"wire_reason_carried":null}
{"level":"info","time":1790990551048,"pid":95307,"hostname":"Mac.net","event":"v5.egress.leading_option_claim_neutralised_at_wire","request_id":"req-13","exit_path":"agent_lane_v1","edited_fields":"blocks","mode":"surgical","original_length":0,"projected_length":0}
{"level":"info","time":1790990551051,"pid":95307,"hostname":"Mac.net","event":"v5.egress.leading_option_claim_neutralised_at_wire","request_id":"req-13","exit_path":"agent_lane_v1_final","edited_fields":"blocks","mode":"surgical","original_length":0,"projected_length":0}
{"level":"info","time":1790990551054,"pid":95307,"hostname":"Mac.net","event":"cee.analysis_ready.built","optionCount":4,"status":"ready","userQuestionCount":0,"goalNodeId":"quarterly_revenue","readyOptionsCount":4,"optionsNeedingEncoding":0,"optionsNeedingMapping":0,"declinedFallbackCount":0,"blockerCount":0}
{"level":"info","time":1790990551057,"pid":95307,"hostname":"Mac.net","event":"v5.coaching.run_delta_outcome","scenario_id":"7a1e2d3c-4b5a-4e6d-9c7b-8a9f0e1d2c15","outcome":"skipped","reason":"caller_binds_run_delta","prior_facts_count":null,"run_analysis_facts_count":null,"wire_reason_carried":null}
{"level":"info","time":1790990551058,"pid":95307,"hostname":"Mac.net","event":"v5.egress.leading_option_claim_neutralised_at_wire","request_id":"req-15","exit_path":"agent_lane_v1","edited_fields":"blocks","mode":"surgical","original_length":0,"projected_length":0}
{"level":"info","time":1790990551059,"pid":95307,"hostname":"Mac.net","event":"v5.egress.leading_option_claim_neutralised_at_wire","request_id":"req-15","exit_path":"agent_lane_v1_final","edited_fields":"blocks","mode":"surgical","original_length":0,"projected_length":0}
{"level":"info","time":1790990551063,"pid":95307,"hostname":"Mac.net","event":"cee.analysis_ready.built","optionCount":0,"status":"needs_user_mapping","userQuestionCount":1,"goalNodeId":"mrr","readyOptionsCount":0,"optionsNeedingEncoding":0,"optionsNeedingMapping":0,"declinedFallbackCount":0,"blockerCount":0}
{"level":"info","time":1790990551066,"pid":95307,"hostname":"Mac.net","scenario_id":"7a1e2d3c-4b5a-4e6d-9c7b-8a9f0e1d2c16","method_turn":"unavailable","reason":"no_own_option","msg":"agent-lane: method turn answered without a model call"}
{"level":"info","time":1790990551067,"pid":95307,"hostname":"Mac.net","event":"cee.analysis_ready.built","optionCount":0,"status":"needs_user_mapping","userQuestionCount":1,"goalNodeId":"mrr","readyOptionsCount":0,"optionsNeedingEncoding":0,"optionsNeedingMapping":0,"declinedFallbackCount":0,"blockerCount":0}
{"level":"info","time":1790990551078,"pid":95307,"hostname":"Mac.net","event":"cee.analysis_ready.built","optionCount":0,"status":"needs_user_mapping","userQuestionCount":1,"goalNodeId":"mrr","readyOptionsCount":0,"optionsNeedingEncoding":0,"optionsNeedingMapping":0,"declinedFallbackCount":0,"blockerCount":0}
{"level":"info","time":1790990551080,"pid":95307,"hostname":"Mac.net","event":"v5.coaching.run_delta_outcome","scenario_id":"7a1e2d3c-4b5a-4e6d-9c7b-8a9f0e1d2c16","outcome":"skipped","reason":"caller_binds_run_delta","prior_facts_count":null,"run_analysis_facts_count":null,"wire_reason_carried":null}
{"level":"info","time":1790990551084,"pid":95307,"hostname":"Mac.net","event":"cee.analysis_ready.built","optionCount":3,"status":"ready","userQuestionCount":0,"goalNodeId":"mrr","readyOptionsCount":3,"optionsNeedingEncoding":0,"optionsNeedingMapping":0,"declinedFallbackCount":0,"blockerCount":0}
{"level":"info","time":1790990551086,"pid":95307,"hostname":"Mac.net","scenario_id":"7a1e2d3c-4b5a-4e6d-9c7b-8a9f0e1d2c17","method_turn":"choose_plan","msg":"agent-lane: method turn answered without a model call"}
{"level":"info","time":1790990551087,"pid":95307,"hostname":"Mac.net","event":"cee.analysis_ready.built","optionCount":3,"status":"ready","userQuestionCount":0,"goalNodeId":"mrr","readyOptionsCount":3,"optionsNeedingEncoding":0,"optionsNeedingMapping":0,"declinedFallbackCount":0,"blockerCount":0}
{"level":"info","time":1790990551091,"pid":95307,"hostname":"Mac.net","event":"v5.coaching.run_delta_outcome","scenario_id":"7a1e2d3c-4b5a-4e6d-9c7b-8a9f0e1d2c17","outcome":"skipped","reason":"caller_binds_run_delta","prior_facts_count":null,"run_analysis_facts_count":null,"wire_reason_carried":null}
{"level":"info","time":1790990551102,"pid":95307,"hostname":"Mac.net","event":"cee.analysis_ready.built","optionCount":3,"status":"ready","userQuestionCount":0,"goalNodeId":"mrr","readyOptionsCount":3,"optionsNeedingEncoding":0,"optionsNeedingMapping":0,"declinedFallbackCount":0,"blockerCount":0}
····{"level":"info","time":1790990551106,"pid":95307,"hostname":"Mac.net","event":"cee.analysis_ready.built","optionCount":3,"status":"ready","userQuestionCount":0,"goalNodeId":"mrr","readyOptionsCount":3,"optionsNeedingEncoding":0,"optionsNeedingMapping":0,"declinedFallbackCount":0,"blockerCount":0}
{"level":"info","time":1790990551112,"pid":95307,"hostname":"Mac.net","scenario_id":"7a1e2d3c-4b5a-4e6d-9c7b-8a9f0e1d2c18","ok":true,"reoffer":true,"msg":"agent-lane: identity card re-offered by the route (the reading is unconfirmed, nothing else was proposed)"}
{"level":"info","time":1790990551114,"pid":95307,"hostname":"Mac.net","event":"v5.coaching.run_delta_outcome","scenario_id":"7a1e2d3c-4b5a-4e6d-9c7b-8a9f0e1d2c18","outcome":"skipped","reason":"caller_binds_run_delta","prior_facts_count":null,"run_analysis_facts_count":null,"wire_reason_carried":null}
{"level":"info","time":1790990551121,"pid":95307,"hostname":"Mac.net","event":"cee.analysis_ready.built","optionCount":4,"status":"ready","userQuestionCount":0,"goalNodeId":"quarterly_revenue","readyOptionsCount":4,"optionsNeedingEncoding":0,"optionsNeedingMapping":0,"declinedFallbackCount":0,"blockerCount":0}
{"level":"info","time":1790990551125,"pid":95307,"hostname":"Mac.net","scenario_id":"7a1e2d3c-4b5a-4e6d-9c7b-8a9f0e1d2c20","dsk_protocol_id":null,"dsk_not_cited":"no_identified_plan","plan_basis":"user_selected","passed":true,"failed":[],"target_kind":"link","card":"propose_link_strengths","card_ok":true,"msg":"agent-lane: method turn settled"}
{"level":"info","time":1790990551126,"pid":95307,"hostname":"Mac.net","event":"v5.coaching.run_delta_outcome","scenario_id":"7a1e2d3c-4b5a-4e6d-9c7b-8a9f0e1d2c20","outcome":"skipped","reason":"caller_binds_run_delta","prior_facts_count":null,"run_analysis_facts_count":null,"wire_reason_carried":null}
{"level":"info","time":1790990551127,"pid":95307,"hostname":"Mac.net","event":"v5.egress.leading_option_claim_neutralised_at_wire","request_id":"req-1d","exit_path":"agent_lane_v1","edited_fields":"blocks","mode":"surgical","original_length":0,"projected_length":0}
{"level":"info","time":1790990551129,"pid":95307,"hostname":"Mac.net","event":"v5.egress.leading_option_claim_neutralised_at_wire","request_id":"req-1d","exit_path":"agent_lane_v1_final","edited_fields":"blocks","mode":"surgical","original_length":0,"projected_length":0}
{"level":"info","time":1790990551132,"pid":95307,"hostname":"Mac.net","event":"cee.analysis_ready.built","optionCount":4,"status":"ready","userQuestionCount":0,"goalNodeId":"quarterly_revenue","readyOptionsCount":4,"optionsNeedingEncoding":0,"optionsNeedingMapping":0,"declinedFallbackCount":0,"blockerCount":0}
{"level":"info","time":1790990551135,"pid":95307,"hostname":"Mac.net","event":"v5.coaching.run_delta_outcome","scenario_id":"7a1e2d3c-4b5a-4e6d-9c7b-8a9f0e1d2c20","outcome":"skipped","reason":"caller_binds_run_delta","prior_facts_count":null,"run_analysis_facts_count":null,"wire_reason_carried":null}
{"level":"info","time":1790990551136,"pid":95307,"hostname":"Mac.net","event":"v5.egress.leading_option_claim_neutralised_at_wire","request_id":"req-1f","exit_path":"agent_lane_v1","edited_fields":"blocks","mode":"surgical","original_length":0,"projected_length":0}
{"level":"info","time":1790990551138,"pid":95307,"hostname":"Mac.net","event":"v5.egress.leading_option_claim_neutralised_at_wire","request_id":"req-1f","exit_path":"agent_lane_v1_final","edited_fields":"blocks","mode":"surgical","original_length":0,"projected_length":0}
{"level":"info","time":1790990551143,"pid":95307,"hostname":"Mac.net","event":"cee.analysis_ready.built","optionCount":4,"status":"ready","userQuestionCount":0,"goalNodeId":"quarterly_revenue","readyOptionsCount":4,"optionsNeedingEncoding":0,"optionsNeedingMapping":0,"declinedFallbackCount":0,"blockerCount":0}
{"level":"info","time":1790990551145,"pid":95307,"hostname":"Mac.net","scenario_id":"7a1e2d3c-4b5a-4e6d-9c7b-8a9f0e1d2c21","dsk_protocol_id":null,"dsk_not_cited":"no_identified_plan","plan_basis":"user_selected","passed":false,"failed":["PM-COUNT","PM-GROUNDED","PM-WATCH-MITIGATE","PM-NO-PROB","PM-NO-PREDICTION","PM-BLINDSPOT"],"target_kind":"link","card":"propose_link_strengths","card_ok":true,"msg":"agent-lane: method turn settled"}
{"level":"info","time":1790990551145,"pid":95307,"hostname":"Mac.net","event":"v5.coaching.run_delta_outcome","scenario_id":"7a1e2d3c-4b5a-4e6d-9c7b-8a9f0e1d2c21","outcome":"skipped","reason":"caller_binds_run_delta","prior_facts_count":null,"run_analysis_facts_count":null,"wire_reason_carried":null}
{"level":"info","time":1790990551146,"pid":95307,"hostname":"Mac.net","event":"v5.egress.leading_option_claim_neutralised_at_wire","request_id":"req-1h","exit_path":"agent_lane_v1","edited_fields":"blocks","mode":"surgical","original_length":0,"projected_length":0}
{"level":"info","time":1790990551148,"pid":95307,"hostname":"Mac.net","event":"v5.egress.leading_option_claim_neutralised_at_wire","request_id":"req-1h","exit_path":"agent_lane_v1_final","edited_fields":"blocks","mode":"surgical","original_length":0,"projected_length":0}
{"level":"info","time":1790990551151,"pid":95307,"hostname":"Mac.net","event":"cee.analysis_ready.built","optionCount":4,"status":"ready","userQuestionCount":0,"goalNodeId":"quarterly_revenue","readyOptionsCount":4,"optionsNeedingEncoding":0,"optionsNeedingMapping":0,"declinedFallbackCount":0,"blockerCount":0}
{"level":"info","time":1790990551154,"pid":95307,"hostname":"Mac.net","event":"v5.coaching.run_delta_outcome","scenario_id":"7a1e2d3c-4b5a-4e6d-9c7b-8a9f0e1d2c21","outcome":"skipped","reason":"caller_binds_run_delta","prior_facts_count":null,"run_analysis_facts_count":null,"wire_reason_carried":null}
{"level":"info","time":1790990551155,"pid":95307,"hostname":"Mac.net","event":"v5.egress.leading_option_claim_neutralised_at_wire","request_id":"req-1j","exit_path":"agent_lane_v1","edited_fields":"blocks","mode":"surgical","original_length":0,"projected_length":0}
{"level":"info","time":1790990551157,"pid":95307,"hostname":"Mac.net","event":"v5.egress.leading_option_claim_neutralised_at_wire","request_id":"req-1j","exit_path":"agent_lane_v1_final","edited_fields":"blocks","mode":"surgical","original_length":0,"projected_length":0}
{"level":"info","time":1790990551161,"pid":95307,"hostname":"Mac.net","event":"cee.analysis_ready.built","optionCount":4,"status":"ready","userQuestionCount":0,"goalNodeId":"quarterly_revenue","readyOptionsCount":4,"optionsNeedingEncoding":0,"optionsNeedingMapping":0,"declinedFallbackCount":0,"blockerCount":0}
{"level":"info","time":1790990551164,"pid":95307,"hostname":"Mac.net","event":"v5.coaching.run_delta_outcome","scenario_id":"7a1e2d3c-4b5a-4e6d-9c7b-8a9f0e1d2c22","outcome":"skipped","reason":"caller_binds_run_delta","prior_facts_count":null,"run_analysis_facts_count":null,"wire_reason_carried":null}
{"level":"info","time":1790990551165,"pid":95307,"hostname":"Mac.net","event":"v5.egress.leading_option_claim_neutralised_at_wire","request_id":"req-1l","exit_path":"agent_lane_v1","edited_fields":"blocks","mode":"surgical","original_length":0,"projected_length":0}
{"level":"info","time":1790990551167,"pid":95307,"hostname":"Mac.net","event":"v5.egress.leading_option_claim_neutralised_at_wire","request_id":"req-1l","exit_path":"agent_lane_v1_final","edited_fields":"blocks","mode":"surgical","original_length":0,"projected_length":0}
{"level":"info","time":1790990551171,"pid":95307,"hostname":"Mac.net","event":"cee.analysis_ready.built","optionCount":4,"status":"ready","userQuestionCount":0,"goalNodeId":"quarterly_revenue","readyOptionsCount":4,"optionsNeedingEncoding":0,"optionsNeedingMapping":0,"declinedFallbackCount":0,"blockerCount":0}
{"level":"info","time":1790990551173,"pid":95307,"hostname":"Mac.net","scenario_id":"7a1e2d3c-4b5a-4e6d-9c7b-8a9f0e1d2c23","dsk_protocol_id":null,"dsk_not_cited":"no_identified_plan","plan_basis":"user_selected","passed":true,"failed":[],"target_kind":"link","card":"propose_link_strengths","card_ok":true,"msg":"agent-lane: method turn settled"}
{"level":"info","time":1790990551174,"pid":95307,"hostname":"Mac.net","event":"v5.coaching.run_delta_outcome","scenario_id":"7a1e2d3c-4b5a-4e6d-9c7b-8a9f0e1d2c23","outcome":"skipped","reason":"caller_binds_run_delta","prior_facts_count":null,"run_analysis_facts_count":null,"wire_reason_carried":null}
{"level":"info","time":1790990551176,"pid":95307,"hostname":"Mac.net","event":"v5.egress.leading_option_claim_neutralised_at_wire","request_id":"req-1n","exit_path":"agent_lane_v1","edited_fields":"blocks","mode":"surgical","original_length":0,"projected_length":0}
{"level":"info","time":1790990551177,"pid":95307,"hostname":"Mac.net","event":"v5.egress.leading_option_claim_neutralised_at_wire","request_id":"req-1n","exit_path":"agent_lane_v1_final","edited_fields":"blocks","mode":"surgical","original_length":0,"projected_length":0}
··{"level":"info","time":1790990552763,"pid":95309,"hostname":"Mac.net","event":"agent_lane.route_mounted","msg":"POST /agent/v1/turn mounted"}
{"level":"info","time":1790990552795,"pid":95309,"hostname":"Mac.net","event":"v5.coaching.run_delta_outcome","scenario_id":"24ae135f-746c-4bd9-9ce4-5aa3f857588a","outcome":"skipped","reason":"caller_binds_run_delta","prior_facts_count":null,"run_analysis_facts_count":null,"wire_reason_carried":null}
{"level":"info","time":1790990552803,"pid":95309,"hostname":"Mac.net","event":"v5.egress.leading_option_claim_neutralised_at_wire","request_id":"req-1","exit_path":"agent_lane_v1","edited_fields":"blocks","mode":"surgical","original_length":0,"projected_length":0}
{"level":"info","time":1790990552815,"pid":95309,"hostname":"Mac.net","event":"v5.egress.leading_option_claim_neutralised_at_wire","request_id":"req-1","exit_path":"agent_lane_v1_final","edited_fields":"blocks","mode":"surgical","original_length":0,"projected_length":0}
{"level":"info","time":1790990552826,"pid":95309,"hostname":"Mac.net","event":"v5.coaching.run_delta_outcome","scenario_id":"9c1b66ce-fd08-4899-a41c-f368db7661c1","outcome":"skipped","reason":"caller_binds_run_delta","prior_facts_count":null,"run_analysis_facts_count":null,"wire_reason_carried":null}
{"level":"info","time":1790990552827,"pid":95309,"hostname":"Mac.net","event":"v5.egress.leading_option_claim_neutralised_at_wire","request_id":"req-4","exit_path":"agent_lane_v1","edited_fields":"blocks","mode":"surgical","original_length":0,"projected_length":0}
{"level":"info","time":1790990552830,"pid":95309,"hostname":"Mac.net","event":"v5.egress.leading_option_claim_neutralised_at_wire","request_id":"req-4","exit_path":"agent_lane_v1_final","edited_fields":"blocks","mode":"surgical","original_length":0,"projected_length":0}
{"level":"info","time":1790990552837,"pid":95309,"hostname":"Mac.net","event":"v5.coaching.run_delta_outcome","scenario_id":"880921d6-505d-4b41-94f7-5176c2fa983b","outcome":"skipped","reason":"caller_binds_run_delta","prior_facts_count":null,"run_analysis_facts_count":null,"wire_reason_carried":null}
{"level":"info","time":1790990552840,"pid":95309,"hostname":"Mac.net","event":"v5.egress.leading_option_claim_neutralised_at_wire","request_id":"req-7","exit_path":"agent_lane_v1","edited_fields":"blocks","mode":"surgical","original_length":0,"projected_length":0}
{"level":"info","time":1790990552842,"pid":95309,"hostname":"Mac.net","event":"v5.egress.leading_option_claim_neutralised_at_wire","request_id":"req-7","exit_path":"agent_lane_v1_final","edited_fields":"blocks","mode":"surgical","original_length":0,"projected_length":0}
{"level":"info","time":1790990552848,"pid":95309,"hostname":"Mac.net","event":"v5.coaching.run_delta_outcome","scenario_id":"b9496fa2-b8a3-4cec-8428-988813352915","outcome":"skipped","reason":"caller_binds_run_delta","prior_facts_count":null,"run_analysis_facts_count":null,"wire_reason_carried":null}
{"level":"info","time":1790990552853,"pid":95309,"hostname":"Mac.net","event":"v5.coaching.run_delta_outcome","scenario_id":"2ca0917a-c5d7-4512-8f98-b19c67778bc4","outcome":"skipped","reason":"caller_binds_run_delta","prior_facts_count":null,"run_analysis_facts_count":null,"wire_reason_carried":null}
{"level":"info","time":1790990552854,"pid":95309,"hostname":"Mac.net","event":"v5.egress.leading_option_claim_neutralised_at_wire","request_id":"req-d","exit_path":"agent_lane_v1","edited_fields":"blocks","mode":"surgical","original_length":0,"projected_length":0}
{"level":"info","time":1790990552856,"pid":95309,"hostname":"Mac.net","event":"v5.egress.leading_option_claim_neutralised_at_wire","request_id":"req-d","exit_path":"agent_lane_v1_final","edited_fields":"blocks","mode":"surgical","original_length":0,"projected_length":0}
{"level":"info","time":1790990552862,"pid":95309,"hostname":"Mac.net","event":"v5.coaching.run_delta_outcome","scenario_id":"ebf11719-e786-4a8e-b360-81db5c6a2f99","outcome":"skipped","reason":"caller_binds_run_delta","prior_facts_count":null,"run_analysis_facts_count":null,"wire_reason_carried":null}
·····{"level":"info","time":1790990552863,"pid":95309,"hostname":"Mac.net","event":"v5.egress.leading_option_claim_neutralised_at_wire","request_id":"req-g","exit_path":"agent_lane_v1","edited_fields":"blocks","mode":"surgical","original_length":0,"projected_length":0}
{"level":"info","time":1790990552865,"pid":95309,"hostname":"Mac.net","event":"v5.egress.leading_option_claim_neutralised_at_wire","request_id":"req-g","exit_path":"agent_lane_v1_final","edited_fields":"blocks","mode":"surgical","original_length":0,"projected_length":0}
{"level":"info","time":1790990552871,"pid":95309,"hostname":"Mac.net","event":"v5.coaching.run_delta_outcome","scenario_id":"dc901407-ff1d-4419-8f6d-f36fe3e43638","outcome":"skipped","reason":"caller_binds_run_delta","prior_facts_count":null,"run_analysis_facts_count":null,"wire_reason_carried":null}
{"level":"info","time":1790990552872,"pid":95309,"hostname":"Mac.net","event":"v5.egress.leading_option_claim_neutralised_at_wire","request_id":"req-j","exit_path":"agent_lane_v1","edited_fields":"blocks","mode":"surgical","original_length":0,"projected_length":0}
{"level":"info","time":1790990552874,"pid":95309,"hostname":"Mac.net","event":"v5.egress.leading_option_claim_neutralised_at_wire","request_id":"req-j","exit_path":"agent_lane_v1_final","edited_fields":"blocks","mode":"surgical","original_length":0,"projected_length":0}
{"level":"info","time":1790990552879,"pid":95309,"hostname":"Mac.net","event":"v5.coaching.run_delta_outcome","scenario_id":"d29cfa0d-c707-4aa9-84e2-e2b6d308b0f9","outcome":"skipped","reason":"caller_binds_run_delta","prior_facts_count":null,"run_analysis_facts_count":null,"wire_reason_carried":null}
{"level":"info","time":1790990552880,"pid":95309,"hostname":"Mac.net","event":"v5.egress.leading_option_claim_neutralised_at_wire","request_id":"req-m","exit_path":"agent_lane_v1","edited_fields":"blocks","mode":"surgical","original_length":0,"projected_length":0}
{"level":"info","time":1790990552881,"pid":95309,"hostname":"Mac.net","event":"v5.egress.leading_option_claim_neutralised_at_wire","request_id":"req-m","exit_path":"agent_lane_v1_final","edited_fields":"blocks","mode":"surgical","original_length":0,"projected_length":0}
{"level":"info","time":1790990552885,"pid":95309,"hostname":"Mac.net","event":"v5.coaching.run_delta_outcome","scenario_id":"d29cfa0d-c707-4aa9-84e2-e2b6d308b0f9","outcome":"skipped","reason":"caller_binds_run_delta","prior_facts_count":null,"run_analysis_facts_count":null,"wire_reason_carried":null}
{"level":"info","time":1790990552892,"pid":95309,"hostname":"Mac.net","event":"v5.coaching.run_delta_outcome","scenario_id":"e874dd6c-c334-4956-bcfc-cab073dc29b2","outcome":"skipped","reason":"caller_binds_run_delta","prior_facts_count":null,"run_analysis_facts_count":null,"wire_reason_carried":null}
{"level":"info","time":1790990552893,"pid":95309,"hostname":"Mac.net","event":"v5.egress.leading_option_claim_neutralised_at_wire","request_id":"req-s","exit_path":"agent_lane_v1","edited_fields":"blocks","mode":"surgical","original_length":0,"projected_length":0}
{"level":"info","time":1790990552895,"pid":95309,"hostname":"Mac.net","event":"v5.egress.leading_option_claim_neutralised_at_wire","request_id":"req-s","exit_path":"agent_lane_v1_final","edited_fields":"blocks","mode":"surgical","original_length":0,"projected_length":0}
{"level":"info","time":1790990552898,"pid":95309,"hostname":"Mac.net","event":"v5.coaching.run_delta_outcome","scenario_id":"e874dd6c-c334-4956-bcfc-cab073dc29b2","outcome":"skipped","reason":"caller_binds_run_delta","prior_facts_count":null,"run_analysis_facts_count":null,"wire_reason_carried":null}
···································································{"level":"info","time":1790990556962,"pid":95321,"hostname":"Mac.net","event":"agent_lane.route_mounted","msg":"POST /agent/v1/turn mounted"}
··········{"level":"info","time":1790990556990,"pid":95321,"hostname":"Mac.net","event":"cee.analysis_ready.built","optionCount":4,"status":"ready","userQuestionCount":0,"goalNodeId":"quarterly_revenue","readyOptionsCount":4,"optionsNeedingEncoding":0,"optionsNeedingMapping":0,"declinedFallbackCount":0,"blockerCount":0}
{"level":"info","time":1790990557003,"pid":95321,"hostname":"Mac.net","event":"v5.coaching.run_delta_outcome","scenario_id":"8e3f4a51-6c7d-4e8f-9a01-b2c3d4e5f601","outcome":"skipped","reason":"caller_binds_run_delta","prior_facts_count":null,"run_analysis_facts_count":null,"wire_reason_carried":null}
{"level":"info","time":1790990557016,"pid":95321,"hostname":"Mac.net","scenario_id":"8e3f4a51-6c7d-4e8f-9a01-b2c3d4e5f602","method_turn":"choose_plan","msg":"agent-lane: method turn answered without a model call"}
{"level":"info","time":1790990557017,"pid":95321,"hostname":"Mac.net","event":"v5.coaching.run_delta_outcome","scenario_id":"8e3f4a51-6c7d-4e8f-9a01-b2c3d4e5f602","outcome":"skipped","reason":"caller_binds_run_delta","prior_facts_count":null,"run_analysis_facts_count":null,"wire_reason_carried":null}
{"level":"info","time":1790990557028,"pid":95321,"hostname":"Mac.net","event":"v5.coaching.run_delta_outcome","scenario_id":"8e3f4a51-6c7d-4e8f-9a01-b2c3d4e5f603","outcome":"skipped","reason":"caller_binds_run_delta","prior_facts_count":null,"run_analysis_facts_count":null,"wire_reason_carried":null}
{"level":"info","time":1790990557034,"pid":95321,"hostname":"Mac.net","event":"v5.coaching.run_delta_outcome","scenario_id":"8e3f4a51-6c7d-4e8f-9a01-b2c3d4e5f604","outcome":"skipped","reason":"caller_binds_run_delta","prior_facts_count":null,"run_analysis_facts_count":null,"wire_reason_carried":null}
{"level":"info","time":1790990557042,"pid":95321,"hostname":"Mac.net","event":"cee.analysis_ready.built","optionCount":4,"status":"ready","userQuestionCount":0,"goalNodeId":"quarterly_revenue","readyOptionsCount":4,"optionsNeedingEncoding":0,"optionsNeedingMapping":0,"declinedFallbackCount":0,"blockerCount":0}
{"level":"info","time":1790990557046,"pid":95321,"hostname":"Mac.net","event":"v5.coaching.run_delta_outcome","scenario_id":"8e3f4a51-6c7d-4e8f-9a01-b2c3d4e5f604","outcome":"skipped","reason":"caller_binds_run_delta","prior_facts_count":null,"run_analysis_facts_count":null,"wire_reason_carried":null}
{"level":"info","time":1790990557051,"pid":95321,"hostname":"Mac.net","event":"v5.coaching.run_delta_outcome","scenario_id":"8e3f4a51-6c7d-4e8f-9a01-b2c3d4e5f605","outcome":"skipped","reason":"caller_binds_run_delta","prior_facts_count":null,"run_analysis_facts_count":null,"wire_reason_carried":null}
{"level":"info","time":1790990557056,"pid":95321,"hostname":"Mac.net","event":"v5.coaching.run_delta_outcome","scenario_id":"8e3f4a51-6c7d-4e8f-9a01-b2c3d4e5f605","outcome":"skipped","reason":"caller_binds_run_delta","prior_facts_count":null,"run_analysis_facts_count":null,"wire_reason_carried":null}
{"level":"info","time":1790990557062,"pid":95321,"hostname":"Mac.net","event":"cee.analysis_ready.built","optionCount":4,"status":"ready","userQuestionCount":0,"goalNodeId":"quarterly_revenue","readyOptionsCount":4,"optionsNeedingEncoding":0,"optionsNeedingMapping":0,"declinedFallbackCount":0,"blockerCount":0}
·····{"level":"info","time":1790990557066,"pid":95321,"hostname":"Mac.net","event":"v5.coaching.run_delta_outcome","scenario_id":"8e3f4a51-6c7d-4e8f-9a01-b2c3d4e5f605","outcome":"skipped","reason":"caller_binds_run_delta","prior_facts_count":null,"run_analysis_facts_count":null,"wire_reason_carried":null}
{"level":"info","time":1790990557073,"pid":95321,"hostname":"Mac.net","event":"cee.analysis_ready.built","optionCount":4,"status":"ready","userQuestionCount":0,"goalNodeId":"quarterly_revenue","readyOptionsCount":4,"optionsNeedingEncoding":0,"optionsNeedingMapping":0,"declinedFallbackCount":0,"blockerCount":0}
{"level":"info","time":1790990557076,"pid":95321,"hostname":"Mac.net","event":"v5.coaching.run_delta_outcome","scenario_id":"8e3f4a51-6c7d-4e8f-9a01-b2c3d4e5f606","outcome":"skipped","reason":"caller_binds_run_delta","prior_facts_count":null,"run_analysis_facts_count":null,"wire_reason_carried":null}
{"level":"info","time":1790990557081,"pid":95321,"hostname":"Mac.net","event":"v5.coaching.run_delta_outcome","scenario_id":"8e3f4a51-6c7d-4e8f-9a01-b2c3d4e5f606","outcome":"skipped","reason":"caller_binds_run_delta","prior_facts_count":null,"run_analysis_facts_count":null,"wire_reason_carried":null}
{"level":"info","time":1790990557087,"pid":95321,"hostname":"Mac.net","event":"cee.analysis_ready.built","optionCount":3,"status":"ready","userQuestionCount":0,"goalNodeId":"monthly_spend","readyOptionsCount":3,"optionsNeedingEncoding":0,"optionsNeedingMapping":0,"declinedFallbackCount":0,"blockerCount":0}
{"level":"info","time":1790990557090,"pid":95321,"hostname":"Mac.net","event":"v5.coaching.run_delta_outcome","scenario_id":"8e3f4a51-6c7d-4e8f-9a01-b2c3d4e5f607","outcome":"skipped","reason":"caller_binds_run_delta","prior_facts_count":null,"run_analysis_facts_count":null,"wire_reason_carried":null}
································································································································································

 Test Files  10 passed (10)
      Tests  286 passed (286)
   Start at  02:22:10
   Duration  28.72s (transform 4.82s, setup 344ms, import 4.76s, tests 22.55s, environment 1ms)

