 WARN  Issue while reading "/private/tmp/scihero-cee-1790984347/.npmrc". Failed to replace env in config: ${NPM_PACKAGES_TOKEN}
 WARN  Issue while reading "/private/tmp/scihero-cee-1790984347/.npmrc". Failed to replace env in config: ${NPM_PACKAGES_TOKEN}

 RUN  v4.1.10 /private/tmp/scihero-cee-1790984347

{"level":"info","time":1790990431502,"pid":94435,"hostname":"Mac.net","event":"agent_lane.route_mounted","msg":"POST /agent/v1/turn mounted"}
{"level":"info","time":1790990431555,"pid":94435,"hostname":"Mac.net","event":"cee.analysis_ready.built","optionCount":2,"status":"ready","userQuestionCount":0,"goalNodeId":"goal_x","readyOptionsCount":2,"optionsNeedingEncoding":0,"optionsNeedingMapping":0,"declinedFallbackCount":0,"blockerCount":0}
{"level":"info","time":1790990431560,"pid":94435,"hostname":"Mac.net","event":"cee.analysis_ready.built","optionCount":2,"status":"ready","userQuestionCount":0,"goalNodeId":"goal_x","readyOptionsCount":2,"optionsNeedingEncoding":0,"optionsNeedingMapping":0,"declinedFallbackCount":0,"blockerCount":0}
{"level":"info","time":1790990431566,"pid":94435,"hostname":"Mac.net","event":"cee.analysis_ready.built","optionCount":2,"status":"ready","userQuestionCount":0,"goalNodeId":"goal_x","readyOptionsCount":2,"optionsNeedingEncoding":0,"optionsNeedingMapping":0,"declinedFallbackCount":0,"blockerCount":0}
{"level":"info","time":1790990431573,"pid":94435,"hostname":"Mac.net","event":"cee.analysis_ready.built","optionCount":2,"status":"ready","userQuestionCount":0,"goalNodeId":"goal_x","readyOptionsCount":2,"optionsNeedingEncoding":0,"optionsNeedingMapping":0,"declinedFallbackCount":0,"blockerCount":0}
{"level":"info","time":1790990431576,"pid":94435,"hostname":"Mac.net","event":"cee.analysis_ready.built","optionCount":2,"status":"ready","userQuestionCount":0,"goalNodeId":"goal_x","readyOptionsCount":2,"optionsNeedingEncoding":0,"optionsNeedingMapping":0,"declinedFallbackCount":0,"blockerCount":0}
{"level":"info","time":1790990431579,"pid":94435,"hostname":"Mac.net","event":"v5.coaching.run_delta_outcome","scenario_id":"7c6e1a2b-3a4f-4e5d-8c6b-7a8f9e0d1c01","outcome":"skipped","reason":"caller_binds_run_delta","prior_facts_count":null,"run_analysis_facts_count":null,"wire_reason_carried":null}
{"level":"info","time":1790990431604,"pid":94435,"hostname":"Mac.net","event":"cee.analysis_ready.built","optionCount":2,"status":"ready","userQuestionCount":0,"goalNodeId":"goal_x","readyOptionsCount":2,"optionsNeedingEncoding":0,"optionsNeedingMapping":0,"declinedFallbackCount":0,"blockerCount":0}
{"level":"info","time":1790990431606,"pid":94435,"hostname":"Mac.net","event":"cee.analysis_ready.built","optionCount":2,"status":"ready","userQuestionCount":0,"goalNodeId":"goal_x","readyOptionsCount":2,"optionsNeedingEncoding":0,"optionsNeedingMapping":0,"declinedFallbackCount":0,"blockerCount":0}
{"level":"info","time":1790990431609,"pid":94435,"hostname":"Mac.net","event":"cee.analysis_ready.built","optionCount":2,"status":"ready","userQuestionCount":0,"goalNodeId":"goal_x","readyOptionsCount":2,"optionsNeedingEncoding":0,"optionsNeedingMapping":0,"declinedFallbackCount":0,"blockerCount":0}
{"level":"info","time":1790990431613,"pid":94435,"hostname":"Mac.net","event":"cee.analysis_ready.built","optionCount":2,"status":"ready","userQuestionCount":0,"goalNodeId":"goal_x","readyOptionsCount":2,"optionsNeedingEncoding":0,"optionsNeedingMapping":0,"declinedFallbackCount":0,"blockerCount":0}
{"level":"info","time":1790990431615,"pid":94435,"hostname":"Mac.net","event":"cee.analysis_ready.built","optionCount":2,"status":"ready","userQuestionCount":0,"goalNodeId":"goal_x","readyOptionsCount":2,"optionsNeedingEncoding":0,"optionsNeedingMapping":0,"declinedFallbackCount":0,"blockerCount":0}
{"level":"info","time":1790990431617,"pid":94435,"hostname":"Mac.net","event":"v5.coaching.run_delta_outcome","scenario_id":"7c6e1a2b-3a4f-4e5d-8c6b-7a8f9e0d1c02","outcome":"skipped","reason":"caller_binds_run_delta","prior_facts_count":null,"run_analysis_facts_count":null,"wire_reason_carried":null}
{"level":"info","time":1790990431627,"pid":94435,"hostname":"Mac.net","event":"cee.analysis_ready.built","optionCount":2,"status":"ready","userQuestionCount":0,"goalNodeId":"goal_x","readyOptionsCount":2,"optionsNeedingEncoding":0,"optionsNeedingMapping":0,"declinedFallbackCount":0,"blockerCount":0}
{"level":"info","time":1790990431628,"pid":94435,"hostname":"Mac.net","event":"cee.analysis_ready.built","optionCount":2,"status":"ready","userQuestionCount":0,"goalNodeId":"goal_x","readyOptionsCount":2,"optionsNeedingEncoding":0,"optionsNeedingMapping":0,"declinedFallbackCount":0,"blockerCount":0}
{"level":"info","time":1790990431631,"pid":94435,"hostname":"Mac.net","event":"cee.analysis_ready.built","optionCount":2,"status":"ready","userQuestionCount":0,"goalNodeId":"goal_x","readyOptionsCount":2,"optionsNeedingEncoding":0,"optionsNeedingMapping":0,"declinedFallbackCount":0,"blockerCount":0}
{"level":"info","time":1790990431632,"pid":94435,"hostname":"Mac.net","event":"cee.analysis_ready.built","optionCount":2,"status":"ready","userQuestionCount":0,"goalNodeId":"goal_x","readyOptionsCount":2,"optionsNeedingEncoding":0,"optionsNeedingMapping":0,"declinedFallbackCount":0,"blockerCount":0}
{"level":"info","time":1790990431633,"pid":94435,"hostname":"Mac.net","event":"cee.analysis_ready.built","optionCount":2,"status":"ready","userQuestionCount":0,"goalNodeId":"goal_x","readyOptionsCount":2,"optionsNeedingEncoding":0,"optionsNeedingMapping":0,"declinedFallbackCount":0,"blockerCount":0}
{"level":"info","time":1790990431634,"pid":94435,"hostname":"Mac.net","event":"v5.coaching.run_delta_outcome","scenario_id":"7c6e1a2b-3a4f-4e5d-8c6b-7a8f9e0d1c03","outcome":"skipped","reason":"caller_binds_run_delta","prior_facts_count":null,"run_analysis_facts_count":null,"wire_reason_carried":null}
{"level":"info","time":1790990431643,"pid":94435,"hostname":"Mac.net","event":"cee.analysis_ready.built","optionCount":2,"status":"ready","userQuestionCount":0,"goalNodeId":"goal_x","readyOptionsCount":2,"optionsNeedingEncoding":0,"optionsNeedingMapping":0,"declinedFallbackCount":0,"blockerCount":0}
{"level":"info","time":1790990431645,"pid":94435,"hostname":"Mac.net","event":"cee.analysis_ready.built","optionCount":2,"status":"ready","userQuestionCount":0,"goalNodeId":"goal_x","readyOptionsCount":2,"optionsNeedingEncoding":0,"optionsNeedingMapping":0,"declinedFallbackCount":0,"blockerCount":0}
{"level":"info","time":1790990431647,"pid":94435,"hostname":"Mac.net","event":"cee.analysis_ready.built","optionCount":2,"status":"ready","userQuestionCount":0,"goalNodeId":"goal_x","readyOptionsCount":2,"optionsNeedingEncoding":0,"optionsNeedingMapping":0,"declinedFallbackCount":0,"blockerCount":0}
{"level":"info","time":1790990431649,"pid":94435,"hostname":"Mac.net","event":"cee.analysis_ready.built","optionCount":2,"status":"ready","userQuestionCount":0,"goalNodeId":"goal_x","readyOptionsCount":2,"optionsNeedingEncoding":0,"optionsNeedingMapping":0,"declinedFallbackCount":0,"blockerCount":0}
{"level":"info","time":1790990431650,"pid":94435,"hostname":"Mac.net","event":"cee.analysis_ready.built","optionCount":2,"status":"ready","userQuestionCount":0,"goalNodeId":"goal_x","readyOptionsCount":2,"optionsNeedingEncoding":0,"optionsNeedingMapping":0,"declinedFallbackCount":0,"blockerCount":0}
{"level":"info","time":1790990431650,"pid":94435,"hostname":"Mac.net","event":"v5.coaching.run_delta_outcome","scenario_id":"7c6e1a2b-3a4f-4e5d-8c6b-7a8f9e0d1c04","outcome":"skipped","reason":"caller_binds_run_delta","prior_facts_count":null,"run_analysis_facts_count":null,"wire_reason_carried":null}
{"level":"info","time":1790990431659,"pid":94435,"hostname":"Mac.net","event":"cee.analysis_ready.built","optionCount":2,"status":"ready","userQuestionCount":0,"goalNodeId":"goal_x","readyOptionsCount":2,"optionsNeedingEncoding":0,"optionsNeedingMapping":0,"declinedFallbackCount":0,"blockerCount":0}
{"level":"info","time":1790990431660,"pid":94435,"hostname":"Mac.net","event":"cee.analysis_ready.built","optionCount":2,"status":"ready","userQuestionCount":0,"goalNodeId":"goal_x","readyOptionsCount":2,"optionsNeedingEncoding":0,"optionsNeedingMapping":0,"declinedFallbackCount":0,"blockerCount":0}
{"level":"info","time":1790990431663,"pid":94435,"hostname":"Mac.net","event":"cee.analysis_ready.built","optionCount":2,"status":"ready","userQuestionCount":0,"goalNodeId":"goal_x","readyOptionsCount":2,"optionsNeedingEncoding":0,"optionsNeedingMapping":0,"declinedFallbackCount":0,"blockerCount":0}
{"level":"info","time":1790990431664,"pid":94435,"hostname":"Mac.net","event":"cee.analysis_ready.built","optionCount":2,"status":"ready","userQuestionCount":0,"goalNodeId":"goal_x","readyOptionsCount":2,"optionsNeedingEncoding":0,"optionsNeedingMapping":0,"declinedFallbackCount":0,"blockerCount":0}
{"level":"info","time":1790990431665,"pid":94435,"hostname":"Mac.net","event":"cee.analysis_ready.built","optionCount":2,"status":"ready","userQuestionCount":0,"goalNodeId":"goal_x","readyOptionsCount":2,"optionsNeedingEncoding":0,"optionsNeedingMapping":0,"declinedFallbackCount":0,"blockerCount":0}
{"level":"info","time":1790990431666,"pid":94435,"hostname":"Mac.net","event":"v5.coaching.run_delta_outcome","scenario_id":"7c6e1a2b-3a4f-4e5d-8c6b-7a8f9e0d1c05","outcome":"skipped","reason":"caller_binds_run_delta","prior_facts_count":null,"run_analysis_facts_count":null,"wire_reason_carried":null}
{"level":"info","time":1790990431677,"pid":94435,"hostname":"Mac.net","event":"cee.analysis_ready.built","optionCount":2,"status":"ready","userQuestionCount":0,"goalNodeId":"goal_x","readyOptionsCount":2,"optionsNeedingEncoding":0,"optionsNeedingMapping":0,"declinedFallbackCount":0,"blockerCount":0}
{"level":"info","time":1790990431678,"pid":94435,"hostname":"Mac.net","event":"cee.analysis_ready.built","optionCount":2,"status":"ready","userQuestionCount":0,"goalNodeId":"goal_x","readyOptionsCount":2,"optionsNeedingEncoding":0,"optionsNeedingMapping":0,"declinedFallbackCount":0,"blockerCount":0}
{"level":"info","time":1790990431680,"pid":94435,"hostname":"Mac.net","event":"cee.analysis_ready.built","optionCount":2,"status":"ready","userQuestionCount":0,"goalNodeId":"goal_x","readyOptionsCount":2,"optionsNeedingEncoding":0,"optionsNeedingMapping":0,"declinedFallbackCount":0,"blockerCount":0}
{"level":"info","time":1790990431681,"pid":94435,"hostname":"Mac.net","event":"cee.analysis_ready.built","optionCount":2,"status":"ready","userQuestionCount":0,"goalNodeId":"goal_x","readyOptionsCount":2,"optionsNeedingEncoding":0,"optionsNeedingMapping":0,"declinedFallbackCount":0,"blockerCount":0}
{"level":"info","time":1790990431682,"pid":94435,"hostname":"Mac.net","event":"cee.analysis_ready.built","optionCount":2,"status":"ready","userQuestionCount":0,"goalNodeId":"goal_x","readyOptionsCount":2,"optionsNeedingEncoding":0,"optionsNeedingMapping":0,"declinedFallbackCount":0,"blockerCount":0}
{"level":"info","time":1790990431682,"pid":94435,"hostname":"Mac.net","event":"v5.coaching.run_delta_outcome","scenario_id":"7c6e1a2b-3a4f-4e5d-8c6b-7a8f9e0d1c06","outcome":"skipped","reason":"caller_binds_run_delta","prior_facts_count":null,"run_analysis_facts_count":null,"wire_reason_carried":null}
{"level":"info","time":1790990431691,"pid":94435,"hostname":"Mac.net","event":"cee.analysis_ready.built","optionCount":2,"status":"ready","userQuestionCount":0,"goalNodeId":"goal_x","readyOptionsCount":2,"optionsNeedingEncoding":0,"optionsNeedingMapping":0,"declinedFallbackCount":0,"blockerCount":0}
{"level":"info","time":1790990431692,"pid":94435,"hostname":"Mac.net","event":"cee.analysis_ready.built","optionCount":2,"status":"ready","userQuestionCount":0,"goalNodeId":"goal_x","readyOptionsCount":2,"optionsNeedingEncoding":0,"optionsNeedingMapping":0,"declinedFallbackCount":0,"blockerCount":0}
{"level":"info","time":1790990431694,"pid":94435,"hostname":"Mac.net","event":"cee.analysis_ready.built","optionCount":2,"status":"ready","userQuestionCount":0,"goalNodeId":"goal_x","readyOptionsCount":2,"optionsNeedingEncoding":0,"optionsNeedingMapping":0,"declinedFallbackCount":0,"blockerCount":0}
{"level":"info","time":1790990431695,"pid":94435,"hostname":"Mac.net","event":"cee.analysis_ready.built","optionCount":2,"status":"ready","userQuestionCount":0,"goalNodeId":"goal_x","readyOptionsCount":2,"optionsNeedingEncoding":0,"optionsNeedingMapping":0,"declinedFallbackCount":0,"blockerCount":0}
{"level":"info","time":1790990431696,"pid":94435,"hostname":"Mac.net","event":"cee.analysis_ready.built","optionCount":2,"status":"ready","userQuestionCount":0,"goalNodeId":"goal_x","readyOptionsCount":2,"optionsNeedingEncoding":0,"optionsNeedingMapping":0,"declinedFallbackCount":0,"blockerCount":0}
{"level":"info","time":1790990431696,"pid":94435,"hostname":"Mac.net","event":"v5.coaching.run_delta_outcome","scenario_id":"7c6e1a2b-3a4f-4e5d-8c6b-7a8f9e0d1c07","outcome":"skipped","reason":"caller_binds_run_delta","prior_facts_count":null,"run_analysis_facts_count":null,"wire_reason_carried":null}
{"level":"info","time":1790990431700,"pid":94435,"hostname":"Mac.net","event":"cee.analysis_ready.built","optionCount":2,"status":"ready","userQuestionCount":0,"goalNodeId":"goal_x","readyOptionsCount":2,"optionsNeedingEncoding":0,"optionsNeedingMapping":0,"declinedFallbackCount":0,"blockerCount":0}
{"level":"info","time":1790990431703,"pid":94435,"hostname":"Mac.net","event":"cee.analysis_ready.built","optionCount":2,"status":"ready","userQuestionCount":0,"goalNodeId":"goal_x","readyOptionsCount":2,"optionsNeedingEncoding":0,"optionsNeedingMapping":0,"declinedFallbackCount":0,"blockerCount":0}
{"level":"info","time":1790990431704,"pid":94435,"hostname":"Mac.net","event":"v5.coaching.run_delta_outcome","scenario_id":"7c6e1a2b-3a4f-4e5d-8c6b-7a8f9e0d1c07","outcome":"skipped","reason":"caller_binds_run_delta","prior_facts_count":null,"run_analysis_facts_count":null,"wire_reason_carried":null}
{"level":"info","time":1790990435718,"pid":94435,"hostname":"Mac.net","event":"cee.analysis_ready.built","optionCount":2,"status":"ready","userQuestionCount":0,"goalNodeId":"goal_x","readyOptionsCount":2,"optionsNeedingEncoding":0,"optionsNeedingMapping":0,"declinedFallbackCount":0,"blockerCount":0}
{"level":"info","time":1790990435721,"pid":94435,"hostname":"Mac.net","event":"cee.analysis_ready.built","optionCount":2,"status":"ready","userQuestionCount":0,"goalNodeId":"goal_x","readyOptionsCount":2,"optionsNeedingEncoding":0,"optionsNeedingMapping":0,"declinedFallbackCount":0,"blockerCount":0}
{"level":"info","time":1790990435723,"pid":94435,"hostname":"Mac.net","event":"cee.analysis_ready.built","optionCount":2,"status":"ready","userQuestionCount":0,"goalNodeId":"goal_x","readyOptionsCount":2,"optionsNeedingEncoding":0,"optionsNeedingMapping":0,"declinedFallbackCount":0,"blockerCount":0}
{"level":"info","time":1790990435724,"pid":94435,"hostname":"Mac.net","event":"cee.analysis_ready.built","optionCount":2,"status":"ready","userQuestionCount":0,"goalNodeId":"goal_x","readyOptionsCount":2,"optionsNeedingEncoding":0,"optionsNeedingMapping":0,"declinedFallbackCount":0,"blockerCount":0}
{"level":"info","time":1790990435727,"pid":94435,"hostname":"Mac.net","event":"cee.analysis_ready.built","optionCount":2,"status":"ready","userQuestionCount":0,"goalNodeId":"goal_x","readyOptionsCount":2,"optionsNeedingEncoding":0,"optionsNeedingMapping":0,"declinedFallbackCount":0,"blockerCount":0}
{"level":"info","time":1790990435728,"pid":94435,"hostname":"Mac.net","event":"v5.coaching.run_delta_outcome","scenario_id":"7c6e1a2b-3a4f-4e5d-8c6b-7a8f9e0d1c08","outcome":"skipped","reason":"caller_binds_run_delta","prior_facts_count":null,"run_analysis_facts_count":null,"wire_reason_carried":null}
{"level":"info","time":1790990439742,"pid":94435,"hostname":"Mac.net","event":"v5.coaching.run_delta_outcome","scenario_id":"7c6e1a2b-3a4f-4e5d-8c6b-7a8f9e0d1c09","outcome":"skipped","reason":"caller_binds_run_delta","prior_facts_count":null,"run_analysis_facts_count":null,"wire_reason_carried":null}
{"level":"info","time":1790990439753,"pid":94435,"hostname":"Mac.net","event":"cee.analysis_ready.built","optionCount":2,"status":"ready","userQuestionCount":0,"goalNodeId":"goal_x","readyOptionsCount":2,"optionsNeedingEncoding":0,"optionsNeedingMapping":0,"declinedFallbackCount":0,"blockerCount":0}
{"level":"info","time":1790990439754,"pid":94435,"hostname":"Mac.net","event":"cee.analysis_ready.built","optionCount":2,"status":"ready","userQuestionCount":0,"goalNodeId":"goal_x","readyOptionsCount":2,"optionsNeedingEncoding":0,"optionsNeedingMapping":0,"declinedFallbackCount":0,"blockerCount":0}
{"level":"info","time":1790990439757,"pid":94435,"hostname":"Mac.net","event":"cee.analysis_ready.built","optionCount":2,"status":"ready","userQuestionCount":0,"goalNodeId":"goal_x","readyOptionsCount":2,"optionsNeedingEncoding":0,"optionsNeedingMapping":0,"declinedFallbackCount":0,"blockerCount":0}
{"level":"info","time":1790990439758,"pid":94435,"hostname":"Mac.net","event":"cee.analysis_ready.built","optionCount":2,"status":"ready","userQuestionCount":0,"goalNodeId":"goal_x","readyOptionsCount":2,"optionsNeedingEncoding":0,"optionsNeedingMapping":0,"declinedFallbackCount":0,"blockerCount":0}
{"level":"info","time":1790990439762,"pid":94435,"hostname":"Mac.net","event":"cee.analysis_ready.built","optionCount":2,"status":"ready","userQuestionCount":0,"goalNodeId":"goal_x","readyOptionsCount":2,"optionsNeedingEncoding":0,"optionsNeedingMapping":0,"declinedFallbackCount":0,"blockerCount":0}
{"level":"info","time":1790990439763,"pid":94435,"hostname":"Mac.net","event":"v5.coaching.run_delta_outcome","scenario_id":"7c6e1a2b-3a4f-4e5d-8c6b-7a8f9e0d1c10","outcome":"skipped","reason":"caller_binds_run_delta","prior_facts_count":null,"run_analysis_facts_count":null,"wire_reason_carried":null}
{"level":"info","time":1790990439773,"pid":94435,"hostname":"Mac.net","event":"cee.analysis_ready.built","optionCount":2,"status":"ready","userQuestionCount":0,"goalNodeId":"goal_x","readyOptionsCount":2,"optionsNeedingEncoding":0,"optionsNeedingMapping":0,"declinedFallbackCount":0,"blockerCount":0}
{"level":"info","time":1790990439775,"pid":94435,"hostname":"Mac.net","event":"cee.analysis_ready.built","optionCount":2,"status":"ready","userQuestionCount":0,"goalNodeId":"goal_x","readyOptionsCount":2,"optionsNeedingEncoding":0,"optionsNeedingMapping":0,"declinedFallbackCount":0,"blockerCount":0}
{"level":"info","time":1790990439777,"pid":94435,"hostname":"Mac.net","event":"cee.analysis_ready.built","optionCount":2,"status":"ready","userQuestionCount":0,"goalNodeId":"goal_x","readyOptionsCount":2,"optionsNeedingEncoding":0,"optionsNeedingMapping":0,"declinedFallbackCount":0,"blockerCount":0}
{"level":"info","time":1790990439778,"pid":94435,"hostname":"Mac.net","event":"cee.analysis_ready.built","optionCount":2,"status":"ready","userQuestionCount":0,"goalNodeId":"goal_x","readyOptionsCount":2,"optionsNeedingEncoding":0,"optionsNeedingMapping":0,"declinedFallbackCount":0,"blockerCount":0}
{"level":"info","time":1790990439779,"pid":94435,"hostname":"Mac.net","event":"cee.analysis_ready.built","optionCount":2,"status":"ready","userQuestionCount":0,"goalNodeId":"goal_x","readyOptionsCount":2,"optionsNeedingEncoding":0,"optionsNeedingMapping":0,"declinedFallbackCount":0,"blockerCount":0}
{"level":"info","time":1790990439780,"pid":94435,"hostname":"Mac.net","event":"v5.coaching.run_delta_outcome","scenario_id":"7c6e1a2b-3a4f-4e5d-8c6b-7a8f9e0d1c11","outcome":"skipped","reason":"caller_binds_run_delta","prior_facts_count":null,"run_analysis_facts_count":null,"wire_reason_carried":null}
{"level":"info","time":1790990439790,"pid":94435,"hostname":"Mac.net","event":"cee.analysis_ready.built","optionCount":2,"status":"ready","userQuestionCount":0,"goalNodeId":"goal_x","readyOptionsCount":2,"optionsNeedingEncoding":0,"optionsNeedingMapping":0,"declinedFallbackCount":0,"blockerCount":0}
{"level":"info","time":1790990439791,"pid":94435,"hostname":"Mac.net","event":"cee.analysis_ready.built","optionCount":2,"status":"ready","userQuestionCount":0,"goalNodeId":"goal_x","readyOptionsCount":2,"optionsNeedingEncoding":0,"optionsNeedingMapping":0,"declinedFallbackCount":0,"blockerCount":0}
{"level":"info","time":1790990439793,"pid":94435,"hostname":"Mac.net","event":"cee.analysis_ready.built","optionCount":2,"status":"ready","userQuestionCount":0,"goalNodeId":"goal_x","readyOptionsCount":2,"optionsNeedingEncoding":0,"optionsNeedingMapping":0,"declinedFallbackCount":0,"blockerCount":0}
{"level":"info","time":1790990439794,"pid":94435,"hostname":"Mac.net","event":"cee.analysis_ready.built","optionCount":2,"status":"ready","userQuestionCount":0,"goalNodeId":"goal_x","readyOptionsCount":2,"optionsNeedingEncoding":0,"optionsNeedingMapping":0,"declinedFallbackCount":0,"blockerCount":0}
{"level":"info","time":1790990439795,"pid":94435,"hostname":"Mac.net","event":"cee.analysis_ready.built","optionCount":2,"status":"ready","userQuestionCount":0,"goalNodeId":"goal_x","readyOptionsCount":2,"optionsNeedingEncoding":0,"optionsNeedingMapping":0,"declinedFallbackCount":0,"blockerCount":0}
{"level":"info","time":1790990439796,"pid":94435,"hostname":"Mac.net","event":"v5.coaching.run_delta_outcome","scenario_id":"7c6e1a2b-3a4f-4e5d-8c6b-7a8f9e0d1c12","outcome":"skipped","reason":"caller_binds_run_delta","prior_facts_count":null,"run_analysis_facts_count":null,"wire_reason_carried":null}
{"level":"info","time":1790990439804,"pid":94435,"hostname":"Mac.net","event":"cee.analysis_ready.built","optionCount":2,"status":"ready","userQuestionCount":0,"goalNodeId":"goal_x","readyOptionsCount":2,"optionsNeedingEncoding":0,"optionsNeedingMapping":0,"declinedFallbackCount":0,"blockerCount":0}
{"level":"info","time":1790990439805,"pid":94435,"hostname":"Mac.net","event":"cee.analysis_ready.built","optionCount":2,"status":"ready","userQuestionCount":0,"goalNodeId":"goal_x","readyOptionsCount":2,"optionsNeedingEncoding":0,"optionsNeedingMapping":0,"declinedFallbackCount":0,"blockerCount":0}
{"level":"info","time":1790990439807,"pid":94435,"hostname":"Mac.net","event":"cee.analysis_ready.built","optionCount":2,"status":"ready","userQuestionCount":0,"goalNodeId":"goal_x","readyOptionsCount":2,"optionsNeedingEncoding":0,"optionsNeedingMapping":0,"declinedFallbackCount":0,"blockerCount":0}
{"level":"info","time":1790990439809,"pid":94435,"hostname":"Mac.net","event":"cee.analysis_ready.built","optionCount":2,"status":"ready","userQuestionCount":0,"goalNodeId":"goal_x","readyOptionsCount":2,"optionsNeedingEncoding":0,"optionsNeedingMapping":0,"declinedFallbackCount":0,"blockerCount":0}
{"level":"info","time":1790990439810,"pid":94435,"hostname":"Mac.net","event":"cee.analysis_ready.built","optionCount":2,"status":"ready","userQuestionCount":0,"goalNodeId":"goal_x","readyOptionsCount":2,"optionsNeedingEncoding":0,"optionsNeedingMapping":0,"declinedFallbackCount":0,"blockerCount":0}
{"level":"info","time":1790990439810,"pid":94435,"hostname":"Mac.net","event":"v5.coaching.run_delta_outcome","scenario_id":"7c6e1a2b-3a4f-4e5d-8c6b-7a8f9e0d1c13","outcome":"skipped","reason":"caller_binds_run_delta","prior_facts_count":null,"run_analysis_facts_count":null,"wire_reason_carried":null}
{"level":"info","time":1790990439819,"pid":94435,"hostname":"Mac.net","event":"cee.analysis_ready.built","optionCount":2,"status":"ready","userQuestionCount":0,"goalNodeId":"goal_x","readyOptionsCount":2,"optionsNeedingEncoding":0,"optionsNeedingMapping":0,"declinedFallbackCount":0,"blockerCount":0}
{"level":"info","time":1790990439820,"pid":94435,"hostname":"Mac.net","event":"cee.analysis_ready.built","optionCount":2,"status":"ready","userQuestionCount":0,"goalNodeId":"goal_x","readyOptionsCount":2,"optionsNeedingEncoding":0,"optionsNeedingMapping":0,"declinedFallbackCount":0,"blockerCount":0}
{"level":"info","time":1790990439822,"pid":94435,"hostname":"Mac.net","event":"cee.analysis_ready.built","optionCount":2,"status":"ready","userQuestionCount":0,"goalNodeId":"goal_x","readyOptionsCount":2,"optionsNeedingEncoding":0,"optionsNeedingMapping":0,"declinedFallbackCount":0,"blockerCount":0}
{"level":"info","time":1790990439823,"pid":94435,"hostname":"Mac.net","event":"cee.analysis_ready.built","optionCount":2,"status":"ready","userQuestionCount":0,"goalNodeId":"goal_x","readyOptionsCount":2,"optionsNeedingEncoding":0,"optionsNeedingMapping":0,"declinedFallbackCount":0,"blockerCount":0}
{"level":"info","time":1790990439824,"pid":94435,"hostname":"Mac.net","event":"cee.analysis_ready.built","optionCount":2,"status":"ready","userQuestionCount":0,"goalNodeId":"goal_x","readyOptionsCount":2,"optionsNeedingEncoding":0,"optionsNeedingMapping":0,"declinedFallbackCount":0,"blockerCount":0}
{"level":"info","time":1790990439825,"pid":94435,"hostname":"Mac.net","event":"v5.coaching.run_delta_outcome","scenario_id":"7c6e1a2b-3a4f-4e5d-8c6b-7a8f9e0d1c14","outcome":"skipped","reason":"caller_binds_run_delta","prior_facts_count":null,"run_analysis_facts_count":null,"wire_reason_carried":null}
{"level":"info","time":1790990439831,"pid":94435,"hostname":"Mac.net","event":"v5.coaching.run_delta_outcome","scenario_id":"7c6e1a2b-3a4f-4e5d-8c6b-7a8f9e0d1c15","outcome":"skipped","reason":"caller_binds_run_delta","prior_facts_count":null,"run_analysis_facts_count":null,"wire_reason_carried":null}
{"level":"info","time":1790990439834,"pid":94435,"hostname":"Mac.net","event":"v5.coaching.run_delta_outcome","scenario_id":"7c6e1a2b-3a4f-4e5d-8c6b-7a8f9e0d1c16","outcome":"skipped","reason":"caller_binds_run_delta","prior_facts_count":null,"run_analysis_facts_count":null,"wire_reason_carried":null}
{"level":"info","time":1790990439840,"pid":94435,"hostname":"Mac.net","event":"cee.analysis_ready.built","optionCount":2,"status":"ready","userQuestionCount":0,"goalNodeId":"goal_x","readyOptionsCount":2,"optionsNeedingEncoding":0,"optionsNeedingMapping":0,"declinedFallbackCount":0,"blockerCount":0}
{"level":"info","time":1790990439842,"pid":94435,"hostname":"Mac.net","event":"cee.analysis_ready.built","optionCount":2,"status":"ready","userQuestionCount":0,"goalNodeId":"goal_x","readyOptionsCount":2,"optionsNeedingEncoding":0,"optionsNeedingMapping":0,"declinedFallbackCount":0,"blockerCount":0}
{"level":"info","time":1790990439844,"pid":94435,"hostname":"Mac.net","event":"cee.analysis_ready.built","optionCount":2,"status":"ready","userQuestionCount":0,"goalNodeId":"goal_x","readyOptionsCount":2,"optionsNeedingEncoding":0,"optionsNeedingMapping":0,"declinedFallbackCount":0,"blockerCount":0}
{"level":"info","time":1790990439845,"pid":94435,"hostname":"Mac.net","event":"cee.analysis_ready.built","optionCount":2,"status":"ready","userQuestionCount":0,"goalNodeId":"goal_x","readyOptionsCount":2,"optionsNeedingEncoding":0,"optionsNeedingMapping":0,"declinedFallbackCount":0,"blockerCount":0}
{"level":"info","time":1790990439846,"pid":94435,"hostname":"Mac.net","event":"cee.analysis_ready.built","optionCount":2,"status":"ready","userQuestionCount":0,"goalNodeId":"goal_x","readyOptionsCount":2,"optionsNeedingEncoding":0,"optionsNeedingMapping":0,"declinedFallbackCount":0,"blockerCount":0}
{"level":"info","time":1790990439847,"pid":94435,"hostname":"Mac.net","event":"v5.coaching.run_delta_outcome","scenario_id":"7c6e1a2b-3a4f-4e5d-8c6b-7a8f9e0d1c17","outcome":"skipped","reason":"caller_binds_run_delta","prior_facts_count":null,"run_analysis_facts_count":null,"wire_reason_carried":null}
{"level":"info","time":1790990443857,"pid":94435,"hostname":"Mac.net","event":"cee.analysis_ready.built","optionCount":2,"status":"ready","userQuestionCount":0,"goalNodeId":"goal_x","readyOptionsCount":2,"optionsNeedingEncoding":0,"optionsNeedingMapping":0,"declinedFallbackCount":0,"blockerCount":0}
{"level":"info","time":1790990443859,"pid":94435,"hostname":"Mac.net","event":"cee.analysis_ready.built","optionCount":2,"status":"ready","userQuestionCount":0,"goalNodeId":"goal_x","readyOptionsCount":2,"optionsNeedingEncoding":0,"optionsNeedingMapping":0,"declinedFallbackCount":0,"blockerCount":0}
{"level":"info","time":1790990443861,"pid":94435,"hostname":"Mac.net","event":"cee.analysis_ready.built","optionCount":2,"status":"ready","userQuestionCount":0,"goalNodeId":"goal_x","readyOptionsCount":2,"optionsNeedingEncoding":0,"optionsNeedingMapping":0,"declinedFallbackCount":0,"blockerCount":0}
{"level":"info","time":1790990443862,"pid":94435,"hostname":"Mac.net","event":"cee.analysis_ready.built","optionCount":2,"status":"ready","userQuestionCount":0,"goalNodeId":"goal_x","readyOptionsCount":2,"optionsNeedingEncoding":0,"optionsNeedingMapping":0,"declinedFallbackCount":0,"blockerCount":0}
{"level":"info","time":1790990443863,"pid":94435,"hostname":"Mac.net","event":"cee.analysis_ready.built","optionCount":2,"status":"ready","userQuestionCount":0,"goalNodeId":"goal_x","readyOptionsCount":2,"optionsNeedingEncoding":0,"optionsNeedingMapping":0,"declinedFallbackCount":0,"blockerCount":0}
{"level":"info","time":1790990443864,"pid":94435,"hostname":"Mac.net","event":"v5.coaching.run_delta_outcome","scenario_id":"7c6e1a2b-3a4f-4e5d-8c6b-7a8f9e0d1c18","outcome":"skipped","reason":"caller_binds_run_delta","prior_facts_count":null,"run_analysis_facts_count":null,"wire_reason_carried":null}
{"level":"warn","time":1790990443868,"pid":94435,"hostname":"Mac.net","err":"Error: read failed","scenario_id":"7c6e1a2b-3a4f-4e5d-8c6b-7a8f9e0d1c19","msg":"agent-lane: durable conversation could not be read — continuing without it"}
{"level":"info","time":1790990443873,"pid":94435,"hostname":"Mac.net","event":"cee.analysis_ready.built","optionCount":2,"status":"ready","userQuestionCount":0,"goalNodeId":"goal_x","readyOptionsCount":2,"optionsNeedingEncoding":0,"optionsNeedingMapping":0,"declinedFallbackCount":0,"blockerCount":0}
{"level":"info","time":1790990443874,"pid":94435,"hostname":"Mac.net","event":"cee.analysis_ready.built","optionCount":2,"status":"ready","userQuestionCount":0,"goalNodeId":"goal_x","readyOptionsCount":2,"optionsNeedingEncoding":0,"optionsNeedingMapping":0,"declinedFallbackCount":0,"blockerCount":0}
{"level":"info","time":1790990443877,"pid":94435,"hostname":"Mac.net","event":"cee.analysis_ready.built","optionCount":2,"status":"ready","userQuestionCount":0,"goalNodeId":"goal_x","readyOptionsCount":2,"optionsNeedingEncoding":0,"optionsNeedingMapping":0,"declinedFallbackCount":0,"blockerCount":0}
{"level":"info","time":1790990443878,"pid":94435,"hostname":"Mac.net","event":"cee.analysis_ready.built","optionCount":2,"status":"ready","userQuestionCount":0,"goalNodeId":"goal_x","readyOptionsCount":2,"optionsNeedingEncoding":0,"optionsNeedingMapping":0,"declinedFallbackCount":0,"blockerCount":0}
{"level":"info","time":1790990443878,"pid":94435,"hostname":"Mac.net","event":"cee.analysis_ready.built","optionCount":2,"status":"ready","userQuestionCount":0,"goalNodeId":"goal_x","readyOptionsCount":2,"optionsNeedingEncoding":0,"optionsNeedingMapping":0,"declinedFallbackCount":0,"blockerCount":0}
{"level":"info","time":1790990443879,"pid":94435,"hostname":"Mac.net","event":"v5.coaching.run_delta_outcome","scenario_id":"7c6e1a2b-3a4f-4e5d-8c6b-7a8f9e0d1c19","outcome":"skipped","reason":"caller_binds_run_delta","prior_facts_count":null,"run_analysis_facts_count":null,"wire_reason_carried":null}
{"level":"info","time":1790990443885,"pid":94435,"hostname":"Mac.net","event":"v5.coaching.run_delta_outcome","scenario_id":"7c6e1a2b-3a4f-4e5d-8c6b-7a8f9e0d1c20","outcome":"skipped","reason":"caller_binds_run_delta","prior_facts_count":null,"run_analysis_facts_count":null,"wire_reason_carried":null}
{"level":"info","time":1790990443887,"pid":94435,"hostname":"Mac.net","event":"v5.coaching.run_delta_outcome","scenario_id":"7c6e1a2b-3a4f-4e5d-8c6b-7a8f9e0d1c21","outcome":"skipped","reason":"caller_binds_run_delta","prior_facts_count":null,"run_analysis_facts_count":null,"wire_reason_carried":null}
{"level":"info","time":1790990443890,"pid":94435,"hostname":"Mac.net","event":"v5.coaching.run_delta_outcome","scenario_id":"7c6e1a2b-3a4f-4e5d-8c6b-7a8f9e0d1c22","outcome":"skipped","reason":"caller_binds_run_delta","prior_facts_count":null,"run_analysis_facts_count":null,"wire_reason_carried":null}
{"level":"info","time":1790990443892,"pid":94435,"hostname":"Mac.net","event":"v5.coaching.run_delta_outcome","scenario_id":"7c6e1a2b-3a4f-4e5d-8c6b-7a8f9e0d1c23","outcome":"skipped","reason":"caller_binds_run_delta","prior_facts_count":null,"run_analysis_facts_count":null,"wire_reason_carried":null}
{"level":"info","time":1790990443897,"pid":94435,"hostname":"Mac.net","event":"cee.analysis_ready.built","optionCount":2,"status":"ready","userQuestionCount":0,"goalNodeId":"goal_x","readyOptionsCount":2,"optionsNeedingEncoding":0,"optionsNeedingMapping":0,"declinedFallbackCount":0,"blockerCount":0}
{"level":"info","time":1790990443899,"pid":94435,"hostname":"Mac.net","event":"cee.analysis_ready.built","optionCount":2,"status":"ready","userQuestionCount":0,"goalNodeId":"goal_x","readyOptionsCount":2,"optionsNeedingEncoding":0,"optionsNeedingMapping":0,"declinedFallbackCount":0,"blockerCount":0}
{"level":"info","time":1790990443901,"pid":94435,"hostname":"Mac.net","event":"cee.analysis_ready.built","optionCount":2,"status":"ready","userQuestionCount":0,"goalNodeId":"goal_x","readyOptionsCount":2,"optionsNeedingEncoding":0,"optionsNeedingMapping":0,"declinedFallbackCount":0,"blockerCount":0}
{"level":"info","time":1790990443902,"pid":94435,"hostname":"Mac.net","event":"cee.analysis_ready.built","optionCount":2,"status":"ready","userQuestionCount":0,"goalNodeId":"goal_x","readyOptionsCount":2,"optionsNeedingEncoding":0,"optionsNeedingMapping":0,"declinedFallbackCount":0,"blockerCount":0}
{"level":"info","time":1790990443903,"pid":94435,"hostname":"Mac.net","event":"cee.analysis_ready.built","optionCount":2,"status":"ready","userQuestionCount":0,"goalNodeId":"goal_x","readyOptionsCount":2,"optionsNeedingEncoding":0,"optionsNeedingMapping":0,"declinedFallbackCount":0,"blockerCount":0}
{"level":"info","time":1790990443904,"pid":94435,"hostname":"Mac.net","event":"v5.coaching.run_delta_outcome","scenario_id":"7c6e1a2b-3a4f-4e5d-8c6b-7a8f9e0d1c23","outcome":"skipped","reason":"caller_binds_run_delta","prior_facts_count":null,"run_analysis_facts_count":null,"wire_reason_carried":null}
{"level":"info","time":1790990443912,"pid":94435,"hostname":"Mac.net","event":"cee.analysis_ready.built","optionCount":2,"status":"ready","userQuestionCount":0,"goalNodeId":"goal_x","readyOptionsCount":2,"optionsNeedingEncoding":0,"optionsNeedingMapping":0,"declinedFallbackCount":0,"blockerCount":0}
{"level":"info","time":1790990443913,"pid":94435,"hostname":"Mac.net","event":"cee.analysis_ready.built","optionCount":2,"status":"ready","userQuestionCount":0,"goalNodeId":"goal_x","readyOptionsCount":2,"optionsNeedingEncoding":0,"optionsNeedingMapping":0,"declinedFallbackCount":0,"blockerCount":0}
{"level":"info","time":1790990443915,"pid":94435,"hostname":"Mac.net","event":"cee.analysis_ready.built","optionCount":2,"status":"ready","userQuestionCount":0,"goalNodeId":"goal_x","readyOptionsCount":2,"optionsNeedingEncoding":0,"optionsNeedingMapping":0,"declinedFallbackCount":0,"blockerCount":0}
{"level":"info","time":1790990443917,"pid":94435,"hostname":"Mac.net","event":"cee.analysis_ready.built","optionCount":2,"status":"ready","userQuestionCount":0,"goalNodeId":"goal_x","readyOptionsCount":2,"optionsNeedingEncoding":0,"optionsNeedingMapping":0,"declinedFallbackCount":0,"blockerCount":0}
{"level":"info","time":1790990443917,"pid":94435,"hostname":"Mac.net","event":"cee.analysis_ready.built","optionCount":2,"status":"ready","userQuestionCount":0,"goalNodeId":"goal_x","readyOptionsCount":2,"optionsNeedingEncoding":0,"optionsNeedingMapping":0,"declinedFallbackCount":0,"blockerCount":0}
{"level":"info","time":1790990443918,"pid":94435,"hostname":"Mac.net","event":"v5.coaching.run_delta_outcome","scenario_id":"7c6e1a2b-3a4f-4e5d-8c6b-7a8f9e0d1c24","outcome":"skipped","reason":"caller_binds_run_delta","prior_facts_count":null,"run_analysis_facts_count":null,"wire_reason_carried":null}
{"level":"info","time":1790990443922,"pid":94435,"hostname":"Mac.net","event":"cee.analysis_ready.built","optionCount":2,"status":"ready","userQuestionCount":0,"goalNodeId":"goal_x","readyOptionsCount":2,"optionsNeedingEncoding":0,"optionsNeedingMapping":0,"declinedFallbackCount":0,"blockerCount":0}
{"level":"info","time":1790990443924,"pid":94435,"hostname":"Mac.net","event":"cee.analysis_ready.built","optionCount":2,"status":"ready","userQuestionCount":0,"goalNodeId":"goal_x","readyOptionsCount":2,"optionsNeedingEncoding":0,"optionsNeedingMapping":0,"declinedFallbackCount":0,"blockerCount":0}
{"level":"info","time":1790990443925,"pid":94435,"hostname":"Mac.net","event":"v5.coaching.run_delta_outcome","scenario_id":"7c6e1a2b-3a4f-4e5d-8c6b-7a8f9e0d1c24","outcome":"skipped","reason":"caller_binds_run_delta","prior_facts_count":null,"run_analysis_facts_count":null,"wire_reason_carried":null}
{"level":"info","time":1790990443930,"pid":94435,"hostname":"Mac.net","event":"cee.analysis_ready.built","optionCount":2,"status":"ready","userQuestionCount":0,"goalNodeId":"goal_x","readyOptionsCount":2,"optionsNeedingEncoding":0,"optionsNeedingMapping":0,"declinedFallbackCount":0,"blockerCount":0}
{"level":"info","time":1790990443932,"pid":94435,"hostname":"Mac.net","event":"cee.analysis_ready.built","optionCount":2,"status":"ready","userQuestionCount":0,"goalNodeId":"goal_x","readyOptionsCount":2,"optionsNeedingEncoding":0,"optionsNeedingMapping":0,"declinedFallbackCount":0,"blockerCount":0}
{"level":"error","time":1790990443934,"pid":94435,"hostname":"Mac.net","site":"agent-v1-turn.callModel","status":400,"detail":"{\"error\":{\"message\":\"Unsupported parameter.\",\"type\":\"invalid_request_error\",\"param\":\"input[0].content[0].prompt_cache_breakpoint\"}}","msg":"agent-lane: provider refused the instructions cache breakpoint; sending top-level instructions from now on"}
{"level":"info","time":1790990443936,"pid":94435,"hostname":"Mac.net","event":"cee.analysis_ready.built","optionCount":2,"status":"ready","userQuestionCount":0,"goalNodeId":"goal_x","readyOptionsCount":2,"optionsNeedingEncoding":0,"optionsNeedingMapping":0,"declinedFallbackCount":0,"blockerCount":0}
{"level":"info","time":1790990443939,"pid":94435,"hostname":"Mac.net","event":"cee.analysis_ready.built","optionCount":2,"status":"ready","userQuestionCount":0,"goalNodeId":"goal_x","readyOptionsCount":2,"optionsNeedingEncoding":0,"optionsNeedingMapping":0,"declinedFallbackCount":0,"blockerCount":0}
{"level":"info","time":1790990443940,"pid":94435,"hostname":"Mac.net","event":"cee.analysis_ready.built","optionCount":2,"status":"ready","userQuestionCount":0,"goalNodeId":"goal_x","readyOptionsCount":2,"optionsNeedingEncoding":0,"optionsNeedingMapping":0,"declinedFallbackCount":0,"blockerCount":0}
{"level":"info","time":1790990443941,"pid":94435,"hostname":"Mac.net","event":"v5.coaching.run_delta_outcome","scenario_id":"7c6e1a2b-3a4f-4e5d-8c6b-7a8f9e0d1c25","outcome":"skipped","reason":"caller_binds_run_delta","prior_facts_count":null,"run_analysis_facts_count":null,"wire_reason_carried":null}
{"level":"info","time":1790990445581,"pid":94555,"hostname":"Mac.net","event":"agent_lane.route_mounted","msg":"POST /agent/v1/turn mounted"}
{"level":"info","time":1790990445613,"pid":94555,"hostname":"Mac.net","event":"v5.coaching.run_delta_outcome","scenario_id":"e2da8174-1882-4ce4-82f7-592ecf84098d","outcome":"skipped","reason":"caller_binds_run_delta","prior_facts_count":null,"run_analysis_facts_count":null,"wire_reason_carried":null}
{"level":"info","time":1790990445620,"pid":94555,"hostname":"Mac.net","event":"v5.egress.leading_option_claim_neutralised_at_wire","request_id":"req-1","exit_path":"agent_lane_v1","edited_fields":"blocks","mode":"surgical","original_length":0,"projected_length":0}
{"level":"info","time":1790990445632,"pid":94555,"hostname":"Mac.net","event":"v5.egress.leading_option_claim_neutralised_at_wire","request_id":"req-1","exit_path":"agent_lane_v1_final","edited_fields":"blocks","mode":"surgical","original_length":0,"projected_length":0}
{"level":"info","time":1790990445643,"pid":94555,"hostname":"Mac.net","event":"v5.coaching.run_delta_outcome","scenario_id":"3d94551e-f5d1-4eee-aa7a-7c190e8cb3ea","outcome":"skipped","reason":"caller_binds_run_delta","prior_facts_count":null,"run_analysis_facts_count":null,"wire_reason_carried":null}
{"level":"info","time":1790990445645,"pid":94555,"hostname":"Mac.net","event":"v5.egress.leading_option_claim_neutralised_at_wire","request_id":"req-4","exit_path":"agent_lane_v1","edited_fields":"blocks","mode":"surgical","original_length":0,"projected_length":0}
{"level":"info","time":1790990445647,"pid":94555,"hostname":"Mac.net","event":"v5.egress.leading_option_claim_neutralised_at_wire","request_id":"req-4","exit_path":"agent_lane_v1_final","edited_fields":"blocks","mode":"surgical","original_length":0,"projected_length":0}
{"level":"info","time":1790990445654,"pid":94555,"hostname":"Mac.net","event":"v5.coaching.run_delta_outcome","scenario_id":"844b9f0b-6703-46ad-a30b-e02e70b47d1b","outcome":"skipped","reason":"caller_binds_run_delta","prior_facts_count":null,"run_analysis_facts_count":null,"wire_reason_carried":null}
{"level":"info","time":1790990445656,"pid":94555,"hostname":"Mac.net","event":"v5.egress.leading_option_claim_neutralised_at_wire","request_id":"req-7","exit_path":"agent_lane_v1","edited_fields":"blocks","mode":"surgical","original_length":0,"projected_length":0}
{"level":"info","time":1790990445658,"pid":94555,"hostname":"Mac.net","event":"v5.egress.leading_option_claim_neutralised_at_wire","request_id":"req-7","exit_path":"agent_lane_v1_final","edited_fields":"blocks","mode":"surgical","original_length":0,"projected_length":0}
{"level":"info","time":1790990445664,"pid":94555,"hostname":"Mac.net","event":"v5.coaching.run_delta_outcome","scenario_id":"0fa26c6a-d3dc-418c-88d7-f84de404ea84","outcome":"skipped","reason":"caller_binds_run_delta","prior_facts_count":null,"run_analysis_facts_count":null,"wire_reason_carried":null}
{"level":"info","time":1790990445670,"pid":94555,"hostname":"Mac.net","event":"v5.coaching.run_delta_outcome","scenario_id":"7b3643bf-bbf6-4dde-8d29-3f23e6449e75","outcome":"skipped","reason":"caller_binds_run_delta","prior_facts_count":null,"run_analysis_facts_count":null,"wire_reason_carried":null}
{"level":"info","time":1790990445671,"pid":94555,"hostname":"Mac.net","event":"v5.egress.leading_option_claim_neutralised_at_wire","request_id":"req-d","exit_path":"agent_lane_v1","edited_fields":"blocks","mode":"surgical","original_length":0,"projected_length":0}
{"level":"info","time":1790990445673,"pid":94555,"hostname":"Mac.net","event":"v5.egress.leading_option_claim_neutralised_at_wire","request_id":"req-d","exit_path":"agent_lane_v1_final","edited_fields":"blocks","mode":"surgical","original_length":0,"projected_length":0}
{"level":"info","time":1790990445678,"pid":94555,"hostname":"Mac.net","event":"v5.coaching.run_delta_outcome","scenario_id":"5cf35b55-4256-4824-aa0b-2eac432403c7","outcome":"skipped","reason":"caller_binds_run_delta","prior_facts_count":null,"run_analysis_facts_count":null,"wire_reason_carried":null}
{"level":"info","time":1790990445678,"pid":94555,"hostname":"Mac.net","event":"v5.egress.leading_option_claim_neutralised_at_wire","request_id":"req-g","exit_path":"agent_lane_v1","edited_fields":"blocks","mode":"surgical","original_length":0,"projected_length":0}
{"level":"info","time":1790990445680,"pid":94555,"hostname":"Mac.net","event":"v5.egress.leading_option_claim_neutralised_at_wire","request_id":"req-g","exit_path":"agent_lane_v1_final","edited_fields":"blocks","mode":"surgical","original_length":0,"projected_length":0}
{"level":"info","time":1790990445685,"pid":94555,"hostname":"Mac.net","event":"v5.coaching.run_delta_outcome","scenario_id":"84bb1331-1ab8-4229-af30-10a83cdd9cd0","outcome":"skipped","reason":"caller_binds_run_delta","prior_facts_count":null,"run_analysis_facts_count":null,"wire_reason_carried":null}
{"level":"info","time":1790990445686,"pid":94555,"hostname":"Mac.net","event":"v5.egress.leading_option_claim_neutralised_at_wire","request_id":"req-j","exit_path":"agent_lane_v1","edited_fields":"blocks","mode":"surgical","original_length":0,"projected_length":0}
{"level":"info","time":1790990445688,"pid":94555,"hostname":"Mac.net","event":"v5.egress.leading_option_claim_neutralised_at_wire","request_id":"req-j","exit_path":"agent_lane_v1_final","edited_fields":"blocks","mode":"surgical","original_length":0,"projected_length":0}
{"level":"info","time":1790990445693,"pid":94555,"hostname":"Mac.net","event":"v5.coaching.run_delta_outcome","scenario_id":"fde7693e-d63c-4da5-b0d8-e81be025414a","outcome":"skipped","reason":"caller_binds_run_delta","prior_facts_count":null,"run_analysis_facts_count":null,"wire_reason_carried":null}
{"level":"info","time":1790990445693,"pid":94555,"hostname":"Mac.net","event":"v5.egress.leading_option_claim_neutralised_at_wire","request_id":"req-m","exit_path":"agent_lane_v1","edited_fields":"blocks","mode":"surgical","original_length":0,"projected_length":0}
{"level":"info","time":1790990445695,"pid":94555,"hostname":"Mac.net","event":"v5.egress.leading_option_claim_neutralised_at_wire","request_id":"req-m","exit_path":"agent_lane_v1_final","edited_fields":"blocks","mode":"surgical","original_length":0,"projected_length":0}
{"level":"info","time":1790990445699,"pid":94555,"hostname":"Mac.net","event":"v5.coaching.run_delta_outcome","scenario_id":"fde7693e-d63c-4da5-b0d8-e81be025414a","outcome":"skipped","reason":"caller_binds_run_delta","prior_facts_count":null,"run_analysis_facts_count":null,"wire_reason_carried":null}
{"level":"info","time":1790990445706,"pid":94555,"hostname":"Mac.net","event":"v5.coaching.run_delta_outcome","scenario_id":"47f5b63a-d0f0-40b8-bda9-26079e081acc","outcome":"skipped","reason":"caller_binds_run_delta","prior_facts_count":null,"run_analysis_facts_count":null,"wire_reason_carried":null}
{"level":"info","time":1790990445707,"pid":94555,"hostname":"Mac.net","event":"v5.egress.leading_option_claim_neutralised_at_wire","request_id":"req-s","exit_path":"agent_lane_v1","edited_fields":"blocks","mode":"surgical","original_length":0,"projected_length":0}
{"level":"info","time":1790990445709,"pid":94555,"hostname":"Mac.net","event":"v5.egress.leading_option_claim_neutralised_at_wire","request_id":"req-s","exit_path":"agent_lane_v1_final","edited_fields":"blocks","mode":"surgical","original_length":0,"projected_length":0}
{"level":"info","time":1790990445712,"pid":94555,"hostname":"Mac.net","event":"v5.coaching.run_delta_outcome","scenario_id":"47f5b63a-d0f0-40b8-bda9-26079e081acc","outcome":"skipped","reason":"caller_binds_run_delta","prior_facts_count":null,"run_analysis_facts_count":null,"wire_reason_carried":null}

 Test Files  2 passed (2)
      Tests  31 passed (31)
   Start at  02:20:25
   Duration  20.09s (transform 4.29s, setup 157ms, import 1.25s, tests 18.47s, environment 0ms)

