 WARN  Issue while reading "/private/tmp/scihero-cee-1790984347/.npmrc". Failed to replace env in config: ${NPM_PACKAGES_TOKEN}
 WARN  Issue while reading "/private/tmp/scihero-cee-1790984347/.npmrc". Failed to replace env in config: ${NPM_PACKAGES_TOKEN}

 RUN  v4.1.10 /private/tmp/scihero-cee-1790984347

{"level":"info","time":1790992240770,"pid":2307,"hostname":"Mac.net","event":"agent_lane.route_mounted","msg":"POST /agent/v1/turn mounted"}
{"level":"info","time":1790992240827,"pid":2307,"hostname":"Mac.net","event":"cee.analysis_ready.built","optionCount":2,"status":"ready","userQuestionCount":0,"goalNodeId":"goal_x","readyOptionsCount":2,"optionsNeedingEncoding":0,"optionsNeedingMapping":0,"declinedFallbackCount":0,"blockerCount":0}
{"level":"info","time":1790992240833,"pid":2307,"hostname":"Mac.net","event":"cee.analysis_ready.built","optionCount":2,"status":"ready","userQuestionCount":0,"goalNodeId":"goal_x","readyOptionsCount":2,"optionsNeedingEncoding":0,"optionsNeedingMapping":0,"declinedFallbackCount":0,"blockerCount":0}
{"level":"info","time":1790992240838,"pid":2307,"hostname":"Mac.net","event":"cee.analysis_ready.built","optionCount":2,"status":"ready","userQuestionCount":0,"goalNodeId":"goal_x","readyOptionsCount":2,"optionsNeedingEncoding":0,"optionsNeedingMapping":0,"declinedFallbackCount":0,"blockerCount":0}
{"level":"info","time":1790992240846,"pid":2307,"hostname":"Mac.net","event":"cee.analysis_ready.built","optionCount":2,"status":"ready","userQuestionCount":0,"goalNodeId":"goal_x","readyOptionsCount":2,"optionsNeedingEncoding":0,"optionsNeedingMapping":0,"declinedFallbackCount":0,"blockerCount":0}
{"level":"info","time":1790992240851,"pid":2307,"hostname":"Mac.net","event":"cee.analysis_ready.built","optionCount":2,"status":"ready","userQuestionCount":0,"goalNodeId":"goal_x","readyOptionsCount":2,"optionsNeedingEncoding":0,"optionsNeedingMapping":0,"declinedFallbackCount":0,"blockerCount":0}
{"level":"info","time":1790992240854,"pid":2307,"hostname":"Mac.net","event":"v5.coaching.run_delta_outcome","scenario_id":"7c6e1a2b-3a4f-4e5d-8c6b-7a8f9e0d1c01","outcome":"skipped","reason":"caller_binds_run_delta","prior_facts_count":null,"run_analysis_facts_count":null,"wire_reason_carried":null}
·{"level":"info","time":1790992240879,"pid":2307,"hostname":"Mac.net","event":"cee.analysis_ready.built","optionCount":2,"status":"ready","userQuestionCount":0,"goalNodeId":"goal_x","readyOptionsCount":2,"optionsNeedingEncoding":0,"optionsNeedingMapping":0,"declinedFallbackCount":0,"blockerCount":0}
{"level":"info","time":1790992240881,"pid":2307,"hostname":"Mac.net","event":"cee.analysis_ready.built","optionCount":2,"status":"ready","userQuestionCount":0,"goalNodeId":"goal_x","readyOptionsCount":2,"optionsNeedingEncoding":0,"optionsNeedingMapping":0,"declinedFallbackCount":0,"blockerCount":0}
{"level":"info","time":1790992240884,"pid":2307,"hostname":"Mac.net","event":"cee.analysis_ready.built","optionCount":2,"status":"ready","userQuestionCount":0,"goalNodeId":"goal_x","readyOptionsCount":2,"optionsNeedingEncoding":0,"optionsNeedingMapping":0,"declinedFallbackCount":0,"blockerCount":0}
{"level":"info","time":1790992240888,"pid":2307,"hostname":"Mac.net","event":"cee.analysis_ready.built","optionCount":2,"status":"ready","userQuestionCount":0,"goalNodeId":"goal_x","readyOptionsCount":2,"optionsNeedingEncoding":0,"optionsNeedingMapping":0,"declinedFallbackCount":0,"blockerCount":0}
{"level":"info","time":1790992240889,"pid":2307,"hostname":"Mac.net","event":"cee.analysis_ready.built","optionCount":2,"status":"ready","userQuestionCount":0,"goalNodeId":"goal_x","readyOptionsCount":2,"optionsNeedingEncoding":0,"optionsNeedingMapping":0,"declinedFallbackCount":0,"blockerCount":0}
{"level":"info","time":1790992240891,"pid":2307,"hostname":"Mac.net","event":"v5.coaching.run_delta_outcome","scenario_id":"7c6e1a2b-3a4f-4e5d-8c6b-7a8f9e0d1c02","outcome":"skipped","reason":"caller_binds_run_delta","prior_facts_count":null,"run_analysis_facts_count":null,"wire_reason_carried":null}
{"level":"info","time":1790992240901,"pid":2307,"hostname":"Mac.net","event":"cee.analysis_ready.built","optionCount":2,"status":"ready","userQuestionCount":0,"goalNodeId":"goal_x","readyOptionsCount":2,"optionsNeedingEncoding":0,"optionsNeedingMapping":0,"declinedFallbackCount":0,"blockerCount":0}
{"level":"info","time":1790992240903,"pid":2307,"hostname":"Mac.net","event":"cee.analysis_ready.built","optionCount":2,"status":"ready","userQuestionCount":0,"goalNodeId":"goal_x","readyOptionsCount":2,"optionsNeedingEncoding":0,"optionsNeedingMapping":0,"declinedFallbackCount":0,"blockerCount":0}
{"level":"info","time":1790992240905,"pid":2307,"hostname":"Mac.net","event":"cee.analysis_ready.built","optionCount":2,"status":"ready","userQuestionCount":0,"goalNodeId":"goal_x","readyOptionsCount":2,"optionsNeedingEncoding":0,"optionsNeedingMapping":0,"declinedFallbackCount":0,"blockerCount":0}
{"level":"info","time":1790992240907,"pid":2307,"hostname":"Mac.net","event":"cee.analysis_ready.built","optionCount":2,"status":"ready","userQuestionCount":0,"goalNodeId":"goal_x","readyOptionsCount":2,"optionsNeedingEncoding":0,"optionsNeedingMapping":0,"declinedFallbackCount":0,"blockerCount":0}
{"level":"info","time":1790992240908,"pid":2307,"hostname":"Mac.net","event":"cee.analysis_ready.built","optionCount":2,"status":"ready","userQuestionCount":0,"goalNodeId":"goal_x","readyOptionsCount":2,"optionsNeedingEncoding":0,"optionsNeedingMapping":0,"declinedFallbackCount":0,"blockerCount":0}
{"level":"info","time":1790992240909,"pid":2307,"hostname":"Mac.net","event":"v5.coaching.run_delta_outcome","scenario_id":"7c6e1a2b-3a4f-4e5d-8c6b-7a8f9e0d1c03","outcome":"skipped","reason":"caller_binds_run_delta","prior_facts_count":null,"run_analysis_facts_count":null,"wire_reason_carried":null}
{"level":"info","time":1790992240918,"pid":2307,"hostname":"Mac.net","event":"cee.analysis_ready.built","optionCount":2,"status":"ready","userQuestionCount":0,"goalNodeId":"goal_x","readyOptionsCount":2,"optionsNeedingEncoding":0,"optionsNeedingMapping":0,"declinedFallbackCount":0,"blockerCount":0}
{"level":"info","time":1790992240919,"pid":2307,"hostname":"Mac.net","event":"cee.analysis_ready.built","optionCount":2,"status":"ready","userQuestionCount":0,"goalNodeId":"goal_x","readyOptionsCount":2,"optionsNeedingEncoding":0,"optionsNeedingMapping":0,"declinedFallbackCount":0,"blockerCount":0}
{"level":"info","time":1790992240922,"pid":2307,"hostname":"Mac.net","event":"cee.analysis_ready.built","optionCount":2,"status":"ready","userQuestionCount":0,"goalNodeId":"goal_x","readyOptionsCount":2,"optionsNeedingEncoding":0,"optionsNeedingMapping":0,"declinedFallbackCount":0,"blockerCount":0}
{"level":"info","time":1790992240923,"pid":2307,"hostname":"Mac.net","event":"cee.analysis_ready.built","optionCount":2,"status":"ready","userQuestionCount":0,"goalNodeId":"goal_x","readyOptionsCount":2,"optionsNeedingEncoding":0,"optionsNeedingMapping":0,"declinedFallbackCount":0,"blockerCount":0}
{"level":"info","time":1790992240924,"pid":2307,"hostname":"Mac.net","event":"cee.analysis_ready.built","optionCount":2,"status":"ready","userQuestionCount":0,"goalNodeId":"goal_x","readyOptionsCount":2,"optionsNeedingEncoding":0,"optionsNeedingMapping":0,"declinedFallbackCount":0,"blockerCount":0}
{"level":"info","time":1790992240924,"pid":2307,"hostname":"Mac.net","event":"v5.coaching.run_delta_outcome","scenario_id":"7c6e1a2b-3a4f-4e5d-8c6b-7a8f9e0d1c04","outcome":"skipped","reason":"caller_binds_run_delta","prior_facts_count":null,"run_analysis_facts_count":null,"wire_reason_carried":null}
{"level":"info","time":1790992240933,"pid":2307,"hostname":"Mac.net","event":"cee.analysis_ready.built","optionCount":2,"status":"ready","userQuestionCount":0,"goalNodeId":"goal_x","readyOptionsCount":2,"optionsNeedingEncoding":0,"optionsNeedingMapping":0,"declinedFallbackCount":0,"blockerCount":0}
{"level":"info","time":1790992240935,"pid":2307,"hostname":"Mac.net","event":"cee.analysis_ready.built","optionCount":2,"status":"ready","userQuestionCount":0,"goalNodeId":"goal_x","readyOptionsCount":2,"optionsNeedingEncoding":0,"optionsNeedingMapping":0,"declinedFallbackCount":0,"blockerCount":0}
{"level":"info","time":1790992240937,"pid":2307,"hostname":"Mac.net","event":"cee.analysis_ready.built","optionCount":2,"status":"ready","userQuestionCount":0,"goalNodeId":"goal_x","readyOptionsCount":2,"optionsNeedingEncoding":0,"optionsNeedingMapping":0,"declinedFallbackCount":0,"blockerCount":0}
{"level":"info","time":1790992240939,"pid":2307,"hostname":"Mac.net","event":"cee.analysis_ready.built","optionCount":2,"status":"ready","userQuestionCount":0,"goalNodeId":"goal_x","readyOptionsCount":2,"optionsNeedingEncoding":0,"optionsNeedingMapping":0,"declinedFallbackCount":0,"blockerCount":0}
{"level":"info","time":1790992240940,"pid":2307,"hostname":"Mac.net","event":"cee.analysis_ready.built","optionCount":2,"status":"ready","userQuestionCount":0,"goalNodeId":"goal_x","readyOptionsCount":2,"optionsNeedingEncoding":0,"optionsNeedingMapping":0,"declinedFallbackCount":0,"blockerCount":0}
{"level":"info","time":1790992240940,"pid":2307,"hostname":"Mac.net","event":"v5.coaching.run_delta_outcome","scenario_id":"7c6e1a2b-3a4f-4e5d-8c6b-7a8f9e0d1c05","outcome":"skipped","reason":"caller_binds_run_delta","prior_facts_count":null,"run_analysis_facts_count":null,"wire_reason_carried":null}
{"level":"info","time":1790992240950,"pid":2307,"hostname":"Mac.net","event":"cee.analysis_ready.built","optionCount":2,"status":"ready","userQuestionCount":0,"goalNodeId":"goal_x","readyOptionsCount":2,"optionsNeedingEncoding":0,"optionsNeedingMapping":0,"declinedFallbackCount":0,"blockerCount":0}
{"level":"info","time":1790992240952,"pid":2307,"hostname":"Mac.net","event":"cee.analysis_ready.built","optionCount":2,"status":"ready","userQuestionCount":0,"goalNodeId":"goal_x","readyOptionsCount":2,"optionsNeedingEncoding":0,"optionsNeedingMapping":0,"declinedFallbackCount":0,"blockerCount":0}
{"level":"info","time":1790992240954,"pid":2307,"hostname":"Mac.net","event":"cee.analysis_ready.built","optionCount":2,"status":"ready","userQuestionCount":0,"goalNodeId":"goal_x","readyOptionsCount":2,"optionsNeedingEncoding":0,"optionsNeedingMapping":0,"declinedFallbackCount":0,"blockerCount":0}
{"level":"info","time":1790992240955,"pid":2307,"hostname":"Mac.net","event":"cee.analysis_ready.built","optionCount":2,"status":"ready","userQuestionCount":0,"goalNodeId":"goal_x","readyOptionsCount":2,"optionsNeedingEncoding":0,"optionsNeedingMapping":0,"declinedFallbackCount":0,"blockerCount":0}
{"level":"info","time":1790992240956,"pid":2307,"hostname":"Mac.net","event":"cee.analysis_ready.built","optionCount":2,"status":"ready","userQuestionCount":0,"goalNodeId":"goal_x","readyOptionsCount":2,"optionsNeedingEncoding":0,"optionsNeedingMapping":0,"declinedFallbackCount":0,"blockerCount":0}
{"level":"info","time":1790992240956,"pid":2307,"hostname":"Mac.net","event":"v5.coaching.run_delta_outcome","scenario_id":"7c6e1a2b-3a4f-4e5d-8c6b-7a8f9e0d1c06","outcome":"skipped","reason":"caller_binds_run_delta","prior_facts_count":null,"run_analysis_facts_count":null,"wire_reason_carried":null}
{"level":"info","time":1790992240964,"pid":2307,"hostname":"Mac.net","event":"cee.analysis_ready.built","optionCount":2,"status":"ready","userQuestionCount":0,"goalNodeId":"goal_x","readyOptionsCount":2,"optionsNeedingEncoding":0,"optionsNeedingMapping":0,"declinedFallbackCount":0,"blockerCount":0}
{"level":"info","time":1790992240965,"pid":2307,"hostname":"Mac.net","event":"cee.analysis_ready.built","optionCount":2,"status":"ready","userQuestionCount":0,"goalNodeId":"goal_x","readyOptionsCount":2,"optionsNeedingEncoding":0,"optionsNeedingMapping":0,"declinedFallbackCount":0,"blockerCount":0}
{"level":"info","time":1790992240967,"pid":2307,"hostname":"Mac.net","event":"cee.analysis_ready.built","optionCount":2,"status":"ready","userQuestionCount":0,"goalNodeId":"goal_x","readyOptionsCount":2,"optionsNeedingEncoding":0,"optionsNeedingMapping":0,"declinedFallbackCount":0,"blockerCount":0}
{"level":"info","time":1790992240968,"pid":2307,"hostname":"Mac.net","event":"cee.analysis_ready.built","optionCount":2,"status":"ready","userQuestionCount":0,"goalNodeId":"goal_x","readyOptionsCount":2,"optionsNeedingEncoding":0,"optionsNeedingMapping":0,"declinedFallbackCount":0,"blockerCount":0}
{"level":"info","time":1790992240969,"pid":2307,"hostname":"Mac.net","event":"cee.analysis_ready.built","optionCount":2,"status":"ready","userQuestionCount":0,"goalNodeId":"goal_x","readyOptionsCount":2,"optionsNeedingEncoding":0,"optionsNeedingMapping":0,"declinedFallbackCount":0,"blockerCount":0}
{"level":"info","time":1790992240970,"pid":2307,"hostname":"Mac.net","event":"v5.coaching.run_delta_outcome","scenario_id":"7c6e1a2b-3a4f-4e5d-8c6b-7a8f9e0d1c07","outcome":"skipped","reason":"caller_binds_run_delta","prior_facts_count":null,"run_analysis_facts_count":null,"wire_reason_carried":null}
{"level":"info","time":1790992240974,"pid":2307,"hostname":"Mac.net","event":"cee.analysis_ready.built","optionCount":2,"status":"ready","userQuestionCount":0,"goalNodeId":"goal_x","readyOptionsCount":2,"optionsNeedingEncoding":0,"optionsNeedingMapping":0,"declinedFallbackCount":0,"blockerCount":0}
·····{"level":"info","time":1790992240976,"pid":2307,"hostname":"Mac.net","event":"cee.analysis_ready.built","optionCount":2,"status":"ready","userQuestionCount":0,"goalNodeId":"goal_x","readyOptionsCount":2,"optionsNeedingEncoding":0,"optionsNeedingMapping":0,"declinedFallbackCount":0,"blockerCount":0}
{"level":"info","time":1790992240977,"pid":2307,"hostname":"Mac.net","event":"v5.coaching.run_delta_outcome","scenario_id":"7c6e1a2b-3a4f-4e5d-8c6b-7a8f9e0d1c07","outcome":"skipped","reason":"caller_binds_run_delta","prior_facts_count":null,"run_analysis_facts_count":null,"wire_reason_carried":null}
{"level":"info","time":1790992244990,"pid":2307,"hostname":"Mac.net","event":"cee.analysis_ready.built","optionCount":2,"status":"ready","userQuestionCount":0,"goalNodeId":"goal_x","readyOptionsCount":2,"optionsNeedingEncoding":0,"optionsNeedingMapping":0,"declinedFallbackCount":0,"blockerCount":0}
{"level":"info","time":1790992244992,"pid":2307,"hostname":"Mac.net","event":"cee.analysis_ready.built","optionCount":2,"status":"ready","userQuestionCount":0,"goalNodeId":"goal_x","readyOptionsCount":2,"optionsNeedingEncoding":0,"optionsNeedingMapping":0,"declinedFallbackCount":0,"blockerCount":0}
{"level":"info","time":1790992244994,"pid":2307,"hostname":"Mac.net","event":"cee.analysis_ready.built","optionCount":2,"status":"ready","userQuestionCount":0,"goalNodeId":"goal_x","readyOptionsCount":2,"optionsNeedingEncoding":0,"optionsNeedingMapping":0,"declinedFallbackCount":0,"blockerCount":0}
{"level":"info","time":1790992244996,"pid":2307,"hostname":"Mac.net","event":"cee.analysis_ready.built","optionCount":2,"status":"ready","userQuestionCount":0,"goalNodeId":"goal_x","readyOptionsCount":2,"optionsNeedingEncoding":0,"optionsNeedingMapping":0,"declinedFallbackCount":0,"blockerCount":0}
{"level":"info","time":1790992244999,"pid":2307,"hostname":"Mac.net","event":"cee.analysis_ready.built","optionCount":2,"status":"ready","userQuestionCount":0,"goalNodeId":"goal_x","readyOptionsCount":2,"optionsNeedingEncoding":0,"optionsNeedingMapping":0,"declinedFallbackCount":0,"blockerCount":0}
{"level":"info","time":1790992245000,"pid":2307,"hostname":"Mac.net","event":"v5.coaching.run_delta_outcome","scenario_id":"7c6e1a2b-3a4f-4e5d-8c6b-7a8f9e0d1c08","outcome":"skipped","reason":"caller_binds_run_delta","prior_facts_count":null,"run_analysis_facts_count":null,"wire_reason_carried":null}
·{"level":"info","time":1790992249012,"pid":2307,"hostname":"Mac.net","event":"v5.coaching.run_delta_outcome","scenario_id":"7c6e1a2b-3a4f-4e5d-8c6b-7a8f9e0d1c09","outcome":"skipped","reason":"caller_binds_run_delta","prior_facts_count":null,"run_analysis_facts_count":null,"wire_reason_carried":null}
·{"level":"info","time":1790992249024,"pid":2307,"hostname":"Mac.net","event":"cee.analysis_ready.built","optionCount":2,"status":"ready","userQuestionCount":0,"goalNodeId":"goal_x","readyOptionsCount":2,"optionsNeedingEncoding":0,"optionsNeedingMapping":0,"declinedFallbackCount":0,"blockerCount":0}
{"level":"info","time":1790992249026,"pid":2307,"hostname":"Mac.net","event":"cee.analysis_ready.built","optionCount":2,"status":"ready","userQuestionCount":0,"goalNodeId":"goal_x","readyOptionsCount":2,"optionsNeedingEncoding":0,"optionsNeedingMapping":0,"declinedFallbackCount":0,"blockerCount":0}
{"level":"info","time":1790992249028,"pid":2307,"hostname":"Mac.net","event":"cee.analysis_ready.built","optionCount":2,"status":"ready","userQuestionCount":0,"goalNodeId":"goal_x","readyOptionsCount":2,"optionsNeedingEncoding":0,"optionsNeedingMapping":0,"declinedFallbackCount":0,"blockerCount":0}
{"level":"info","time":1790992249030,"pid":2307,"hostname":"Mac.net","event":"cee.analysis_ready.built","optionCount":2,"status":"ready","userQuestionCount":0,"goalNodeId":"goal_x","readyOptionsCount":2,"optionsNeedingEncoding":0,"optionsNeedingMapping":0,"declinedFallbackCount":0,"blockerCount":0}
{"level":"info","time":1790992249032,"pid":2307,"hostname":"Mac.net","event":"cee.analysis_ready.built","optionCount":2,"status":"ready","userQuestionCount":0,"goalNodeId":"goal_x","readyOptionsCount":2,"optionsNeedingEncoding":0,"optionsNeedingMapping":0,"declinedFallbackCount":0,"blockerCount":0}
{"level":"info","time":1790992249033,"pid":2307,"hostname":"Mac.net","event":"v5.coaching.run_delta_outcome","scenario_id":"7c6e1a2b-3a4f-4e5d-8c6b-7a8f9e0d1c10","outcome":"skipped","reason":"caller_binds_run_delta","prior_facts_count":null,"run_analysis_facts_count":null,"wire_reason_carried":null}
{"level":"info","time":1790992249041,"pid":2307,"hostname":"Mac.net","event":"cee.analysis_ready.built","optionCount":2,"status":"ready","userQuestionCount":0,"goalNodeId":"goal_x","readyOptionsCount":2,"optionsNeedingEncoding":0,"optionsNeedingMapping":0,"declinedFallbackCount":0,"blockerCount":0}
{"level":"info","time":1790992249042,"pid":2307,"hostname":"Mac.net","event":"cee.analysis_ready.built","optionCount":2,"status":"ready","userQuestionCount":0,"goalNodeId":"goal_x","readyOptionsCount":2,"optionsNeedingEncoding":0,"optionsNeedingMapping":0,"declinedFallbackCount":0,"blockerCount":0}
{"level":"info","time":1790992249044,"pid":2307,"hostname":"Mac.net","event":"cee.analysis_ready.built","optionCount":2,"status":"ready","userQuestionCount":0,"goalNodeId":"goal_x","readyOptionsCount":2,"optionsNeedingEncoding":0,"optionsNeedingMapping":0,"declinedFallbackCount":0,"blockerCount":0}
{"level":"info","time":1790992249046,"pid":2307,"hostname":"Mac.net","event":"cee.analysis_ready.built","optionCount":2,"status":"ready","userQuestionCount":0,"goalNodeId":"goal_x","readyOptionsCount":2,"optionsNeedingEncoding":0,"optionsNeedingMapping":0,"declinedFallbackCount":0,"blockerCount":0}
{"level":"info","time":1790992249046,"pid":2307,"hostname":"Mac.net","event":"cee.analysis_ready.built","optionCount":2,"status":"ready","userQuestionCount":0,"goalNodeId":"goal_x","readyOptionsCount":2,"optionsNeedingEncoding":0,"optionsNeedingMapping":0,"declinedFallbackCount":0,"blockerCount":0}
{"level":"info","time":1790992249048,"pid":2307,"hostname":"Mac.net","event":"v5.coaching.run_delta_outcome","scenario_id":"7c6e1a2b-3a4f-4e5d-8c6b-7a8f9e0d1c11","outcome":"skipped","reason":"caller_binds_run_delta","prior_facts_count":null,"run_analysis_facts_count":null,"wire_reason_carried":null}
{"level":"info","time":1790992249056,"pid":2307,"hostname":"Mac.net","event":"cee.analysis_ready.built","optionCount":2,"status":"ready","userQuestionCount":0,"goalNodeId":"goal_x","readyOptionsCount":2,"optionsNeedingEncoding":0,"optionsNeedingMapping":0,"declinedFallbackCount":0,"blockerCount":0}
{"level":"info","time":1790992249057,"pid":2307,"hostname":"Mac.net","event":"cee.analysis_ready.built","optionCount":2,"status":"ready","userQuestionCount":0,"goalNodeId":"goal_x","readyOptionsCount":2,"optionsNeedingEncoding":0,"optionsNeedingMapping":0,"declinedFallbackCount":0,"blockerCount":0}
{"level":"info","time":1790992249059,"pid":2307,"hostname":"Mac.net","event":"cee.analysis_ready.built","optionCount":2,"status":"ready","userQuestionCount":0,"goalNodeId":"goal_x","readyOptionsCount":2,"optionsNeedingEncoding":0,"optionsNeedingMapping":0,"declinedFallbackCount":0,"blockerCount":0}
{"level":"info","time":1790992249060,"pid":2307,"hostname":"Mac.net","event":"cee.analysis_ready.built","optionCount":2,"status":"ready","userQuestionCount":0,"goalNodeId":"goal_x","readyOptionsCount":2,"optionsNeedingEncoding":0,"optionsNeedingMapping":0,"declinedFallbackCount":0,"blockerCount":0}
{"level":"info","time":1790992249061,"pid":2307,"hostname":"Mac.net","event":"cee.analysis_ready.built","optionCount":2,"status":"ready","userQuestionCount":0,"goalNodeId":"goal_x","readyOptionsCount":2,"optionsNeedingEncoding":0,"optionsNeedingMapping":0,"declinedFallbackCount":0,"blockerCount":0}
{"level":"info","time":1790992249062,"pid":2307,"hostname":"Mac.net","event":"v5.coaching.run_delta_outcome","scenario_id":"7c6e1a2b-3a4f-4e5d-8c6b-7a8f9e0d1c12","outcome":"skipped","reason":"caller_binds_run_delta","prior_facts_count":null,"run_analysis_facts_count":null,"wire_reason_carried":null}
{"level":"info","time":1790992249070,"pid":2307,"hostname":"Mac.net","event":"cee.analysis_ready.built","optionCount":2,"status":"ready","userQuestionCount":0,"goalNodeId":"goal_x","readyOptionsCount":2,"optionsNeedingEncoding":0,"optionsNeedingMapping":0,"declinedFallbackCount":0,"blockerCount":0}
{"level":"info","time":1790992249071,"pid":2307,"hostname":"Mac.net","event":"cee.analysis_ready.built","optionCount":2,"status":"ready","userQuestionCount":0,"goalNodeId":"goal_x","readyOptionsCount":2,"optionsNeedingEncoding":0,"optionsNeedingMapping":0,"declinedFallbackCount":0,"blockerCount":0}
{"level":"info","time":1790992249073,"pid":2307,"hostname":"Mac.net","event":"cee.analysis_ready.built","optionCount":2,"status":"ready","userQuestionCount":0,"goalNodeId":"goal_x","readyOptionsCount":2,"optionsNeedingEncoding":0,"optionsNeedingMapping":0,"declinedFallbackCount":0,"blockerCount":0}
{"level":"info","time":1790992249074,"pid":2307,"hostname":"Mac.net","event":"cee.analysis_ready.built","optionCount":2,"status":"ready","userQuestionCount":0,"goalNodeId":"goal_x","readyOptionsCount":2,"optionsNeedingEncoding":0,"optionsNeedingMapping":0,"declinedFallbackCount":0,"blockerCount":0}
{"level":"info","time":1790992249075,"pid":2307,"hostname":"Mac.net","event":"cee.analysis_ready.built","optionCount":2,"status":"ready","userQuestionCount":0,"goalNodeId":"goal_x","readyOptionsCount":2,"optionsNeedingEncoding":0,"optionsNeedingMapping":0,"declinedFallbackCount":0,"blockerCount":0}
{"level":"info","time":1790992249076,"pid":2307,"hostname":"Mac.net","event":"v5.coaching.run_delta_outcome","scenario_id":"7c6e1a2b-3a4f-4e5d-8c6b-7a8f9e0d1c13","outcome":"skipped","reason":"caller_binds_run_delta","prior_facts_count":null,"run_analysis_facts_count":null,"wire_reason_carried":null}
{"level":"info","time":1790992249083,"pid":2307,"hostname":"Mac.net","event":"cee.analysis_ready.built","optionCount":2,"status":"ready","userQuestionCount":0,"goalNodeId":"goal_x","readyOptionsCount":2,"optionsNeedingEncoding":0,"optionsNeedingMapping":0,"declinedFallbackCount":0,"blockerCount":0}
{"level":"info","time":1790992249084,"pid":2307,"hostname":"Mac.net","event":"cee.analysis_ready.built","optionCount":2,"status":"ready","userQuestionCount":0,"goalNodeId":"goal_x","readyOptionsCount":2,"optionsNeedingEncoding":0,"optionsNeedingMapping":0,"declinedFallbackCount":0,"blockerCount":0}
{"level":"info","time":1790992249086,"pid":2307,"hostname":"Mac.net","event":"cee.analysis_ready.built","optionCount":2,"status":"ready","userQuestionCount":0,"goalNodeId":"goal_x","readyOptionsCount":2,"optionsNeedingEncoding":0,"optionsNeedingMapping":0,"declinedFallbackCount":0,"blockerCount":0}
{"level":"info","time":1790992249087,"pid":2307,"hostname":"Mac.net","event":"cee.analysis_ready.built","optionCount":2,"status":"ready","userQuestionCount":0,"goalNodeId":"goal_x","readyOptionsCount":2,"optionsNeedingEncoding":0,"optionsNeedingMapping":0,"declinedFallbackCount":0,"blockerCount":0}
{"level":"info","time":1790992249088,"pid":2307,"hostname":"Mac.net","event":"cee.analysis_ready.built","optionCount":2,"status":"ready","userQuestionCount":0,"goalNodeId":"goal_x","readyOptionsCount":2,"optionsNeedingEncoding":0,"optionsNeedingMapping":0,"declinedFallbackCount":0,"blockerCount":0}
{"level":"info","time":1790992249089,"pid":2307,"hostname":"Mac.net","event":"v5.coaching.run_delta_outcome","scenario_id":"7c6e1a2b-3a4f-4e5d-8c6b-7a8f9e0d1c14","outcome":"skipped","reason":"caller_binds_run_delta","prior_facts_count":null,"run_analysis_facts_count":null,"wire_reason_carried":null}
{"level":"info","time":1790992249095,"pid":2307,"hostname":"Mac.net","event":"v5.coaching.run_delta_outcome","scenario_id":"7c6e1a2b-3a4f-4e5d-8c6b-7a8f9e0d1c15","outcome":"skipped","reason":"caller_binds_run_delta","prior_facts_count":null,"run_analysis_facts_count":null,"wire_reason_carried":null}
{"level":"info","time":1790992249098,"pid":2307,"hostname":"Mac.net","event":"v5.coaching.run_delta_outcome","scenario_id":"7c6e1a2b-3a4f-4e5d-8c6b-7a8f9e0d1c16","outcome":"skipped","reason":"caller_binds_run_delta","prior_facts_count":null,"run_analysis_facts_count":null,"wire_reason_carried":null}
{"level":"info","time":1790992249104,"pid":2307,"hostname":"Mac.net","event":"cee.analysis_ready.built","optionCount":2,"status":"ready","userQuestionCount":0,"goalNodeId":"goal_x","readyOptionsCount":2,"optionsNeedingEncoding":0,"optionsNeedingMapping":0,"declinedFallbackCount":0,"blockerCount":0}
{"level":"info","time":1790992249105,"pid":2307,"hostname":"Mac.net","event":"cee.analysis_ready.built","optionCount":2,"status":"ready","userQuestionCount":0,"goalNodeId":"goal_x","readyOptionsCount":2,"optionsNeedingEncoding":0,"optionsNeedingMapping":0,"declinedFallbackCount":0,"blockerCount":0}
{"level":"info","time":1790992249107,"pid":2307,"hostname":"Mac.net","event":"cee.analysis_ready.built","optionCount":2,"status":"ready","userQuestionCount":0,"goalNodeId":"goal_x","readyOptionsCount":2,"optionsNeedingEncoding":0,"optionsNeedingMapping":0,"declinedFallbackCount":0,"blockerCount":0}
{"level":"info","time":1790992249108,"pid":2307,"hostname":"Mac.net","event":"cee.analysis_ready.built","optionCount":2,"status":"ready","userQuestionCount":0,"goalNodeId":"goal_x","readyOptionsCount":2,"optionsNeedingEncoding":0,"optionsNeedingMapping":0,"declinedFallbackCount":0,"blockerCount":0}
{"level":"info","time":1790992249109,"pid":2307,"hostname":"Mac.net","event":"cee.analysis_ready.built","optionCount":2,"status":"ready","userQuestionCount":0,"goalNodeId":"goal_x","readyOptionsCount":2,"optionsNeedingEncoding":0,"optionsNeedingMapping":0,"declinedFallbackCount":0,"blockerCount":0}
{"level":"info","time":1790992249110,"pid":2307,"hostname":"Mac.net","event":"v5.coaching.run_delta_outcome","scenario_id":"7c6e1a2b-3a4f-4e5d-8c6b-7a8f9e0d1c17","outcome":"skipped","reason":"caller_binds_run_delta","prior_facts_count":null,"run_analysis_facts_count":null,"wire_reason_carried":null}
········{"level":"info","time":1790992253127,"pid":2307,"hostname":"Mac.net","event":"cee.analysis_ready.built","optionCount":2,"status":"ready","userQuestionCount":0,"goalNodeId":"goal_x","readyOptionsCount":2,"optionsNeedingEncoding":0,"optionsNeedingMapping":0,"declinedFallbackCount":0,"blockerCount":0}
{"level":"info","time":1790992253130,"pid":2307,"hostname":"Mac.net","event":"cee.analysis_ready.built","optionCount":2,"status":"ready","userQuestionCount":0,"goalNodeId":"goal_x","readyOptionsCount":2,"optionsNeedingEncoding":0,"optionsNeedingMapping":0,"declinedFallbackCount":0,"blockerCount":0}
{"level":"info","time":1790992253133,"pid":2307,"hostname":"Mac.net","event":"cee.analysis_ready.built","optionCount":2,"status":"ready","userQuestionCount":0,"goalNodeId":"goal_x","readyOptionsCount":2,"optionsNeedingEncoding":0,"optionsNeedingMapping":0,"declinedFallbackCount":0,"blockerCount":0}
{"level":"info","time":1790992253136,"pid":2307,"hostname":"Mac.net","event":"cee.analysis_ready.built","optionCount":2,"status":"ready","userQuestionCount":0,"goalNodeId":"goal_x","readyOptionsCount":2,"optionsNeedingEncoding":0,"optionsNeedingMapping":0,"declinedFallbackCount":0,"blockerCount":0}
{"level":"info","time":1790992253138,"pid":2307,"hostname":"Mac.net","event":"cee.analysis_ready.built","optionCount":2,"status":"ready","userQuestionCount":0,"goalNodeId":"goal_x","readyOptionsCount":2,"optionsNeedingEncoding":0,"optionsNeedingMapping":0,"declinedFallbackCount":0,"blockerCount":0}
{"level":"info","time":1790992253139,"pid":2307,"hostname":"Mac.net","event":"v5.coaching.run_delta_outcome","scenario_id":"7c6e1a2b-3a4f-4e5d-8c6b-7a8f9e0d1c18","outcome":"skipped","reason":"caller_binds_run_delta","prior_facts_count":null,"run_analysis_facts_count":null,"wire_reason_carried":null}
·{"level":"warn","time":1790992253151,"pid":2307,"hostname":"Mac.net","err":"Error: read failed","scenario_id":"7c6e1a2b-3a4f-4e5d-8c6b-7a8f9e0d1c19","msg":"agent-lane: durable conversation could not be read — continuing without it"}
{"level":"info","time":1790992253156,"pid":2307,"hostname":"Mac.net","event":"cee.analysis_ready.built","optionCount":2,"status":"ready","userQuestionCount":0,"goalNodeId":"goal_x","readyOptionsCount":2,"optionsNeedingEncoding":0,"optionsNeedingMapping":0,"declinedFallbackCount":0,"blockerCount":0}
{"level":"info","time":1790992253159,"pid":2307,"hostname":"Mac.net","event":"cee.analysis_ready.built","optionCount":2,"status":"ready","userQuestionCount":0,"goalNodeId":"goal_x","readyOptionsCount":2,"optionsNeedingEncoding":0,"optionsNeedingMapping":0,"declinedFallbackCount":0,"blockerCount":0}
{"level":"info","time":1790992253161,"pid":2307,"hostname":"Mac.net","event":"cee.analysis_ready.built","optionCount":2,"status":"ready","userQuestionCount":0,"goalNodeId":"goal_x","readyOptionsCount":2,"optionsNeedingEncoding":0,"optionsNeedingMapping":0,"declinedFallbackCount":0,"blockerCount":0}
{"level":"info","time":1790992253163,"pid":2307,"hostname":"Mac.net","event":"cee.analysis_ready.built","optionCount":2,"status":"ready","userQuestionCount":0,"goalNodeId":"goal_x","readyOptionsCount":2,"optionsNeedingEncoding":0,"optionsNeedingMapping":0,"declinedFallbackCount":0,"blockerCount":0}
{"level":"info","time":1790992253164,"pid":2307,"hostname":"Mac.net","event":"cee.analysis_ready.built","optionCount":2,"status":"ready","userQuestionCount":0,"goalNodeId":"goal_x","readyOptionsCount":2,"optionsNeedingEncoding":0,"optionsNeedingMapping":0,"declinedFallbackCount":0,"blockerCount":0}
{"level":"info","time":1790992253165,"pid":2307,"hostname":"Mac.net","event":"v5.coaching.run_delta_outcome","scenario_id":"7c6e1a2b-3a4f-4e5d-8c6b-7a8f9e0d1c19","outcome":"skipped","reason":"caller_binds_run_delta","prior_facts_count":null,"run_analysis_facts_count":null,"wire_reason_carried":null}
{"level":"info","time":1790992253169,"pid":2307,"hostname":"Mac.net","event":"v5.coaching.run_delta_outcome","scenario_id":"7c6e1a2b-3a4f-4e5d-8c6b-7a8f9e0d1c20","outcome":"skipped","reason":"caller_binds_run_delta","prior_facts_count":null,"run_analysis_facts_count":null,"wire_reason_carried":null}
{"level":"info","time":1790992253172,"pid":2307,"hostname":"Mac.net","event":"v5.coaching.run_delta_outcome","scenario_id":"7c6e1a2b-3a4f-4e5d-8c6b-7a8f9e0d1c21","outcome":"skipped","reason":"caller_binds_run_delta","prior_facts_count":null,"run_analysis_facts_count":null,"wire_reason_carried":null}
{"level":"info","time":1790992253175,"pid":2307,"hostname":"Mac.net","event":"v5.coaching.run_delta_outcome","scenario_id":"7c6e1a2b-3a4f-4e5d-8c6b-7a8f9e0d1c22","outcome":"skipped","reason":"caller_binds_run_delta","prior_facts_count":null,"run_analysis_facts_count":null,"wire_reason_carried":null}
{"level":"info","time":1790992253177,"pid":2307,"hostname":"Mac.net","event":"v5.coaching.run_delta_outcome","scenario_id":"7c6e1a2b-3a4f-4e5d-8c6b-7a8f9e0d1c23","outcome":"skipped","reason":"caller_binds_run_delta","prior_facts_count":null,"run_analysis_facts_count":null,"wire_reason_carried":null}
{"level":"info","time":1790992253182,"pid":2307,"hostname":"Mac.net","event":"cee.analysis_ready.built","optionCount":2,"status":"ready","userQuestionCount":0,"goalNodeId":"goal_x","readyOptionsCount":2,"optionsNeedingEncoding":0,"optionsNeedingMapping":0,"declinedFallbackCount":0,"blockerCount":0}
{"level":"info","time":1790992253184,"pid":2307,"hostname":"Mac.net","event":"cee.analysis_ready.built","optionCount":2,"status":"ready","userQuestionCount":0,"goalNodeId":"goal_x","readyOptionsCount":2,"optionsNeedingEncoding":0,"optionsNeedingMapping":0,"declinedFallbackCount":0,"blockerCount":0}
{"level":"info","time":1790992253186,"pid":2307,"hostname":"Mac.net","event":"cee.analysis_ready.built","optionCount":2,"status":"ready","userQuestionCount":0,"goalNodeId":"goal_x","readyOptionsCount":2,"optionsNeedingEncoding":0,"optionsNeedingMapping":0,"declinedFallbackCount":0,"blockerCount":0}
{"level":"info","time":1790992253187,"pid":2307,"hostname":"Mac.net","event":"cee.analysis_ready.built","optionCount":2,"status":"ready","userQuestionCount":0,"goalNodeId":"goal_x","readyOptionsCount":2,"optionsNeedingEncoding":0,"optionsNeedingMapping":0,"declinedFallbackCount":0,"blockerCount":0}
{"level":"info","time":1790992253188,"pid":2307,"hostname":"Mac.net","event":"cee.analysis_ready.built","optionCount":2,"status":"ready","userQuestionCount":0,"goalNodeId":"goal_x","readyOptionsCount":2,"optionsNeedingEncoding":0,"optionsNeedingMapping":0,"declinedFallbackCount":0,"blockerCount":0}
{"level":"info","time":1790992253189,"pid":2307,"hostname":"Mac.net","event":"v5.coaching.run_delta_outcome","scenario_id":"7c6e1a2b-3a4f-4e5d-8c6b-7a8f9e0d1c23","outcome":"skipped","reason":"caller_binds_run_delta","prior_facts_count":null,"run_analysis_facts_count":null,"wire_reason_carried":null}
{"level":"info","time":1790992253195,"pid":2307,"hostname":"Mac.net","event":"cee.analysis_ready.built","optionCount":2,"status":"ready","userQuestionCount":0,"goalNodeId":"goal_x","readyOptionsCount":2,"optionsNeedingEncoding":0,"optionsNeedingMapping":0,"declinedFallbackCount":0,"blockerCount":0}
{"level":"info","time":1790992253197,"pid":2307,"hostname":"Mac.net","event":"cee.analysis_ready.built","optionCount":2,"status":"ready","userQuestionCount":0,"goalNodeId":"goal_x","readyOptionsCount":2,"optionsNeedingEncoding":0,"optionsNeedingMapping":0,"declinedFallbackCount":0,"blockerCount":0}
{"level":"info","time":1790992253199,"pid":2307,"hostname":"Mac.net","event":"cee.analysis_ready.built","optionCount":2,"status":"ready","userQuestionCount":0,"goalNodeId":"goal_x","readyOptionsCount":2,"optionsNeedingEncoding":0,"optionsNeedingMapping":0,"declinedFallbackCount":0,"blockerCount":0}
{"level":"info","time":1790992253201,"pid":2307,"hostname":"Mac.net","event":"cee.analysis_ready.built","optionCount":2,"status":"ready","userQuestionCount":0,"goalNodeId":"goal_x","readyOptionsCount":2,"optionsNeedingEncoding":0,"optionsNeedingMapping":0,"declinedFallbackCount":0,"blockerCount":0}
{"level":"info","time":1790992253201,"pid":2307,"hostname":"Mac.net","event":"cee.analysis_ready.built","optionCount":2,"status":"ready","userQuestionCount":0,"goalNodeId":"goal_x","readyOptionsCount":2,"optionsNeedingEncoding":0,"optionsNeedingMapping":0,"declinedFallbackCount":0,"blockerCount":0}
{"level":"info","time":1790992253203,"pid":2307,"hostname":"Mac.net","event":"v5.coaching.run_delta_outcome","scenario_id":"7c6e1a2b-3a4f-4e5d-8c6b-7a8f9e0d1c24","outcome":"skipped","reason":"caller_binds_run_delta","prior_facts_count":null,"run_analysis_facts_count":null,"wire_reason_carried":null}
{"level":"info","time":1790992253206,"pid":2307,"hostname":"Mac.net","event":"cee.analysis_ready.built","optionCount":2,"status":"ready","userQuestionCount":0,"goalNodeId":"goal_x","readyOptionsCount":2,"optionsNeedingEncoding":0,"optionsNeedingMapping":0,"declinedFallbackCount":0,"blockerCount":0}
{"level":"info","time":1790992253208,"pid":2307,"hostname":"Mac.net","event":"cee.analysis_ready.built","optionCount":2,"status":"ready","userQuestionCount":0,"goalNodeId":"goal_x","readyOptionsCount":2,"optionsNeedingEncoding":0,"optionsNeedingMapping":0,"declinedFallbackCount":0,"blockerCount":0}
{"level":"info","time":1790992253209,"pid":2307,"hostname":"Mac.net","event":"v5.coaching.run_delta_outcome","scenario_id":"7c6e1a2b-3a4f-4e5d-8c6b-7a8f9e0d1c24","outcome":"skipped","reason":"caller_binds_run_delta","prior_facts_count":null,"run_analysis_facts_count":null,"wire_reason_carried":null}
{"level":"info","time":1790992253215,"pid":2307,"hostname":"Mac.net","event":"cee.analysis_ready.built","optionCount":2,"status":"ready","userQuestionCount":0,"goalNodeId":"goal_x","readyOptionsCount":2,"optionsNeedingEncoding":0,"optionsNeedingMapping":0,"declinedFallbackCount":0,"blockerCount":0}
{"level":"info","time":1790992253216,"pid":2307,"hostname":"Mac.net","event":"cee.analysis_ready.built","optionCount":2,"status":"ready","userQuestionCount":0,"goalNodeId":"goal_x","readyOptionsCount":2,"optionsNeedingEncoding":0,"optionsNeedingMapping":0,"declinedFallbackCount":0,"blockerCount":0}
{"level":"error","time":1790992253218,"pid":2307,"hostname":"Mac.net","site":"agent-v1-turn.callModel","status":400,"detail":"{\"error\":{\"message\":\"Unsupported parameter.\",\"type\":\"invalid_request_error\",\"param\":\"input[0].content[0].prompt_cache_breakpoint\"}}","msg":"agent-lane: provider refused the instructions cache breakpoint; sending top-level instructions from now on"}
{"level":"info","time":1790992253219,"pid":2307,"hostname":"Mac.net","event":"cee.analysis_ready.built","optionCount":2,"status":"ready","userQuestionCount":0,"goalNodeId":"goal_x","readyOptionsCount":2,"optionsNeedingEncoding":0,"optionsNeedingMapping":0,"declinedFallbackCount":0,"blockerCount":0}
{"level":"info","time":1790992253221,"pid":2307,"hostname":"Mac.net","event":"cee.analysis_ready.built","optionCount":2,"status":"ready","userQuestionCount":0,"goalNodeId":"goal_x","readyOptionsCount":2,"optionsNeedingEncoding":0,"optionsNeedingMapping":0,"declinedFallbackCount":0,"blockerCount":0}
{"level":"info","time":1790992253222,"pid":2307,"hostname":"Mac.net","event":"cee.analysis_ready.built","optionCount":2,"status":"ready","userQuestionCount":0,"goalNodeId":"goal_x","readyOptionsCount":2,"optionsNeedingEncoding":0,"optionsNeedingMapping":0,"declinedFallbackCount":0,"blockerCount":0}
{"level":"info","time":1790992253223,"pid":2307,"hostname":"Mac.net","event":"v5.coaching.run_delta_outcome","scenario_id":"7c6e1a2b-3a4f-4e5d-8c6b-7a8f9e0d1c25","outcome":"skipped","reason":"caller_binds_run_delta","prior_facts_count":null,"run_analysis_facts_count":null,"wire_reason_carried":null}
······{"level":"info","time":1790992254737,"pid":2313,"hostname":"Mac.net","event":"agent_lane.route_mounted","msg":"POST /agent/v1/turn mounted"}
{"level":"info","time":1790992254761,"pid":2313,"hostname":"Mac.net","scenario_id":"7a1e2d3c-4b5a-4e6d-9c7b-8a9f0e1d2c02","method_turn":"choose_plan","msg":"agent-lane: method turn answered without a model call"}
{"level":"info","time":1790992254764,"pid":2313,"hostname":"Mac.net","event":"v5.coaching.run_delta_outcome","scenario_id":"7a1e2d3c-4b5a-4e6d-9c7b-8a9f0e1d2c02","outcome":"skipped","reason":"caller_binds_run_delta","prior_facts_count":null,"run_analysis_facts_count":null,"wire_reason_carried":null}
{"level":"info","time":1790992254774,"pid":2313,"hostname":"Mac.net","event":"v5.egress.leading_option_claim_neutralised_at_wire","request_id":"req-1","exit_path":"agent_lane_v1","edited_fields":"blocks","mode":"surgical","original_length":0,"projected_length":0}
{"level":"info","time":1790992254783,"pid":2313,"hostname":"Mac.net","event":"v5.egress.leading_option_claim_neutralised_at_wire","request_id":"req-1","exit_path":"agent_lane_v1_final","edited_fields":"blocks","mode":"surgical","original_length":0,"projected_length":0}
{"level":"info","time":1790992254798,"pid":2313,"hostname":"Mac.net","event":"cee.analysis_ready.built","optionCount":4,"status":"ready","userQuestionCount":0,"goalNodeId":"quarterly_revenue","readyOptionsCount":4,"optionsNeedingEncoding":0,"optionsNeedingMapping":0,"declinedFallbackCount":0,"blockerCount":0}
{"level":"info","time":1790992254810,"pid":2313,"hostname":"Mac.net","event":"v5.coaching.run_delta_outcome","scenario_id":"7a1e2d3c-4b5a-4e6d-9c7b-8a9f0e1d2c03","outcome":"skipped","reason":"caller_binds_run_delta","prior_facts_count":null,"run_analysis_facts_count":null,"wire_reason_carried":null}
{"level":"info","time":1790992254811,"pid":2313,"hostname":"Mac.net","event":"v5.egress.leading_option_claim_neutralised_at_wire","request_id":"req-3","exit_path":"agent_lane_v1","edited_fields":"blocks","mode":"surgical","original_length":0,"projected_length":0}
{"level":"info","time":1790992254814,"pid":2313,"hostname":"Mac.net","event":"v5.egress.leading_option_claim_neutralised_at_wire","request_id":"req-3","exit_path":"agent_lane_v1_final","edited_fields":"blocks","mode":"surgical","original_length":0,"projected_length":0}
{"level":"info","time":1790992254826,"pid":2313,"hostname":"Mac.net","event":"cee.analysis_ready.built","optionCount":4,"status":"ready","userQuestionCount":0,"goalNodeId":"quarterly_revenue","readyOptionsCount":4,"optionsNeedingEncoding":0,"optionsNeedingMapping":0,"declinedFallbackCount":0,"blockerCount":0}
···{"level":"info","time":1790992254834,"pid":2313,"hostname":"Mac.net","scenario_id":"7a1e2d3c-4b5a-4e6d-9c7b-8a9f0e1d2c04","dsk_protocol_id":null,"dsk_not_cited":"no_identified_plan","plan_basis":"user_selected","passed":true,"failed":[],"target_kind":"link","card":"propose_link_strengths","card_ok":true,"msg":"agent-lane: method turn settled"}
{"level":"info","time":1790992254836,"pid":2313,"hostname":"Mac.net","event":"v5.coaching.run_delta_outcome","scenario_id":"7a1e2d3c-4b5a-4e6d-9c7b-8a9f0e1d2c04","outcome":"skipped","reason":"caller_binds_run_delta","prior_facts_count":null,"run_analysis_facts_count":null,"wire_reason_carried":null}
{"level":"info","time":1790992254839,"pid":2313,"hostname":"Mac.net","event":"v5.egress.leading_option_claim_neutralised_at_wire","request_id":"req-5","exit_path":"agent_lane_v1","edited_fields":"blocks","mode":"surgical","original_length":0,"projected_length":0}
{"level":"info","time":1790992254842,"pid":2313,"hostname":"Mac.net","event":"v5.egress.leading_option_claim_neutralised_at_wire","request_id":"req-5","exit_path":"agent_lane_v1_final","edited_fields":"blocks","mode":"surgical","original_length":0,"projected_length":0}
{"level":"info","time":1790992254850,"pid":2313,"hostname":"Mac.net","event":"cee.analysis_ready.built","optionCount":4,"status":"ready","userQuestionCount":0,"goalNodeId":"quarterly_revenue","readyOptionsCount":4,"optionsNeedingEncoding":0,"optionsNeedingMapping":0,"declinedFallbackCount":0,"blockerCount":0}
{"level":"info","time":1790992254853,"pid":2313,"hostname":"Mac.net","scenario_id":"7a1e2d3c-4b5a-4e6d-9c7b-8a9f0e1d2c05","dsk_protocol_id":null,"dsk_not_cited":"no_identified_plan","plan_basis":"user_selected","passed":true,"failed":[],"target_kind":"link","card":"propose_link_strengths","card_ok":true,"msg":"agent-lane: method turn settled"}
{"level":"info","time":1790992254854,"pid":2313,"hostname":"Mac.net","event":"v5.coaching.run_delta_outcome","scenario_id":"7a1e2d3c-4b5a-4e6d-9c7b-8a9f0e1d2c05","outcome":"skipped","reason":"caller_binds_run_delta","prior_facts_count":null,"run_analysis_facts_count":null,"wire_reason_carried":null}
{"level":"info","time":1790992254856,"pid":2313,"hostname":"Mac.net","event":"v5.egress.leading_option_claim_neutralised_at_wire","request_id":"req-7","exit_path":"agent_lane_v1","edited_fields":"blocks","mode":"surgical","original_length":0,"projected_length":0}
{"level":"info","time":1790992254858,"pid":2313,"hostname":"Mac.net","event":"v5.egress.leading_option_claim_neutralised_at_wire","request_id":"req-7","exit_path":"agent_lane_v1_final","edited_fields":"blocks","mode":"surgical","original_length":0,"projected_length":0}
{"level":"info","time":1790992254866,"pid":2313,"hostname":"Mac.net","event":"cee.analysis_ready.built","optionCount":4,"status":"ready","userQuestionCount":0,"goalNodeId":"quarterly_revenue","readyOptionsCount":4,"optionsNeedingEncoding":0,"optionsNeedingMapping":0,"declinedFallbackCount":0,"blockerCount":0}
{"level":"info","time":1790992254869,"pid":2313,"hostname":"Mac.net","scenario_id":"7a1e2d3c-4b5a-4e6d-9c7b-8a9f0e1d2c06","dsk_protocol_id":null,"dsk_not_cited":"no_identified_plan","plan_basis":"user_selected","passed":false,"failed":["PM-COUNT","PM-GROUNDED","PM-WATCH-MITIGATE","PM-NO-PROB","PM-NO-PREDICTION","PM-BLINDSPOT"],"target_kind":"link","card":"propose_link_strengths","card_ok":true,"msg":"agent-lane: method turn settled"}
{"level":"info","time":1790992254870,"pid":2313,"hostname":"Mac.net","event":"v5.coaching.run_delta_outcome","scenario_id":"7a1e2d3c-4b5a-4e6d-9c7b-8a9f0e1d2c06","outcome":"skipped","reason":"caller_binds_run_delta","prior_facts_count":null,"run_analysis_facts_count":null,"wire_reason_carried":null}
{"level":"info","time":1790992254872,"pid":2313,"hostname":"Mac.net","event":"v5.egress.leading_option_claim_neutralised_at_wire","request_id":"req-9","exit_path":"agent_lane_v1","edited_fields":"blocks","mode":"surgical","original_length":0,"projected_length":0}
{"level":"info","time":1790992254874,"pid":2313,"hostname":"Mac.net","event":"v5.egress.leading_option_claim_neutralised_at_wire","request_id":"req-9","exit_path":"agent_lane_v1_final","edited_fields":"blocks","mode":"surgical","original_length":0,"projected_length":0}
{"level":"info","time":1790992254878,"pid":2313,"hostname":"Mac.net","event":"cee.analysis_ready.built","optionCount":4,"status":"ready","userQuestionCount":0,"goalNodeId":"quarterly_revenue","readyOptionsCount":4,"optionsNeedingEncoding":0,"optionsNeedingMapping":0,"declinedFallbackCount":0,"blockerCount":0}
{"level":"info","time":1790992254883,"pid":2313,"hostname":"Mac.net","event":"v5.coaching.run_delta_outcome","scenario_id":"7a1e2d3c-4b5a-4e6d-9c7b-8a9f0e1d2c07","outcome":"skipped","reason":"caller_binds_run_delta","prior_facts_count":null,"run_analysis_facts_count":null,"wire_reason_carried":null}
{"level":"info","time":1790992254884,"pid":2313,"hostname":"Mac.net","event":"v5.egress.leading_option_claim_neutralised_at_wire","request_id":"req-b","exit_path":"agent_lane_v1","edited_fields":"blocks","mode":"surgical","original_length":0,"projected_length":0}
{"level":"info","time":1790992254885,"pid":2313,"hostname":"Mac.net","event":"v5.egress.leading_option_claim_neutralised_at_wire","request_id":"req-b","exit_path":"agent_lane_v1_final","edited_fields":"blocks","mode":"surgical","original_length":0,"projected_length":0}
{"level":"info","time":1790992254890,"pid":2313,"hostname":"Mac.net","event":"cee.analysis_ready.built","optionCount":4,"status":"ready","userQuestionCount":0,"goalNodeId":"quarterly_revenue","readyOptionsCount":4,"optionsNeedingEncoding":0,"optionsNeedingMapping":0,"declinedFallbackCount":0,"blockerCount":0}
{"level":"info","time":1790992254893,"pid":2313,"hostname":"Mac.net","scenario_id":"7a1e2d3c-4b5a-4e6d-9c7b-8a9f0e1d2c08","dsk_protocol_id":null,"dsk_not_cited":"no_identified_plan","plan_basis":"user_selected","passed":false,"failed":["PM-COUNT","PM-GROUNDED","PM-WATCH-MITIGATE","PM-NO-PROB","PM-NO-PREDICTION","PM-BLINDSPOT"],"target_kind":"link","card":"propose_link_strengths","card_ok":true,"msg":"agent-lane: method turn settled"}
{"level":"info","time":1790992254894,"pid":2313,"hostname":"Mac.net","event":"v5.coaching.run_delta_outcome","scenario_id":"7a1e2d3c-4b5a-4e6d-9c7b-8a9f0e1d2c08","outcome":"skipped","reason":"caller_binds_run_delta","prior_facts_count":null,"run_analysis_facts_count":null,"wire_reason_carried":null}
{"level":"info","time":1790992254895,"pid":2313,"hostname":"Mac.net","event":"v5.egress.leading_option_claim_neutralised_at_wire","request_id":"req-d","exit_path":"agent_lane_v1","edited_fields":"blocks","mode":"surgical","original_length":0,"projected_length":0}
{"level":"info","time":1790992254896,"pid":2313,"hostname":"Mac.net","event":"v5.egress.leading_option_claim_neutralised_at_wire","request_id":"req-d","exit_path":"agent_lane_v1_final","edited_fields":"blocks","mode":"surgical","original_length":0,"projected_length":0}
{"level":"info","time":1790992254900,"pid":2313,"hostname":"Mac.net","event":"cee.analysis_ready.built","optionCount":4,"status":"ready","userQuestionCount":0,"goalNodeId":"quarterly_revenue","readyOptionsCount":4,"optionsNeedingEncoding":0,"optionsNeedingMapping":0,"declinedFallbackCount":0,"blockerCount":0}
{"level":"info","time":1790992254902,"pid":2313,"hostname":"Mac.net","event":"v5.coaching.run_delta_outcome","scenario_id":"7a1e2d3c-4b5a-4e6d-9c7b-8a9f0e1d2c08","outcome":"skipped","reason":"caller_binds_run_delta","prior_facts_count":null,"run_analysis_facts_count":null,"wire_reason_carried":null}
{"level":"info","time":1790992254904,"pid":2313,"hostname":"Mac.net","event":"v5.egress.leading_option_claim_neutralised_at_wire","request_id":"req-f","exit_path":"agent_lane_v1","edited_fields":"blocks","mode":"surgical","original_length":0,"projected_length":0}
{"level":"info","time":1790992254905,"pid":2313,"hostname":"Mac.net","event":"v5.egress.leading_option_claim_neutralised_at_wire","request_id":"req-f","exit_path":"agent_lane_v1_final","edited_fields":"blocks","mode":"surgical","original_length":0,"projected_length":0}
{"level":"info","time":1790992254911,"pid":2313,"hostname":"Mac.net","event":"cee.analysis_ready.built","optionCount":4,"status":"ready","userQuestionCount":0,"goalNodeId":"quarterly_revenue","readyOptionsCount":4,"optionsNeedingEncoding":0,"optionsNeedingMapping":0,"declinedFallbackCount":0,"blockerCount":0}
{"level":"info","time":1790992254914,"pid":2313,"hostname":"Mac.net","event":"v5.coaching.run_delta_outcome","scenario_id":"7a1e2d3c-4b5a-4e6d-9c7b-8a9f0e1d2c09","outcome":"skipped","reason":"caller_binds_run_delta","prior_facts_count":null,"run_analysis_facts_count":null,"wire_reason_carried":null}
{"level":"info","time":1790992254915,"pid":2313,"hostname":"Mac.net","event":"v5.egress.leading_option_claim_neutralised_at_wire","request_id":"req-h","exit_path":"agent_lane_v1","edited_fields":"blocks","mode":"surgical","original_length":0,"projected_length":0}
{"level":"info","time":1790992254917,"pid":2313,"hostname":"Mac.net","event":"v5.egress.leading_option_claim_neutralised_at_wire","request_id":"req-h","exit_path":"agent_lane_v1_final","edited_fields":"blocks","mode":"surgical","original_length":0,"projected_length":0}
{"level":"info","time":1790992254920,"pid":2313,"hostname":"Mac.net","scenario_id":"7a1e2d3c-4b5a-4e6d-9c7b-8a9f0e1d2c10","method_turn":"unavailable","reason":"model_unread","msg":"agent-lane: method turn answered without a model call"}
{"level":"info","time":1790992254920,"pid":2313,"hostname":"Mac.net","event":"v5.coaching.run_delta_outcome","scenario_id":"7a1e2d3c-4b5a-4e6d-9c7b-8a9f0e1d2c10","outcome":"skipped","reason":"caller_binds_run_delta","prior_facts_count":null,"run_analysis_facts_count":null,"wire_reason_carried":null}
{"level":"info","time":1790992254923,"pid":2313,"hostname":"Mac.net","scenario_id":"7a1e2d3c-4b5a-4e6d-9c7b-8a9f0e1d2c11","method_turn":"choose_plan","msg":"agent-lane: method turn answered without a model call"}
{"level":"info","time":1790992254923,"pid":2313,"hostname":"Mac.net","event":"v5.coaching.run_delta_outcome","scenario_id":"7a1e2d3c-4b5a-4e6d-9c7b-8a9f0e1d2c11","outcome":"skipped","reason":"caller_binds_run_delta","prior_facts_count":null,"run_analysis_facts_count":null,"wire_reason_carried":null}
{"level":"info","time":1790992254924,"pid":2313,"hostname":"Mac.net","event":"v5.egress.leading_option_claim_neutralised_at_wire","request_id":"req-n","exit_path":"agent_lane_v1","edited_fields":"blocks","mode":"surgical","original_length":0,"projected_length":0}
{"level":"info","time":1790992254926,"pid":2313,"hostname":"Mac.net","event":"v5.egress.leading_option_claim_neutralised_at_wire","request_id":"req-n","exit_path":"agent_lane_v1_final","edited_fields":"blocks","mode":"surgical","original_length":0,"projected_length":0}
{"level":"info","time":1790992254928,"pid":2313,"hostname":"Mac.net","scenario_id":"7a1e2d3c-4b5a-4e6d-9c7b-8a9f0e1d2c12","method_turn":"unavailable","reason":"model_unread","msg":"agent-lane: method turn answered without a model call"}
{"level":"info","time":1790992254928,"pid":2313,"hostname":"Mac.net","event":"v5.coaching.run_delta_outcome","scenario_id":"7a1e2d3c-4b5a-4e6d-9c7b-8a9f0e1d2c12","outcome":"skipped","reason":"caller_binds_run_delta","prior_facts_count":null,"run_analysis_facts_count":null,"wire_reason_carried":null}
{"level":"info","time":1790992254932,"pid":2313,"hostname":"Mac.net","event":"cee.analysis_ready.built","optionCount":4,"status":"ready","userQuestionCount":0,"goalNodeId":"quarterly_revenue","readyOptionsCount":4,"optionsNeedingEncoding":0,"optionsNeedingMapping":0,"declinedFallbackCount":0,"blockerCount":0}
{"level":"info","time":1790992254935,"pid":2313,"hostname":"Mac.net","scenario_id":"7a1e2d3c-4b5a-4e6d-9c7b-8a9f0e1d2c13","dsk_protocol_id":null,"dsk_not_cited":"no_identified_plan","plan_basis":"user_selected","passed":true,"failed":[],"target_kind":"link","card":"propose_link_strengths","card_ok":true,"msg":"agent-lane: method turn settled"}
{"level":"info","time":1790992254936,"pid":2313,"hostname":"Mac.net","event":"v5.coaching.run_delta_outcome","scenario_id":"7a1e2d3c-4b5a-4e6d-9c7b-8a9f0e1d2c13","outcome":"skipped","reason":"caller_binds_run_delta","prior_facts_count":null,"run_analysis_facts_count":null,"wire_reason_carried":null}
{"level":"info","time":1790992254938,"pid":2313,"hostname":"Mac.net","event":"v5.egress.leading_option_claim_neutralised_at_wire","request_id":"req-t","exit_path":"agent_lane_v1","edited_fields":"blocks","mode":"surgical","original_length":0,"projected_length":0}
{"level":"info","time":1790992254940,"pid":2313,"hostname":"Mac.net","event":"v5.egress.leading_option_claim_neutralised_at_wire","request_id":"req-t","exit_path":"agent_lane_v1_final","edited_fields":"blocks","mode":"surgical","original_length":0,"projected_length":0}
{"level":"info","time":1790992254943,"pid":2313,"hostname":"Mac.net","event":"cee.analysis_ready.built","optionCount":4,"status":"ready","userQuestionCount":0,"goalNodeId":"quarterly_revenue","readyOptionsCount":4,"optionsNeedingEncoding":0,"optionsNeedingMapping":0,"declinedFallbackCount":0,"blockerCount":0}
········{"level":"info","time":1790992254946,"pid":2313,"hostname":"Mac.net","event":"v5.coaching.run_delta_outcome","scenario_id":"7a1e2d3c-4b5a-4e6d-9c7b-8a9f0e1d2c13","outcome":"skipped","reason":"caller_binds_run_delta","prior_facts_count":null,"run_analysis_facts_count":null,"wire_reason_carried":null}
{"level":"info","time":1790992254947,"pid":2313,"hostname":"Mac.net","event":"v5.egress.leading_option_claim_neutralised_at_wire","request_id":"req-v","exit_path":"agent_lane_v1","edited_fields":"blocks","mode":"surgical","original_length":0,"projected_length":0}
{"level":"info","time":1790992254949,"pid":2313,"hostname":"Mac.net","event":"v5.egress.leading_option_claim_neutralised_at_wire","request_id":"req-v","exit_path":"agent_lane_v1_final","edited_fields":"blocks","mode":"surgical","original_length":0,"projected_length":0}
{"level":"info","time":1790992254953,"pid":2313,"hostname":"Mac.net","event":"cee.analysis_ready.built","optionCount":4,"status":"ready","userQuestionCount":0,"goalNodeId":"quarterly_revenue","readyOptionsCount":4,"optionsNeedingEncoding":0,"optionsNeedingMapping":0,"declinedFallbackCount":0,"blockerCount":0}
{"level":"info","time":1790992254956,"pid":2313,"hostname":"Mac.net","scenario_id":"7a1e2d3c-4b5a-4e6d-9c7b-8a9f0e1d2c14","dsk_protocol_id":null,"dsk_not_cited":"no_identified_plan","plan_basis":"user_selected","passed":false,"failed":["PM-COUNT","PM-GROUNDED","PM-WATCH-MITIGATE","PM-BLINDSPOT"],"target_kind":"link","card":"propose_link_strengths","card_ok":true,"msg":"agent-lane: method turn settled"}
{"level":"info","time":1790992254957,"pid":2313,"hostname":"Mac.net","event":"v5.coaching.run_delta_outcome","scenario_id":"7a1e2d3c-4b5a-4e6d-9c7b-8a9f0e1d2c14","outcome":"skipped","reason":"caller_binds_run_delta","prior_facts_count":null,"run_analysis_facts_count":null,"wire_reason_carried":null}
{"level":"info","time":1790992254958,"pid":2313,"hostname":"Mac.net","event":"v5.egress.leading_option_claim_neutralised_at_wire","request_id":"req-x","exit_path":"agent_lane_v1","edited_fields":"blocks","mode":"surgical","original_length":0,"projected_length":0}
{"level":"info","time":1790992254959,"pid":2313,"hostname":"Mac.net","event":"v5.egress.leading_option_claim_neutralised_at_wire","request_id":"req-x","exit_path":"agent_lane_v1_final","edited_fields":"blocks","mode":"surgical","original_length":0,"projected_length":0}
{"level":"info","time":1790992254962,"pid":2313,"hostname":"Mac.net","event":"cee.analysis_ready.built","optionCount":4,"status":"ready","userQuestionCount":0,"goalNodeId":"quarterly_revenue","readyOptionsCount":4,"optionsNeedingEncoding":0,"optionsNeedingMapping":0,"declinedFallbackCount":0,"blockerCount":0}
{"level":"info","time":1790992254965,"pid":2313,"hostname":"Mac.net","event":"v5.coaching.run_delta_outcome","scenario_id":"7a1e2d3c-4b5a-4e6d-9c7b-8a9f0e1d2c15","outcome":"skipped","reason":"caller_binds_run_delta","prior_facts_count":null,"run_analysis_facts_count":null,"wire_reason_carried":null}
{"level":"info","time":1790992254966,"pid":2313,"hostname":"Mac.net","event":"v5.egress.leading_option_claim_neutralised_at_wire","request_id":"req-z","exit_path":"agent_lane_v1","edited_fields":"blocks","mode":"surgical","original_length":0,"projected_length":0}
{"level":"info","time":1790992254967,"pid":2313,"hostname":"Mac.net","event":"v5.egress.leading_option_claim_neutralised_at_wire","request_id":"req-z","exit_path":"agent_lane_v1_final","edited_fields":"blocks","mode":"surgical","original_length":0,"projected_length":0}
{"level":"info","time":1790992254971,"pid":2313,"hostname":"Mac.net","event":"cee.analysis_ready.built","optionCount":4,"status":"ready","userQuestionCount":0,"goalNodeId":"quarterly_revenue","readyOptionsCount":4,"optionsNeedingEncoding":0,"optionsNeedingMapping":0,"declinedFallbackCount":0,"blockerCount":0}
{"level":"info","time":1790992254972,"pid":2313,"hostname":"Mac.net","scenario_id":"7a1e2d3c-4b5a-4e6d-9c7b-8a9f0e1d2c15","dsk_protocol_id":null,"dsk_not_cited":"no_identified_plan","plan_basis":"user_selected","passed":false,"failed":["PM-COUNT","PM-GROUNDED","PM-WATCH-MITIGATE","PM-NO-PROB","PM-NO-PREDICTION","PM-BLINDSPOT"],"target_kind":"link","card":"propose_link_strengths","card_ok":true,"msg":"agent-lane: method turn settled"}
{"level":"info","time":1790992254973,"pid":2313,"hostname":"Mac.net","event":"v5.coaching.run_delta_outcome","scenario_id":"7a1e2d3c-4b5a-4e6d-9c7b-8a9f0e1d2c15","outcome":"skipped","reason":"caller_binds_run_delta","prior_facts_count":null,"run_analysis_facts_count":null,"wire_reason_carried":null}
{"level":"info","time":1790992254974,"pid":2313,"hostname":"Mac.net","event":"v5.egress.leading_option_claim_neutralised_at_wire","request_id":"req-11","exit_path":"agent_lane_v1","edited_fields":"blocks","mode":"surgical","original_length":0,"projected_length":0}
{"level":"info","time":1790992254976,"pid":2313,"hostname":"Mac.net","event":"v5.egress.leading_option_claim_neutralised_at_wire","request_id":"req-11","exit_path":"agent_lane_v1_final","edited_fields":"blocks","mode":"surgical","original_length":0,"projected_length":0}
{"level":"info","time":1790992254979,"pid":2313,"hostname":"Mac.net","event":"cee.analysis_ready.built","optionCount":4,"status":"ready","userQuestionCount":0,"goalNodeId":"quarterly_revenue","readyOptionsCount":4,"optionsNeedingEncoding":0,"optionsNeedingMapping":0,"declinedFallbackCount":0,"blockerCount":0}
{"level":"info","time":1790992254982,"pid":2313,"hostname":"Mac.net","scenario_id":"7a1e2d3c-4b5a-4e6d-9c7b-8a9f0e1d2c15","dsk_protocol_id":null,"dsk_not_cited":"no_identified_plan","plan_basis":"user_selected","passed":false,"failed":["PM-COUNT","PM-GROUNDED","PM-WATCH-MITIGATE","PM-BLINDSPOT"],"target_kind":"link","card":"propose_link_strengths","card_ok":true,"msg":"agent-lane: method turn settled"}
{"level":"info","time":1790992254982,"pid":2313,"hostname":"Mac.net","event":"v5.coaching.run_delta_outcome","scenario_id":"7a1e2d3c-4b5a-4e6d-9c7b-8a9f0e1d2c15","outcome":"skipped","reason":"caller_binds_run_delta","prior_facts_count":null,"run_analysis_facts_count":null,"wire_reason_carried":null}
{"level":"info","time":1790992254983,"pid":2313,"hostname":"Mac.net","event":"v5.egress.leading_option_claim_neutralised_at_wire","request_id":"req-13","exit_path":"agent_lane_v1","edited_fields":"blocks","mode":"surgical","original_length":0,"projected_length":0}
{"level":"info","time":1790992254985,"pid":2313,"hostname":"Mac.net","event":"v5.egress.leading_option_claim_neutralised_at_wire","request_id":"req-13","exit_path":"agent_lane_v1_final","edited_fields":"blocks","mode":"surgical","original_length":0,"projected_length":0}
{"level":"info","time":1790992254987,"pid":2313,"hostname":"Mac.net","event":"cee.analysis_ready.built","optionCount":4,"status":"ready","userQuestionCount":0,"goalNodeId":"quarterly_revenue","readyOptionsCount":4,"optionsNeedingEncoding":0,"optionsNeedingMapping":0,"declinedFallbackCount":0,"blockerCount":0}
{"level":"info","time":1790992254990,"pid":2313,"hostname":"Mac.net","event":"v5.coaching.run_delta_outcome","scenario_id":"7a1e2d3c-4b5a-4e6d-9c7b-8a9f0e1d2c15","outcome":"skipped","reason":"caller_binds_run_delta","prior_facts_count":null,"run_analysis_facts_count":null,"wire_reason_carried":null}
{"level":"info","time":1790992254991,"pid":2313,"hostname":"Mac.net","event":"v5.egress.leading_option_claim_neutralised_at_wire","request_id":"req-15","exit_path":"agent_lane_v1","edited_fields":"blocks","mode":"surgical","original_length":0,"projected_length":0}
{"level":"info","time":1790992254992,"pid":2313,"hostname":"Mac.net","event":"v5.egress.leading_option_claim_neutralised_at_wire","request_id":"req-15","exit_path":"agent_lane_v1_final","edited_fields":"blocks","mode":"surgical","original_length":0,"projected_length":0}
{"level":"info","time":1790992254995,"pid":2313,"hostname":"Mac.net","event":"cee.analysis_ready.built","optionCount":0,"status":"needs_user_mapping","userQuestionCount":1,"goalNodeId":"mrr","readyOptionsCount":0,"optionsNeedingEncoding":0,"optionsNeedingMapping":0,"declinedFallbackCount":0,"blockerCount":0}
{"level":"info","time":1790992254998,"pid":2313,"hostname":"Mac.net","scenario_id":"7a1e2d3c-4b5a-4e6d-9c7b-8a9f0e1d2c16","method_turn":"unavailable","reason":"no_own_option","msg":"agent-lane: method turn answered without a model call"}
{"level":"info","time":1790992254999,"pid":2313,"hostname":"Mac.net","event":"cee.analysis_ready.built","optionCount":0,"status":"needs_user_mapping","userQuestionCount":1,"goalNodeId":"mrr","readyOptionsCount":0,"optionsNeedingEncoding":0,"optionsNeedingMapping":0,"declinedFallbackCount":0,"blockerCount":0}
{"level":"info","time":1790992255008,"pid":2313,"hostname":"Mac.net","event":"cee.analysis_ready.built","optionCount":0,"status":"needs_user_mapping","userQuestionCount":1,"goalNodeId":"mrr","readyOptionsCount":0,"optionsNeedingEncoding":0,"optionsNeedingMapping":0,"declinedFallbackCount":0,"blockerCount":0}
{"level":"info","time":1790992255010,"pid":2313,"hostname":"Mac.net","event":"v5.coaching.run_delta_outcome","scenario_id":"7a1e2d3c-4b5a-4e6d-9c7b-8a9f0e1d2c16","outcome":"skipped","reason":"caller_binds_run_delta","prior_facts_count":null,"run_analysis_facts_count":null,"wire_reason_carried":null}
{"level":"info","time":1790992255014,"pid":2313,"hostname":"Mac.net","event":"cee.analysis_ready.built","optionCount":3,"status":"ready","userQuestionCount":0,"goalNodeId":"mrr","readyOptionsCount":3,"optionsNeedingEncoding":0,"optionsNeedingMapping":0,"declinedFallbackCount":0,"blockerCount":0}
{"level":"info","time":1790992255016,"pid":2313,"hostname":"Mac.net","scenario_id":"7a1e2d3c-4b5a-4e6d-9c7b-8a9f0e1d2c17","method_turn":"choose_plan","msg":"agent-lane: method turn answered without a model call"}
{"level":"info","time":1790992255017,"pid":2313,"hostname":"Mac.net","event":"cee.analysis_ready.built","optionCount":3,"status":"ready","userQuestionCount":0,"goalNodeId":"mrr","readyOptionsCount":3,"optionsNeedingEncoding":0,"optionsNeedingMapping":0,"declinedFallbackCount":0,"blockerCount":0}
{"level":"info","time":1790992255021,"pid":2313,"hostname":"Mac.net","event":"v5.coaching.run_delta_outcome","scenario_id":"7a1e2d3c-4b5a-4e6d-9c7b-8a9f0e1d2c17","outcome":"skipped","reason":"caller_binds_run_delta","prior_facts_count":null,"run_analysis_facts_count":null,"wire_reason_carried":null}
{"level":"info","time":1790992255030,"pid":2313,"hostname":"Mac.net","event":"cee.analysis_ready.built","optionCount":3,"status":"ready","userQuestionCount":0,"goalNodeId":"mrr","readyOptionsCount":3,"optionsNeedingEncoding":0,"optionsNeedingMapping":0,"declinedFallbackCount":0,"blockerCount":0}
{"level":"info","time":1790992255034,"pid":2313,"hostname":"Mac.net","event":"cee.analysis_ready.built","optionCount":3,"status":"ready","userQuestionCount":0,"goalNodeId":"mrr","readyOptionsCount":3,"optionsNeedingEncoding":0,"optionsNeedingMapping":0,"declinedFallbackCount":0,"blockerCount":0}
{"level":"info","time":1790992255039,"pid":2313,"hostname":"Mac.net","scenario_id":"7a1e2d3c-4b5a-4e6d-9c7b-8a9f0e1d2c18","ok":true,"reoffer":true,"msg":"agent-lane: identity card re-offered by the route (the reading is unconfirmed, nothing else was proposed)"}
{"level":"info","time":1790992255041,"pid":2313,"hostname":"Mac.net","event":"v5.coaching.run_delta_outcome","scenario_id":"7a1e2d3c-4b5a-4e6d-9c7b-8a9f0e1d2c18","outcome":"skipped","reason":"caller_binds_run_delta","prior_facts_count":null,"run_analysis_facts_count":null,"wire_reason_carried":null}
{"level":"info","time":1790992255048,"pid":2313,"hostname":"Mac.net","event":"cee.analysis_ready.built","optionCount":4,"status":"ready","userQuestionCount":0,"goalNodeId":"quarterly_revenue","readyOptionsCount":4,"optionsNeedingEncoding":0,"optionsNeedingMapping":0,"declinedFallbackCount":0,"blockerCount":0}
···{"level":"info","time":1790992255049,"pid":2313,"hostname":"Mac.net","scenario_id":"7a1e2d3c-4b5a-4e6d-9c7b-8a9f0e1d2c20","dsk_protocol_id":null,"dsk_not_cited":"no_identified_plan","plan_basis":"user_selected","passed":true,"failed":[],"target_kind":"link","card":"propose_link_strengths","card_ok":true,"msg":"agent-lane: method turn settled"}
{"level":"info","time":1790992255050,"pid":2313,"hostname":"Mac.net","event":"v5.coaching.run_delta_outcome","scenario_id":"7a1e2d3c-4b5a-4e6d-9c7b-8a9f0e1d2c20","outcome":"skipped","reason":"caller_binds_run_delta","prior_facts_count":null,"run_analysis_facts_count":null,"wire_reason_carried":null}
{"level":"info","time":1790992255052,"pid":2313,"hostname":"Mac.net","event":"v5.egress.leading_option_claim_neutralised_at_wire","request_id":"req-1d","exit_path":"agent_lane_v1","edited_fields":"blocks","mode":"surgical","original_length":0,"projected_length":0}
{"level":"info","time":1790992255053,"pid":2313,"hostname":"Mac.net","event":"v5.egress.leading_option_claim_neutralised_at_wire","request_id":"req-1d","exit_path":"agent_lane_v1_final","edited_fields":"blocks","mode":"surgical","original_length":0,"projected_length":0}
{"level":"info","time":1790992255057,"pid":2313,"hostname":"Mac.net","event":"cee.analysis_ready.built","optionCount":4,"status":"ready","userQuestionCount":0,"goalNodeId":"quarterly_revenue","readyOptionsCount":4,"optionsNeedingEncoding":0,"optionsNeedingMapping":0,"declinedFallbackCount":0,"blockerCount":0}
{"level":"info","time":1790992255060,"pid":2313,"hostname":"Mac.net","event":"v5.coaching.run_delta_outcome","scenario_id":"7a1e2d3c-4b5a-4e6d-9c7b-8a9f0e1d2c20","outcome":"skipped","reason":"caller_binds_run_delta","prior_facts_count":null,"run_analysis_facts_count":null,"wire_reason_carried":null}
{"level":"info","time":1790992255061,"pid":2313,"hostname":"Mac.net","event":"v5.egress.leading_option_claim_neutralised_at_wire","request_id":"req-1f","exit_path":"agent_lane_v1","edited_fields":"blocks","mode":"surgical","original_length":0,"projected_length":0}
{"level":"info","time":1790992255062,"pid":2313,"hostname":"Mac.net","event":"v5.egress.leading_option_claim_neutralised_at_wire","request_id":"req-1f","exit_path":"agent_lane_v1_final","edited_fields":"blocks","mode":"surgical","original_length":0,"projected_length":0}
{"level":"info","time":1790992255066,"pid":2313,"hostname":"Mac.net","event":"cee.analysis_ready.built","optionCount":4,"status":"ready","userQuestionCount":0,"goalNodeId":"quarterly_revenue","readyOptionsCount":4,"optionsNeedingEncoding":0,"optionsNeedingMapping":0,"declinedFallbackCount":0,"blockerCount":0}
{"level":"info","time":1790992255068,"pid":2313,"hostname":"Mac.net","scenario_id":"7a1e2d3c-4b5a-4e6d-9c7b-8a9f0e1d2c21","dsk_protocol_id":null,"dsk_not_cited":"no_identified_plan","plan_basis":"user_selected","passed":false,"failed":["PM-COUNT","PM-GROUNDED","PM-WATCH-MITIGATE","PM-NO-PROB","PM-NO-PREDICTION","PM-BLINDSPOT"],"target_kind":"link","card":"propose_link_strengths","card_ok":true,"msg":"agent-lane: method turn settled"}
{"level":"info","time":1790992255069,"pid":2313,"hostname":"Mac.net","event":"v5.coaching.run_delta_outcome","scenario_id":"7a1e2d3c-4b5a-4e6d-9c7b-8a9f0e1d2c21","outcome":"skipped","reason":"caller_binds_run_delta","prior_facts_count":null,"run_analysis_facts_count":null,"wire_reason_carried":null}
{"level":"info","time":1790992255070,"pid":2313,"hostname":"Mac.net","event":"v5.egress.leading_option_claim_neutralised_at_wire","request_id":"req-1h","exit_path":"agent_lane_v1","edited_fields":"blocks","mode":"surgical","original_length":0,"projected_length":0}
{"level":"info","time":1790992255072,"pid":2313,"hostname":"Mac.net","event":"v5.egress.leading_option_claim_neutralised_at_wire","request_id":"req-1h","exit_path":"agent_lane_v1_final","edited_fields":"blocks","mode":"surgical","original_length":0,"projected_length":0}
{"level":"info","time":1790992255075,"pid":2313,"hostname":"Mac.net","event":"cee.analysis_ready.built","optionCount":4,"status":"ready","userQuestionCount":0,"goalNodeId":"quarterly_revenue","readyOptionsCount":4,"optionsNeedingEncoding":0,"optionsNeedingMapping":0,"declinedFallbackCount":0,"blockerCount":0}
{"level":"info","time":1790992255077,"pid":2313,"hostname":"Mac.net","event":"v5.coaching.run_delta_outcome","scenario_id":"7a1e2d3c-4b5a-4e6d-9c7b-8a9f0e1d2c21","outcome":"skipped","reason":"caller_binds_run_delta","prior_facts_count":null,"run_analysis_facts_count":null,"wire_reason_carried":null}
{"level":"info","time":1790992255078,"pid":2313,"hostname":"Mac.net","event":"v5.egress.leading_option_claim_neutralised_at_wire","request_id":"req-1j","exit_path":"agent_lane_v1","edited_fields":"blocks","mode":"surgical","original_length":0,"projected_length":0}
{"level":"info","time":1790992255079,"pid":2313,"hostname":"Mac.net","event":"v5.egress.leading_option_claim_neutralised_at_wire","request_id":"req-1j","exit_path":"agent_lane_v1_final","edited_fields":"blocks","mode":"surgical","original_length":0,"projected_length":0}
{"level":"info","time":1790992255083,"pid":2313,"hostname":"Mac.net","event":"cee.analysis_ready.built","optionCount":4,"status":"ready","userQuestionCount":0,"goalNodeId":"quarterly_revenue","readyOptionsCount":4,"optionsNeedingEncoding":0,"optionsNeedingMapping":0,"declinedFallbackCount":0,"blockerCount":0}
{"level":"info","time":1790992255087,"pid":2313,"hostname":"Mac.net","event":"v5.coaching.run_delta_outcome","scenario_id":"7a1e2d3c-4b5a-4e6d-9c7b-8a9f0e1d2c22","outcome":"skipped","reason":"caller_binds_run_delta","prior_facts_count":null,"run_analysis_facts_count":null,"wire_reason_carried":null}
{"level":"info","time":1790992255087,"pid":2313,"hostname":"Mac.net","event":"v5.egress.leading_option_claim_neutralised_at_wire","request_id":"req-1l","exit_path":"agent_lane_v1","edited_fields":"blocks","mode":"surgical","original_length":0,"projected_length":0}
{"level":"info","time":1790992255089,"pid":2313,"hostname":"Mac.net","event":"v5.egress.leading_option_claim_neutralised_at_wire","request_id":"req-1l","exit_path":"agent_lane_v1_final","edited_fields":"blocks","mode":"surgical","original_length":0,"projected_length":0}
{"level":"info","time":1790992255093,"pid":2313,"hostname":"Mac.net","event":"cee.analysis_ready.built","optionCount":4,"status":"ready","userQuestionCount":0,"goalNodeId":"quarterly_revenue","readyOptionsCount":4,"optionsNeedingEncoding":0,"optionsNeedingMapping":0,"declinedFallbackCount":0,"blockerCount":0}
{"level":"info","time":1790992255095,"pid":2313,"hostname":"Mac.net","scenario_id":"7a1e2d3c-4b5a-4e6d-9c7b-8a9f0e1d2c23","dsk_protocol_id":null,"dsk_not_cited":"no_identified_plan","plan_basis":"user_selected","passed":true,"failed":[],"target_kind":"link","card":"propose_link_strengths","card_ok":true,"msg":"agent-lane: method turn settled"}
{"level":"info","time":1790992255096,"pid":2313,"hostname":"Mac.net","event":"v5.coaching.run_delta_outcome","scenario_id":"7a1e2d3c-4b5a-4e6d-9c7b-8a9f0e1d2c23","outcome":"skipped","reason":"caller_binds_run_delta","prior_facts_count":null,"run_analysis_facts_count":null,"wire_reason_carried":null}
{"level":"info","time":1790992255097,"pid":2313,"hostname":"Mac.net","event":"v5.egress.leading_option_claim_neutralised_at_wire","request_id":"req-1n","exit_path":"agent_lane_v1","edited_fields":"blocks","mode":"surgical","original_length":0,"projected_length":0}
{"level":"info","time":1790992255098,"pid":2313,"hostname":"Mac.net","event":"v5.egress.leading_option_claim_neutralised_at_wire","request_id":"req-1n","exit_path":"agent_lane_v1_final","edited_fields":"blocks","mode":"surgical","original_length":0,"projected_length":0}
··{"level":"info","time":1790992256505,"pid":2321,"hostname":"Mac.net","event":"agent_lane.route_mounted","msg":"POST /agent/v1/turn mounted"}
{"level":"info","time":1790992256538,"pid":2321,"hostname":"Mac.net","event":"v5.coaching.run_delta_outcome","scenario_id":"85c46b1a-11ed-49ff-88a6-f2c7c467dca4","outcome":"skipped","reason":"caller_binds_run_delta","prior_facts_count":null,"run_analysis_facts_count":null,"wire_reason_carried":null}
{"level":"info","time":1790992256545,"pid":2321,"hostname":"Mac.net","event":"v5.egress.leading_option_claim_neutralised_at_wire","request_id":"req-1","exit_path":"agent_lane_v1","edited_fields":"blocks","mode":"surgical","original_length":0,"projected_length":0}
{"level":"info","time":1790992256557,"pid":2321,"hostname":"Mac.net","event":"v5.egress.leading_option_claim_neutralised_at_wire","request_id":"req-1","exit_path":"agent_lane_v1_final","edited_fields":"blocks","mode":"surgical","original_length":0,"projected_length":0}
{"level":"info","time":1790992256566,"pid":2321,"hostname":"Mac.net","event":"v5.coaching.run_delta_outcome","scenario_id":"a9a1b984-5bbb-446e-8f53-f0a6d6f34452","outcome":"skipped","reason":"caller_binds_run_delta","prior_facts_count":null,"run_analysis_facts_count":null,"wire_reason_carried":null}
{"level":"info","time":1790992256567,"pid":2321,"hostname":"Mac.net","event":"v5.egress.leading_option_claim_neutralised_at_wire","request_id":"req-4","exit_path":"agent_lane_v1","edited_fields":"blocks","mode":"surgical","original_length":0,"projected_length":0}
{"level":"info","time":1790992256569,"pid":2321,"hostname":"Mac.net","event":"v5.egress.leading_option_claim_neutralised_at_wire","request_id":"req-4","exit_path":"agent_lane_v1_final","edited_fields":"blocks","mode":"surgical","original_length":0,"projected_length":0}
{"level":"info","time":1790992256577,"pid":2321,"hostname":"Mac.net","event":"v5.coaching.run_delta_outcome","scenario_id":"796993d7-fdfa-4000-8f0f-e45b11910ee5","outcome":"skipped","reason":"caller_binds_run_delta","prior_facts_count":null,"run_analysis_facts_count":null,"wire_reason_carried":null}
{"level":"info","time":1790992256580,"pid":2321,"hostname":"Mac.net","event":"v5.egress.leading_option_claim_neutralised_at_wire","request_id":"req-7","exit_path":"agent_lane_v1","edited_fields":"blocks","mode":"surgical","original_length":0,"projected_length":0}
{"level":"info","time":1790992256582,"pid":2321,"hostname":"Mac.net","event":"v5.egress.leading_option_claim_neutralised_at_wire","request_id":"req-7","exit_path":"agent_lane_v1_final","edited_fields":"blocks","mode":"surgical","original_length":0,"projected_length":0}
{"level":"info","time":1790992256586,"pid":2321,"hostname":"Mac.net","event":"v5.coaching.run_delta_outcome","scenario_id":"5167ab48-f523-443a-9ad2-60efa7680ff0","outcome":"skipped","reason":"caller_binds_run_delta","prior_facts_count":null,"run_analysis_facts_count":null,"wire_reason_carried":null}
{"level":"info","time":1790992256592,"pid":2321,"hostname":"Mac.net","event":"v5.coaching.run_delta_outcome","scenario_id":"65377118-e930-40e0-9385-a31baafae380","outcome":"skipped","reason":"caller_binds_run_delta","prior_facts_count":null,"run_analysis_facts_count":null,"wire_reason_carried":null}
{"level":"info","time":1790992256593,"pid":2321,"hostname":"Mac.net","event":"v5.egress.leading_option_claim_neutralised_at_wire","request_id":"req-d","exit_path":"agent_lane_v1","edited_fields":"blocks","mode":"surgical","original_length":0,"projected_length":0}
{"level":"info","time":1790992256595,"pid":2321,"hostname":"Mac.net","event":"v5.egress.leading_option_claim_neutralised_at_wire","request_id":"req-d","exit_path":"agent_lane_v1_final","edited_fields":"blocks","mode":"surgical","original_length":0,"projected_length":0}
{"level":"info","time":1790992256600,"pid":2321,"hostname":"Mac.net","event":"v5.coaching.run_delta_outcome","scenario_id":"5f45646b-3ee1-4038-baf8-54de02e9f0d6","outcome":"skipped","reason":"caller_binds_run_delta","prior_facts_count":null,"run_analysis_facts_count":null,"wire_reason_carried":null}
{"level":"info","time":1790992256601,"pid":2321,"hostname":"Mac.net","event":"v5.egress.leading_option_claim_neutralised_at_wire","request_id":"req-g","exit_path":"agent_lane_v1","edited_fields":"blocks","mode":"surgical","original_length":0,"projected_length":0}
{"level":"info","time":1790992256603,"pid":2321,"hostname":"Mac.net","event":"v5.egress.leading_option_claim_neutralised_at_wire","request_id":"req-g","exit_path":"agent_lane_v1_final","edited_fields":"blocks","mode":"surgical","original_length":0,"projected_length":0}
{"level":"info","time":1790992256607,"pid":2321,"hostname":"Mac.net","event":"v5.coaching.run_delta_outcome","scenario_id":"96efa792-44ca-48df-b127-7c6cab1c12c4","outcome":"skipped","reason":"caller_binds_run_delta","prior_facts_count":null,"run_analysis_facts_count":null,"wire_reason_carried":null}
······{"level":"info","time":1790992256607,"pid":2321,"hostname":"Mac.net","event":"v5.egress.leading_option_claim_neutralised_at_wire","request_id":"req-j","exit_path":"agent_lane_v1","edited_fields":"blocks","mode":"surgical","original_length":0,"projected_length":0}
{"level":"info","time":1790992256609,"pid":2321,"hostname":"Mac.net","event":"v5.egress.leading_option_claim_neutralised_at_wire","request_id":"req-j","exit_path":"agent_lane_v1_final","edited_fields":"blocks","mode":"surgical","original_length":0,"projected_length":0}
{"level":"info","time":1790992256613,"pid":2321,"hostname":"Mac.net","event":"v5.coaching.run_delta_outcome","scenario_id":"ddb54145-e268-415a-b7f0-148e508b36e5","outcome":"skipped","reason":"caller_binds_run_delta","prior_facts_count":null,"run_analysis_facts_count":null,"wire_reason_carried":null}
{"level":"info","time":1790992256614,"pid":2321,"hostname":"Mac.net","event":"v5.egress.leading_option_claim_neutralised_at_wire","request_id":"req-m","exit_path":"agent_lane_v1","edited_fields":"blocks","mode":"surgical","original_length":0,"projected_length":0}
{"level":"info","time":1790992256616,"pid":2321,"hostname":"Mac.net","event":"v5.egress.leading_option_claim_neutralised_at_wire","request_id":"req-m","exit_path":"agent_lane_v1_final","edited_fields":"blocks","mode":"surgical","original_length":0,"projected_length":0}
{"level":"info","time":1790992256621,"pid":2321,"hostname":"Mac.net","event":"v5.coaching.run_delta_outcome","scenario_id":"ddb54145-e268-415a-b7f0-148e508b36e5","outcome":"skipped","reason":"caller_binds_run_delta","prior_facts_count":null,"run_analysis_facts_count":null,"wire_reason_carried":null}
{"level":"info","time":1790992256627,"pid":2321,"hostname":"Mac.net","event":"v5.coaching.run_delta_outcome","scenario_id":"ff91fbc2-e09e-4c0a-8a69-38ca11547fd6","outcome":"skipped","reason":"caller_binds_run_delta","prior_facts_count":null,"run_analysis_facts_count":null,"wire_reason_carried":null}
{"level":"info","time":1790992256627,"pid":2321,"hostname":"Mac.net","event":"v5.egress.leading_option_claim_neutralised_at_wire","request_id":"req-s","exit_path":"agent_lane_v1","edited_fields":"blocks","mode":"surgical","original_length":0,"projected_length":0}
{"level":"info","time":1790992256629,"pid":2321,"hostname":"Mac.net","event":"v5.egress.leading_option_claim_neutralised_at_wire","request_id":"req-s","exit_path":"agent_lane_v1_final","edited_fields":"blocks","mode":"surgical","original_length":0,"projected_length":0}
{"level":"info","time":1790992256632,"pid":2321,"hostname":"Mac.net","event":"v5.coaching.run_delta_outcome","scenario_id":"ff91fbc2-e09e-4c0a-8a69-38ca11547fd6","outcome":"skipped","reason":"caller_binds_run_delta","prior_facts_count":null,"run_analysis_facts_count":null,"wire_reason_carried":null}
··································································{"level":"info","time":1790992260414,"pid":2328,"hostname":"Mac.net","event":"agent_lane.route_mounted","msg":"POST /agent/v1/turn mounted"}
··········{"level":"info","time":1790992260440,"pid":2328,"hostname":"Mac.net","event":"cee.analysis_ready.built","optionCount":4,"status":"ready","userQuestionCount":0,"goalNodeId":"quarterly_revenue","readyOptionsCount":4,"optionsNeedingEncoding":0,"optionsNeedingMapping":0,"declinedFallbackCount":0,"blockerCount":0}
{"level":"info","time":1790992260453,"pid":2328,"hostname":"Mac.net","event":"v5.coaching.run_delta_outcome","scenario_id":"8e3f4a51-6c7d-4e8f-9a01-b2c3d4e5f601","outcome":"skipped","reason":"caller_binds_run_delta","prior_facts_count":null,"run_analysis_facts_count":null,"wire_reason_carried":null}
{"level":"info","time":1790992260465,"pid":2328,"hostname":"Mac.net","scenario_id":"8e3f4a51-6c7d-4e8f-9a01-b2c3d4e5f602","method_turn":"choose_plan","msg":"agent-lane: method turn answered without a model call"}
{"level":"info","time":1790992260466,"pid":2328,"hostname":"Mac.net","event":"v5.coaching.run_delta_outcome","scenario_id":"8e3f4a51-6c7d-4e8f-9a01-b2c3d4e5f602","outcome":"skipped","reason":"caller_binds_run_delta","prior_facts_count":null,"run_analysis_facts_count":null,"wire_reason_carried":null}
{"level":"info","time":1790992260476,"pid":2328,"hostname":"Mac.net","event":"v5.coaching.run_delta_outcome","scenario_id":"8e3f4a51-6c7d-4e8f-9a01-b2c3d4e5f603","outcome":"skipped","reason":"caller_binds_run_delta","prior_facts_count":null,"run_analysis_facts_count":null,"wire_reason_carried":null}
{"level":"info","time":1790992260482,"pid":2328,"hostname":"Mac.net","event":"v5.coaching.run_delta_outcome","scenario_id":"8e3f4a51-6c7d-4e8f-9a01-b2c3d4e5f604","outcome":"skipped","reason":"caller_binds_run_delta","prior_facts_count":null,"run_analysis_facts_count":null,"wire_reason_carried":null}
{"level":"info","time":1790992260490,"pid":2328,"hostname":"Mac.net","event":"cee.analysis_ready.built","optionCount":4,"status":"ready","userQuestionCount":0,"goalNodeId":"quarterly_revenue","readyOptionsCount":4,"optionsNeedingEncoding":0,"optionsNeedingMapping":0,"declinedFallbackCount":0,"blockerCount":0}
{"level":"info","time":1790992260494,"pid":2328,"hostname":"Mac.net","event":"v5.coaching.run_delta_outcome","scenario_id":"8e3f4a51-6c7d-4e8f-9a01-b2c3d4e5f604","outcome":"skipped","reason":"caller_binds_run_delta","prior_facts_count":null,"run_analysis_facts_count":null,"wire_reason_carried":null}
{"level":"info","time":1790992260498,"pid":2328,"hostname":"Mac.net","event":"v5.coaching.run_delta_outcome","scenario_id":"8e3f4a51-6c7d-4e8f-9a01-b2c3d4e5f605","outcome":"skipped","reason":"caller_binds_run_delta","prior_facts_count":null,"run_analysis_facts_count":null,"wire_reason_carried":null}
{"level":"info","time":1790992260502,"pid":2328,"hostname":"Mac.net","event":"v5.coaching.run_delta_outcome","scenario_id":"8e3f4a51-6c7d-4e8f-9a01-b2c3d4e5f605","outcome":"skipped","reason":"caller_binds_run_delta","prior_facts_count":null,"run_analysis_facts_count":null,"wire_reason_carried":null}
{"level":"info","time":1790992260508,"pid":2328,"hostname":"Mac.net","event":"cee.analysis_ready.built","optionCount":4,"status":"ready","userQuestionCount":0,"goalNodeId":"quarterly_revenue","readyOptionsCount":4,"optionsNeedingEncoding":0,"optionsNeedingMapping":0,"declinedFallbackCount":0,"blockerCount":0}
{"level":"info","time":1790992260511,"pid":2328,"hostname":"Mac.net","event":"v5.coaching.run_delta_outcome","scenario_id":"8e3f4a51-6c7d-4e8f-9a01-b2c3d4e5f605","outcome":"skipped","reason":"caller_binds_run_delta","prior_facts_count":null,"run_analysis_facts_count":null,"wire_reason_carried":null}
·····{"level":"info","time":1790992260518,"pid":2328,"hostname":"Mac.net","event":"cee.analysis_ready.built","optionCount":4,"status":"ready","userQuestionCount":0,"goalNodeId":"quarterly_revenue","readyOptionsCount":4,"optionsNeedingEncoding":0,"optionsNeedingMapping":0,"declinedFallbackCount":0,"blockerCount":0}
{"level":"info","time":1790992260521,"pid":2328,"hostname":"Mac.net","event":"v5.coaching.run_delta_outcome","scenario_id":"8e3f4a51-6c7d-4e8f-9a01-b2c3d4e5f606","outcome":"skipped","reason":"caller_binds_run_delta","prior_facts_count":null,"run_analysis_facts_count":null,"wire_reason_carried":null}
{"level":"info","time":1790992260525,"pid":2328,"hostname":"Mac.net","event":"v5.coaching.run_delta_outcome","scenario_id":"8e3f4a51-6c7d-4e8f-9a01-b2c3d4e5f606","outcome":"skipped","reason":"caller_binds_run_delta","prior_facts_count":null,"run_analysis_facts_count":null,"wire_reason_carried":null}
{"level":"info","time":1790992260531,"pid":2328,"hostname":"Mac.net","event":"cee.analysis_ready.built","optionCount":3,"status":"ready","userQuestionCount":0,"goalNodeId":"monthly_spend","readyOptionsCount":3,"optionsNeedingEncoding":0,"optionsNeedingMapping":0,"declinedFallbackCount":0,"blockerCount":0}
{"level":"info","time":1790992260535,"pid":2328,"hostname":"Mac.net","event":"v5.coaching.run_delta_outcome","scenario_id":"8e3f4a51-6c7d-4e8f-9a01-b2c3d4e5f607","outcome":"skipped","reason":"caller_binds_run_delta","prior_facts_count":null,"run_analysis_facts_count":null,"wire_reason_carried":null}
································································································································································

 Test Files  10 passed (10)
      Tests  286 passed (286)
   Start at  02:50:35
   Duration  27.19s (transform 4.37s, setup 321ms, import 4.34s, tests 21.57s, environment 1ms)

