// Vitest Snapshot v1, https://vitest.dev/guide/snapshot.html

exports[`P0 staging parity without horizon_basis > 'draft-post-draft' / 'failed' 1`] = `
{
  "outcome": {
    "assistant": "I've built a first decision model from your brief.

The model so far includes one route: Pilot.

What the model is weighing
• Key consideration: Coverage
• Assumption to check: whether the model's key inputs reflect your real delivery constraints

Figures from your brief I could not find in the model: 80%. Tell me what they apply to and I'll add them.

This is one of several models I could build from your brief: a starting point to argue with, not an answer.

Next, review the model and fill any gaps before comparing the options.

What target should this goal be scored against? Reply with an amount.",
    "blocks": [],
    "commit": true,
    "graphNonNull": true,
    "stage": "analyse",
  },
  "reads": [
    "readMostRecentPendingActions",
    "loadGraph",
    "readMostRecentPendingActions",
    "readMostRecentPendingActions",
  ],
  "traces": [
    {
      "bytes": "{"nodes":[{"id":"goal","kind":"goal","label":"Service quality","goal_threshold_unit":"%","goal_horizon_months":9},{"id":"option","kind":"option","label":"Pilot","interventions":{"factor":{"value":0.2,"source":"cee_hypothesis","target_match":{"node_id":"factor","match_type":"exact_id","confidence":"high"}}}},{"id":"factor","kind":"factor","label":"Coverage","observed_state":{"value":0.5,"source":"user_override"}}],"edges":[{"from":"option","to":"factor","strength":{"mean":0.5,"std":0.1},"exists_probability":1,"effect_direction":"positive"},{"from":"factor","to":"goal","strength":{"mean":0.5,"std":0.1},"exists_probability":1,"effect_direction":"positive"}]}",
      "caller": "at <root>/src/orchestrator-v5/handlers/draft-graph-dispatch.ts",
      "hash": "2799c88c811981bf",
      "nonNull": true,
    },
    {
      "bytes": "{"nodes":[{"id":"goal","kind":"goal","label":"Service quality","goal_threshold_unit":"%","goal_horizon_months":9},{"id":"option","kind":"option","label":"Pilot","interventions":{"factor":{"value":0.2,"source":"cee_hypothesis","target_match":{"node_id":"factor","match_type":"exact_id","confidence":"high"}}}},{"id":"factor","kind":"factor","label":"Coverage","observed_state":{"value":0.5,"source":"user_override"}}],"edges":[{"from":"option","to":"factor","strength":{"mean":0.5,"std":0.1},"exists_probability":1,"effect_direction":"positive"},{"from":"factor","to":"goal","strength":{"mean":0.5,"std":0.1},"exists_probability":1,"effect_direction":"positive"}]}",
      "caller": "at Module.dispatchDraftGraph (<root>/src/orchestrator-v5/handlers/draft-graph-dispatch.ts)",
      "hash": "2799c88c811981bf",
      "nonNull": true,
    },
    {
      "bytes": "{"nodes":[{"id":"goal","kind":"goal","label":"Service quality","goal_threshold_unit":"%","goal_horizon_months":9},{"id":"option","kind":"option","label":"Pilot","interventions":{"factor":{"value":0.2,"source":"cee_hypothesis","target_match":{"node_id":"factor","match_type":"exact_id","confidence":"high"}}}},{"id":"factor","kind":"factor","label":"Coverage","observed_state":{"value":0.5,"source":"user_override"}}],"edges":[{"from":"option","to":"factor","strength":{"mean":0.5,"std":0.1},"exists_probability":1,"effect_direction":"positive"},{"from":"factor","to":"goal","strength":{"mean":0.5,"std":0.1},"exists_probability":1,"effect_direction":"positive"}]}",
      "caller": "at Module.dispatchDraftGraph (<root>/src/orchestrator-v5/handlers/draft-graph-dispatch.ts)",
      "hash": "2799c88c811981bf",
      "nonNull": true,
    },
  ],
  "writes": [
    {
      "assistant": "What target should this goal be scored against? Reply with an amount.",
      "graph": {
        "edges": [
          {
            "effect_direction": "positive",
            "exists_probability": 1,
            "from": "option",
            "strength": {
              "mean": 0.5,
              "std": 0.1,
            },
            "to": "factor",
          },
          {
            "effect_direction": "positive",
            "exists_probability": 1,
            "from": "factor",
            "strength": {
              "mean": 0.5,
              "std": 0.1,
            },
            "to": "goal",
          },
        ],
        "nodes": [
          {
            "goal_horizon_months": 9,
            "goal_threshold_unit": "%",
            "id": "goal",
            "kind": "goal",
            "label": "Service quality",
          },
          {
            "id": "option",
            "interventions": {
              "factor": {
                "source": "cee_hypothesis",
                "target_match": {
                  "confidence": "high",
                  "match_type": "exact_id",
                  "node_id": "factor",
                },
                "value": 0.2,
              },
            },
            "kind": "option",
            "label": "Pilot",
          },
          {
            "id": "factor",
            "kind": "factor",
            "label": "Coverage",
            "observed_state": {
              "source": "user_override",
              "value": 0.5,
            },
          },
        ],
      },
      "pendingHashes": [
        "2799c88c811981bf",
      ],
    },
  ],
}
`;

exports[`P0 staging parity without horizon_basis > 'draft-post-draft' / 'ok_absent' 1`] = `
{
  "outcome": {
    "assistant": "I've built a first decision model from your brief.

The model so far includes one route: Pilot.

What the model is weighing
• Key consideration: Coverage
• Assumption to check: whether the model's key inputs reflect your real delivery constraints

Figures from your brief I could not find in the model: 80%. Tell me what they apply to and I'll add them.

This is one of several models I could build from your brief: a starting point to argue with, not an answer.

Next, review the model and fill any gaps before comparing the options.

What target should this goal be scored against? Reply with an amount.",
    "blocks": [],
    "commit": true,
    "graphNonNull": true,
    "stage": "analyse",
  },
  "reads": [
    "readMostRecentPendingActions",
    "loadGraph",
    "readMostRecentPendingActions",
    "readMostRecentPendingActions",
  ],
  "traces": [
    {
      "bytes": "{"nodes":[{"id":"goal","kind":"goal","label":"Service quality","goal_threshold_unit":"%","goal_horizon_months":9},{"id":"option","kind":"option","label":"Pilot","interventions":{"factor":{"value":0.2,"source":"cee_hypothesis","target_match":{"node_id":"factor","match_type":"exact_id","confidence":"high"}}}},{"id":"factor","kind":"factor","label":"Coverage","observed_state":{"value":0.5,"source":"user_override"}}],"edges":[{"from":"option","to":"factor","strength":{"mean":0.5,"std":0.1},"exists_probability":1,"effect_direction":"positive"},{"from":"factor","to":"goal","strength":{"mean":0.5,"std":0.1},"exists_probability":1,"effect_direction":"positive"}]}",
      "caller": "at <root>/src/orchestrator-v5/handlers/draft-graph-dispatch.ts",
      "hash": "2799c88c811981bf",
      "nonNull": true,
    },
    {
      "bytes": "{"nodes":[{"id":"goal","kind":"goal","label":"Service quality","goal_threshold_unit":"%","goal_horizon_months":9,"ref":"G1"},{"id":"option","kind":"option","label":"Pilot","interventions":{"factor":{"value":0.2,"source":"cee_hypothesis","target_match":{"node_id":"factor","match_type":"exact_id","confidence":"high"}}},"ref":"O1"},{"id":"factor","kind":"factor","label":"Coverage","observed_state":{"value":0.5,"source":"user_override"},"ref":"F1"}],"edges":[{"from":"option","to":"factor","strength":{"mean":0.5,"std":0.1},"exists_probability":1,"effect_direction":"positive"},{"from":"factor","to":"goal","strength":{"mean":0.5,"std":0.1},"exists_probability":1,"effect_direction":"positive"}],"ref_high_water":{"G":1,"O":1,"F":1}}",
      "caller": "at Module.dispatchDraftGraph (<root>/src/orchestrator-v5/handlers/draft-graph-dispatch.ts)",
      "hash": "2799c88c811981bf",
      "nonNull": true,
    },
    {
      "bytes": "{"nodes":[{"id":"goal","kind":"goal","label":"Service quality","goal_threshold_unit":"%","goal_horizon_months":9,"ref":"G1"},{"id":"option","kind":"option","label":"Pilot","interventions":{"factor":{"value":0.2,"source":"cee_hypothesis","target_match":{"node_id":"factor","match_type":"exact_id","confidence":"high"}}},"ref":"O1"},{"id":"factor","kind":"factor","label":"Coverage","observed_state":{"value":0.5,"source":"user_override"},"ref":"F1"}],"edges":[{"from":"option","to":"factor","strength":{"mean":0.5,"std":0.1},"exists_probability":1,"effect_direction":"positive"},{"from":"factor","to":"goal","strength":{"mean":0.5,"std":0.1},"exists_probability":1,"effect_direction":"positive"}],"ref_high_water":{"G":1,"O":1,"F":1}}",
      "caller": "at Module.dispatchDraftGraph (<root>/src/orchestrator-v5/handlers/draft-graph-dispatch.ts)",
      "hash": "2799c88c811981bf",
      "nonNull": true,
    },
  ],
  "writes": [
    {
      "assistant": "What target should this goal be scored against? Reply with an amount.",
      "graph": {
        "edges": [
          {
            "effect_direction": "positive",
            "exists_probability": 1,
            "from": "option",
            "strength": {
              "mean": 0.5,
              "std": 0.1,
            },
            "to": "factor",
          },
          {
            "effect_direction": "positive",
            "exists_probability": 1,
            "from": "factor",
            "strength": {
              "mean": 0.5,
              "std": 0.1,
            },
            "to": "goal",
          },
        ],
        "nodes": [
          {
            "goal_horizon_months": 9,
            "goal_threshold_unit": "%",
            "id": "goal",
            "kind": "goal",
            "label": "Service quality",
            "ref": "G1",
          },
          {
            "id": "option",
            "interventions": {
              "factor": {
                "source": "cee_hypothesis",
                "target_match": {
                  "confidence": "high",
                  "match_type": "exact_id",
                  "node_id": "factor",
                },
                "value": 0.2,
              },
            },
            "kind": "option",
            "label": "Pilot",
            "ref": "O1",
          },
          {
            "id": "factor",
            "kind": "factor",
            "label": "Coverage",
            "observed_state": {
              "source": "user_override",
              "value": 0.5,
            },
            "ref": "F1",
          },
        ],
        "ref_high_water": {
          "F": 1,
          "G": 1,
          "O": 1,
        },
      },
      "pendingHashes": [
        "2799c88c811981bf",
      ],
    },
  ],
}
`;

exports[`P0 staging parity without horizon_basis > 'draft-post-draft' / 'ok_present' 1`] = `
{
  "outcome": {
    "assistant": "I've built a first decision model from your brief.

The model so far includes one route: Pilot.

What the model is weighing
• Key consideration: Coverage
• Assumption to check: whether the model's key inputs reflect your real delivery constraints

Figures from your brief I could not find in the model: 80%. Tell me what they apply to and I'll add them.

This is one of several models I could build from your brief: a starting point to argue with, not an answer.

Next, review the model and fill any gaps before comparing the options.

What target should this goal be scored against? Reply with an amount.",
    "blocks": [],
    "commit": true,
    "graphNonNull": true,
    "stage": "analyse",
  },
  "reads": [
    "readMostRecentPendingActions",
    "loadGraph",
    "readMostRecentPendingActions",
    "readMostRecentPendingActions",
  ],
  "traces": [
    {
      "bytes": "{"nodes":[{"id":"goal","kind":"goal","label":"Service quality","goal_threshold_unit":"%","goal_horizon_months":9},{"id":"option","kind":"option","label":"Pilot","interventions":{"factor":{"value":0.2,"source":"cee_hypothesis","target_match":{"node_id":"factor","match_type":"exact_id","confidence":"high"}}}},{"id":"factor","kind":"factor","label":"Coverage","observed_state":{"value":0.5,"source":"user_override"}}],"edges":[{"from":"option","to":"factor","strength":{"mean":0.5,"std":0.1},"exists_probability":1,"effect_direction":"positive"},{"from":"factor","to":"goal","strength":{"mean":0.5,"std":0.1},"exists_probability":1,"effect_direction":"positive"}]}",
      "caller": "at <root>/src/orchestrator-v5/handlers/draft-graph-dispatch.ts",
      "hash": "2799c88c811981bf",
      "nonNull": true,
    },
    {
      "bytes": "{"nodes":[{"id":"goal","kind":"goal","label":"Service quality","goal_threshold_unit":"%","goal_horizon_months":9},{"id":"option","kind":"option","label":"Pilot","interventions":{"factor":{"value":0.2,"source":"cee_hypothesis","target_match":{"node_id":"factor","match_type":"exact_id","confidence":"high"}}}},{"id":"factor","kind":"factor","label":"Coverage","observed_state":{"value":0.5,"source":"user_override"}}],"edges":[{"from":"option","to":"factor","strength":{"mean":0.5,"std":0.1},"exists_probability":1,"effect_direction":"positive"},{"from":"factor","to":"goal","strength":{"mean":0.5,"std":0.1},"exists_probability":1,"effect_direction":"positive"}]}",
      "caller": "at Module.dispatchDraftGraph (<root>/src/orchestrator-v5/handlers/draft-graph-dispatch.ts)",
      "hash": "2799c88c811981bf",
      "nonNull": true,
    },
    {
      "bytes": "{"nodes":[{"id":"goal","kind":"goal","label":"Service quality","goal_threshold_unit":"%","goal_horizon_months":9},{"id":"option","kind":"option","label":"Pilot","interventions":{"factor":{"value":0.2,"source":"cee_hypothesis","target_match":{"node_id":"factor","match_type":"exact_id","confidence":"high"}}}},{"id":"factor","kind":"factor","label":"Coverage","observed_state":{"value":0.5,"source":"user_override"}}],"edges":[{"from":"option","to":"factor","strength":{"mean":0.5,"std":0.1},"exists_probability":1,"effect_direction":"positive"},{"from":"factor","to":"goal","strength":{"mean":0.5,"std":0.1},"exists_probability":1,"effect_direction":"positive"}]}",
      "caller": "at Module.dispatchDraftGraph (<root>/src/orchestrator-v5/handlers/draft-graph-dispatch.ts)",
      "hash": "2799c88c811981bf",
      "nonNull": true,
    },
  ],
  "writes": [
    {
      "assistant": "What target should this goal be scored against? Reply with an amount.",
      "graph": {
        "edges": [
          {
            "effect_direction": "positive",
            "exists_probability": 1,
            "from": "option",
            "strength": {
              "mean": 0.5,
              "std": 0.1,
            },
            "to": "factor",
          },
          {
            "effect_direction": "positive",
            "exists_probability": 1,
            "from": "factor",
            "strength": {
              "mean": 0.5,
              "std": 0.1,
            },
            "to": "goal",
          },
        ],
        "nodes": [
          {
            "goal_horizon_months": 9,
            "goal_threshold_unit": "%",
            "id": "goal",
            "kind": "goal",
            "label": "Service quality",
          },
          {
            "id": "option",
            "interventions": {
              "factor": {
                "source": "cee_hypothesis",
                "target_match": {
                  "confidence": "high",
                  "match_type": "exact_id",
                  "node_id": "factor",
                },
                "value": 0.2,
              },
            },
            "kind": "option",
            "label": "Pilot",
          },
          {
            "id": "factor",
            "kind": "factor",
            "label": "Coverage",
            "observed_state": {
              "source": "user_override",
              "value": 0.5,
            },
          },
        ],
      },
      "pendingHashes": [
        "2799c88c811981bf",
      ],
    },
  ],
}
`;

exports[`P0 staging parity without horizon_basis > 'edit-candidate' / 'failed' 1`] = `
{
  "outcome": {
    "error": "edit_graph: refusing to persist applied mutation — persisted merge base unavailable (degraded read)",
  },
  "reads": [
    "readRecent",
    "loadGraphAndBriefText",
    "readMostRecentPendingActions",
    "loadGraph",
  ],
  "traces": [
    {
      "bytes": "{"nodes":[{"id":"goal","kind":"goal","label":"Service quality","goal_threshold_unit":"%","goal_horizon_months":9},{"id":"option","kind":"option","label":"Pilot","interventions":{"factor":{"value":0.2,"source":"cee_hypothesis","target_match":{"node_id":"factor","match_type":"exact_id","confidence":"high"}}}},{"id":"factor","kind":"factor","label":"Coverage","observed_state":{"value":0.5,"source":"user_override"}}],"edges":[{"from":"option","to":"factor","strength":{"mean":0.5,"std":0.1},"exists_probability":1,"effect_direction":"positive"},{"from":"factor","to":"goal","strength":{"mean":0.5,"std":0.1},"exists_probability":1,"effect_direction":"positive"}]}",
      "caller": "at Module.dispatchEditGraph (<root>/src/orchestrator-v5/handlers/edit-graph-dispatch.ts)",
      "hash": "2799c88c811981bf",
      "nonNull": true,
    },
  ],
  "writes": [],
}
`;

exports[`P0 staging parity without horizon_basis > 'edit-candidate' / 'ok_absent' 1`] = `
{
  "outcome": {
    "assistant": "Renamed Coverage.",
    "blocks": [],
    "commit": true,
    "graphNonNull": true,
    "stage": "analyse",
  },
  "reads": [
    "readRecent",
    "loadGraphAndBriefText",
    "readMostRecentPendingActions",
    "loadGraph",
    "readRecent",
    "countTurns",
    "readRecentAppliedMutationFactsFor",
    "readScenarioRunAnalysisFactsFor",
    "readAnalysisInvalidatedAt",
    "loadGraphAndBriefText",
    "readMostRecentPendingActions",
    "readMostRecentCoachingState",
    "readMostRecentPendingActions",
    "readMostRecentPendingActions",
  ],
  "traces": [
    {
      "bytes": "{"nodes":[{"id":"goal","kind":"goal","label":"Service quality","goal_threshold_unit":"%","goal_horizon_months":9},{"id":"option","kind":"option","label":"Pilot","interventions":{"factor":{"value":0.2,"source":"cee_hypothesis","target_match":{"node_id":"factor","match_type":"exact_id","confidence":"high"}}}},{"id":"factor","kind":"factor","label":"Coverage","observed_state":{"value":0.5,"source":"user_override"}}],"edges":[{"from":"option","to":"factor","strength":{"mean":0.5,"std":0.1},"exists_probability":1,"effect_direction":"positive"},{"from":"factor","to":"goal","strength":{"mean":0.5,"std":0.1},"exists_probability":1,"effect_direction":"positive"}]}",
      "caller": "at Module.dispatchEditGraph (<root>/src/orchestrator-v5/handlers/edit-graph-dispatch.ts)",
      "hash": "2799c88c811981bf",
      "nonNull": true,
    },
    {
      "bytes": "{"nodes":[{"id":"goal","kind":"goal","label":"Service quality","goal_threshold_unit":"%","goal_horizon_months":9},{"id":"option","kind":"option","label":"Pilot","interventions":{"factor":{"value":0.2,"source":"cee_hypothesis","target_match":{"node_id":"factor","match_type":"exact_id","confidence":"high"}}}},{"id":"factor","kind":"factor","label":"Coverage revised","observed_state":{"value":0.5,"source":"user_override"}}],"edges":[{"from":"option","to":"factor","strength":{"mean":0.5,"std":0.1},"exists_probability":1,"effect_direction":"positive"},{"from":"factor","to":"goal","strength":{"mean":0.5,"std":0.1},"exists_probability":1,"effect_direction":"positive"}]}",
      "caller": "at Module.dispatchEditGraph (<root>/src/orchestrator-v5/handlers/edit-graph-dispatch.ts)",
      "hash": "2799c88c811981bf",
      "nonNull": true,
    },
    {
      "bytes": "{"nodes":[{"id":"goal","kind":"goal","label":"Service quality","goal_threshold_unit":"%","goal_horizon_months":9},{"id":"option","kind":"option","label":"Pilot","interventions":{"factor":{"value":0.2,"source":"cee_hypothesis","target_match":{"node_id":"factor","match_type":"exact_id","confidence":"high"}}}},{"id":"factor","kind":"factor","label":"Coverage","observed_state":{"value":0.5,"source":"user_override"}}],"edges":[{"from":"option","to":"factor","strength":{"mean":0.5,"std":0.1},"exists_probability":1,"effect_direction":"positive"},{"from":"factor","to":"goal","strength":{"mean":0.5,"std":0.1},"exists_probability":1,"effect_direction":"positive"}]}",
      "caller": "at Module.dispatchEditGraph (<root>/src/orchestrator-v5/handlers/edit-graph-dispatch.ts)",
      "hash": "2799c88c811981bf",
      "nonNull": true,
    },
    {
      "bytes": "{"nodes":[{"id":"goal","kind":"goal","label":"Service quality","goal_threshold_unit":"%","goal_horizon_months":9},{"id":"option","kind":"option","label":"Pilot","interventions":{"factor":{"value":0.2,"source":"cee_hypothesis","target_match":{"node_id":"factor","match_type":"exact_id","confidence":"high"}}}},{"id":"factor","kind":"factor","label":"Coverage revised","observed_state":{"value":0.5,"source":"user_override"}}],"edges":[{"from":"option","to":"factor","strength":{"mean":0.5,"std":0.1},"exists_probability":1,"effect_direction":"positive"},{"from":"factor","to":"goal","strength":{"mean":0.5,"std":0.1},"exists_probability":1,"effect_direction":"positive"}]}",
      "caller": "at Module.dispatchEditGraph (<root>/src/orchestrator-v5/handlers/edit-graph-dispatch.ts)",
      "hash": "2799c88c811981bf",
      "nonNull": true,
    },
    {
      "bytes": "{"nodes":[{"id":"goal","kind":"goal","label":"Service quality","goal_threshold_unit":"%","goal_horizon_months":9},{"id":"option","kind":"option","label":"Pilot","interventions":{"factor":{"value":0.2,"source":"cee_hypothesis","target_match":{"node_id":"factor","match_type":"exact_id","confidence":"high"}}}},{"id":"factor","kind":"factor","label":"Coverage revised","observed_state":{"value":0.5,"source":"user_override"}}],"edges":[{"from":"option","to":"factor","strength":{"mean":0.5,"std":0.1},"exists_probability":1,"effect_direction":"positive"},{"from":"factor","to":"goal","strength":{"mean":0.5,"std":0.1},"exists_probability":1,"effect_direction":"positive"}]}",
      "caller": "at Module.dispatchEditGraph (<root>/src/orchestrator-v5/handlers/edit-graph-dispatch.ts)",
      "hash": "2799c88c811981bf",
      "nonNull": true,
    },
    {
      "bytes": "{"nodes":[{"id":"goal","kind":"goal","label":"Service quality","goal_threshold_unit":"%","goal_horizon_months":9},{"id":"option","kind":"option","label":"Pilot","interventions":{"factor":{"value":0.2,"source":"cee_hypothesis","target_match":{"node_id":"factor","match_type":"exact_id","confidence":"high"}}}},{"id":"factor","kind":"factor","label":"Coverage revised","observed_state":{"value":0.5,"source":"user_override"}}],"edges":[{"from":"option","to":"factor","strength":{"mean":0.5,"std":0.1},"exists_probability":1,"effect_direction":"positive"},{"from":"factor","to":"goal","strength":{"mean":0.5,"std":0.1},"exists_probability":1,"effect_direction":"positive"}]}",
      "caller": "at Module.dispatchEditGraph (<root>/src/orchestrator-v5/handlers/edit-graph-dispatch.ts)",
      "hash": "2799c88c811981bf",
      "nonNull": true,
    },
  ],
  "writes": [
    {
      "assistant": "Renamed Coverage.",
      "graph": {
        "edges": [
          {
            "effect_direction": "positive",
            "exists_probability": 1,
            "from": "option",
            "strength": {
              "mean": 0.5,
              "std": 0.1,
            },
            "to": "factor",
          },
          {
            "effect_direction": "positive",
            "exists_probability": 1,
            "from": "factor",
            "strength": {
              "mean": 0.5,
              "std": 0.1,
            },
            "to": "goal",
          },
        ],
        "nodes": [
          {
            "goal_horizon_months": 9,
            "goal_threshold_unit": "%",
            "id": "goal",
            "kind": "goal",
            "label": "Service quality",
          },
          {
            "id": "option",
            "interventions": {
              "factor": {
                "source": "cee_hypothesis",
                "target_match": {
                  "confidence": "high",
                  "match_type": "exact_id",
                  "node_id": "factor",
                },
                "value": 0.2,
              },
            },
            "kind": "option",
            "label": "Pilot",
          },
          {
            "id": "factor",
            "kind": "factor",
            "label": "Coverage revised",
            "observed_state": {
              "source": "user_override",
              "value": 0.5,
            },
          },
        ],
      },
      "pendingHashes": [],
    },
  ],
}
`;

exports[`P0 staging parity without horizon_basis > 'edit-candidate' / 'ok_present' 1`] = `
{
  "outcome": {
    "assistant": "Renamed Coverage.",
    "blocks": [],
    "commit": true,
    "graphNonNull": true,
    "stage": "analyse",
  },
  "reads": [
    "readRecent",
    "loadGraphAndBriefText",
    "readMostRecentPendingActions",
    "loadGraph",
    "readRecent",
    "countTurns",
    "readRecentAppliedMutationFactsFor",
    "readScenarioRunAnalysisFactsFor",
    "readAnalysisInvalidatedAt",
    "loadGraphAndBriefText",
    "readMostRecentPendingActions",
    "readMostRecentCoachingState",
    "readMostRecentPendingActions",
    "readMostRecentPendingActions",
  ],
  "traces": [
    {
      "bytes": "{"nodes":[{"id":"goal","kind":"goal","label":"Service quality","goal_threshold_unit":"%","goal_horizon_months":9},{"id":"option","kind":"option","label":"Pilot","interventions":{"factor":{"value":0.2,"source":"cee_hypothesis","target_match":{"node_id":"factor","match_type":"exact_id","confidence":"high"}}}},{"id":"factor","kind":"factor","label":"Coverage","observed_state":{"value":0.5,"source":"user_override"}}],"edges":[{"from":"option","to":"factor","strength":{"mean":0.5,"std":0.1},"exists_probability":1,"effect_direction":"positive"},{"from":"factor","to":"goal","strength":{"mean":0.5,"std":0.1},"exists_probability":1,"effect_direction":"positive"}]}",
      "caller": "at Module.dispatchEditGraph (<root>/src/orchestrator-v5/handlers/edit-graph-dispatch.ts)",
      "hash": "2799c88c811981bf",
      "nonNull": true,
    },
    {
      "bytes": "{"nodes":[{"id":"goal","kind":"goal","label":"Service quality","goal_threshold_unit":"%","goal_horizon_months":9},{"id":"option","kind":"option","label":"Pilot","interventions":{"factor":{"value":0.2,"source":"cee_hypothesis","target_match":{"node_id":"factor","match_type":"exact_id","confidence":"high"}}}},{"id":"factor","kind":"factor","label":"Coverage","observed_state":{"value":0.5,"source":"user_override"}}],"edges":[{"from":"option","to":"factor","strength":{"mean":0.5,"std":0.1},"exists_probability":1,"effect_direction":"positive"},{"from":"factor","to":"goal","strength":{"mean":0.5,"std":0.1},"exists_probability":1,"effect_direction":"positive"}]}",
      "caller": "at Module.dispatchEditGraph (<root>/src/orchestrator-v5/handlers/edit-graph-dispatch.ts)",
      "hash": "2799c88c811981bf",
      "nonNull": true,
    },
    {
      "bytes": "{"nodes":[{"id":"goal","kind":"goal","label":"Service quality","goal_threshold_unit":"%","goal_horizon_months":9},{"id":"option","kind":"option","label":"Pilot","interventions":{"factor":{"value":0.2,"source":"cee_hypothesis","target_match":{"node_id":"factor","match_type":"exact_id","confidence":"high"}}}},{"id":"factor","kind":"factor","label":"Coverage revised","observed_state":{"value":0.5,"source":"user_override"}}],"edges":[{"from":"option","to":"factor","strength":{"mean":0.5,"std":0.1},"exists_probability":1,"effect_direction":"positive"},{"from":"factor","to":"goal","strength":{"mean":0.5,"std":0.1},"exists_probability":1,"effect_direction":"positive"}]}",
      "caller": "at Module.dispatchEditGraph (<root>/src/orchestrator-v5/handlers/edit-graph-dispatch.ts)",
      "hash": "2799c88c811981bf",
      "nonNull": true,
    },
    {
      "bytes": "{"nodes":[{"id":"goal","kind":"goal","label":"Service quality","goal_threshold_unit":"%","goal_horizon_months":9},{"id":"option","kind":"option","label":"Pilot","interventions":{"factor":{"value":0.2,"source":"cee_hypothesis","target_match":{"node_id":"factor","match_type":"exact_id","confidence":"high"}}}},{"id":"factor","kind":"factor","label":"Coverage","observed_state":{"value":0.5,"source":"user_override"}}],"edges":[{"from":"option","to":"factor","strength":{"mean":0.5,"std":0.1},"exists_probability":1,"effect_direction":"positive"},{"from":"factor","to":"goal","strength":{"mean":0.5,"std":0.1},"exists_probability":1,"effect_direction":"positive"}]}",
      "caller": "at Module.dispatchEditGraph (<root>/src/orchestrator-v5/handlers/edit-graph-dispatch.ts)",
      "hash": "2799c88c811981bf",
      "nonNull": true,
    },
    {
      "bytes": "{"nodes":[{"id":"goal","kind":"goal","label":"Service quality","goal_threshold_unit":"%","goal_horizon_months":9},{"id":"option","kind":"option","label":"Pilot","interventions":{"factor":{"value":0.2,"source":"cee_hypothesis","target_match":{"node_id":"factor","match_type":"exact_id","confidence":"high"}}}},{"id":"factor","kind":"factor","label":"Coverage","observed_state":{"value":0.5,"source":"user_override"}}],"edges":[{"from":"option","to":"factor","strength":{"mean":0.5,"std":0.1},"exists_probability":1,"effect_direction":"positive"},{"from":"factor","to":"goal","strength":{"mean":0.5,"std":0.1},"exists_probability":1,"effect_direction":"positive"}]}",
      "caller": "at Module.dispatchEditGraph (<root>/src/orchestrator-v5/handlers/edit-graph-dispatch.ts)",
      "hash": "2799c88c811981bf",
      "nonNull": true,
    },
    {
      "bytes": "{"nodes":[{"id":"goal","kind":"goal","label":"Service quality","goal_threshold_unit":"%","goal_horizon_months":9},{"id":"option","kind":"option","label":"Pilot","interventions":{"factor":{"value":0.2,"source":"cee_hypothesis","target_match":{"node_id":"factor","match_type":"exact_id","confidence":"high"}}}},{"id":"factor","kind":"factor","label":"Coverage revised","observed_state":{"value":0.5,"source":"user_override"}}],"edges":[{"from":"option","to":"factor","strength":{"mean":0.5,"std":0.1},"exists_probability":1,"effect_direction":"positive"},{"from":"factor","to":"goal","strength":{"mean":0.5,"std":0.1},"exists_probability":1,"effect_direction":"positive"}]}",
      "caller": "at Module.dispatchEditGraph (<root>/src/orchestrator-v5/handlers/edit-graph-dispatch.ts)",
      "hash": "2799c88c811981bf",
      "nonNull": true,
    },
    {
      "bytes": "{"nodes":[{"id":"goal","kind":"goal","label":"Service quality","goal_threshold_unit":"%","goal_horizon_months":9},{"id":"option","kind":"option","label":"Pilot","interventions":{"factor":{"value":0.2,"source":"cee_hypothesis","target_match":{"node_id":"factor","match_type":"exact_id","confidence":"high"}}}},{"id":"factor","kind":"factor","label":"Coverage revised","observed_state":{"value":0.5,"source":"user_override"}}],"edges":[{"from":"option","to":"factor","strength":{"mean":0.5,"std":0.1},"exists_probability":1,"effect_direction":"positive"},{"from":"factor","to":"goal","strength":{"mean":0.5,"std":0.1},"exists_probability":1,"effect_direction":"positive"}]}",
      "caller": "at Module.dispatchEditGraph (<root>/src/orchestrator-v5/handlers/edit-graph-dispatch.ts)",
      "hash": "2799c88c811981bf",
      "nonNull": true,
    },
    {
      "bytes": "{"nodes":[{"id":"goal","kind":"goal","label":"Service quality","goal_threshold_unit":"%","goal_horizon_months":9},{"id":"option","kind":"option","label":"Pilot","interventions":{"factor":{"value":0.2,"source":"cee_hypothesis","target_match":{"node_id":"factor","match_type":"exact_id","confidence":"high"}}}},{"id":"factor","kind":"factor","label":"Coverage revised","observed_state":{"value":0.5,"source":"user_override"}}],"edges":[{"from":"option","to":"factor","strength":{"mean":0.5,"std":0.1},"exists_probability":1,"effect_direction":"positive"},{"from":"factor","to":"goal","strength":{"mean":0.5,"std":0.1},"exists_probability":1,"effect_direction":"positive"}]}",
      "caller": "at Module.dispatchEditGraph (<root>/src/orchestrator-v5/handlers/edit-graph-dispatch.ts)",
      "hash": "2799c88c811981bf",
      "nonNull": true,
    },
  ],
  "writes": [
    {
      "assistant": "Renamed Coverage.",
      "graph": {
        "edges": [
          {
            "effect_direction": "positive",
            "exists_probability": 1,
            "from": "option",
            "strength": {
              "mean": 0.5,
              "std": 0.1,
            },
            "to": "factor",
          },
          {
            "effect_direction": "positive",
            "exists_probability": 1,
            "from": "factor",
            "strength": {
              "mean": 0.5,
              "std": 0.1,
            },
            "to": "goal",
          },
        ],
        "nodes": [
          {
            "goal_horizon_months": 9,
            "goal_threshold_unit": "%",
            "id": "goal",
            "kind": "goal",
            "label": "Service quality",
          },
          {
            "id": "option",
            "interventions": {
              "factor": {
                "source": "cee_hypothesis",
                "target_match": {
                  "confidence": "high",
                  "match_type": "exact_id",
                  "node_id": "factor",
                },
                "value": 0.2,
              },
            },
            "kind": "option",
            "label": "Pilot",
          },
          {
            "id": "factor",
            "kind": "factor",
            "label": "Coverage revised",
            "observed_state": {
              "source": "user_override",
              "value": 0.5,
            },
          },
        ],
      },
      "pendingHashes": [],
    },
  ],
}
`;

exports[`P0 staging parity without horizon_basis > 'edit-early-question' / 'failed' 1`] = `
{
  "outcome": {
    "assistant": "I can add ‘Delays’ as a risk. What factor drives it most — for example team size, hiring pace, or onboarding complexity?",
    "blocks": [],
    "commit": true,
    "graphNonNull": false,
    "stage": "analyse",
  },
  "reads": [
    "readRecent",
    "loadGraphAndBriefText",
    "readRecent",
    "countTurns",
    "readRecentAppliedMutationFactsFor",
    "readScenarioRunAnalysisFactsFor",
    "readAnalysisInvalidatedAt",
    "loadGraphAndBriefText",
    "readMostRecentPendingActions",
    "readMostRecentCoachingState",
    "readMostRecentPendingActions",
  ],
  "traces": [
    {
      "bytes": "{"nodes":[{"id":"goal","kind":"goal","label":"Service quality","goal_threshold_unit":"%","goal_horizon_months":9},{"id":"option","kind":"option","label":"Pilot","interventions":{"factor":{"value":0.2,"source":"cee_hypothesis","target_match":{"node_id":"factor","match_type":"exact_id","confidence":"high"}}}},{"id":"factor","kind":"factor","label":"Coverage","observed_state":{"value":0.5,"source":"user_override"}}],"edges":[{"from":"option","to":"factor","strength":{"mean":0.5,"std":0.1},"exists_probability":1,"effect_direction":"positive"},{"from":"factor","to":"goal","strength":{"mean":0.5,"std":0.1},"exists_probability":1,"effect_direction":"positive"}]}",
      "caller": "at <root>/src/orchestrator-v5/handlers/edit-graph-dispatch.ts",
      "hash": "2799c88c811981bf",
      "nonNull": true,
    },
    {
      "bytes": "{"nodes":[{"id":"goal","kind":"goal","label":"Service quality","goal_threshold_unit":"%","goal_horizon_months":9},{"id":"option","kind":"option","label":"Pilot","interventions":{"factor":{"value":0.2,"source":"cee_hypothesis","target_match":{"node_id":"factor","match_type":"exact_id","confidence":"high"}}}},{"id":"factor","kind":"factor","label":"Coverage","observed_state":{"value":0.5,"source":"user_override"}}],"edges":[{"from":"option","to":"factor","strength":{"mean":0.5,"std":0.1},"exists_probability":1,"effect_direction":"positive"},{"from":"factor","to":"goal","strength":{"mean":0.5,"std":0.1},"exists_probability":1,"effect_direction":"positive"}]}",
      "caller": "at Module.dispatchEditGraph (<root>/src/orchestrator-v5/handlers/edit-graph-dispatch.ts)",
      "hash": "2799c88c811981bf",
      "nonNull": true,
    },
    {
      "bytes": null,
      "caller": "at Module.dispatchEditGraph (<root>/src/orchestrator-v5/handlers/edit-graph-dispatch.ts)",
      "hash": null,
      "nonNull": false,
    },
    {
      "bytes": null,
      "caller": "at Module.dispatchEditGraph (<root>/src/orchestrator-v5/handlers/edit-graph-dispatch.ts)",
      "hash": null,
      "nonNull": false,
    },
  ],
  "writes": [
    {
      "assistant": "I can add ‘Delays’ as a risk. What factor drives it most — for example team size, hiring pace, or onboarding complexity?",
      "graph": null,
      "pendingHashes": [
        "2799c88c811981bf",
      ],
    },
  ],
}
`;

exports[`P0 staging parity without horizon_basis > 'edit-early-question' / 'ok_absent' 1`] = `
{
  "outcome": {
    "assistant": "I can add ‘Delays’ as a risk. What factor drives it most — for example team size, hiring pace, or onboarding complexity?",
    "blocks": [],
    "commit": true,
    "graphNonNull": false,
    "stage": "analyse",
  },
  "reads": [
    "readRecent",
    "loadGraphAndBriefText",
    "readRecent",
    "countTurns",
    "readRecentAppliedMutationFactsFor",
    "readScenarioRunAnalysisFactsFor",
    "readAnalysisInvalidatedAt",
    "loadGraphAndBriefText",
    "readMostRecentPendingActions",
    "readMostRecentCoachingState",
    "readMostRecentPendingActions",
  ],
  "traces": [
    {
      "bytes": "{"nodes":[{"id":"goal","kind":"goal","label":"Service quality","goal_threshold_unit":"%","goal_horizon_months":9},{"id":"option","kind":"option","label":"Pilot","interventions":{"factor":{"value":0.2,"source":"cee_hypothesis","target_match":{"node_id":"factor","match_type":"exact_id","confidence":"high"}}}},{"id":"factor","kind":"factor","label":"Coverage","observed_state":{"value":0.5,"source":"user_override"}}],"edges":[{"from":"option","to":"factor","strength":{"mean":0.5,"std":0.1},"exists_probability":1,"effect_direction":"positive"},{"from":"factor","to":"goal","strength":{"mean":0.5,"std":0.1},"exists_probability":1,"effect_direction":"positive"}]}",
      "caller": "at <root>/src/orchestrator-v5/handlers/edit-graph-dispatch.ts",
      "hash": "2799c88c811981bf",
      "nonNull": true,
    },
    {
      "bytes": "{"nodes":[{"id":"goal","kind":"goal","label":"Service quality","goal_threshold_unit":"%","goal_horizon_months":9},{"id":"option","kind":"option","label":"Pilot","interventions":{"factor":{"value":0.2,"source":"cee_hypothesis","target_match":{"node_id":"factor","match_type":"exact_id","confidence":"high"}}}},{"id":"factor","kind":"factor","label":"Coverage","observed_state":{"value":0.5,"source":"user_override"}}],"edges":[{"from":"option","to":"factor","strength":{"mean":0.5,"std":0.1},"exists_probability":1,"effect_direction":"positive"},{"from":"factor","to":"goal","strength":{"mean":0.5,"std":0.1},"exists_probability":1,"effect_direction":"positive"}]}",
      "caller": "at Module.dispatchEditGraph (<root>/src/orchestrator-v5/handlers/edit-graph-dispatch.ts)",
      "hash": "2799c88c811981bf",
      "nonNull": true,
    },
    {
      "bytes": null,
      "caller": "at Module.dispatchEditGraph (<root>/src/orchestrator-v5/handlers/edit-graph-dispatch.ts)",
      "hash": null,
      "nonNull": false,
    },
    {
      "bytes": null,
      "caller": "at Module.dispatchEditGraph (<root>/src/orchestrator-v5/handlers/edit-graph-dispatch.ts)",
      "hash": null,
      "nonNull": false,
    },
  ],
  "writes": [
    {
      "assistant": "I can add ‘Delays’ as a risk. What factor drives it most — for example team size, hiring pace, or onboarding complexity?",
      "graph": null,
      "pendingHashes": [
        "2799c88c811981bf",
      ],
    },
  ],
}
`;

exports[`P0 staging parity without horizon_basis > 'edit-early-question' / 'ok_present' 1`] = `
{
  "outcome": {
    "assistant": "I can add ‘Delays’ as a risk. What factor drives it most — for example team size, hiring pace, or onboarding complexity?",
    "blocks": [],
    "commit": true,
    "graphNonNull": false,
    "stage": "analyse",
  },
  "reads": [
    "readRecent",
    "loadGraphAndBriefText",
    "readRecent",
    "countTurns",
    "readRecentAppliedMutationFactsFor",
    "readScenarioRunAnalysisFactsFor",
    "readAnalysisInvalidatedAt",
    "loadGraphAndBriefText",
    "readMostRecentPendingActions",
    "readMostRecentCoachingState",
    "readMostRecentPendingActions",
  ],
  "traces": [
    {
      "bytes": "{"nodes":[{"id":"goal","kind":"goal","label":"Service quality","goal_threshold_unit":"%","goal_horizon_months":9},{"id":"option","kind":"option","label":"Pilot","interventions":{"factor":{"value":0.2,"source":"cee_hypothesis","target_match":{"node_id":"factor","match_type":"exact_id","confidence":"high"}}}},{"id":"factor","kind":"factor","label":"Coverage","observed_state":{"value":0.5,"source":"user_override"}}],"edges":[{"from":"option","to":"factor","strength":{"mean":0.5,"std":0.1},"exists_probability":1,"effect_direction":"positive"},{"from":"factor","to":"goal","strength":{"mean":0.5,"std":0.1},"exists_probability":1,"effect_direction":"positive"}]}",
      "caller": "at <root>/src/orchestrator-v5/handlers/edit-graph-dispatch.ts",
      "hash": "2799c88c811981bf",
      "nonNull": true,
    },
    {
      "bytes": "{"nodes":[{"id":"goal","kind":"goal","label":"Service quality","goal_threshold_unit":"%","goal_horizon_months":9},{"id":"option","kind":"option","label":"Pilot","interventions":{"factor":{"value":0.2,"source":"cee_hypothesis","target_match":{"node_id":"factor","match_type":"exact_id","confidence":"high"}}}},{"id":"factor","kind":"factor","label":"Coverage","observed_state":{"value":0.5,"source":"user_override"}}],"edges":[{"from":"option","to":"factor","strength":{"mean":0.5,"std":0.1},"exists_probability":1,"effect_direction":"positive"},{"from":"factor","to":"goal","strength":{"mean":0.5,"std":0.1},"exists_probability":1,"effect_direction":"positive"}]}",
      "caller": "at Module.dispatchEditGraph (<root>/src/orchestrator-v5/handlers/edit-graph-dispatch.ts)",
      "hash": "2799c88c811981bf",
      "nonNull": true,
    },
    {
      "bytes": "{"nodes":[{"id":"goal","kind":"goal","label":"Service quality","goal_threshold_unit":"%","goal_horizon_months":9},{"id":"option","kind":"option","label":"Pilot","interventions":{"factor":{"value":0.2,"source":"cee_hypothesis","target_match":{"node_id":"factor","match_type":"exact_id","confidence":"high"}}}},{"id":"factor","kind":"factor","label":"Coverage","observed_state":{"value":0.5,"source":"user_override"}}],"edges":[{"from":"option","to":"factor","strength":{"mean":0.5,"std":0.1},"exists_probability":1,"effect_direction":"positive"},{"from":"factor","to":"goal","strength":{"mean":0.5,"std":0.1},"exists_probability":1,"effect_direction":"positive"}]}",
      "caller": "at Module.dispatchEditGraph (<root>/src/orchestrator-v5/handlers/edit-graph-dispatch.ts)",
      "hash": "2799c88c811981bf",
      "nonNull": true,
    },
    {
      "bytes": null,
      "caller": "at Module.dispatchEditGraph (<root>/src/orchestrator-v5/handlers/edit-graph-dispatch.ts)",
      "hash": null,
      "nonNull": false,
    },
    {
      "bytes": null,
      "caller": "at Module.dispatchEditGraph (<root>/src/orchestrator-v5/handlers/edit-graph-dispatch.ts)",
      "hash": null,
      "nonNull": false,
    },
  ],
  "writes": [
    {
      "assistant": "I can add ‘Delays’ as a risk. What factor drives it most — for example team size, hiring pace, or onboarding complexity?",
      "graph": null,
      "pendingHashes": [
        "2799c88c811981bf",
      ],
    },
  ],
}
`;

exports[`P0 staging parity without horizon_basis > 'executor-post-handler' / 'failed' 1`] = `
{
  "outcome": {
    "adapterCalls": 1,
    "assistant": "I couldn't complete that step.",
    "blocks": [
      "error",
    ],
    "commit": false,
    "graphNonNull": false,
    "handlerCalls": 1,
    "stage": "analyse",
    "validationError": null,
  },
  "reads": [
    "readRecent",
    "countTurns",
    "readRecentAppliedMutationFactsFor",
    "readScenarioRunAnalysisFactsFor",
    "readAnalysisInvalidatedAt",
    "loadGraphAndBriefText",
    "readMostRecentPendingActions",
    "readMostRecentCoachingState",
    "loadGraph",
  ],
  "traces": [
    {
      "bytes": "{"nodes":[{"id":"goal","kind":"goal","label":"Service quality","goal_threshold_unit":"%","goal_horizon_months":9},{"id":"option","kind":"option","label":"Pilot","interventions":{"factor":{"value":0.2,"source":"cee_hypothesis","target_match":{"node_id":"factor","match_type":"exact_id","confidence":"high"}}}},{"id":"factor","kind":"factor","label":"Coverage revised","observed_state":{"value":0.5,"source":"user_override"}}],"edges":[{"from":"option","to":"factor","strength":{"mean":0.5,"std":0.1},"exists_probability":1,"effect_direction":"positive"},{"from":"factor","to":"goal","strength":{"mean":0.5,"std":0.1},"exists_probability":1,"effect_direction":"positive"}]}",
      "caller": "at <root>/src/orchestrator-v5/turn-executor.ts",
      "hash": "2799c88c811981bf",
      "nonNull": true,
    },
  ],
  "writes": [],
}
`;

exports[`P0 staging parity without horizon_basis > 'executor-post-handler' / 'ok_absent' 1`] = `
{
  "outcome": {
    "adapterCalls": 1,
    "assistant": "Value updated",
    "blocks": [],
    "commit": true,
    "graphNonNull": false,
    "handlerCalls": 1,
    "stage": "analyse",
    "validationError": null,
  },
  "reads": [
    "readRecent",
    "countTurns",
    "readRecentAppliedMutationFactsFor",
    "readScenarioRunAnalysisFactsFor",
    "readAnalysisInvalidatedAt",
    "loadGraphAndBriefText",
    "readMostRecentPendingActions",
    "readMostRecentCoachingState",
    "readMostRecentPendingActions",
  ],
  "traces": [
    {
      "bytes": "{"nodes":[{"id":"goal","kind":"goal","label":"Service quality","goal_threshold_unit":"%","goal_horizon_months":9},{"id":"option","kind":"option","label":"Pilot","interventions":{"factor":{"value":0.2,"source":"cee_hypothesis","target_match":{"node_id":"factor","match_type":"exact_id","confidence":"high"}}}},{"id":"factor","kind":"factor","label":"Coverage","observed_state":{"value":0.5,"source":"user_override"}}],"edges":[{"from":"option","to":"factor","strength":{"mean":0.5,"std":0.1},"exists_probability":1,"effect_direction":"positive"},{"from":"factor","to":"goal","strength":{"mean":0.5,"std":0.1},"exists_probability":1,"effect_direction":"positive"}]}",
      "caller": "at Module.runTurnExecutor (<root>/src/orchestrator-v5/turn-executor.ts)",
      "hash": "2799c88c811981bf",
      "nonNull": true,
    },
    {
      "bytes": "{"nodes":[{"id":"goal","kind":"goal","label":"Service quality","goal_threshold_unit":"%","goal_horizon_months":9},{"id":"option","kind":"option","label":"Pilot","interventions":{"factor":{"value":0.2,"source":"cee_hypothesis","target_match":{"node_id":"factor","match_type":"exact_id","confidence":"high"}}}},{"id":"factor","kind":"factor","label":"Coverage revised","observed_state":{"value":0.5,"source":"user_override"}}],"edges":[{"from":"option","to":"factor","strength":{"mean":0.5,"std":0.1},"exists_probability":1,"effect_direction":"positive"},{"from":"factor","to":"goal","strength":{"mean":0.5,"std":0.1},"exists_probability":1,"effect_direction":"positive"}]}",
      "caller": "at <root>/src/orchestrator-v5/turn-executor.ts",
      "hash": "2799c88c811981bf",
      "nonNull": true,
    },
    {
      "bytes": "{"nodes":[{"id":"goal","kind":"goal","label":"Service quality","goal_threshold_unit":"%","goal_horizon_months":9},{"id":"option","kind":"option","label":"Pilot","interventions":{"factor":{"value":0.2,"source":"cee_hypothesis","target_match":{"node_id":"factor","match_type":"exact_id","confidence":"high"}}}},{"id":"factor","kind":"factor","label":"Coverage revised","observed_state":{"value":0.5,"source":"user_override"}}],"edges":[{"from":"option","to":"factor","strength":{"mean":0.5,"std":0.1},"exists_probability":1,"effect_direction":"positive"},{"from":"factor","to":"goal","strength":{"mean":0.5,"std":0.1},"exists_probability":1,"effect_direction":"positive"}]}",
      "caller": "at <root>/src/orchestrator-v5/turn-executor.ts",
      "hash": "2799c88c811981bf",
      "nonNull": true,
    },
    {
      "bytes": null,
      "caller": "at commitTurn (<root>/src/orchestrator-v5/turn-executor.ts)",
      "hash": null,
      "nonNull": false,
    },
    {
      "bytes": null,
      "caller": "at commitTurn (<root>/src/orchestrator-v5/turn-executor.ts)",
      "hash": null,
      "nonNull": false,
    },
  ],
  "writes": [
    {
      "assistant": "Value updated",
      "graph": null,
      "pendingHashes": [],
    },
  ],
}
`;

exports[`P0 staging parity without horizon_basis > 'executor-post-handler' / 'ok_present' 1`] = `
{
  "outcome": {
    "adapterCalls": 1,
    "assistant": "Value updated",
    "blocks": [],
    "commit": true,
    "graphNonNull": false,
    "handlerCalls": 1,
    "stage": "analyse",
    "validationError": null,
  },
  "reads": [
    "readRecent",
    "countTurns",
    "readRecentAppliedMutationFactsFor",
    "readScenarioRunAnalysisFactsFor",
    "readAnalysisInvalidatedAt",
    "loadGraphAndBriefText",
    "readMostRecentPendingActions",
    "readMostRecentCoachingState",
    "loadGraph",
    "readMostRecentPendingActions",
  ],
  "traces": [
    {
      "bytes": "{"nodes":[{"id":"goal","kind":"goal","label":"Service quality","goal_threshold_unit":"%","goal_horizon_months":9},{"id":"option","kind":"option","label":"Pilot","interventions":{"factor":{"value":0.2,"source":"cee_hypothesis","target_match":{"node_id":"factor","match_type":"exact_id","confidence":"high"}}}},{"id":"factor","kind":"factor","label":"Coverage","observed_state":{"value":0.5,"source":"user_override"}}],"edges":[{"from":"option","to":"factor","strength":{"mean":0.5,"std":0.1},"exists_probability":1,"effect_direction":"positive"},{"from":"factor","to":"goal","strength":{"mean":0.5,"std":0.1},"exists_probability":1,"effect_direction":"positive"}]}",
      "caller": "at Module.runTurnExecutor (<root>/src/orchestrator-v5/turn-executor.ts)",
      "hash": "2799c88c811981bf",
      "nonNull": true,
    },
    {
      "bytes": "{"nodes":[{"id":"goal","kind":"goal","label":"Service quality","goal_threshold_unit":"%","goal_horizon_months":9},{"id":"option","kind":"option","label":"Pilot","interventions":{"factor":{"value":0.2,"source":"cee_hypothesis","target_match":{"node_id":"factor","match_type":"exact_id","confidence":"high"}}}},{"id":"factor","kind":"factor","label":"Coverage","observed_state":{"value":0.5,"source":"user_override"}}],"edges":[{"from":"option","to":"factor","strength":{"mean":0.5,"std":0.1},"exists_probability":1,"effect_direction":"positive"},{"from":"factor","to":"goal","strength":{"mean":0.5,"std":0.1},"exists_probability":1,"effect_direction":"positive"}]}",
      "caller": "at Module.runTurnExecutor (<root>/src/orchestrator-v5/turn-executor.ts)",
      "hash": "2799c88c811981bf",
      "nonNull": true,
    },
    {
      "bytes": "{"nodes":[{"id":"goal","kind":"goal","label":"Service quality","goal_threshold_unit":"%","goal_horizon_months":9},{"id":"option","kind":"option","label":"Pilot","interventions":{"factor":{"value":0.2,"source":"cee_hypothesis","target_match":{"node_id":"factor","match_type":"exact_id","confidence":"high"}}}},{"id":"factor","kind":"factor","label":"Coverage","observed_state":{"value":0.5,"source":"user_override"}}],"edges":[{"from":"option","to":"factor","strength":{"mean":0.5,"std":0.1},"exists_probability":1,"effect_direction":"positive"},{"from":"factor","to":"goal","strength":{"mean":0.5,"std":0.1},"exists_probability":1,"effect_direction":"positive"}]}",
      "caller": "at Module.runTurnExecutor (<root>/src/orchestrator-v5/turn-executor.ts)",
      "hash": "2799c88c811981bf",
      "nonNull": true,
    },
    {
      "bytes": "{"nodes":[{"id":"goal","kind":"goal","label":"Service quality","goal_threshold_unit":"%","goal_horizon_months":9},{"id":"option","kind":"option","label":"Pilot","interventions":{"factor":{"value":0.2,"source":"cee_hypothesis","target_match":{"node_id":"factor","match_type":"exact_id","confidence":"high"}}}},{"id":"factor","kind":"factor","label":"Coverage revised","observed_state":{"value":0.5,"source":"user_override"}}],"edges":[{"from":"option","to":"factor","strength":{"mean":0.5,"std":0.1},"exists_probability":1,"effect_direction":"positive"},{"from":"factor","to":"goal","strength":{"mean":0.5,"std":0.1},"exists_probability":1,"effect_direction":"positive"}]}",
      "caller": "at <root>/src/orchestrator-v5/turn-executor.ts",
      "hash": "2799c88c811981bf",
      "nonNull": true,
    },
    {
      "bytes": "{"nodes":[{"id":"goal","kind":"goal","label":"Service quality","goal_threshold_unit":"%","goal_horizon_months":9},{"id":"option","kind":"option","label":"Pilot","interventions":{"factor":{"value":0.2,"source":"cee_hypothesis","target_match":{"node_id":"factor","match_type":"exact_id","confidence":"high"}}}},{"id":"factor","kind":"factor","label":"Coverage revised","observed_state":{"value":0.5,"source":"user_override"}}],"edges":[{"from":"option","to":"factor","strength":{"mean":0.5,"std":0.1},"exists_probability":1,"effect_direction":"positive"},{"from":"factor","to":"goal","strength":{"mean":0.5,"std":0.1},"exists_probability":1,"effect_direction":"positive"}]}",
      "caller": "at <root>/src/orchestrator-v5/turn-executor.ts",
      "hash": "2799c88c811981bf",
      "nonNull": true,
    },
    {
      "bytes": null,
      "caller": "at commitTurn (<root>/src/orchestrator-v5/turn-executor.ts)",
      "hash": null,
      "nonNull": false,
    },
    {
      "bytes": null,
      "caller": "at commitTurn (<root>/src/orchestrator-v5/turn-executor.ts)",
      "hash": null,
      "nonNull": false,
    },
  ],
  "writes": [
    {
      "assistant": "Value updated",
      "graph": null,
      "pendingHashes": [],
    },
  ],
}
`;

exports[`P0 staging parity without horizon_basis > 'executor-provisional-proposal' / 'failed' 1`] = `
{
  "outcome": {
    "adapterCalls": 1,
    "assistant": "Would you like me to add reliability as a factor?",
    "blocks": [],
    "commit": true,
    "graphNonNull": false,
    "handlerCalls": 0,
    "stage": "analyse",
    "validationError": null,
  },
  "reads": [
    "readRecent",
    "countTurns",
    "readRecentAppliedMutationFactsFor",
    "readScenarioRunAnalysisFactsFor",
    "readAnalysisInvalidatedAt",
    "loadGraphAndBriefText",
    "readMostRecentPendingActions",
    "readMostRecentCoachingState",
    "loadGraph",
    "readMostRecentPendingActions",
  ],
  "traces": [
    {
      "bytes": "{"nodes":[{"id":"goal","kind":"goal","label":"Service quality","goal_threshold_unit":"%","goal_horizon_months":9},{"id":"option","kind":"option","label":"Pilot","interventions":{"factor":{"value":0.2,"source":"cee_hypothesis","target_match":{"node_id":"factor","match_type":"exact_id","confidence":"high"}}}},{"id":"factor","kind":"factor","label":"Coverage","observed_state":{"value":0.5,"source":"user_override"}}],"edges":[{"from":"option","to":"factor","strength":{"mean":0.5,"std":0.1},"exists_probability":1,"effect_direction":"positive"},{"from":"factor","to":"goal","strength":{"mean":0.5,"std":0.1},"exists_probability":1,"effect_direction":"positive"}]}",
      "caller": "at <root>/src/orchestrator-v5/turn-executor.ts",
      "hash": "2799c88c811981bf",
      "nonNull": true,
    },
    {
      "bytes": null,
      "caller": "at commitTurn (<root>/src/orchestrator-v5/turn-executor.ts)",
      "hash": null,
      "nonNull": false,
    },
    {
      "bytes": null,
      "caller": "at commitTurn (<root>/src/orchestrator-v5/turn-executor.ts)",
      "hash": null,
      "nonNull": false,
    },
  ],
  "writes": [
    {
      "assistant": "Would you like me to add reliability as a factor?",
      "graph": null,
      "pendingHashes": [
        "2799c88c811981bf",
      ],
    },
  ],
}
`;

exports[`P0 staging parity without horizon_basis > 'executor-provisional-proposal' / 'ok_absent' 1`] = `
{
  "outcome": {
    "adapterCalls": 1,
    "assistant": "Would you like me to add reliability as a factor?",
    "blocks": [],
    "commit": true,
    "graphNonNull": false,
    "handlerCalls": 0,
    "stage": "analyse",
    "validationError": null,
  },
  "reads": [
    "readRecent",
    "countTurns",
    "readRecentAppliedMutationFactsFor",
    "readScenarioRunAnalysisFactsFor",
    "readAnalysisInvalidatedAt",
    "loadGraphAndBriefText",
    "readMostRecentPendingActions",
    "readMostRecentCoachingState",
    "readMostRecentPendingActions",
    "readMostRecentPendingActions",
  ],
  "traces": [
    {
      "bytes": "{"nodes":[{"id":"goal","kind":"goal","label":"Service quality","goal_threshold_unit":"%","goal_horizon_months":9},{"id":"option","kind":"option","label":"Pilot","interventions":{"factor":{"value":0.2,"source":"cee_hypothesis","target_match":{"node_id":"factor","match_type":"exact_id","confidence":"high"}}}},{"id":"factor","kind":"factor","label":"Coverage","observed_state":{"value":0.5,"source":"user_override"}}],"edges":[{"from":"option","to":"factor","strength":{"mean":0.5,"std":0.1},"exists_probability":1,"effect_direction":"positive"},{"from":"factor","to":"goal","strength":{"mean":0.5,"std":0.1},"exists_probability":1,"effect_direction":"positive"}]}",
      "caller": "at Module.runTurnExecutor (<root>/src/orchestrator-v5/turn-executor.ts)",
      "hash": "2799c88c811981bf",
      "nonNull": true,
    },
    {
      "bytes": "{"nodes":[{"id":"goal","kind":"goal","label":"Service quality","goal_threshold_unit":"%","goal_horizon_months":9},{"id":"option","kind":"option","label":"Pilot","interventions":{"factor":{"value":0.2,"source":"cee_hypothesis","target_match":{"node_id":"factor","match_type":"exact_id","confidence":"high"}}}},{"id":"factor","kind":"factor","label":"Coverage","observed_state":{"value":0.5,"source":"user_override"}}],"edges":[{"from":"option","to":"factor","strength":{"mean":0.5,"std":0.1},"exists_probability":1,"effect_direction":"positive"},{"from":"factor","to":"goal","strength":{"mean":0.5,"std":0.1},"exists_probability":1,"effect_direction":"positive"}]}",
      "caller": "at <root>/src/orchestrator-v5/turn-executor.ts",
      "hash": "2799c88c811981bf",
      "nonNull": true,
    },
    {
      "bytes": "{"nodes":[{"id":"goal","kind":"goal","label":"Service quality","goal_threshold_unit":"%","goal_horizon_months":9,"ref":"G1"},{"id":"option","kind":"option","label":"Pilot","interventions":{"factor":{"value":0.2,"source":"cee_hypothesis","target_match":{"node_id":"factor","match_type":"exact_id","confidence":"high"}}},"ref":"O1"},{"id":"factor","kind":"factor","label":"Coverage","observed_state":{"value":0.5,"source":"user_override"},"ref":"F1"}],"edges":[{"from":"option","to":"factor","strength":{"mean":0.5,"std":0.1},"exists_probability":1,"effect_direction":"positive"},{"from":"factor","to":"goal","strength":{"mean":0.5,"std":0.1},"exists_probability":1,"effect_direction":"positive"}],"ref_high_water":{"G":1,"O":1,"F":1}}",
      "caller": "at commitTurn (<root>/src/orchestrator-v5/turn-executor.ts)",
      "hash": "2799c88c811981bf",
      "nonNull": true,
    },
    {
      "bytes": "{"nodes":[{"id":"goal","kind":"goal","label":"Service quality","goal_threshold_unit":"%","goal_horizon_months":9,"ref":"G1"},{"id":"option","kind":"option","label":"Pilot","interventions":{"factor":{"value":0.2,"source":"cee_hypothesis","target_match":{"node_id":"factor","match_type":"exact_id","confidence":"high"}}},"ref":"O1"},{"id":"factor","kind":"factor","label":"Coverage","observed_state":{"value":0.5,"source":"user_override"},"ref":"F1"}],"edges":[{"from":"option","to":"factor","strength":{"mean":0.5,"std":0.1},"exists_probability":1,"effect_direction":"positive"},{"from":"factor","to":"goal","strength":{"mean":0.5,"std":0.1},"exists_probability":1,"effect_direction":"positive"}],"ref_high_water":{"G":1,"O":1,"F":1}}",
      "caller": "at commitTurn (<root>/src/orchestrator-v5/turn-executor.ts)",
      "hash": "2799c88c811981bf",
      "nonNull": true,
    },
  ],
  "writes": [
    {
      "assistant": "Would you like me to add reliability as a factor?",
      "graph": {
        "edges": [
          {
            "effect_direction": "positive",
            "exists_probability": 1,
            "from": "option",
            "strength": {
              "mean": 0.5,
              "std": 0.1,
            },
            "to": "factor",
          },
          {
            "effect_direction": "positive",
            "exists_probability": 1,
            "from": "factor",
            "strength": {
              "mean": 0.5,
              "std": 0.1,
            },
            "to": "goal",
          },
        ],
        "nodes": [
          {
            "goal_horizon_months": 9,
            "goal_threshold_unit": "%",
            "id": "goal",
            "kind": "goal",
            "label": "Service quality",
            "ref": "G1",
          },
          {
            "id": "option",
            "interventions": {
              "factor": {
                "source": "cee_hypothesis",
                "target_match": {
                  "confidence": "high",
                  "match_type": "exact_id",
                  "node_id": "factor",
                },
                "value": 0.2,
              },
            },
            "kind": "option",
            "label": "Pilot",
            "ref": "O1",
          },
          {
            "id": "factor",
            "kind": "factor",
            "label": "Coverage",
            "observed_state": {
              "source": "user_override",
              "value": 0.5,
            },
            "ref": "F1",
          },
        ],
        "ref_high_water": {
          "F": 1,
          "G": 1,
          "O": 1,
        },
      },
      "pendingHashes": [
        "2799c88c811981bf",
      ],
    },
  ],
}
`;

exports[`P0 staging parity without horizon_basis > 'executor-provisional-proposal' / 'ok_present' 1`] = `
{
  "outcome": {
    "adapterCalls": 1,
    "assistant": "Would you like me to add reliability as a factor?",
    "blocks": [],
    "commit": true,
    "graphNonNull": false,
    "handlerCalls": 0,
    "stage": "analyse",
    "validationError": null,
  },
  "reads": [
    "readRecent",
    "countTurns",
    "readRecentAppliedMutationFactsFor",
    "readScenarioRunAnalysisFactsFor",
    "readAnalysisInvalidatedAt",
    "loadGraphAndBriefText",
    "readMostRecentPendingActions",
    "readMostRecentCoachingState",
    "readMostRecentPendingActions",
  ],
  "traces": [
    {
      "bytes": "{"nodes":[{"id":"goal","kind":"goal","label":"Service quality","goal_threshold_unit":"%","goal_horizon_months":9},{"id":"option","kind":"option","label":"Pilot","interventions":{"factor":{"value":0.2,"source":"cee_hypothesis","target_match":{"node_id":"factor","match_type":"exact_id","confidence":"high"}}}},{"id":"factor","kind":"factor","label":"Coverage","observed_state":{"value":0.5,"source":"user_override"}}],"edges":[{"from":"option","to":"factor","strength":{"mean":0.5,"std":0.1},"exists_probability":1,"effect_direction":"positive"},{"from":"factor","to":"goal","strength":{"mean":0.5,"std":0.1},"exists_probability":1,"effect_direction":"positive"}]}",
      "caller": "at Module.runTurnExecutor (<root>/src/orchestrator-v5/turn-executor.ts)",
      "hash": "2799c88c811981bf",
      "nonNull": true,
    },
    {
      "bytes": "{"nodes":[{"id":"goal","kind":"goal","label":"Service quality","goal_threshold_unit":"%","goal_horizon_months":9},{"id":"option","kind":"option","label":"Pilot","interventions":{"factor":{"value":0.2,"source":"cee_hypothesis","target_match":{"node_id":"factor","match_type":"exact_id","confidence":"high"}}}},{"id":"factor","kind":"factor","label":"Coverage","observed_state":{"value":0.5,"source":"user_override"}}],"edges":[{"from":"option","to":"factor","strength":{"mean":0.5,"std":0.1},"exists_probability":1,"effect_direction":"positive"},{"from":"factor","to":"goal","strength":{"mean":0.5,"std":0.1},"exists_probability":1,"effect_direction":"positive"}]}",
      "caller": "at Module.runTurnExecutor (<root>/src/orchestrator-v5/turn-executor.ts)",
      "hash": "2799c88c811981bf",
      "nonNull": true,
    },
    {
      "bytes": "{"nodes":[{"id":"goal","kind":"goal","label":"Service quality","goal_threshold_unit":"%","goal_horizon_months":9},{"id":"option","kind":"option","label":"Pilot","interventions":{"factor":{"value":0.2,"source":"cee_hypothesis","target_match":{"node_id":"factor","match_type":"exact_id","confidence":"high"}}}},{"id":"factor","kind":"factor","label":"Coverage","observed_state":{"value":0.5,"source":"user_override"}}],"edges":[{"from":"option","to":"factor","strength":{"mean":0.5,"std":0.1},"exists_probability":1,"effect_direction":"positive"},{"from":"factor","to":"goal","strength":{"mean":0.5,"std":0.1},"exists_probability":1,"effect_direction":"positive"}]}",
      "caller": "at Module.runTurnExecutor (<root>/src/orchestrator-v5/turn-executor.ts)",
      "hash": "2799c88c811981bf",
      "nonNull": true,
    },
    {
      "bytes": "{"nodes":[{"id":"goal","kind":"goal","label":"Service quality","goal_threshold_unit":"%","goal_horizon_months":9},{"id":"option","kind":"option","label":"Pilot","interventions":{"factor":{"value":0.2,"source":"cee_hypothesis","target_match":{"node_id":"factor","match_type":"exact_id","confidence":"high"}}}},{"id":"factor","kind":"factor","label":"Coverage","observed_state":{"value":0.5,"source":"user_override"}}],"edges":[{"from":"option","to":"factor","strength":{"mean":0.5,"std":0.1},"exists_probability":1,"effect_direction":"positive"},{"from":"factor","to":"goal","strength":{"mean":0.5,"std":0.1},"exists_probability":1,"effect_direction":"positive"}]}",
      "caller": "at <root>/src/orchestrator-v5/turn-executor.ts",
      "hash": "2799c88c811981bf",
      "nonNull": true,
    },
    {
      "bytes": null,
      "caller": "at commitTurn (<root>/src/orchestrator-v5/turn-executor.ts)",
      "hash": null,
      "nonNull": false,
    },
    {
      "bytes": null,
      "caller": "at commitTurn (<root>/src/orchestrator-v5/turn-executor.ts)",
      "hash": null,
      "nonNull": false,
    },
  ],
  "writes": [
    {
      "assistant": "Would you like me to add reliability as a factor?",
      "graph": null,
      "pendingHashes": [
        "2799c88c811981bf",
      ],
    },
  ],
}
`;

exports[`P0 staging parity without horizon_basis > 'route-request' / 'failed' 1`] = `
{
  "outcome": {
    "assistant": null,
    "blocks": [],
    "commit": null,
    "error": "INTERNAL_ERROR",
    "graphNonNull": false,
    "stage": null,
    "status": 500,
  },
  "reads": [
    "readRecent",
    "loadGraphAndBriefText",
    "readMostRecentPendingActions",
    "loadGraph",
  ],
  "traces": [
    {
      "bytes": "{"nodes":[{"id":"goal","kind":"goal","label":"Service quality","goal_threshold_unit":"%","goal_horizon_months":9},{"id":"option","kind":"option","label":"Pilot","interventions":{"factor":{"value":0.2,"source":"cee_hypothesis","target_match":{"node_id":"factor","match_type":"exact_id","confidence":"high"}}}},{"id":"factor","kind":"factor","label":"Coverage","observed_state":{"value":0.5,"source":"user_override"}}],"edges":[{"from":"option","to":"factor","strength":{"mean":0.5,"std":0.1},"exists_probability":1,"effect_direction":"positive"},{"from":"factor","to":"goal","strength":{"mean":0.5,"std":0.1},"exists_probability":1,"effect_direction":"positive"}]}",
      "caller": "at isPriorAnalysisFreshFromRequest (<root>/src/orchestrator/route-v2.ts)",
      "hash": "2799c88c811981bf",
      "nonNull": true,
    },
    {
      "bytes": "{"nodes":[{"id":"goal","kind":"goal","label":"Service quality","goal_threshold_unit":"%","goal_horizon_months":9},{"id":"option","kind":"option","label":"Pilot","interventions":{"factor":{"value":0.2,"source":"cee_hypothesis","target_match":{"node_id":"factor","match_type":"exact_id","confidence":"high"}}}},{"id":"factor","kind":"factor","label":"Coverage","observed_state":{"value":0.5,"source":"user_override"}}],"edges":[{"from":"option","to":"factor","strength":{"mean":0.5,"std":0.1},"exists_probability":1,"effect_direction":"positive"},{"from":"factor","to":"goal","strength":{"mean":0.5,"std":0.1},"exists_probability":1,"effect_direction":"positive"}]}",
      "caller": "at dispatchEditGraph (<root>/src/orchestrator-v5/handlers/edit-graph-dispatch.ts)",
      "hash": "2799c88c811981bf",
      "nonNull": true,
    },
  ],
  "writes": [],
}
`;

exports[`P0 staging parity without horizon_basis > 'route-request' / 'ok_absent' 1`] = `
{
  "outcome": {
    "assistant": "Renamed Coverage.",
    "blocks": [],
    "commit": null,
    "error": null,
    "graphNonNull": false,
    "stage": "analyse",
    "status": 200,
  },
  "reads": [
    "readRecent",
    "loadGraphAndBriefText",
    "readMostRecentPendingActions",
    "loadGraph",
    "readRecent",
    "countTurns",
    "readRecentAppliedMutationFactsFor",
    "readScenarioRunAnalysisFactsFor",
    "readAnalysisInvalidatedAt",
    "loadGraphAndBriefText",
    "readMostRecentPendingActions",
    "readMostRecentCoachingState",
    "readMostRecentPendingActions",
    "readMostRecentPendingActions",
    "readRecent",
    "countTurns",
    "readRecentAppliedMutationFactsFor",
    "readScenarioRunAnalysisFactsFor",
    "readAnalysisInvalidatedAt",
    "loadGraphAndBriefText",
    "readMostRecentPendingActions",
    "readMostRecentCoachingState",
    "readFactsWithTurnFor",
    "readMostRecentPendingActions",
  ],
  "traces": [
    {
      "bytes": "{"nodes":[{"id":"goal","kind":"goal","label":"Service quality","goal_threshold_unit":"%","goal_horizon_months":9},{"id":"option","kind":"option","label":"Pilot","interventions":{"factor":{"value":0.2,"source":"cee_hypothesis","target_match":{"node_id":"factor","match_type":"exact_id","confidence":"high"}}}},{"id":"factor","kind":"factor","label":"Coverage","observed_state":{"value":0.5,"source":"user_override"}}],"edges":[{"from":"option","to":"factor","strength":{"mean":0.5,"std":0.1},"exists_probability":1,"effect_direction":"positive"},{"from":"factor","to":"goal","strength":{"mean":0.5,"std":0.1},"exists_probability":1,"effect_direction":"positive"}]}",
      "caller": "at isPriorAnalysisFreshFromRequest (<root>/src/orchestrator/route-v2.ts)",
      "hash": "2799c88c811981bf",
      "nonNull": true,
    },
    {
      "bytes": "{"nodes":[{"id":"goal","kind":"goal","label":"Service quality","goal_threshold_unit":"%","goal_horizon_months":9},{"id":"option","kind":"option","label":"Pilot","interventions":{"factor":{"value":0.2,"source":"cee_hypothesis","target_match":{"node_id":"factor","match_type":"exact_id","confidence":"high"}}}},{"id":"factor","kind":"factor","label":"Coverage","observed_state":{"value":0.5,"source":"user_override"}}],"edges":[{"from":"option","to":"factor","strength":{"mean":0.5,"std":0.1},"exists_probability":1,"effect_direction":"positive"},{"from":"factor","to":"goal","strength":{"mean":0.5,"std":0.1},"exists_probability":1,"effect_direction":"positive"}]}",
      "caller": "at dispatchEditGraph (<root>/src/orchestrator-v5/handlers/edit-graph-dispatch.ts)",
      "hash": "2799c88c811981bf",
      "nonNull": true,
    },
    {
      "bytes": "{"nodes":[{"id":"goal","kind":"goal","label":"Service quality","goal_threshold_unit":"%","goal_horizon_months":9},{"id":"option","kind":"option","label":"Pilot","interventions":{"factor":{"value":0.2,"source":"cee_hypothesis","target_match":{"node_id":"factor","match_type":"exact_id","confidence":"high"}}}},{"id":"factor","kind":"factor","label":"Coverage revised","observed_state":{"value":0.5,"source":"user_override"}}],"edges":[{"from":"option","to":"factor","strength":{"mean":0.5,"std":0.1},"exists_probability":1,"effect_direction":"positive"},{"from":"factor","to":"goal","strength":{"mean":0.5,"std":0.1},"exists_probability":1,"effect_direction":"positive"}]}",
      "caller": "at dispatchEditGraph (<root>/src/orchestrator-v5/handlers/edit-graph-dispatch.ts)",
      "hash": "2799c88c811981bf",
      "nonNull": true,
    },
    {
      "bytes": "{"nodes":[{"id":"goal","kind":"goal","label":"Service quality","goal_threshold_unit":"%","goal_horizon_months":9},{"id":"option","kind":"option","label":"Pilot","interventions":{"factor":{"value":0.2,"source":"cee_hypothesis","target_match":{"node_id":"factor","match_type":"exact_id","confidence":"high"}}}},{"id":"factor","kind":"factor","label":"Coverage","observed_state":{"value":0.5,"source":"user_override"}}],"edges":[{"from":"option","to":"factor","strength":{"mean":0.5,"std":0.1},"exists_probability":1,"effect_direction":"positive"},{"from":"factor","to":"goal","strength":{"mean":0.5,"std":0.1},"exists_probability":1,"effect_direction":"positive"}]}",
      "caller": "at dispatchEditGraph (<root>/src/orchestrator-v5/handlers/edit-graph-dispatch.ts)",
      "hash": "2799c88c811981bf",
      "nonNull": true,
    },
    {
      "bytes": "{"nodes":[{"id":"goal","kind":"goal","label":"Service quality","goal_threshold_unit":"%","goal_horizon_months":9},{"id":"option","kind":"option","label":"Pilot","interventions":{"factor":{"value":0.2,"source":"cee_hypothesis","target_match":{"node_id":"factor","match_type":"exact_id","confidence":"high"}}}},{"id":"factor","kind":"factor","label":"Coverage revised","observed_state":{"value":0.5,"source":"user_override"}}],"edges":[{"from":"option","to":"factor","strength":{"mean":0.5,"std":0.1},"exists_probability":1,"effect_direction":"positive"},{"from":"factor","to":"goal","strength":{"mean":0.5,"std":0.1},"exists_probability":1,"effect_direction":"positive"}]}",
      "caller": "at dispatchEditGraph (<root>/src/orchestrator-v5/handlers/edit-graph-dispatch.ts)",
      "hash": "2799c88c811981bf",
      "nonNull": true,
    },
    {
      "bytes": "{"nodes":[{"id":"goal","kind":"goal","label":"Service quality","goal_threshold_unit":"%","goal_horizon_months":9},{"id":"option","kind":"option","label":"Pilot","interventions":{"factor":{"value":0.2,"source":"cee_hypothesis","target_match":{"node_id":"factor","match_type":"exact_id","confidence":"high"}}}},{"id":"factor","kind":"factor","label":"Coverage revised","observed_state":{"value":0.5,"source":"user_override"}}],"edges":[{"from":"option","to":"factor","strength":{"mean":0.5,"std":0.1},"exists_probability":1,"effect_direction":"positive"},{"from":"factor","to":"goal","strength":{"mean":0.5,"std":0.1},"exists_probability":1,"effect_direction":"positive"}]}",
      "caller": "at dispatchEditGraph (<root>/src/orchestrator-v5/handlers/edit-graph-dispatch.ts)",
      "hash": "2799c88c811981bf",
      "nonNull": true,
    },
    {
      "bytes": "{"nodes":[{"id":"goal","kind":"goal","label":"Service quality","goal_threshold_unit":"%","goal_horizon_months":9},{"id":"option","kind":"option","label":"Pilot","interventions":{"factor":{"value":0.2,"source":"cee_hypothesis","target_match":{"node_id":"factor","match_type":"exact_id","confidence":"high"}}}},{"id":"factor","kind":"factor","label":"Coverage revised","observed_state":{"value":0.5,"source":"user_override"}}],"edges":[{"from":"option","to":"factor","strength":{"mean":0.5,"std":0.1},"exists_probability":1,"effect_direction":"positive"},{"from":"factor","to":"goal","strength":{"mean":0.5,"std":0.1},"exists_probability":1,"effect_direction":"positive"}]}",
      "caller": "at dispatchEditGraph (<root>/src/orchestrator-v5/handlers/edit-graph-dispatch.ts)",
      "hash": "2799c88c811981bf",
      "nonNull": true,
    },
    {
      "bytes": "{"nodes":[{"id":"goal","kind":"goal","label":"Service quality","goal_threshold_unit":"%","goal_horizon_months":9},{"id":"option","kind":"option","label":"Pilot","interventions":{"factor":{"value":0.2,"source":"cee_hypothesis","target_match":{"node_id":"factor","match_type":"exact_id","confidence":"high"}}}},{"id":"factor","kind":"factor","label":"Coverage revised","observed_state":{"value":0.5,"source":"user_override"}}],"edges":[{"from":"option","to":"factor","strength":{"mean":0.5,"std":0.1},"exists_probability":1,"effect_direction":"positive"},{"from":"factor","to":"goal","strength":{"mean":0.5,"std":0.1},"exists_probability":1,"effect_direction":"positive"}]}",
      "caller": "at Object.<anonymous> (<root>/src/orchestrator/route-v2.ts)",
      "hash": "2799c88c811981bf",
      "nonNull": true,
    },
  ],
  "writes": [
    {
      "assistant": "Renamed Coverage.",
      "graph": {
        "edges": [
          {
            "effect_direction": "positive",
            "exists_probability": 1,
            "from": "option",
            "strength": {
              "mean": 0.5,
              "std": 0.1,
            },
            "to": "factor",
          },
          {
            "effect_direction": "positive",
            "exists_probability": 1,
            "from": "factor",
            "strength": {
              "mean": 0.5,
              "std": 0.1,
            },
            "to": "goal",
          },
        ],
        "nodes": [
          {
            "goal_horizon_months": 9,
            "goal_threshold_unit": "%",
            "id": "goal",
            "kind": "goal",
            "label": "Service quality",
          },
          {
            "id": "option",
            "interventions": {
              "factor": {
                "source": "cee_hypothesis",
                "target_match": {
                  "confidence": "high",
                  "match_type": "exact_id",
                  "node_id": "factor",
                },
                "value": 0.2,
              },
            },
            "kind": "option",
            "label": "Pilot",
          },
          {
            "id": "factor",
            "kind": "factor",
            "label": "Coverage revised",
            "observed_state": {
              "source": "user_override",
              "value": 0.5,
            },
          },
        ],
      },
      "pendingHashes": [],
    },
  ],
}
`;

exports[`P0 staging parity without horizon_basis > 'route-request' / 'ok_present' 1`] = `
{
  "outcome": {
    "assistant": "Renamed Coverage.",
    "blocks": [],
    "commit": null,
    "error": null,
    "graphNonNull": false,
    "stage": "analyse",
    "status": 200,
  },
  "reads": [
    "readRecent",
    "loadGraphAndBriefText",
    "readMostRecentPendingActions",
    "loadGraph",
    "readRecent",
    "countTurns",
    "readRecentAppliedMutationFactsFor",
    "readScenarioRunAnalysisFactsFor",
    "readAnalysisInvalidatedAt",
    "loadGraphAndBriefText",
    "readMostRecentPendingActions",
    "readMostRecentCoachingState",
    "readMostRecentPendingActions",
    "readMostRecentPendingActions",
    "readRecent",
    "countTurns",
    "readRecentAppliedMutationFactsFor",
    "readScenarioRunAnalysisFactsFor",
    "readAnalysisInvalidatedAt",
    "loadGraphAndBriefText",
    "readMostRecentPendingActions",
    "readMostRecentCoachingState",
    "readFactsWithTurnFor",
    "readMostRecentPendingActions",
  ],
  "traces": [
    {
      "bytes": "{"nodes":[{"id":"goal","kind":"goal","label":"Service quality","goal_threshold_unit":"%","goal_horizon_months":9},{"id":"option","kind":"option","label":"Pilot","interventions":{"factor":{"value":0.2,"source":"cee_hypothesis","target_match":{"node_id":"factor","match_type":"exact_id","confidence":"high"}}}},{"id":"factor","kind":"factor","label":"Coverage","observed_state":{"value":0.5,"source":"user_override"}}],"edges":[{"from":"option","to":"factor","strength":{"mean":0.5,"std":0.1},"exists_probability":1,"effect_direction":"positive"},{"from":"factor","to":"goal","strength":{"mean":0.5,"std":0.1},"exists_probability":1,"effect_direction":"positive"}]}",
      "caller": "at isPriorAnalysisFreshFromRequest (<root>/src/orchestrator/route-v2.ts)",
      "hash": "2799c88c811981bf",
      "nonNull": true,
    },
    {
      "bytes": "{"nodes":[{"id":"goal","kind":"goal","label":"Service quality","goal_threshold_unit":"%","goal_horizon_months":9},{"id":"option","kind":"option","label":"Pilot","interventions":{"factor":{"value":0.2,"source":"cee_hypothesis","target_match":{"node_id":"factor","match_type":"exact_id","confidence":"high"}}}},{"id":"factor","kind":"factor","label":"Coverage","observed_state":{"value":0.5,"source":"user_override"}}],"edges":[{"from":"option","to":"factor","strength":{"mean":0.5,"std":0.1},"exists_probability":1,"effect_direction":"positive"},{"from":"factor","to":"goal","strength":{"mean":0.5,"std":0.1},"exists_probability":1,"effect_direction":"positive"}]}",
      "caller": "at dispatchEditGraph (<root>/src/orchestrator-v5/handlers/edit-graph-dispatch.ts)",
      "hash": "2799c88c811981bf",
      "nonNull": true,
    },
    {
      "bytes": "{"nodes":[{"id":"goal","kind":"goal","label":"Service quality","goal_threshold_unit":"%","goal_horizon_months":9},{"id":"option","kind":"option","label":"Pilot","interventions":{"factor":{"value":0.2,"source":"cee_hypothesis","target_match":{"node_id":"factor","match_type":"exact_id","confidence":"high"}}}},{"id":"factor","kind":"factor","label":"Coverage","observed_state":{"value":0.5,"source":"user_override"}}],"edges":[{"from":"option","to":"factor","strength":{"mean":0.5,"std":0.1},"exists_probability":1,"effect_direction":"positive"},{"from":"factor","to":"goal","strength":{"mean":0.5,"std":0.1},"exists_probability":1,"effect_direction":"positive"}]}",
      "caller": "at dispatchEditGraph (<root>/src/orchestrator-v5/handlers/edit-graph-dispatch.ts)",
      "hash": "2799c88c811981bf",
      "nonNull": true,
    },
    {
      "bytes": "{"nodes":[{"id":"goal","kind":"goal","label":"Service quality","goal_threshold_unit":"%","goal_horizon_months":9},{"id":"option","kind":"option","label":"Pilot","interventions":{"factor":{"value":0.2,"source":"cee_hypothesis","target_match":{"node_id":"factor","match_type":"exact_id","confidence":"high"}}}},{"id":"factor","kind":"factor","label":"Coverage revised","observed_state":{"value":0.5,"source":"user_override"}}],"edges":[{"from":"option","to":"factor","strength":{"mean":0.5,"std":0.1},"exists_probability":1,"effect_direction":"positive"},{"from":"factor","to":"goal","strength":{"mean":0.5,"std":0.1},"exists_probability":1,"effect_direction":"positive"}]}",
      "caller": "at dispatchEditGraph (<root>/src/orchestrator-v5/handlers/edit-graph-dispatch.ts)",
      "hash": "2799c88c811981bf",
      "nonNull": true,
    },
    {
      "bytes": "{"nodes":[{"id":"goal","kind":"goal","label":"Service quality","goal_threshold_unit":"%","goal_horizon_months":9},{"id":"option","kind":"option","label":"Pilot","interventions":{"factor":{"value":0.2,"source":"cee_hypothesis","target_match":{"node_id":"factor","match_type":"exact_id","confidence":"high"}}}},{"id":"factor","kind":"factor","label":"Coverage","observed_state":{"value":0.5,"source":"user_override"}}],"edges":[{"from":"option","to":"factor","strength":{"mean":0.5,"std":0.1},"exists_probability":1,"effect_direction":"positive"},{"from":"factor","to":"goal","strength":{"mean":0.5,"std":0.1},"exists_probability":1,"effect_direction":"positive"}]}",
      "caller": "at dispatchEditGraph (<root>/src/orchestrator-v5/handlers/edit-graph-dispatch.ts)",
      "hash": "2799c88c811981bf",
      "nonNull": true,
    },
    {
      "bytes": "{"nodes":[{"id":"goal","kind":"goal","label":"Service quality","goal_threshold_unit":"%","goal_horizon_months":9},{"id":"option","kind":"option","label":"Pilot","interventions":{"factor":{"value":0.2,"source":"cee_hypothesis","target_match":{"node_id":"factor","match_type":"exact_id","confidence":"high"}}}},{"id":"factor","kind":"factor","label":"Coverage","observed_state":{"value":0.5,"source":"user_override"}}],"edges":[{"from":"option","to":"factor","strength":{"mean":0.5,"std":0.1},"exists_probability":1,"effect_direction":"positive"},{"from":"factor","to":"goal","strength":{"mean":0.5,"std":0.1},"exists_probability":1,"effect_direction":"positive"}]}",
      "caller": "at dispatchEditGraph (<root>/src/orchestrator-v5/handlers/edit-graph-dispatch.ts)",
      "hash": "2799c88c811981bf",
      "nonNull": true,
    },
    {
      "bytes": "{"nodes":[{"id":"goal","kind":"goal","label":"Service quality","goal_threshold_unit":"%","goal_horizon_months":9},{"id":"option","kind":"option","label":"Pilot","interventions":{"factor":{"value":0.2,"source":"cee_hypothesis","target_match":{"node_id":"factor","match_type":"exact_id","confidence":"high"}}}},{"id":"factor","kind":"factor","label":"Coverage revised","observed_state":{"value":0.5,"source":"user_override"}}],"edges":[{"from":"option","to":"factor","strength":{"mean":0.5,"std":0.1},"exists_probability":1,"effect_direction":"positive"},{"from":"factor","to":"goal","strength":{"mean":0.5,"std":0.1},"exists_probability":1,"effect_direction":"positive"}]}",
      "caller": "at dispatchEditGraph (<root>/src/orchestrator-v5/handlers/edit-graph-dispatch.ts)",
      "hash": "2799c88c811981bf",
      "nonNull": true,
    },
    {
      "bytes": "{"nodes":[{"id":"goal","kind":"goal","label":"Service quality","goal_threshold_unit":"%","goal_horizon_months":9},{"id":"option","kind":"option","label":"Pilot","interventions":{"factor":{"value":0.2,"source":"cee_hypothesis","target_match":{"node_id":"factor","match_type":"exact_id","confidence":"high"}}}},{"id":"factor","kind":"factor","label":"Coverage revised","observed_state":{"value":0.5,"source":"user_override"}}],"edges":[{"from":"option","to":"factor","strength":{"mean":0.5,"std":0.1},"exists_probability":1,"effect_direction":"positive"},{"from":"factor","to":"goal","strength":{"mean":0.5,"std":0.1},"exists_probability":1,"effect_direction":"positive"}]}",
      "caller": "at dispatchEditGraph (<root>/src/orchestrator-v5/handlers/edit-graph-dispatch.ts)",
      "hash": "2799c88c811981bf",
      "nonNull": true,
    },
    {
      "bytes": "{"nodes":[{"id":"goal","kind":"goal","label":"Service quality","goal_threshold_unit":"%","goal_horizon_months":9},{"id":"option","kind":"option","label":"Pilot","interventions":{"factor":{"value":0.2,"source":"cee_hypothesis","target_match":{"node_id":"factor","match_type":"exact_id","confidence":"high"}}}},{"id":"factor","kind":"factor","label":"Coverage revised","observed_state":{"value":0.5,"source":"user_override"}}],"edges":[{"from":"option","to":"factor","strength":{"mean":0.5,"std":0.1},"exists_probability":1,"effect_direction":"positive"},{"from":"factor","to":"goal","strength":{"mean":0.5,"std":0.1},"exists_probability":1,"effect_direction":"positive"}]}",
      "caller": "at dispatchEditGraph (<root>/src/orchestrator-v5/handlers/edit-graph-dispatch.ts)",
      "hash": "2799c88c811981bf",
      "nonNull": true,
    },
    {
      "bytes": "{"nodes":[{"id":"goal","kind":"goal","label":"Service quality","goal_threshold_unit":"%","goal_horizon_months":9},{"id":"option","kind":"option","label":"Pilot","interventions":{"factor":{"value":0.2,"source":"cee_hypothesis","target_match":{"node_id":"factor","match_type":"exact_id","confidence":"high"}}}},{"id":"factor","kind":"factor","label":"Coverage revised","observed_state":{"value":0.5,"source":"user_override"}}],"edges":[{"from":"option","to":"factor","strength":{"mean":0.5,"std":0.1},"exists_probability":1,"effect_direction":"positive"},{"from":"factor","to":"goal","strength":{"mean":0.5,"std":0.1},"exists_probability":1,"effect_direction":"positive"}]}",
      "caller": "at Object.<anonymous> (<root>/src/orchestrator/route-v2.ts)",
      "hash": "2799c88c811981bf",
      "nonNull": true,
    },
  ],
  "writes": [
    {
      "assistant": "Renamed Coverage.",
      "graph": {
        "edges": [
          {
            "effect_direction": "positive",
            "exists_probability": 1,
            "from": "option",
            "strength": {
              "mean": 0.5,
              "std": 0.1,
            },
            "to": "factor",
          },
          {
            "effect_direction": "positive",
            "exists_probability": 1,
            "from": "factor",
            "strength": {
              "mean": 0.5,
              "std": 0.1,
            },
            "to": "goal",
          },
        ],
        "nodes": [
          {
            "goal_horizon_months": 9,
            "goal_threshold_unit": "%",
            "id": "goal",
            "kind": "goal",
            "label": "Service quality",
          },
          {
            "id": "option",
            "interventions": {
              "factor": {
                "source": "cee_hypothesis",
                "target_match": {
                  "confidence": "high",
                  "match_type": "exact_id",
                  "node_id": "factor",
                },
                "value": 0.2,
              },
            },
            "kind": "option",
            "label": "Pilot",
          },
          {
            "id": "factor",
            "kind": "factor",
            "label": "Coverage revised",
            "observed_state": {
              "source": "user_override",
              "value": 0.5,
            },
          },
        ],
      },
      "pendingHashes": [],
    },
  ],
}
`;
