// Vitest Snapshot v1, https://vitest.dev/guide/snapshot.html

exports[`event-risk disclosure through the served build reply > ER-2-control: no likelihood keeps the current reply and shape byte-identical 1`] = `
{
  "shape": undefined,
  "text": "The shared model is ready to explore.
- Check the delivery assumptions.
- Discuss the staffing choices.

The first analysis could not run yet: What is "Delivery capacity" today, before any option changes it? Without a current level the analysis would treat it as zero.

The model was saved as version 1. Questions this model does not answer yet: Which date does "in the next 6 months" mean? It is the deadline your brief sets for "Delivery"; the model keeps your words but no date, so no result answers whether it is met by then. The analysis can't run yet. What is "Delivery capacity" today, before any option changes it? Without a current level the analysis would treat it as zero.",
}
`;
