 WARN  Issue while reading "/private/tmp/accel-er-event-cee/.npmrc". Failed to replace env in config: ${NPM_PACKAGES_TOKEN}
 WARN  Issue while reading "/private/tmp/accel-er-event-cee/.npmrc". Failed to replace env in config: ${NPM_PACKAGES_TOKEN}

 RUN  v4.1.10 /private/tmp/accel-er-event-cee

 ❯ src/orchestrator-v5/agent-lane/__tests__/olumi-event-risk-admission.test.ts (39 tests | 4 failed) 131ms
     × 5b50b4c8 hedge drops with the exact interim sentence and no auto-apply 8ms
     × a user hedge also withholds a drafted Olumi occurrence with a reference basis 5ms
     × slices the user clause verbatim including hedge, case and internal spacing 3ms
     × the later shared user hold clears an existing Olumi sidecar 1ms
 ❯ src/orchestrator-v5/agent-lane/__tests__/event-branch-construction.test.ts (3 tests | 1 failed) 117ms
     × the hedge drops the probability factor and serves the prescribed disclosure 13ms

⎯⎯⎯⎯⎯⎯⎯ Failed Tests 5 ⎯⎯⎯⎯⎯⎯⎯

 FAIL  src/orchestrator-v5/agent-lane/__tests__/event-branch-construction.test.ts > event branch through construction, registration body and strict graph readback > the hedge drops the probability factor and serves the prescribed disclosure
AssertionError: expected [ Array(1) ] to include 'You said ‘Key developer departure: pr…'
 ❯ src/orchestrator-v5/agent-lane/__tests__/event-branch-construction.test.ts:71:40
     69|     expect(risk.event_risk).toBeUndefined();
     70|     expect(graph.nodes.some(n => /probability$/i.test(n.label))).toBe(…
     71|     expect(out.event_risk_disclosures).toContain(`You said ‘Key develo…
       |                                        ^
     72|     expect(JSON.stringify(out.event_risk_disclosures)).not.toContain('…
     73|     expect(JSON.stringify(out.event_risk_disclosures)).not.toContain("…

⎯⎯⎯⎯⎯⎯⎯⎯⎯⎯⎯⎯⎯⎯⎯⎯⎯⎯⎯⎯⎯⎯⎯⎯[1/5]⎯

 FAIL  src/orchestrator-v5/agent-lane/__tests__/olumi-event-risk-admission.test.ts > Science event branch admission, 8 October > 5b50b4c8 hedge drops with the exact interim sentence and no auto-apply
AssertionError: expected [ …(8) ] to include 'You said ‘Key developer departure: pr…'
 ❯ src/orchestrator-v5/agent-lane/__tests__/olumi-event-risk-admission.test.ts:76:44
     74|     expect(risk(result).event_risk).toBeUndefined();
     75|     expect(result.nodes.some(n => /probability$/i.test(n.label))).toBe…
     76|     expect(result.loss.map(l => l.reason)).toContain("You said ‘Key de…
       |                                            ^
     77|     expect(result.loss.some(l => /Olumi had drafted/.test(l.reason))).…
     78|     expect(result.loss.some(l => /so the chance doesn't include this r…

⎯⎯⎯⎯⎯⎯⎯⎯⎯⎯⎯⎯⎯⎯⎯⎯⎯⎯⎯⎯⎯⎯⎯⎯[2/5]⎯

 FAIL  src/orchestrator-v5/agent-lane/__tests__/olumi-event-risk-admission.test.ts > Science event branch admission, 8 October > a user hedge also withholds a drafted Olumi occurrence with a reference basis
AssertionError: expected { version: 1, …(2) } to be undefined

- Expected:
undefined

+ Received:
{
  "horizon": {
    "months": 12,
  },
  "occurrence": {
    "basis": "olumi",
    "meaning": "at_least_once_within_horizon",
    "p_high": 0.18181818181818182,
    "p_low": 0.052631578947368425,
  },
  "version": 1,
}

 ❯ src/orchestrator-v5/agent-lane/__tests__/olumi-event-risk-admission.test.ts:82:37
     80|   it('a user hedge also withholds a drafted Olumi occurrence with a re…
     81|     const result = admit(candidate(), 'Key developer departure: probab…
     82|     expect(risk(result).event_risk).toBeUndefined();
       |                                     ^
     83|     expect(risk(result).event_risk_basis_text).toBeUndefined();
     84|     expect(result.loss.map(l => l.reason)).toContain("You said ‘Key de…

⎯⎯⎯⎯⎯⎯⎯⎯⎯⎯⎯⎯⎯⎯⎯⎯⎯⎯⎯⎯⎯⎯⎯⎯[3/5]⎯

 FAIL  src/orchestrator-v5/agent-lane/__tests__/olumi-event-risk-admission.test.ts > Science event branch admission, 8 October > slices the user clause verbatim including hedge, case and internal spacing
AssertionError: expected [ …(8) ] to include 'You said ‘KEY developer departure:  p…'
 ❯ src/orchestrator-v5/agent-lane/__tests__/olumi-event-risk-admission.test.ts:92:44
     90|     const result = admit(probability(candidate()), brief);
     91|     expect(brief.includes(quote)).toBe(true);
     92|     expect(result.loss.map(l => l.reason)).toContain(`You said ‘${quot…
       |                                            ^
     93|   });
     94|   it.each(['15%', '110%', '10.5%'])('a different brief number %s is ca…

⎯⎯⎯⎯⎯⎯⎯⎯⎯⎯⎯⎯⎯⎯⎯⎯⎯⎯⎯⎯⎯⎯⎯⎯[4/5]⎯

 FAIL  src/orchestrator-v5/agent-lane/__tests__/olumi-event-risk-admission.test.ts > Science event branch admission, 8 October > the later shared user hold clears an existing Olumi sidecar
AssertionError: expected 'Typical annual key-staff turnover in …' to be undefined

- Expected:
undefined

+ Received:
"Typical annual key-staff turnover in small software teams."

 ❯ src/orchestrator-v5/agent-lane/__tests__/olumi-event-risk-admission.test.ts:124:50
    122|     const held = holdStatedEventRisks([node], [], 'Key developer depar…
    123|     expect(held.nodes[0]!.event_risk?.occurrence.basis).toBe('user');
    124|     expect(held.nodes[0]!.event_risk_basis_text).toBeUndefined();
       |                                                  ^
    125|   });
    126|   it('a probability absent from the brief with no basis is dropped and…

⎯⎯⎯⎯⎯⎯⎯⎯⎯⎯⎯⎯⎯⎯⎯⎯⎯⎯⎯⎯⎯⎯⎯⎯[5/5]⎯


 Test Files  2 failed (2)
      Tests  5 failed | 37 passed (42)
   Start at  14:39:09
   Duration  3.33s (transform 1.75s, setup 151ms, import 2.69s, tests 248ms, environment 0ms)

