 WARN  Issue while reading "/private/tmp/accel-er-event-cee/.npmrc". Failed to replace env in config: ${NPM_PACKAGES_TOKEN}
 WARN  Issue while reading "/private/tmp/accel-er-event-cee/.npmrc". Failed to replace env in config: ${NPM_PACKAGES_TOKEN}

 RUN  v4.1.10 /private/tmp/accel-er-event-cee

{"level":"info","time":1791466694608,"pid":63741,"hostname":"Mac.net","event":"cee.analysis_ready.built","optionCount":2,"status":"ready","userQuestionCount":0,"goalNodeId":"g-profit","readyOptionsCount":2,"optionsNeedingEncoding":0,"optionsNeedingMapping":0,"declinedFallbackCount":0,"blockerCount":0}
{"level":"info","time":1791466694611,"pid":63741,"hostname":"Mac.net","event":"cee.analysis_ready.built","optionCount":2,"status":"ready","userQuestionCount":0,"goalNodeId":"g-profit","readyOptionsCount":2,"optionsNeedingEncoding":0,"optionsNeedingMapping":0,"declinedFallbackCount":0,"blockerCount":0}
{"level":"info","time":1791466694614,"pid":63741,"hostname":"Mac.net","event":"cee.analysis_ready.built","optionCount":2,"status":"ready","userQuestionCount":0,"goalNodeId":"g-profit","readyOptionsCount":2,"optionsNeedingEncoding":0,"optionsNeedingMapping":0,"declinedFallbackCount":0,"blockerCount":0}
{"level":"info","time":1791466694618,"pid":63741,"hostname":"Mac.net","event":"cee.analysis_ready.built","optionCount":2,"status":"ready","userQuestionCount":0,"goalNodeId":"g-profit","readyOptionsCount":2,"optionsNeedingEncoding":0,"optionsNeedingMapping":0,"declinedFallbackCount":0,"blockerCount":0}
{"level":"info","time":1791466694621,"pid":63741,"hostname":"Mac.net","event":"cee.analysis_ready.built","optionCount":2,"status":"ready","userQuestionCount":0,"goalNodeId":"g-profit","readyOptionsCount":2,"optionsNeedingEncoding":0,"optionsNeedingMapping":0,"declinedFallbackCount":0,"blockerCount":0}
{"level":"info","time":1791466694623,"pid":63741,"hostname":"Mac.net","event":"cee.analysis_ready.built","optionCount":2,"status":"ready","userQuestionCount":0,"goalNodeId":"g-profit","readyOptionsCount":2,"optionsNeedingEncoding":0,"optionsNeedingMapping":0,"declinedFallbackCount":0,"blockerCount":0}
{"level":"info","time":1791466694626,"pid":63741,"hostname":"Mac.net","event":"cee.analysis_ready.built","optionCount":2,"status":"ready","userQuestionCount":0,"goalNodeId":"g-profit","readyOptionsCount":2,"optionsNeedingEncoding":0,"optionsNeedingMapping":0,"declinedFallbackCount":0,"blockerCount":0}
{"level":"info","time":1791466694628,"pid":63741,"hostname":"Mac.net","event":"cee.analysis_ready.built","optionCount":2,"status":"ready","userQuestionCount":0,"goalNodeId":"g-profit","readyOptionsCount":2,"optionsNeedingEncoding":0,"optionsNeedingMapping":0,"declinedFallbackCount":0,"blockerCount":0}
{"level":"info","time":1791466694631,"pid":63741,"hostname":"Mac.net","event":"cee.analysis_ready.built","optionCount":2,"status":"ready","userQuestionCount":0,"goalNodeId":"g-profit","readyOptionsCount":2,"optionsNeedingEncoding":0,"optionsNeedingMapping":0,"declinedFallbackCount":0,"blockerCount":0}
{"level":"info","time":1791466694634,"pid":63741,"hostname":"Mac.net","event":"cee.analysis_ready.built","optionCount":2,"status":"ready","userQuestionCount":0,"goalNodeId":"g-profit","readyOptionsCount":2,"optionsNeedingEncoding":0,"optionsNeedingMapping":0,"declinedFallbackCount":0,"blockerCount":0}
{"level":"info","time":1791466694636,"pid":63741,"hostname":"Mac.net","event":"cee.analysis_ready.built","optionCount":2,"status":"ready","userQuestionCount":0,"goalNodeId":"g-profit","readyOptionsCount":2,"optionsNeedingEncoding":0,"optionsNeedingMapping":0,"declinedFallbackCount":0,"blockerCount":0}
{"level":"info","time":1791466694637,"pid":63741,"hostname":"Mac.net","event":"cee.analysis_ready.built","optionCount":2,"status":"ready","userQuestionCount":0,"goalNodeId":"g-profit","readyOptionsCount":2,"optionsNeedingEncoding":0,"optionsNeedingMapping":0,"declinedFallbackCount":0,"blockerCount":0}
{"level":"info","time":1791466694640,"pid":63741,"hostname":"Mac.net","event":"cee.analysis_ready.built","optionCount":2,"status":"ready","userQuestionCount":0,"goalNodeId":"g-profit","readyOptionsCount":2,"optionsNeedingEncoding":0,"optionsNeedingMapping":0,"declinedFallbackCount":0,"blockerCount":0}
{"level":"info","time":1791466694641,"pid":63741,"hostname":"Mac.net","event":"cee.analysis_ready.built","optionCount":2,"status":"ready","userQuestionCount":0,"goalNodeId":"g-profit","readyOptionsCount":2,"optionsNeedingEncoding":0,"optionsNeedingMapping":0,"declinedFallbackCount":0,"blockerCount":0}
{"level":"info","time":1791466694644,"pid":63741,"hostname":"Mac.net","event":"cee.analysis_ready.built","optionCount":2,"status":"ready","userQuestionCount":0,"goalNodeId":"g-profit","readyOptionsCount":2,"optionsNeedingEncoding":0,"optionsNeedingMapping":0,"declinedFallbackCount":0,"blockerCount":0}
{"level":"info","time":1791466694646,"pid":63741,"hostname":"Mac.net","event":"cee.analysis_ready.built","optionCount":2,"status":"ready","userQuestionCount":0,"goalNodeId":"g-profit","readyOptionsCount":2,"optionsNeedingEncoding":0,"optionsNeedingMapping":0,"declinedFallbackCount":0,"blockerCount":0}
{"level":"info","time":1791466694648,"pid":63741,"hostname":"Mac.net","event":"cee.analysis_ready.built","optionCount":2,"status":"ready","userQuestionCount":0,"goalNodeId":"g-profit","readyOptionsCount":2,"optionsNeedingEncoding":0,"optionsNeedingMapping":0,"declinedFallbackCount":0,"blockerCount":0}
{"level":"info","time":1791466694650,"pid":63741,"hostname":"Mac.net","event":"cee.analysis_ready.built","optionCount":2,"status":"ready","userQuestionCount":0,"goalNodeId":"g-profit","readyOptionsCount":2,"optionsNeedingEncoding":0,"optionsNeedingMapping":0,"declinedFallbackCount":0,"blockerCount":0}
{"level":"info","time":1791466694652,"pid":63741,"hostname":"Mac.net","event":"cee.analysis_ready.built","optionCount":2,"status":"ready","userQuestionCount":0,"goalNodeId":"g-profit","readyOptionsCount":2,"optionsNeedingEncoding":0,"optionsNeedingMapping":0,"declinedFallbackCount":0,"blockerCount":0}
{"level":"info","time":1791466694653,"pid":63741,"hostname":"Mac.net","event":"cee.analysis_ready.built","optionCount":2,"status":"ready","userQuestionCount":0,"goalNodeId":"g-profit","readyOptionsCount":2,"optionsNeedingEncoding":0,"optionsNeedingMapping":0,"declinedFallbackCount":0,"blockerCount":0}
{"level":"info","time":1791466694656,"pid":63741,"hostname":"Mac.net","event":"cee.analysis_ready.built","optionCount":2,"status":"ready","userQuestionCount":0,"goalNodeId":"g-profit","readyOptionsCount":2,"optionsNeedingEncoding":0,"optionsNeedingMapping":0,"declinedFallbackCount":0,"blockerCount":0}
{"level":"info","time":1791466694658,"pid":63741,"hostname":"Mac.net","event":"cee.analysis_ready.built","optionCount":2,"status":"ready","userQuestionCount":0,"goalNodeId":"g-profit","readyOptionsCount":2,"optionsNeedingEncoding":0,"optionsNeedingMapping":0,"declinedFallbackCount":0,"blockerCount":0}
{"level":"info","time":1791466694661,"pid":63741,"hostname":"Mac.net","event":"cee.analysis_ready.built","optionCount":2,"status":"ready","userQuestionCount":0,"goalNodeId":"g-profit","readyOptionsCount":2,"optionsNeedingEncoding":0,"optionsNeedingMapping":0,"declinedFallbackCount":0,"blockerCount":0}
{"level":"info","time":1791466694663,"pid":63741,"hostname":"Mac.net","event":"cee.analysis_ready.built","optionCount":2,"status":"ready","userQuestionCount":0,"goalNodeId":"g-profit","readyOptionsCount":2,"optionsNeedingEncoding":0,"optionsNeedingMapping":0,"declinedFallbackCount":0,"blockerCount":0}
{"level":"info","time":1791466694666,"pid":63741,"hostname":"Mac.net","event":"cee.analysis_ready.built","optionCount":2,"status":"ready","userQuestionCount":0,"goalNodeId":"g-profit","readyOptionsCount":2,"optionsNeedingEncoding":0,"optionsNeedingMapping":0,"declinedFallbackCount":0,"blockerCount":0}
{"level":"info","time":1791466694667,"pid":63741,"hostname":"Mac.net","event":"cee.analysis_ready.built","optionCount":2,"status":"ready","userQuestionCount":0,"goalNodeId":"g-profit","readyOptionsCount":2,"optionsNeedingEncoding":0,"optionsNeedingMapping":0,"declinedFallbackCount":0,"blockerCount":0}
{"level":"info","time":1791466694670,"pid":63741,"hostname":"Mac.net","event":"cee.analysis_ready.built","optionCount":2,"status":"ready","userQuestionCount":0,"goalNodeId":"g-profit","readyOptionsCount":2,"optionsNeedingEncoding":0,"optionsNeedingMapping":0,"declinedFallbackCount":0,"blockerCount":0}
{"level":"info","time":1791466694672,"pid":63741,"hostname":"Mac.net","event":"cee.analysis_ready.built","optionCount":2,"status":"ready","userQuestionCount":0,"goalNodeId":"g-profit","readyOptionsCount":2,"optionsNeedingEncoding":0,"optionsNeedingMapping":0,"declinedFallbackCount":0,"blockerCount":0}
{"level":"info","time":1791466694675,"pid":63741,"hostname":"Mac.net","event":"cee.analysis_ready.built","optionCount":2,"status":"ready","userQuestionCount":0,"goalNodeId":"g-profit","readyOptionsCount":2,"optionsNeedingEncoding":0,"optionsNeedingMapping":0,"declinedFallbackCount":0,"blockerCount":0}
{"level":"info","time":1791466694676,"pid":63741,"hostname":"Mac.net","event":"cee.analysis_ready.built","optionCount":2,"status":"ready","userQuestionCount":0,"goalNodeId":"g-profit","readyOptionsCount":2,"optionsNeedingEncoding":0,"optionsNeedingMapping":0,"declinedFallbackCount":0,"blockerCount":0}
{"level":"info","time":1791466694679,"pid":63741,"hostname":"Mac.net","event":"cee.analysis_ready.built","optionCount":2,"status":"ready","userQuestionCount":0,"goalNodeId":"g-profit","readyOptionsCount":2,"optionsNeedingEncoding":0,"optionsNeedingMapping":0,"declinedFallbackCount":0,"blockerCount":0}
{"level":"info","time":1791466694680,"pid":63741,"hostname":"Mac.net","event":"cee.analysis_ready.built","optionCount":2,"status":"ready","userQuestionCount":0,"goalNodeId":"g-profit","readyOptionsCount":2,"optionsNeedingEncoding":0,"optionsNeedingMapping":0,"declinedFallbackCount":0,"blockerCount":0}
{"level":"info","time":1791466694682,"pid":63741,"hostname":"Mac.net","event":"cee.analysis_ready.built","optionCount":2,"status":"ready","userQuestionCount":0,"goalNodeId":"g-profit","readyOptionsCount":2,"optionsNeedingEncoding":0,"optionsNeedingMapping":0,"declinedFallbackCount":0,"blockerCount":0}
{"level":"info","time":1791466694684,"pid":63741,"hostname":"Mac.net","event":"cee.analysis_ready.built","optionCount":2,"status":"ready","userQuestionCount":0,"goalNodeId":"g-profit","readyOptionsCount":2,"optionsNeedingEncoding":0,"optionsNeedingMapping":0,"declinedFallbackCount":0,"blockerCount":0}
{"level":"info","time":1791466694687,"pid":63741,"hostname":"Mac.net","event":"cee.analysis_ready.built","optionCount":2,"status":"ready","userQuestionCount":0,"goalNodeId":"g-profit","readyOptionsCount":2,"optionsNeedingEncoding":0,"optionsNeedingMapping":0,"declinedFallbackCount":0,"blockerCount":0}
{"level":"info","time":1791466694689,"pid":63741,"hostname":"Mac.net","event":"cee.analysis_ready.built","optionCount":2,"status":"ready","userQuestionCount":0,"goalNodeId":"g-profit","readyOptionsCount":2,"optionsNeedingEncoding":0,"optionsNeedingMapping":0,"declinedFallbackCount":0,"blockerCount":0}
{"level":"info","time":1791466694692,"pid":63741,"hostname":"Mac.net","event":"cee.analysis_ready.built","optionCount":2,"status":"ready","userQuestionCount":0,"goalNodeId":"g-profit","readyOptionsCount":2,"optionsNeedingEncoding":0,"optionsNeedingMapping":0,"declinedFallbackCount":0,"blockerCount":0}
{"level":"info","time":1791466694694,"pid":63741,"hostname":"Mac.net","event":"cee.analysis_ready.built","optionCount":2,"status":"ready","userQuestionCount":0,"goalNodeId":"g-profit","readyOptionsCount":2,"optionsNeedingEncoding":0,"optionsNeedingMapping":0,"declinedFallbackCount":0,"blockerCount":0}
{"level":"info","time":1791466694697,"pid":63741,"hostname":"Mac.net","event":"cee.analysis_ready.built","optionCount":2,"status":"ready","userQuestionCount":0,"goalNodeId":"g-profit","readyOptionsCount":2,"optionsNeedingEncoding":0,"optionsNeedingMapping":0,"declinedFallbackCount":0,"blockerCount":0}
{"level":"info","time":1791466694699,"pid":63741,"hostname":"Mac.net","event":"cee.analysis_ready.built","optionCount":2,"status":"ready","userQuestionCount":0,"goalNodeId":"g-profit","readyOptionsCount":2,"optionsNeedingEncoding":0,"optionsNeedingMapping":0,"declinedFallbackCount":0,"blockerCount":0}
{"level":"info","time":1791466694702,"pid":63741,"hostname":"Mac.net","event":"cee.analysis_ready.built","optionCount":2,"status":"ready","userQuestionCount":0,"goalNodeId":"g-profit","readyOptionsCount":2,"optionsNeedingEncoding":0,"optionsNeedingMapping":0,"declinedFallbackCount":0,"blockerCount":0}
{"level":"info","time":1791466694704,"pid":63741,"hostname":"Mac.net","event":"cee.analysis_ready.built","optionCount":2,"status":"ready","userQuestionCount":0,"goalNodeId":"g-profit","readyOptionsCount":2,"optionsNeedingEncoding":0,"optionsNeedingMapping":0,"declinedFallbackCount":0,"blockerCount":0}
{"level":"info","time":1791466694707,"pid":63741,"hostname":"Mac.net","event":"cee.analysis_ready.built","optionCount":2,"status":"ready","userQuestionCount":0,"goalNodeId":"g-profit","readyOptionsCount":2,"optionsNeedingEncoding":0,"optionsNeedingMapping":0,"declinedFallbackCount":0,"blockerCount":0}
{"level":"info","time":1791466694708,"pid":63741,"hostname":"Mac.net","event":"cee.analysis_ready.built","optionCount":2,"status":"ready","userQuestionCount":0,"goalNodeId":"g-profit","readyOptionsCount":2,"optionsNeedingEncoding":0,"optionsNeedingMapping":0,"declinedFallbackCount":0,"blockerCount":0}
{"level":"info","time":1791466694711,"pid":63741,"hostname":"Mac.net","event":"cee.analysis_ready.built","optionCount":2,"status":"ready","userQuestionCount":0,"goalNodeId":"g-profit","readyOptionsCount":2,"optionsNeedingEncoding":0,"optionsNeedingMapping":0,"declinedFallbackCount":0,"blockerCount":0}
{"level":"info","time":1791466694713,"pid":63741,"hostname":"Mac.net","event":"cee.analysis_ready.built","optionCount":2,"status":"ready","userQuestionCount":0,"goalNodeId":"g-profit","readyOptionsCount":2,"optionsNeedingEncoding":0,"optionsNeedingMapping":0,"declinedFallbackCount":0,"blockerCount":0}
{"level":"info","time":1791466694715,"pid":63741,"hostname":"Mac.net","event":"cee.analysis_ready.built","optionCount":2,"status":"ready","userQuestionCount":0,"goalNodeId":"g-profit","readyOptionsCount":2,"optionsNeedingEncoding":0,"optionsNeedingMapping":0,"declinedFallbackCount":0,"blockerCount":0}
{"level":"info","time":1791466694716,"pid":63741,"hostname":"Mac.net","event":"cee.analysis_ready.built","optionCount":2,"status":"ready","userQuestionCount":0,"goalNodeId":"g-profit","readyOptionsCount":2,"optionsNeedingEncoding":0,"optionsNeedingMapping":0,"declinedFallbackCount":0,"blockerCount":0}
{"level":"info","time":1791466694719,"pid":63741,"hostname":"Mac.net","event":"cee.analysis_ready.built","optionCount":2,"status":"ready","userQuestionCount":0,"goalNodeId":"g-profit","readyOptionsCount":2,"optionsNeedingEncoding":0,"optionsNeedingMapping":0,"declinedFallbackCount":0,"blockerCount":0}
{"level":"info","time":1791466694720,"pid":63741,"hostname":"Mac.net","event":"cee.analysis_ready.built","optionCount":2,"status":"ready","userQuestionCount":0,"goalNodeId":"g-profit","readyOptionsCount":2,"optionsNeedingEncoding":0,"optionsNeedingMapping":0,"declinedFallbackCount":0,"blockerCount":0}
{"level":"info","time":1791466694722,"pid":63741,"hostname":"Mac.net","event":"cee.analysis_ready.built","optionCount":2,"status":"ready","userQuestionCount":0,"goalNodeId":"g-profit","readyOptionsCount":2,"optionsNeedingEncoding":0,"optionsNeedingMapping":0,"declinedFallbackCount":0,"blockerCount":0}
{"level":"info","time":1791466694723,"pid":63741,"hostname":"Mac.net","event":"cee.analysis_ready.built","optionCount":2,"status":"ready","userQuestionCount":0,"goalNodeId":"g-profit","readyOptionsCount":2,"optionsNeedingEncoding":0,"optionsNeedingMapping":0,"declinedFallbackCount":0,"blockerCount":0}
{"level":"info","time":1791466694725,"pid":63741,"hostname":"Mac.net","event":"cee.analysis_ready.built","optionCount":2,"status":"ready","userQuestionCount":0,"goalNodeId":"g-profit","readyOptionsCount":2,"optionsNeedingEncoding":0,"optionsNeedingMapping":0,"declinedFallbackCount":0,"blockerCount":0}
{"level":"info","time":1791466694726,"pid":63741,"hostname":"Mac.net","event":"cee.analysis_ready.built","optionCount":2,"status":"ready","userQuestionCount":0,"goalNodeId":"g-profit","readyOptionsCount":2,"optionsNeedingEncoding":0,"optionsNeedingMapping":0,"declinedFallbackCount":0,"blockerCount":0}
{"level":"info","time":1791466694729,"pid":63741,"hostname":"Mac.net","event":"cee.analysis_ready.built","optionCount":2,"status":"ready","userQuestionCount":0,"goalNodeId":"g-profit","readyOptionsCount":2,"optionsNeedingEncoding":0,"optionsNeedingMapping":0,"declinedFallbackCount":0,"blockerCount":0}
 ❯ src/orchestrator-v5/graph-management/__tests__/field-safety-corpus.test.ts (86 tests | 2 failed) 242ms
     × every hand-listed reachable stamp is in the union 6ms
     × FIX-1: edit_graph/patch cannot author an Olumi occurrence basis sidecar 1ms
{"level":"info","time":1791466694730,"pid":63741,"hostname":"Mac.net","event":"cee.analysis_ready.built","optionCount":2,"status":"ready","userQuestionCount":0,"goalNodeId":"g-profit","readyOptionsCount":2,"optionsNeedingEncoding":0,"optionsNeedingMapping":0,"declinedFallbackCount":0,"blockerCount":0}
{"level":"info","time":1791466694732,"pid":63741,"hostname":"Mac.net","event":"cee.analysis_ready.built","optionCount":2,"status":"ready","userQuestionCount":0,"goalNodeId":"g-profit","readyOptionsCount":2,"optionsNeedingEncoding":0,"optionsNeedingMapping":0,"declinedFallbackCount":0,"blockerCount":0}
{"level":"info","time":1791466694733,"pid":63741,"hostname":"Mac.net","event":"cee.analysis_ready.built","optionCount":2,"status":"ready","userQuestionCount":0,"goalNodeId":"g-profit","readyOptionsCount":2,"optionsNeedingEncoding":0,"optionsNeedingMapping":0,"declinedFallbackCount":0,"blockerCount":0}
{"level":"info","time":1791466694736,"pid":63741,"hostname":"Mac.net","event":"cee.analysis_ready.built","optionCount":2,"status":"ready","userQuestionCount":0,"goalNodeId":"g-profit","readyOptionsCount":2,"optionsNeedingEncoding":0,"optionsNeedingMapping":0,"declinedFallbackCount":0,"blockerCount":0}
{"level":"info","time":1791466694737,"pid":63741,"hostname":"Mac.net","event":"cee.analysis_ready.built","optionCount":2,"status":"ready","userQuestionCount":0,"goalNodeId":"g-profit","readyOptionsCount":2,"optionsNeedingEncoding":0,"optionsNeedingMapping":0,"declinedFallbackCount":0,"blockerCount":0}
{"level":"info","time":1791466694752,"pid":63741,"hostname":"Mac.net","event":"cee.analysis_ready.built","optionCount":2,"status":"ready","userQuestionCount":0,"goalNodeId":"g-profit","readyOptionsCount":2,"optionsNeedingEncoding":0,"optionsNeedingMapping":0,"declinedFallbackCount":0,"blockerCount":0}
{"level":"info","time":1791466694753,"pid":63741,"hostname":"Mac.net","event":"cee.analysis_ready.built","optionCount":2,"status":"ready","userQuestionCount":0,"goalNodeId":"g-profit","readyOptionsCount":2,"optionsNeedingEncoding":0,"optionsNeedingMapping":0,"declinedFallbackCount":0,"blockerCount":0}
 ❯ src/cee/transforms/__tests__/event-risk-basis-text-egress.test.ts (6 tests | 3 failed) 13ms
     × preserves valid risk occurrence and its Olumi basis text together 7ms
     × drops user occurrence basis text without inventing a value 1ms
     × drops reference occurrence basis text without inventing a value 1ms

⎯⎯⎯⎯⎯⎯⎯ Failed Tests 5 ⎯⎯⎯⎯⎯⎯⎯

 FAIL  src/cee/transforms/__tests__/event-risk-basis-text-egress.test.ts > FIX-1: occurrence and its Olumi basis sidecar at V3 egress > preserves valid risk occurrence and its Olumi basis text together
AssertionError: expected undefined to deeply equal { version: 1, …(2) }

- Expected:
{
  "horizon": {
    "months": 6,
  },
  "occurrence": {
    "basis": "olumi",
    "p_high": 0.15,
    "p_low": 0.05,
  },
  "version": 1,
}

+ Received:
undefined

 ❯ src/cee/transforms/__tests__/event-risk-basis-text-egress.test.ts:19:31
     17|   it('preserves valid risk occurrence and its Olumi basis text togethe…
     18|     const result = transformNodeToV3(source());
     19|     expect(result.event_risk).toEqual(occurrence());
       |                               ^
     20|     expect(result.event_risk_basis_text).toBe(basisText);
     21|   });

⎯⎯⎯⎯⎯⎯⎯⎯⎯⎯⎯⎯⎯⎯⎯⎯⎯⎯⎯⎯⎯⎯⎯⎯[1/5]⎯

 FAIL  src/cee/transforms/__tests__/event-risk-basis-text-egress.test.ts > FIX-1: occurrence and its Olumi basis sidecar at V3 egress > drops user occurrence basis text without inventing a value
AssertionError: expected undefined to deeply equal { version: 1, …(2) }

- Expected:
{
  "horizon": {
    "months": 6,
  },
  "occurrence": {
    "basis": "user",
    "p_high": 0.15,
    "p_low": 0.05,
  },
  "version": 1,
}

+ Received:
undefined

 ❯ src/cee/transforms/__tests__/event-risk-basis-text-egress.test.ts:39:33
     37|       expect(result.event_risk).toBeUndefined();
     38|     } else {
     39|       expect(result.event_risk).toEqual(eventRisk);
       |                                 ^
     40|     }
     41|   });

⎯⎯⎯⎯⎯⎯⎯⎯⎯⎯⎯⎯⎯⎯⎯⎯⎯⎯⎯⎯⎯⎯⎯⎯[2/5]⎯

 FAIL  src/cee/transforms/__tests__/event-risk-basis-text-egress.test.ts > FIX-1: occurrence and its Olumi basis sidecar at V3 egress > drops reference occurrence basis text without inventing a value
AssertionError: expected undefined to deeply equal { version: 1, …(2) }

- Expected:
{
  "horizon": {
    "months": 6,
  },
  "occurrence": {
    "basis": "reference",
    "p_high": 0.15,
    "p_low": 0.05,
  },
  "version": 1,
}

+ Received:
undefined

 ❯ src/cee/transforms/__tests__/event-risk-basis-text-egress.test.ts:39:33
     37|       expect(result.event_risk).toBeUndefined();
     38|     } else {
     39|       expect(result.event_risk).toEqual(eventRisk);
       |                                 ^
     40|     }
     41|   });

⎯⎯⎯⎯⎯⎯⎯⎯⎯⎯⎯⎯⎯⎯⎯⎯⎯⎯⎯⎯⎯⎯⎯⎯[3/5]⎯

 FAIL  src/orchestrator-v5/graph-management/__tests__/field-safety-corpus.test.ts > corpus A — union assertion: the owned set covers every stamp reachable in this repo > every hand-listed reachable stamp is in the union
AssertionError: event_risk_basis_text is not screened as owned: expected false to be true // Object.is equality

- Expected
+ Received

- true
+ false

 ❯ src/orchestrator-v5/graph-management/__tests__/field-safety-corpus.test.ts:106:82
    104|   it('every hand-listed reachable stamp is in the union', () => {
    105|     for (const name of OWNED_NAMES_REACHABLE_IN_THIS_REPO) {
    106|       expect(PIPELINE_OWNED_ROOTS.has(name), `${name} is not screened …
       |                                                                                  ^
    107|     }
    108|   });

⎯⎯⎯⎯⎯⎯⎯⎯⎯⎯⎯⎯⎯⎯⎯⎯⎯⎯⎯⎯⎯⎯⎯⎯[4/5]⎯

 FAIL  src/orchestrator-v5/graph-management/__tests__/field-safety-corpus.test.ts > event_risk.v1 slice 2a — field safety > FIX-1: edit_graph/patch cannot author an Olumi occurrence basis sidecar
AssertionError: expected false to be true // Object.is equality

- Expected
+ Received

- true
+ false

 ❯ src/orchestrator-v5/graph-management/__tests__/field-safety-corpus.test.ts:398:63
    396|
    397|   it('FIX-1: edit_graph/patch cannot author an Olumi occurrence basis …
    398|     expect(PIPELINE_OWNED_ROOTS.has('event_risk_basis_text')).toBe(tru…
       |                                                               ^
    399|     expect(nodeUpdate('event_risk_basis_text', 'A fabricated reference…
    400|     expect(nodeUpdate('observed_state', { value: 0.3, event_risk_basis…

⎯⎯⎯⎯⎯⎯⎯⎯⎯⎯⎯⎯⎯⎯⎯⎯⎯⎯⎯⎯⎯⎯⎯⎯[5/5]⎯


 Test Files  2 failed (2)
      Tests  5 failed | 87 passed (92)
   Start at  14:38:12
   Duration  2.78s (transform 1.47s, setup 161ms, import 2.07s, tests 256ms, environment 0ms)

