 WARN  Issue while reading "/private/tmp/accel-er-event-cee/.npmrc". Failed to replace env in config: ${NPM_PACKAGES_TOKEN}
 WARN  Issue while reading "/private/tmp/accel-er-event-cee/.npmrc". Failed to replace env in config: ${NPM_PACKAGES_TOKEN}

 RUN  v4.1.10 /private/tmp/accel-er-event-cee

{"level":"info","time":1791467030094,"pid":71364,"hostname":"Mac.net","event":"cee.analysis_ready.built","optionCount":2,"status":"ready","userQuestionCount":0,"goalNodeId":"g-profit","readyOptionsCount":2,"optionsNeedingEncoding":0,"optionsNeedingMapping":0,"declinedFallbackCount":0,"blockerCount":0}
{"level":"info","time":1791467030097,"pid":71364,"hostname":"Mac.net","event":"cee.analysis_ready.built","optionCount":2,"status":"ready","userQuestionCount":0,"goalNodeId":"g-profit","readyOptionsCount":2,"optionsNeedingEncoding":0,"optionsNeedingMapping":0,"declinedFallbackCount":0,"blockerCount":0}
{"level":"info","time":1791467030100,"pid":71364,"hostname":"Mac.net","event":"cee.analysis_ready.built","optionCount":2,"status":"ready","userQuestionCount":0,"goalNodeId":"g-profit","readyOptionsCount":2,"optionsNeedingEncoding":0,"optionsNeedingMapping":0,"declinedFallbackCount":0,"blockerCount":0}
{"level":"info","time":1791467030102,"pid":71364,"hostname":"Mac.net","event":"cee.analysis_ready.built","optionCount":2,"status":"ready","userQuestionCount":0,"goalNodeId":"g-profit","readyOptionsCount":2,"optionsNeedingEncoding":0,"optionsNeedingMapping":0,"declinedFallbackCount":0,"blockerCount":0}
{"level":"info","time":1791467030105,"pid":71364,"hostname":"Mac.net","event":"cee.analysis_ready.built","optionCount":2,"status":"ready","userQuestionCount":0,"goalNodeId":"g-profit","readyOptionsCount":2,"optionsNeedingEncoding":0,"optionsNeedingMapping":0,"declinedFallbackCount":0,"blockerCount":0}
{"level":"info","time":1791467030106,"pid":71364,"hostname":"Mac.net","event":"cee.analysis_ready.built","optionCount":2,"status":"ready","userQuestionCount":0,"goalNodeId":"g-profit","readyOptionsCount":2,"optionsNeedingEncoding":0,"optionsNeedingMapping":0,"declinedFallbackCount":0,"blockerCount":0}
{"level":"info","time":1791467030108,"pid":71364,"hostname":"Mac.net","event":"cee.analysis_ready.built","optionCount":2,"status":"ready","userQuestionCount":0,"goalNodeId":"g-profit","readyOptionsCount":2,"optionsNeedingEncoding":0,"optionsNeedingMapping":0,"declinedFallbackCount":0,"blockerCount":0}
{"level":"info","time":1791467030111,"pid":71364,"hostname":"Mac.net","event":"cee.analysis_ready.built","optionCount":2,"status":"ready","userQuestionCount":0,"goalNodeId":"g-profit","readyOptionsCount":2,"optionsNeedingEncoding":0,"optionsNeedingMapping":0,"declinedFallbackCount":0,"blockerCount":0}
{"level":"info","time":1791467030113,"pid":71364,"hostname":"Mac.net","event":"cee.analysis_ready.built","optionCount":2,"status":"ready","userQuestionCount":0,"goalNodeId":"g-profit","readyOptionsCount":2,"optionsNeedingEncoding":0,"optionsNeedingMapping":0,"declinedFallbackCount":0,"blockerCount":0}
{"level":"info","time":1791467030114,"pid":71364,"hostname":"Mac.net","event":"cee.analysis_ready.built","optionCount":2,"status":"ready","userQuestionCount":0,"goalNodeId":"g-profit","readyOptionsCount":2,"optionsNeedingEncoding":0,"optionsNeedingMapping":0,"declinedFallbackCount":0,"blockerCount":0}
{"level":"info","time":1791467030115,"pid":71364,"hostname":"Mac.net","event":"cee.analysis_ready.built","optionCount":2,"status":"ready","userQuestionCount":0,"goalNodeId":"g-profit","readyOptionsCount":2,"optionsNeedingEncoding":0,"optionsNeedingMapping":0,"declinedFallbackCount":0,"blockerCount":0}
{"level":"info","time":1791467030116,"pid":71364,"hostname":"Mac.net","event":"cee.analysis_ready.built","optionCount":2,"status":"ready","userQuestionCount":0,"goalNodeId":"g-profit","readyOptionsCount":2,"optionsNeedingEncoding":0,"optionsNeedingMapping":0,"declinedFallbackCount":0,"blockerCount":0}
{"level":"info","time":1791467030118,"pid":71364,"hostname":"Mac.net","event":"cee.analysis_ready.built","optionCount":2,"status":"ready","userQuestionCount":0,"goalNodeId":"g-profit","readyOptionsCount":2,"optionsNeedingEncoding":0,"optionsNeedingMapping":0,"declinedFallbackCount":0,"blockerCount":0}
{"level":"info","time":1791467030120,"pid":71364,"hostname":"Mac.net","event":"cee.analysis_ready.built","optionCount":2,"status":"ready","userQuestionCount":0,"goalNodeId":"g-profit","readyOptionsCount":2,"optionsNeedingEncoding":0,"optionsNeedingMapping":0,"declinedFallbackCount":0,"blockerCount":0}
{"level":"info","time":1791467030121,"pid":71364,"hostname":"Mac.net","event":"cee.analysis_ready.built","optionCount":2,"status":"ready","userQuestionCount":0,"goalNodeId":"g-profit","readyOptionsCount":2,"optionsNeedingEncoding":0,"optionsNeedingMapping":0,"declinedFallbackCount":0,"blockerCount":0}
{"level":"info","time":1791467030123,"pid":71364,"hostname":"Mac.net","event":"cee.analysis_ready.built","optionCount":2,"status":"ready","userQuestionCount":0,"goalNodeId":"g-profit","readyOptionsCount":2,"optionsNeedingEncoding":0,"optionsNeedingMapping":0,"declinedFallbackCount":0,"blockerCount":0}
{"level":"info","time":1791467030124,"pid":71364,"hostname":"Mac.net","event":"cee.analysis_ready.built","optionCount":2,"status":"ready","userQuestionCount":0,"goalNodeId":"g-profit","readyOptionsCount":2,"optionsNeedingEncoding":0,"optionsNeedingMapping":0,"declinedFallbackCount":0,"blockerCount":0}
{"level":"info","time":1791467030125,"pid":71364,"hostname":"Mac.net","event":"cee.analysis_ready.built","optionCount":2,"status":"ready","userQuestionCount":0,"goalNodeId":"g-profit","readyOptionsCount":2,"optionsNeedingEncoding":0,"optionsNeedingMapping":0,"declinedFallbackCount":0,"blockerCount":0}
{"level":"info","time":1791467030127,"pid":71364,"hostname":"Mac.net","event":"cee.analysis_ready.built","optionCount":2,"status":"ready","userQuestionCount":0,"goalNodeId":"g-profit","readyOptionsCount":2,"optionsNeedingEncoding":0,"optionsNeedingMapping":0,"declinedFallbackCount":0,"blockerCount":0}
{"level":"info","time":1791467030128,"pid":71364,"hostname":"Mac.net","event":"cee.analysis_ready.built","optionCount":2,"status":"ready","userQuestionCount":0,"goalNodeId":"g-profit","readyOptionsCount":2,"optionsNeedingEncoding":0,"optionsNeedingMapping":0,"declinedFallbackCount":0,"blockerCount":0}
{"level":"info","time":1791467030130,"pid":71364,"hostname":"Mac.net","event":"cee.analysis_ready.built","optionCount":2,"status":"ready","userQuestionCount":0,"goalNodeId":"g-profit","readyOptionsCount":2,"optionsNeedingEncoding":0,"optionsNeedingMapping":0,"declinedFallbackCount":0,"blockerCount":0}
{"level":"info","time":1791467030131,"pid":71364,"hostname":"Mac.net","event":"cee.analysis_ready.built","optionCount":2,"status":"ready","userQuestionCount":0,"goalNodeId":"g-profit","readyOptionsCount":2,"optionsNeedingEncoding":0,"optionsNeedingMapping":0,"declinedFallbackCount":0,"blockerCount":0}
{"level":"info","time":1791467030133,"pid":71364,"hostname":"Mac.net","event":"cee.analysis_ready.built","optionCount":2,"status":"ready","userQuestionCount":0,"goalNodeId":"g-profit","readyOptionsCount":2,"optionsNeedingEncoding":0,"optionsNeedingMapping":0,"declinedFallbackCount":0,"blockerCount":0}
{"level":"info","time":1791467030134,"pid":71364,"hostname":"Mac.net","event":"cee.analysis_ready.built","optionCount":2,"status":"ready","userQuestionCount":0,"goalNodeId":"g-profit","readyOptionsCount":2,"optionsNeedingEncoding":0,"optionsNeedingMapping":0,"declinedFallbackCount":0,"blockerCount":0}
{"level":"info","time":1791467030136,"pid":71364,"hostname":"Mac.net","event":"cee.analysis_ready.built","optionCount":2,"status":"ready","userQuestionCount":0,"goalNodeId":"g-profit","readyOptionsCount":2,"optionsNeedingEncoding":0,"optionsNeedingMapping":0,"declinedFallbackCount":0,"blockerCount":0}
{"level":"info","time":1791467030138,"pid":71364,"hostname":"Mac.net","event":"cee.analysis_ready.built","optionCount":2,"status":"ready","userQuestionCount":0,"goalNodeId":"g-profit","readyOptionsCount":2,"optionsNeedingEncoding":0,"optionsNeedingMapping":0,"declinedFallbackCount":0,"blockerCount":0}
{"level":"info","time":1791467030140,"pid":71364,"hostname":"Mac.net","event":"cee.analysis_ready.built","optionCount":2,"status":"ready","userQuestionCount":0,"goalNodeId":"g-profit","readyOptionsCount":2,"optionsNeedingEncoding":0,"optionsNeedingMapping":0,"declinedFallbackCount":0,"blockerCount":0}
{"level":"info","time":1791467030141,"pid":71364,"hostname":"Mac.net","event":"cee.analysis_ready.built","optionCount":2,"status":"ready","userQuestionCount":0,"goalNodeId":"g-profit","readyOptionsCount":2,"optionsNeedingEncoding":0,"optionsNeedingMapping":0,"declinedFallbackCount":0,"blockerCount":0}
{"level":"info","time":1791467030143,"pid":71364,"hostname":"Mac.net","event":"cee.analysis_ready.built","optionCount":2,"status":"ready","userQuestionCount":0,"goalNodeId":"g-profit","readyOptionsCount":2,"optionsNeedingEncoding":0,"optionsNeedingMapping":0,"declinedFallbackCount":0,"blockerCount":0}
{"level":"info","time":1791467030144,"pid":71364,"hostname":"Mac.net","event":"cee.analysis_ready.built","optionCount":2,"status":"ready","userQuestionCount":0,"goalNodeId":"g-profit","readyOptionsCount":2,"optionsNeedingEncoding":0,"optionsNeedingMapping":0,"declinedFallbackCount":0,"blockerCount":0}
{"level":"info","time":1791467030146,"pid":71364,"hostname":"Mac.net","event":"cee.analysis_ready.built","optionCount":2,"status":"ready","userQuestionCount":0,"goalNodeId":"g-profit","readyOptionsCount":2,"optionsNeedingEncoding":0,"optionsNeedingMapping":0,"declinedFallbackCount":0,"blockerCount":0}
{"level":"info","time":1791467030147,"pid":71364,"hostname":"Mac.net","event":"cee.analysis_ready.built","optionCount":2,"status":"ready","userQuestionCount":0,"goalNodeId":"g-profit","readyOptionsCount":2,"optionsNeedingEncoding":0,"optionsNeedingMapping":0,"declinedFallbackCount":0,"blockerCount":0}
{"level":"info","time":1791467030148,"pid":71364,"hostname":"Mac.net","event":"cee.analysis_ready.built","optionCount":2,"status":"ready","userQuestionCount":0,"goalNodeId":"g-profit","readyOptionsCount":2,"optionsNeedingEncoding":0,"optionsNeedingMapping":0,"declinedFallbackCount":0,"blockerCount":0}
{"level":"info","time":1791467030149,"pid":71364,"hostname":"Mac.net","event":"cee.analysis_ready.built","optionCount":2,"status":"ready","userQuestionCount":0,"goalNodeId":"g-profit","readyOptionsCount":2,"optionsNeedingEncoding":0,"optionsNeedingMapping":0,"declinedFallbackCount":0,"blockerCount":0}
{"level":"info","time":1791467030152,"pid":71364,"hostname":"Mac.net","event":"cee.analysis_ready.built","optionCount":2,"status":"ready","userQuestionCount":0,"goalNodeId":"g-profit","readyOptionsCount":2,"optionsNeedingEncoding":0,"optionsNeedingMapping":0,"declinedFallbackCount":0,"blockerCount":0}
{"level":"info","time":1791467030153,"pid":71364,"hostname":"Mac.net","event":"cee.analysis_ready.built","optionCount":2,"status":"ready","userQuestionCount":0,"goalNodeId":"g-profit","readyOptionsCount":2,"optionsNeedingEncoding":0,"optionsNeedingMapping":0,"declinedFallbackCount":0,"blockerCount":0}
{"level":"info","time":1791467030155,"pid":71364,"hostname":"Mac.net","event":"cee.analysis_ready.built","optionCount":2,"status":"ready","userQuestionCount":0,"goalNodeId":"g-profit","readyOptionsCount":2,"optionsNeedingEncoding":0,"optionsNeedingMapping":0,"declinedFallbackCount":0,"blockerCount":0}
{"level":"info","time":1791467030157,"pid":71364,"hostname":"Mac.net","event":"cee.analysis_ready.built","optionCount":2,"status":"ready","userQuestionCount":0,"goalNodeId":"g-profit","readyOptionsCount":2,"optionsNeedingEncoding":0,"optionsNeedingMapping":0,"declinedFallbackCount":0,"blockerCount":0}
{"level":"info","time":1791467030160,"pid":71364,"hostname":"Mac.net","event":"cee.analysis_ready.built","optionCount":2,"status":"ready","userQuestionCount":0,"goalNodeId":"g-profit","readyOptionsCount":2,"optionsNeedingEncoding":0,"optionsNeedingMapping":0,"declinedFallbackCount":0,"blockerCount":0}
{"level":"info","time":1791467030161,"pid":71364,"hostname":"Mac.net","event":"cee.analysis_ready.built","optionCount":2,"status":"ready","userQuestionCount":0,"goalNodeId":"g-profit","readyOptionsCount":2,"optionsNeedingEncoding":0,"optionsNeedingMapping":0,"declinedFallbackCount":0,"blockerCount":0}
{"level":"info","time":1791467030163,"pid":71364,"hostname":"Mac.net","event":"cee.analysis_ready.built","optionCount":2,"status":"ready","userQuestionCount":0,"goalNodeId":"g-profit","readyOptionsCount":2,"optionsNeedingEncoding":0,"optionsNeedingMapping":0,"declinedFallbackCount":0,"blockerCount":0}
{"level":"info","time":1791467030165,"pid":71364,"hostname":"Mac.net","event":"cee.analysis_ready.built","optionCount":2,"status":"ready","userQuestionCount":0,"goalNodeId":"g-profit","readyOptionsCount":2,"optionsNeedingEncoding":0,"optionsNeedingMapping":0,"declinedFallbackCount":0,"blockerCount":0}
{"level":"info","time":1791467030167,"pid":71364,"hostname":"Mac.net","event":"cee.analysis_ready.built","optionCount":2,"status":"ready","userQuestionCount":0,"goalNodeId":"g-profit","readyOptionsCount":2,"optionsNeedingEncoding":0,"optionsNeedingMapping":0,"declinedFallbackCount":0,"blockerCount":0}
{"level":"info","time":1791467030168,"pid":71364,"hostname":"Mac.net","event":"cee.analysis_ready.built","optionCount":2,"status":"ready","userQuestionCount":0,"goalNodeId":"g-profit","readyOptionsCount":2,"optionsNeedingEncoding":0,"optionsNeedingMapping":0,"declinedFallbackCount":0,"blockerCount":0}
{"level":"info","time":1791467030171,"pid":71364,"hostname":"Mac.net","event":"cee.analysis_ready.built","optionCount":2,"status":"ready","userQuestionCount":0,"goalNodeId":"g-profit","readyOptionsCount":2,"optionsNeedingEncoding":0,"optionsNeedingMapping":0,"declinedFallbackCount":0,"blockerCount":0}
{"level":"info","time":1791467030172,"pid":71364,"hostname":"Mac.net","event":"cee.analysis_ready.built","optionCount":2,"status":"ready","userQuestionCount":0,"goalNodeId":"g-profit","readyOptionsCount":2,"optionsNeedingEncoding":0,"optionsNeedingMapping":0,"declinedFallbackCount":0,"blockerCount":0}
{"level":"info","time":1791467030174,"pid":71364,"hostname":"Mac.net","event":"cee.analysis_ready.built","optionCount":2,"status":"ready","userQuestionCount":0,"goalNodeId":"g-profit","readyOptionsCount":2,"optionsNeedingEncoding":0,"optionsNeedingMapping":0,"declinedFallbackCount":0,"blockerCount":0}
{"level":"info","time":1791467030175,"pid":71364,"hostname":"Mac.net","event":"cee.analysis_ready.built","optionCount":2,"status":"ready","userQuestionCount":0,"goalNodeId":"g-profit","readyOptionsCount":2,"optionsNeedingEncoding":0,"optionsNeedingMapping":0,"declinedFallbackCount":0,"blockerCount":0}
{"level":"info","time":1791467030177,"pid":71364,"hostname":"Mac.net","event":"cee.analysis_ready.built","optionCount":2,"status":"ready","userQuestionCount":0,"goalNodeId":"g-profit","readyOptionsCount":2,"optionsNeedingEncoding":0,"optionsNeedingMapping":0,"declinedFallbackCount":0,"blockerCount":0}
{"level":"info","time":1791467030178,"pid":71364,"hostname":"Mac.net","event":"cee.analysis_ready.built","optionCount":2,"status":"ready","userQuestionCount":0,"goalNodeId":"g-profit","readyOptionsCount":2,"optionsNeedingEncoding":0,"optionsNeedingMapping":0,"declinedFallbackCount":0,"blockerCount":0}
{"level":"info","time":1791467030180,"pid":71364,"hostname":"Mac.net","event":"cee.analysis_ready.built","optionCount":2,"status":"ready","userQuestionCount":0,"goalNodeId":"g-profit","readyOptionsCount":2,"optionsNeedingEncoding":0,"optionsNeedingMapping":0,"declinedFallbackCount":0,"blockerCount":0}
{"level":"info","time":1791467030181,"pid":71364,"hostname":"Mac.net","event":"cee.analysis_ready.built","optionCount":2,"status":"ready","userQuestionCount":0,"goalNodeId":"g-profit","readyOptionsCount":2,"optionsNeedingEncoding":0,"optionsNeedingMapping":0,"declinedFallbackCount":0,"blockerCount":0}
{"level":"info","time":1791467030182,"pid":71364,"hostname":"Mac.net","event":"cee.analysis_ready.built","optionCount":2,"status":"ready","userQuestionCount":0,"goalNodeId":"g-profit","readyOptionsCount":2,"optionsNeedingEncoding":0,"optionsNeedingMapping":0,"declinedFallbackCount":0,"blockerCount":0}
{"level":"info","time":1791467030183,"pid":71364,"hostname":"Mac.net","event":"cee.analysis_ready.built","optionCount":2,"status":"ready","userQuestionCount":0,"goalNodeId":"g-profit","readyOptionsCount":2,"optionsNeedingEncoding":0,"optionsNeedingMapping":0,"declinedFallbackCount":0,"blockerCount":0}
{"level":"info","time":1791467030185,"pid":71364,"hostname":"Mac.net","event":"cee.analysis_ready.built","optionCount":2,"status":"ready","userQuestionCount":0,"goalNodeId":"g-profit","readyOptionsCount":2,"optionsNeedingEncoding":0,"optionsNeedingMapping":0,"declinedFallbackCount":0,"blockerCount":0}
{"level":"info","time":1791467030186,"pid":71364,"hostname":"Mac.net","event":"cee.analysis_ready.built","optionCount":2,"status":"ready","userQuestionCount":0,"goalNodeId":"g-profit","readyOptionsCount":2,"optionsNeedingEncoding":0,"optionsNeedingMapping":0,"declinedFallbackCount":0,"blockerCount":0}
{"level":"info","time":1791467030188,"pid":71364,"hostname":"Mac.net","event":"cee.analysis_ready.built","optionCount":2,"status":"ready","userQuestionCount":0,"goalNodeId":"g-profit","readyOptionsCount":2,"optionsNeedingEncoding":0,"optionsNeedingMapping":0,"declinedFallbackCount":0,"blockerCount":0}
{"level":"info","time":1791467030189,"pid":71364,"hostname":"Mac.net","event":"cee.analysis_ready.built","optionCount":2,"status":"ready","userQuestionCount":0,"goalNodeId":"g-profit","readyOptionsCount":2,"optionsNeedingEncoding":0,"optionsNeedingMapping":0,"declinedFallbackCount":0,"blockerCount":0}
{"level":"info","time":1791467030190,"pid":71364,"hostname":"Mac.net","event":"cee.analysis_ready.built","optionCount":2,"status":"ready","userQuestionCount":0,"goalNodeId":"g-profit","readyOptionsCount":2,"optionsNeedingEncoding":0,"optionsNeedingMapping":0,"declinedFallbackCount":0,"blockerCount":0}
{"level":"info","time":1791467030191,"pid":71364,"hostname":"Mac.net","event":"cee.analysis_ready.built","optionCount":2,"status":"ready","userQuestionCount":0,"goalNodeId":"g-profit","readyOptionsCount":2,"optionsNeedingEncoding":0,"optionsNeedingMapping":0,"declinedFallbackCount":0,"blockerCount":0}
{"level":"info","time":1791467030201,"pid":71364,"hostname":"Mac.net","event":"cee.analysis_ready.built","optionCount":2,"status":"ready","userQuestionCount":0,"goalNodeId":"g-profit","readyOptionsCount":2,"optionsNeedingEncoding":0,"optionsNeedingMapping":0,"declinedFallbackCount":0,"blockerCount":0}
{"level":"info","time":1791467030202,"pid":71364,"hostname":"Mac.net","event":"cee.analysis_ready.built","optionCount":2,"status":"ready","userQuestionCount":0,"goalNodeId":"g-profit","readyOptionsCount":2,"optionsNeedingEncoding":0,"optionsNeedingMapping":0,"declinedFallbackCount":0,"blockerCount":0}

 Test Files  2 passed (2)
      Tests  112 passed (112)
   Start at  14:43:43
   Duration  6.60s (transform 4.26s, setup 156ms, import 5.86s, tests 341ms, environment 0ms)

