 WARN  Issue while reading "/private/tmp/accel-er-event-cee/.npmrc". Failed to replace env in config: ${NPM_PACKAGES_TOKEN}
 WARN  Issue while reading "/private/tmp/accel-er-event-cee/.npmrc". Failed to replace env in config: ${NPM_PACKAGES_TOKEN}

 RUN  v4.1.10 /private/tmp/accel-er-event-cee

{"level":"info","time":1791466904039,"pid":67861,"hostname":"Mac.net","event":"cee.analysis_ready.built","optionCount":2,"status":"ready","userQuestionCount":0,"goalNodeId":"g-profit","readyOptionsCount":2,"optionsNeedingEncoding":0,"optionsNeedingMapping":0,"declinedFallbackCount":0,"blockerCount":0}
{"level":"info","time":1791466904042,"pid":67861,"hostname":"Mac.net","event":"cee.analysis_ready.built","optionCount":2,"status":"ready","userQuestionCount":0,"goalNodeId":"g-profit","readyOptionsCount":2,"optionsNeedingEncoding":0,"optionsNeedingMapping":0,"declinedFallbackCount":0,"blockerCount":0}
{"level":"info","time":1791466904044,"pid":67861,"hostname":"Mac.net","event":"cee.analysis_ready.built","optionCount":2,"status":"ready","userQuestionCount":0,"goalNodeId":"g-profit","readyOptionsCount":2,"optionsNeedingEncoding":0,"optionsNeedingMapping":0,"declinedFallbackCount":0,"blockerCount":0}
{"level":"info","time":1791466904046,"pid":67861,"hostname":"Mac.net","event":"cee.analysis_ready.built","optionCount":2,"status":"ready","userQuestionCount":0,"goalNodeId":"g-profit","readyOptionsCount":2,"optionsNeedingEncoding":0,"optionsNeedingMapping":0,"declinedFallbackCount":0,"blockerCount":0}
{"level":"info","time":1791466904049,"pid":67861,"hostname":"Mac.net","event":"cee.analysis_ready.built","optionCount":2,"status":"ready","userQuestionCount":0,"goalNodeId":"g-profit","readyOptionsCount":2,"optionsNeedingEncoding":0,"optionsNeedingMapping":0,"declinedFallbackCount":0,"blockerCount":0}
{"level":"info","time":1791466904051,"pid":67861,"hostname":"Mac.net","event":"cee.analysis_ready.built","optionCount":2,"status":"ready","userQuestionCount":0,"goalNodeId":"g-profit","readyOptionsCount":2,"optionsNeedingEncoding":0,"optionsNeedingMapping":0,"declinedFallbackCount":0,"blockerCount":0}
{"level":"info","time":1791466904053,"pid":67861,"hostname":"Mac.net","event":"cee.analysis_ready.built","optionCount":2,"status":"ready","userQuestionCount":0,"goalNodeId":"g-profit","readyOptionsCount":2,"optionsNeedingEncoding":0,"optionsNeedingMapping":0,"declinedFallbackCount":0,"blockerCount":0}
{"level":"info","time":1791466904055,"pid":67861,"hostname":"Mac.net","event":"cee.analysis_ready.built","optionCount":2,"status":"ready","userQuestionCount":0,"goalNodeId":"g-profit","readyOptionsCount":2,"optionsNeedingEncoding":0,"optionsNeedingMapping":0,"declinedFallbackCount":0,"blockerCount":0}
{"level":"info","time":1791466904057,"pid":67861,"hostname":"Mac.net","event":"cee.analysis_ready.built","optionCount":2,"status":"ready","userQuestionCount":0,"goalNodeId":"g-profit","readyOptionsCount":2,"optionsNeedingEncoding":0,"optionsNeedingMapping":0,"declinedFallbackCount":0,"blockerCount":0}
{"level":"info","time":1791466904058,"pid":67861,"hostname":"Mac.net","event":"cee.analysis_ready.built","optionCount":2,"status":"ready","userQuestionCount":0,"goalNodeId":"g-profit","readyOptionsCount":2,"optionsNeedingEncoding":0,"optionsNeedingMapping":0,"declinedFallbackCount":0,"blockerCount":0}
{"level":"info","time":1791466904060,"pid":67861,"hostname":"Mac.net","event":"cee.analysis_ready.built","optionCount":2,"status":"ready","userQuestionCount":0,"goalNodeId":"g-profit","readyOptionsCount":2,"optionsNeedingEncoding":0,"optionsNeedingMapping":0,"declinedFallbackCount":0,"blockerCount":0}
{"level":"info","time":1791466904061,"pid":67861,"hostname":"Mac.net","event":"cee.analysis_ready.built","optionCount":2,"status":"ready","userQuestionCount":0,"goalNodeId":"g-profit","readyOptionsCount":2,"optionsNeedingEncoding":0,"optionsNeedingMapping":0,"declinedFallbackCount":0,"blockerCount":0}
{"level":"info","time":1791466904063,"pid":67861,"hostname":"Mac.net","event":"cee.analysis_ready.built","optionCount":2,"status":"ready","userQuestionCount":0,"goalNodeId":"g-profit","readyOptionsCount":2,"optionsNeedingEncoding":0,"optionsNeedingMapping":0,"declinedFallbackCount":0,"blockerCount":0}
{"level":"info","time":1791466904064,"pid":67861,"hostname":"Mac.net","event":"cee.analysis_ready.built","optionCount":2,"status":"ready","userQuestionCount":0,"goalNodeId":"g-profit","readyOptionsCount":2,"optionsNeedingEncoding":0,"optionsNeedingMapping":0,"declinedFallbackCount":0,"blockerCount":0}
{"level":"info","time":1791466904066,"pid":67861,"hostname":"Mac.net","event":"cee.analysis_ready.built","optionCount":2,"status":"ready","userQuestionCount":0,"goalNodeId":"g-profit","readyOptionsCount":2,"optionsNeedingEncoding":0,"optionsNeedingMapping":0,"declinedFallbackCount":0,"blockerCount":0}
{"level":"info","time":1791466904067,"pid":67861,"hostname":"Mac.net","event":"cee.analysis_ready.built","optionCount":2,"status":"ready","userQuestionCount":0,"goalNodeId":"g-profit","readyOptionsCount":2,"optionsNeedingEncoding":0,"optionsNeedingMapping":0,"declinedFallbackCount":0,"blockerCount":0}
{"level":"info","time":1791466904069,"pid":67861,"hostname":"Mac.net","event":"cee.analysis_ready.built","optionCount":2,"status":"ready","userQuestionCount":0,"goalNodeId":"g-profit","readyOptionsCount":2,"optionsNeedingEncoding":0,"optionsNeedingMapping":0,"declinedFallbackCount":0,"blockerCount":0}
{"level":"info","time":1791466904070,"pid":67861,"hostname":"Mac.net","event":"cee.analysis_ready.built","optionCount":2,"status":"ready","userQuestionCount":0,"goalNodeId":"g-profit","readyOptionsCount":2,"optionsNeedingEncoding":0,"optionsNeedingMapping":0,"declinedFallbackCount":0,"blockerCount":0}
{"level":"info","time":1791466904072,"pid":67861,"hostname":"Mac.net","event":"cee.analysis_ready.built","optionCount":2,"status":"ready","userQuestionCount":0,"goalNodeId":"g-profit","readyOptionsCount":2,"optionsNeedingEncoding":0,"optionsNeedingMapping":0,"declinedFallbackCount":0,"blockerCount":0}
{"level":"info","time":1791466904073,"pid":67861,"hostname":"Mac.net","event":"cee.analysis_ready.built","optionCount":2,"status":"ready","userQuestionCount":0,"goalNodeId":"g-profit","readyOptionsCount":2,"optionsNeedingEncoding":0,"optionsNeedingMapping":0,"declinedFallbackCount":0,"blockerCount":0}
{"level":"info","time":1791466904075,"pid":67861,"hostname":"Mac.net","event":"cee.analysis_ready.built","optionCount":2,"status":"ready","userQuestionCount":0,"goalNodeId":"g-profit","readyOptionsCount":2,"optionsNeedingEncoding":0,"optionsNeedingMapping":0,"declinedFallbackCount":0,"blockerCount":0}
{"level":"info","time":1791466904076,"pid":67861,"hostname":"Mac.net","event":"cee.analysis_ready.built","optionCount":2,"status":"ready","userQuestionCount":0,"goalNodeId":"g-profit","readyOptionsCount":2,"optionsNeedingEncoding":0,"optionsNeedingMapping":0,"declinedFallbackCount":0,"blockerCount":0}
{"level":"info","time":1791466904078,"pid":67861,"hostname":"Mac.net","event":"cee.analysis_ready.built","optionCount":2,"status":"ready","userQuestionCount":0,"goalNodeId":"g-profit","readyOptionsCount":2,"optionsNeedingEncoding":0,"optionsNeedingMapping":0,"declinedFallbackCount":0,"blockerCount":0}
{"level":"info","time":1791466904079,"pid":67861,"hostname":"Mac.net","event":"cee.analysis_ready.built","optionCount":2,"status":"ready","userQuestionCount":0,"goalNodeId":"g-profit","readyOptionsCount":2,"optionsNeedingEncoding":0,"optionsNeedingMapping":0,"declinedFallbackCount":0,"blockerCount":0}
{"level":"info","time":1791466904082,"pid":67861,"hostname":"Mac.net","event":"cee.analysis_ready.built","optionCount":2,"status":"ready","userQuestionCount":0,"goalNodeId":"g-profit","readyOptionsCount":2,"optionsNeedingEncoding":0,"optionsNeedingMapping":0,"declinedFallbackCount":0,"blockerCount":0}
{"level":"info","time":1791466904083,"pid":67861,"hostname":"Mac.net","event":"cee.analysis_ready.built","optionCount":2,"status":"ready","userQuestionCount":0,"goalNodeId":"g-profit","readyOptionsCount":2,"optionsNeedingEncoding":0,"optionsNeedingMapping":0,"declinedFallbackCount":0,"blockerCount":0}
{"level":"info","time":1791466904085,"pid":67861,"hostname":"Mac.net","event":"cee.analysis_ready.built","optionCount":2,"status":"ready","userQuestionCount":0,"goalNodeId":"g-profit","readyOptionsCount":2,"optionsNeedingEncoding":0,"optionsNeedingMapping":0,"declinedFallbackCount":0,"blockerCount":0}
{"level":"info","time":1791466904086,"pid":67861,"hostname":"Mac.net","event":"cee.analysis_ready.built","optionCount":2,"status":"ready","userQuestionCount":0,"goalNodeId":"g-profit","readyOptionsCount":2,"optionsNeedingEncoding":0,"optionsNeedingMapping":0,"declinedFallbackCount":0,"blockerCount":0}
{"level":"info","time":1791466904088,"pid":67861,"hostname":"Mac.net","event":"cee.analysis_ready.built","optionCount":2,"status":"ready","userQuestionCount":0,"goalNodeId":"g-profit","readyOptionsCount":2,"optionsNeedingEncoding":0,"optionsNeedingMapping":0,"declinedFallbackCount":0,"blockerCount":0}
{"level":"info","time":1791466904089,"pid":67861,"hostname":"Mac.net","event":"cee.analysis_ready.built","optionCount":2,"status":"ready","userQuestionCount":0,"goalNodeId":"g-profit","readyOptionsCount":2,"optionsNeedingEncoding":0,"optionsNeedingMapping":0,"declinedFallbackCount":0,"blockerCount":0}
{"level":"info","time":1791466904091,"pid":67861,"hostname":"Mac.net","event":"cee.analysis_ready.built","optionCount":2,"status":"ready","userQuestionCount":0,"goalNodeId":"g-profit","readyOptionsCount":2,"optionsNeedingEncoding":0,"optionsNeedingMapping":0,"declinedFallbackCount":0,"blockerCount":0}
{"level":"info","time":1791466904092,"pid":67861,"hostname":"Mac.net","event":"cee.analysis_ready.built","optionCount":2,"status":"ready","userQuestionCount":0,"goalNodeId":"g-profit","readyOptionsCount":2,"optionsNeedingEncoding":0,"optionsNeedingMapping":0,"declinedFallbackCount":0,"blockerCount":0}
{"level":"info","time":1791466904094,"pid":67861,"hostname":"Mac.net","event":"cee.analysis_ready.built","optionCount":2,"status":"ready","userQuestionCount":0,"goalNodeId":"g-profit","readyOptionsCount":2,"optionsNeedingEncoding":0,"optionsNeedingMapping":0,"declinedFallbackCount":0,"blockerCount":0}
{"level":"info","time":1791466904095,"pid":67861,"hostname":"Mac.net","event":"cee.analysis_ready.built","optionCount":2,"status":"ready","userQuestionCount":0,"goalNodeId":"g-profit","readyOptionsCount":2,"optionsNeedingEncoding":0,"optionsNeedingMapping":0,"declinedFallbackCount":0,"blockerCount":0}
{"level":"info","time":1791466904097,"pid":67861,"hostname":"Mac.net","event":"cee.analysis_ready.built","optionCount":2,"status":"ready","userQuestionCount":0,"goalNodeId":"g-profit","readyOptionsCount":2,"optionsNeedingEncoding":0,"optionsNeedingMapping":0,"declinedFallbackCount":0,"blockerCount":0}
{"level":"info","time":1791466904099,"pid":67861,"hostname":"Mac.net","event":"cee.analysis_ready.built","optionCount":2,"status":"ready","userQuestionCount":0,"goalNodeId":"g-profit","readyOptionsCount":2,"optionsNeedingEncoding":0,"optionsNeedingMapping":0,"declinedFallbackCount":0,"blockerCount":0}
{"level":"info","time":1791466904101,"pid":67861,"hostname":"Mac.net","event":"cee.analysis_ready.built","optionCount":2,"status":"ready","userQuestionCount":0,"goalNodeId":"g-profit","readyOptionsCount":2,"optionsNeedingEncoding":0,"optionsNeedingMapping":0,"declinedFallbackCount":0,"blockerCount":0}
{"level":"info","time":1791466904103,"pid":67861,"hostname":"Mac.net","event":"cee.analysis_ready.built","optionCount":2,"status":"ready","userQuestionCount":0,"goalNodeId":"g-profit","readyOptionsCount":2,"optionsNeedingEncoding":0,"optionsNeedingMapping":0,"declinedFallbackCount":0,"blockerCount":0}
{"level":"info","time":1791466904105,"pid":67861,"hostname":"Mac.net","event":"cee.analysis_ready.built","optionCount":2,"status":"ready","userQuestionCount":0,"goalNodeId":"g-profit","readyOptionsCount":2,"optionsNeedingEncoding":0,"optionsNeedingMapping":0,"declinedFallbackCount":0,"blockerCount":0}
{"level":"info","time":1791466904106,"pid":67861,"hostname":"Mac.net","event":"cee.analysis_ready.built","optionCount":2,"status":"ready","userQuestionCount":0,"goalNodeId":"g-profit","readyOptionsCount":2,"optionsNeedingEncoding":0,"optionsNeedingMapping":0,"declinedFallbackCount":0,"blockerCount":0}
{"level":"info","time":1791466904108,"pid":67861,"hostname":"Mac.net","event":"cee.analysis_ready.built","optionCount":2,"status":"ready","userQuestionCount":0,"goalNodeId":"g-profit","readyOptionsCount":2,"optionsNeedingEncoding":0,"optionsNeedingMapping":0,"declinedFallbackCount":0,"blockerCount":0}
{"level":"info","time":1791466904109,"pid":67861,"hostname":"Mac.net","event":"cee.analysis_ready.built","optionCount":2,"status":"ready","userQuestionCount":0,"goalNodeId":"g-profit","readyOptionsCount":2,"optionsNeedingEncoding":0,"optionsNeedingMapping":0,"declinedFallbackCount":0,"blockerCount":0}
{"level":"info","time":1791466904111,"pid":67861,"hostname":"Mac.net","event":"cee.analysis_ready.built","optionCount":2,"status":"ready","userQuestionCount":0,"goalNodeId":"g-profit","readyOptionsCount":2,"optionsNeedingEncoding":0,"optionsNeedingMapping":0,"declinedFallbackCount":0,"blockerCount":0}
{"level":"info","time":1791466904112,"pid":67861,"hostname":"Mac.net","event":"cee.analysis_ready.built","optionCount":2,"status":"ready","userQuestionCount":0,"goalNodeId":"g-profit","readyOptionsCount":2,"optionsNeedingEncoding":0,"optionsNeedingMapping":0,"declinedFallbackCount":0,"blockerCount":0}
{"level":"info","time":1791466904114,"pid":67861,"hostname":"Mac.net","event":"cee.analysis_ready.built","optionCount":2,"status":"ready","userQuestionCount":0,"goalNodeId":"g-profit","readyOptionsCount":2,"optionsNeedingEncoding":0,"optionsNeedingMapping":0,"declinedFallbackCount":0,"blockerCount":0}
{"level":"info","time":1791466904115,"pid":67861,"hostname":"Mac.net","event":"cee.analysis_ready.built","optionCount":2,"status":"ready","userQuestionCount":0,"goalNodeId":"g-profit","readyOptionsCount":2,"optionsNeedingEncoding":0,"optionsNeedingMapping":0,"declinedFallbackCount":0,"blockerCount":0}
{"level":"info","time":1791466904117,"pid":67861,"hostname":"Mac.net","event":"cee.analysis_ready.built","optionCount":2,"status":"ready","userQuestionCount":0,"goalNodeId":"g-profit","readyOptionsCount":2,"optionsNeedingEncoding":0,"optionsNeedingMapping":0,"declinedFallbackCount":0,"blockerCount":0}
{"level":"info","time":1791466904118,"pid":67861,"hostname":"Mac.net","event":"cee.analysis_ready.built","optionCount":2,"status":"ready","userQuestionCount":0,"goalNodeId":"g-profit","readyOptionsCount":2,"optionsNeedingEncoding":0,"optionsNeedingMapping":0,"declinedFallbackCount":0,"blockerCount":0}
{"level":"info","time":1791466904119,"pid":67861,"hostname":"Mac.net","event":"cee.analysis_ready.built","optionCount":2,"status":"ready","userQuestionCount":0,"goalNodeId":"g-profit","readyOptionsCount":2,"optionsNeedingEncoding":0,"optionsNeedingMapping":0,"declinedFallbackCount":0,"blockerCount":0}
{"level":"info","time":1791466904121,"pid":67861,"hostname":"Mac.net","event":"cee.analysis_ready.built","optionCount":2,"status":"ready","userQuestionCount":0,"goalNodeId":"g-profit","readyOptionsCount":2,"optionsNeedingEncoding":0,"optionsNeedingMapping":0,"declinedFallbackCount":0,"blockerCount":0}
{"level":"info","time":1791466904122,"pid":67861,"hostname":"Mac.net","event":"cee.analysis_ready.built","optionCount":2,"status":"ready","userQuestionCount":0,"goalNodeId":"g-profit","readyOptionsCount":2,"optionsNeedingEncoding":0,"optionsNeedingMapping":0,"declinedFallbackCount":0,"blockerCount":0}
{"level":"info","time":1791466904123,"pid":67861,"hostname":"Mac.net","event":"cee.analysis_ready.built","optionCount":2,"status":"ready","userQuestionCount":0,"goalNodeId":"g-profit","readyOptionsCount":2,"optionsNeedingEncoding":0,"optionsNeedingMapping":0,"declinedFallbackCount":0,"blockerCount":0}
{"level":"info","time":1791466904125,"pid":67861,"hostname":"Mac.net","event":"cee.analysis_ready.built","optionCount":2,"status":"ready","userQuestionCount":0,"goalNodeId":"g-profit","readyOptionsCount":2,"optionsNeedingEncoding":0,"optionsNeedingMapping":0,"declinedFallbackCount":0,"blockerCount":0}
{"level":"info","time":1791466904125,"pid":67861,"hostname":"Mac.net","event":"cee.analysis_ready.built","optionCount":2,"status":"ready","userQuestionCount":0,"goalNodeId":"g-profit","readyOptionsCount":2,"optionsNeedingEncoding":0,"optionsNeedingMapping":0,"declinedFallbackCount":0,"blockerCount":0}
{"level":"info","time":1791466904127,"pid":67861,"hostname":"Mac.net","event":"cee.analysis_ready.built","optionCount":2,"status":"ready","userQuestionCount":0,"goalNodeId":"g-profit","readyOptionsCount":2,"optionsNeedingEncoding":0,"optionsNeedingMapping":0,"declinedFallbackCount":0,"blockerCount":0}
{"level":"info","time":1791466904128,"pid":67861,"hostname":"Mac.net","event":"cee.analysis_ready.built","optionCount":2,"status":"ready","userQuestionCount":0,"goalNodeId":"g-profit","readyOptionsCount":2,"optionsNeedingEncoding":0,"optionsNeedingMapping":0,"declinedFallbackCount":0,"blockerCount":0}
{"level":"info","time":1791466904130,"pid":67861,"hostname":"Mac.net","event":"cee.analysis_ready.built","optionCount":2,"status":"ready","userQuestionCount":0,"goalNodeId":"g-profit","readyOptionsCount":2,"optionsNeedingEncoding":0,"optionsNeedingMapping":0,"declinedFallbackCount":0,"blockerCount":0}
{"level":"info","time":1791466904131,"pid":67861,"hostname":"Mac.net","event":"cee.analysis_ready.built","optionCount":2,"status":"ready","userQuestionCount":0,"goalNodeId":"g-profit","readyOptionsCount":2,"optionsNeedingEncoding":0,"optionsNeedingMapping":0,"declinedFallbackCount":0,"blockerCount":0}
{"level":"info","time":1791466904132,"pid":67861,"hostname":"Mac.net","event":"cee.analysis_ready.built","optionCount":2,"status":"ready","userQuestionCount":0,"goalNodeId":"g-profit","readyOptionsCount":2,"optionsNeedingEncoding":0,"optionsNeedingMapping":0,"declinedFallbackCount":0,"blockerCount":0}
{"level":"info","time":1791466904133,"pid":67861,"hostname":"Mac.net","event":"cee.analysis_ready.built","optionCount":2,"status":"ready","userQuestionCount":0,"goalNodeId":"g-profit","readyOptionsCount":2,"optionsNeedingEncoding":0,"optionsNeedingMapping":0,"declinedFallbackCount":0,"blockerCount":0}
{"level":"info","time":1791466904141,"pid":67861,"hostname":"Mac.net","event":"cee.analysis_ready.built","optionCount":2,"status":"ready","userQuestionCount":0,"goalNodeId":"g-profit","readyOptionsCount":2,"optionsNeedingEncoding":0,"optionsNeedingMapping":0,"declinedFallbackCount":0,"blockerCount":0}
{"level":"info","time":1791466904142,"pid":67861,"hostname":"Mac.net","event":"cee.analysis_ready.built","optionCount":2,"status":"ready","userQuestionCount":0,"goalNodeId":"g-profit","readyOptionsCount":2,"optionsNeedingEncoding":0,"optionsNeedingMapping":0,"declinedFallbackCount":0,"blockerCount":0}

 Test Files  2 passed (2)
      Tests  92 passed (92)
   Start at  14:41:42
   Duration  2.29s (transform 1.22s, setup 143ms, import 1.69s, tests 182ms, environment 0ms)

