
 RUN  v4.1.10 /private/tmp/accel-er-event-cee

 ❯ src/orchestrator-v5/agent-lane/__tests__/event-risk-fix2-admission.test.ts (23 tests | 1 failed) 117ms
     × ambiguous event name binding under-claims 5ms

⎯⎯⎯⎯⎯⎯⎯ Failed Tests 1 ⎯⎯⎯⎯⎯⎯⎯

 FAIL  src/orchestrator-v5/agent-lane/__tests__/event-risk-fix2-admission.test.ts > FIX2 Class A: every named event figure prevents Olumi authorship > ambiguous event name binding under-claims
AssertionError: expected false to be true // Object.is equality

- Expected
+ Received

- true
+ false

 ❯ src/orchestrator-v5/agent-lane/__tests__/event-risk-fix2-admission.test.ts:90:96
     88|     const result = admit({ ...c, risks: [...c.risks, { ...c.risks[0]!,…
     89|       'Key developer departure has a 10% chance within 6 months.');
     90|     expect(result.nodes.filter(n => n.kind === 'risk').every(n => n.ev…
       |                                                                                                ^
     91|   });
     92|   it('no figure about the event leaves Olumi admission intact', () => {

⎯⎯⎯⎯⎯⎯⎯⎯⎯⎯⎯⎯⎯⎯⎯⎯⎯⎯⎯⎯⎯⎯⎯⎯[1/1]⎯


 Test Files  1 failed | 1 passed (2)
      Tests  1 failed | 29 passed (30)
   Start at  15:40:40
   Duration  2.42s (transform 1.19s, setup 128ms, import 1.88s, tests 191ms, environment 0ms)

