
 RUN  v4.1.10 /private/tmp/accel-er-event-cee

 ❯ src/orchestrator-v5/agent-lane/__tests__/event-risk-fix2-admission.test.ts (23 tests | 11 failed) 123ms
     × duplicate probability factors cannot call a hedged user figure Olumi-drafted 6ms
     × any refused user figure 15% blocks a different drafted factor and occurrence 1ms
     × any refused user figure 110% blocks a different drafted factor and occurrence 1ms
     × any refused user figure 10.5% blocks a different drafted factor and occurrence 1ms
     × any refused user figure 0.15 blocks a different drafted factor and occurrence 1ms
     × any refused user figure .15 blocks a different drafted factor and occurrence 1ms
     × r1 #3 exact: option/factor same probability label cannot become a continuous probability level 3ms
     × token probability in the middle survives no label gate 3ms
     × token likelihood in the middle survives no label gate 1ms
     × token chance in the middle survives no label gate 1ms
     × token odds in the middle survives no label gate 1ms
 ❯ src/orchestrator-v5/agent-lane/__tests__/event-risk-fix2-claim-scope.test.ts (7 tests | 2 failed) 77ms
     × orphan probability factor with invalid baseline=false quotes the user figure and does not call it Olumi-drafted 5ms
     × orphan probability factor with invalid baseline=true quotes the user figure and does not call it Olumi-drafted 1ms

⎯⎯⎯⎯⎯⎯ Failed Tests 13 ⎯⎯⎯⎯⎯⎯⎯

 FAIL  src/orchestrator-v5/agent-lane/__tests__/event-risk-fix2-admission.test.ts > FIX2 Class A: every named event figure prevents Olumi authorship > duplicate probability factors cannot call a hedged user figure Olumi-drafted
AssertionError: expected false to be true // Object.is equality

- Expected
+ Received

- true
+ false

 ❯ src/orchestrator-v5/agent-lane/__tests__/event-risk-fix2-admission.test.ts:51:62
     49|     expect(risk(result).event_risk).toBeUndefined();
     50|     expect(result.nodes.some(n => n.kind === 'factor')).toBe(false);
     51|     expect(result.loss.some(l => /You said/.test(l.reason))).toBe(true…
       |                                                              ^
     52|     expect(result.loss.some(l => /Olumi had drafted/.test(l.reason))).…
     53|   });

⎯⎯⎯⎯⎯⎯⎯⎯⎯⎯⎯⎯⎯⎯⎯⎯⎯⎯⎯⎯⎯⎯⎯[1/13]⎯

 FAIL  src/orchestrator-v5/agent-lane/__tests__/event-risk-fix2-admission.test.ts > FIX2 Class A: every named event figure prevents Olumi authorship > any refused user figure 15% blocks a different drafted factor and occurrence
 FAIL  src/orchestrator-v5/agent-lane/__tests__/event-risk-fix2-admission.test.ts > FIX2 Class A: every named event figure prevents Olumi authorship > any refused user figure 110% blocks a different drafted factor and occurrence
 FAIL  src/orchestrator-v5/agent-lane/__tests__/event-risk-fix2-admission.test.ts > FIX2 Class A: every named event figure prevents Olumi authorship > any refused user figure 10.5% blocks a different drafted factor and occurrence
 FAIL  src/orchestrator-v5/agent-lane/__tests__/event-risk-fix2-admission.test.ts > FIX2 Class A: every named event figure prevents Olumi authorship > any refused user figure 0.15 blocks a different drafted factor and occurrence
 FAIL  src/orchestrator-v5/agent-lane/__tests__/event-risk-fix2-admission.test.ts > FIX2 Class A: every named event figure prevents Olumi authorship > any refused user figure .15 blocks a different drafted factor and occurrence
AssertionError: expected false to be true // Object.is equality

- Expected
+ Received

- true
+ false

 ❯ src/orchestrator-v5/agent-lane/__tests__/event-risk-fix2-admission.test.ts:67:62
     65|     expect(risk(result).event_risk).toBeUndefined();
     66|     expect(result.nodes.some(n => n.kind === 'factor')).toBe(false);
     67|     expect(result.loss.some(l => /You said/.test(l.reason))).toBe(true…
       |                                                              ^
     68|     expect(result.loss.some(l => /Olumi had drafted/.test(l.reason))).…
     69|   });

⎯⎯⎯⎯⎯⎯⎯⎯⎯⎯⎯⎯⎯⎯⎯⎯⎯⎯⎯⎯⎯⎯⎯[2/13]⎯

 FAIL  src/orchestrator-v5/agent-lane/__tests__/event-risk-fix2-admission.test.ts > FIX2 Class B: drafted likelihood word token anywhere is removed before separation > r1 #3 exact: option/factor same probability label cannot become a continuous probability level
AssertionError: expected false to be true // Object.is equality

- Expected
+ Received

- true
+ false

 ❯ src/orchestrator-v5/agent-lane/__tests__/event-risk-fix2-admission.test.ts:112:96
    110|     expect(result.nodes.some(n => n.kind === 'factor' && /probability/…
    111|     expect(result.edges.some(e => /probability/.test(e.from))).toBe(fa…
    112|     expect(result.loss.some(l => /probability/.test(l.reason) && /isn'…
       |                                                                                                ^
    113|   });
    114|   it.each(['probability', 'likelihood', 'chance', 'odds'])('token %s i…

⎯⎯⎯⎯⎯⎯⎯⎯⎯⎯⎯⎯⎯⎯⎯⎯⎯⎯⎯⎯⎯⎯⎯[3/13]⎯

 FAIL  src/orchestrator-v5/agent-lane/__tests__/event-risk-fix2-admission.test.ts > FIX2 Class B: drafted likelihood word token anywhere is removed before separation > token probability in the middle survives no label gate
 FAIL  src/orchestrator-v5/agent-lane/__tests__/event-risk-fix2-admission.test.ts > FIX2 Class B: drafted likelihood word token anywhere is removed before separation > token likelihood in the middle survives no label gate
 FAIL  src/orchestrator-v5/agent-lane/__tests__/event-risk-fix2-admission.test.ts > FIX2 Class B: drafted likelihood word token anywhere is removed before separation > token chance in the middle survives no label gate
 FAIL  src/orchestrator-v5/agent-lane/__tests__/event-risk-fix2-admission.test.ts > FIX2 Class B: drafted likelihood word token anywhere is removed before separation > token odds in the middle survives no label gate
AssertionError: expected false to be true // Object.is equality

- Expected
+ Received

- true
+ false

 ❯ src/orchestrator-v5/agent-lane/__tests__/event-risk-fix2-admission.test.ts:117:64
    115|     const result = admit(factor(draft(false), `${LABEL} ${word} level`…
    116|     expect(result.nodes.some(n => n.kind === 'factor')).toBe(false);
    117|     expect(result.loss.some(l => /isn't used/.test(l.reason))).toBe(tr…
       |                                                                ^
    118|   });
    119|   it('ordinary factors without likelihood words remain untouched', () …

⎯⎯⎯⎯⎯⎯⎯⎯⎯⎯⎯⎯⎯⎯⎯⎯⎯⎯⎯⎯⎯⎯⎯[4/13]⎯

 FAIL  src/orchestrator-v5/agent-lane/__tests__/event-risk-fix2-claim-scope.test.ts > FIX2 Class A: every figure scope and every probability factor uses the same user-claim guard > orphan probability factor with invalid baseline=false quotes the user figure and does not call it Olumi-drafted
 FAIL  src/orchestrator-v5/agent-lane/__tests__/event-risk-fix2-claim-scope.test.ts > FIX2 Class A: every figure scope and every probability factor uses the same user-claim guard > orphan probability factor with invalid baseline=true quotes the user figure and does not call it Olumi-drafted
AssertionError: expected false to be true // Object.is equality

- Expected
+ Received

- true
+ false

 ❯ src/orchestrator-v5/agent-lane/__tests__/event-risk-fix2-claim-scope.test.ts:46:119
     44|     const result = admit(draft, `${LABEL}: probably 10% within 6 month…
     45|     expect(result.nodes.some(n => n.kind === 'factor')).toBe(false);
     46|     expect(result.loss.some(l => l.reason.includes('You said') && l.re…
       |                                                                                                                       ^
     47|     expect(result.loss.some(l => l.reason.includes('Olumi had drafted'…
     48|   });

⎯⎯⎯⎯⎯⎯⎯⎯⎯⎯⎯⎯⎯⎯⎯⎯⎯⎯⎯⎯⎯⎯⎯[5/13]⎯


 Test Files  2 failed (2)
      Tests  13 failed | 17 passed (30)
   Start at  15:40:54
   Duration  2.31s (transform 1.15s, setup 127ms, import 1.74s, tests 200ms, environment 0ms)

