
 RUN  v4.1.10 /private/tmp/accel-er-event-cee

 ❯ src/orchestrator-v5/agent-lane/__tests__/event-risk-fix2-admission.test.ts (23 tests | 1 failed) 119ms
     × duplicate probability factors cannot call a hedged user figure Olumi-drafted 7ms

⎯⎯⎯⎯⎯⎯⎯ Failed Tests 1 ⎯⎯⎯⎯⎯⎯⎯

 FAIL  src/orchestrator-v5/agent-lane/__tests__/event-risk-fix2-admission.test.ts > FIX2 Class A: every named event figure prevents Olumi authorship > duplicate probability factors cannot call a hedged user figure Olumi-drafted
AssertionError: expected true to be false // Object.is equality

- Expected
+ Received

- false
+ true

 ❯ src/orchestrator-v5/agent-lane/__tests__/event-risk-fix2-admission.test.ts:52:71
     50|     expect(result.nodes.some(n => n.kind === 'factor')).toBe(false);
     51|     expect(result.loss.some(l => /You said/.test(l.reason))).toBe(true…
     52|     expect(result.loss.some(l => /Olumi had drafted/.test(l.reason))).…
       |                                                                       ^
     53|   });
     54|   it.each([true, false])('r1 #2 exact: another event explicit figure n…

⎯⎯⎯⎯⎯⎯⎯⎯⎯⎯⎯⎯⎯⎯⎯⎯⎯⎯⎯⎯⎯⎯⎯⎯[1/1]⎯


 Test Files  1 failed | 1 passed (2)
      Tests  1 failed | 29 passed (30)
   Start at  15:41:57
   Duration  2.66s (transform 1.37s, setup 152ms, import 2.06s, tests 196ms, environment 0ms)

