
 RUN  v4.1.10 /private/tmp/accel-er-event-cee

 ❯ src/orchestrator-v5/agent-lane/__tests__/event-risk-fix2-claim-scope.test.ts (7 tests | 2 failed) 76ms
     × comma context with refused phrase estimated retains the user figure without Olumi occurrence 46ms
     × comma context with refused phrase at most retains the user figure without Olumi occurrence 16ms

⎯⎯⎯⎯⎯⎯⎯ Failed Tests 2 ⎯⎯⎯⎯⎯⎯⎯

 FAIL  src/orchestrator-v5/agent-lane/__tests__/event-risk-fix2-claim-scope.test.ts > FIX2 Class A: every figure scope and every probability factor uses the same user-claim guard > comma context with refused phrase estimated retains the user figure without Olumi occurrence
 FAIL  src/orchestrator-v5/agent-lane/__tests__/event-risk-fix2-claim-scope.test.ts > FIX2 Class A: every figure scope and every probability factor uses the same user-claim guard > comma context with refused phrase at most retains the user figure without Olumi occurrence
AssertionError: expected { version: 1, …(2) } to be undefined

- Expected:
undefined

+ Received:
{
  "horizon": {
    "months": 12,
  },
  "occurrence": {
    "basis": "olumi",
    "meaning": "at_least_once_within_horizon",
    "p_high": 0.9473684210526316,
    "p_low": 0.8181818181818181,
  },
  "version": 1,
}

 ❯ src/orchestrator-v5/agent-lane/__tests__/event-risk-fix2-claim-scope.test.ts:23:37
     21|   it.each(['estimated', 'at most'])('comma context with refused phrase…
     22|     const result = admit(candidate(), `${LABEL}, ${hedge} 10% within 6…
     23|     expect(risk(result).event_risk).toBeUndefined();
       |                                     ^
     24|     expect(risk(result).event_risk_basis_text).toBeUndefined();
     25|     expect(result.loss.some(l => l.reason.includes('You said') && l.re…

⎯⎯⎯⎯⎯⎯⎯⎯⎯⎯⎯⎯⎯⎯⎯⎯⎯⎯⎯⎯⎯⎯⎯⎯[1/2]⎯


 Test Files  1 failed | 1 passed (2)
      Tests  2 failed | 28 passed (30)
   Start at  15:40:57
   Duration  2.31s (transform 1.17s, setup 126ms, import 1.76s, tests 190ms, environment 0ms)

