
 RUN  v4.1.10 /private/tmp/accel-er-event-cee

 ❯ src/orchestrator-v5/agent-lane/__tests__/event-risk-fix2-claim-scope.test.ts (7 tests | 3 failed) 79ms
     × orphan probability factor with invalid baseline=false quotes the user figure and does not call it Olumi-drafted 5ms
     × orphan probability factor with invalid baseline=true quotes the user figure and does not call it Olumi-drafted 1ms
     × an ambiguous probability factor quotes the user figure without assigning it to either risk 2ms

⎯⎯⎯⎯⎯⎯⎯ Failed Tests 3 ⎯⎯⎯⎯⎯⎯⎯

 FAIL  src/orchestrator-v5/agent-lane/__tests__/event-risk-fix2-claim-scope.test.ts > FIX2 Class A: every figure scope and every probability factor uses the same user-claim guard > orphan probability factor with invalid baseline=false quotes the user figure and does not call it Olumi-drafted
 FAIL  src/orchestrator-v5/agent-lane/__tests__/event-risk-fix2-claim-scope.test.ts > FIX2 Class A: every figure scope and every probability factor uses the same user-claim guard > orphan probability factor with invalid baseline=true quotes the user figure and does not call it Olumi-drafted
AssertionError: expected false to be true // Object.is equality

- Expected
+ Received

- true
+ false

 ❯ src/orchestrator-v5/agent-lane/__tests__/event-risk-fix2-claim-scope.test.ts:46:119
     44|     const result = admit(draft, `${LABEL}: probably 10% within 6 month…
     45|     expect(result.nodes.some(n => n.kind === 'factor')).toBe(false);
     46|     expect(result.loss.some(l => l.reason.includes('You said') && l.re…
       |                                                                                                                       ^
     47|     expect(result.loss.some(l => l.reason.includes('Olumi had drafted'…
     48|   });

⎯⎯⎯⎯⎯⎯⎯⎯⎯⎯⎯⎯⎯⎯⎯⎯⎯⎯⎯⎯⎯⎯⎯⎯[1/3]⎯

 FAIL  src/orchestrator-v5/agent-lane/__tests__/event-risk-fix2-claim-scope.test.ts > FIX2 Class A: every figure scope and every probability factor uses the same user-claim guard > an ambiguous probability factor quotes the user figure without assigning it to either risk
AssertionError: expected true to be false // Object.is equality

- Expected
+ Received

- false
+ true

 ❯ src/orchestrator-v5/agent-lane/__tests__/event-risk-fix2-claim-scope.test.ts:63:75
     61|     expect(result.nodes.some(n => n.kind === 'factor')).toBe(false);
     62|     expect(result.loss.some(l => l.reason.includes('You said') && l.re…
     63|     expect(result.loss.some(l => l.reason.includes('Olumi had drafted'…
       |                                                                           ^
     64|   });
     65|

⎯⎯⎯⎯⎯⎯⎯⎯⎯⎯⎯⎯⎯⎯⎯⎯⎯⎯⎯⎯⎯⎯⎯⎯[2/3]⎯


 Test Files  1 failed | 1 passed (2)
      Tests  3 failed | 27 passed (30)
   Start at  15:41:02
   Duration  2.60s (transform 1.35s, setup 132ms, import 2.01s, tests 218ms, environment 0ms)

