
 RUN  v4.1.10 /private/tmp/accel-er-event-cee

 ❯ src/orchestrator-v5/agent-lane/__tests__/event-risk-fix2-admission.test.ts (23 tests | 10 failed) 123ms
     × duplicate probability factors cannot call a hedged user figure Olumi-drafted 7ms
     × any refused user figure 15% blocks a different drafted factor and occurrence 1ms
     × any refused user figure 110% blocks a different drafted factor and occurrence 1ms
     × any refused user figure 10.5% blocks a different drafted factor and occurrence 1ms
     × any refused user figure 0.15 blocks a different drafted factor and occurrence 1ms
     × any refused user figure .15 blocks a different drafted factor and occurrence 1ms
     × token probability in the middle survives no label gate 3ms
     × token likelihood in the middle survives no label gate 1ms
     × token chance in the middle survives no label gate 1ms
     × token odds in the middle survives no label gate 1ms
 ❯ src/orchestrator-v5/agent-lane/__tests__/event-risk-fix2-claim-scope.test.ts (7 tests | 3 failed) 79ms
     × orphan probability factor with invalid baseline=false quotes the user figure and does not call it Olumi-drafted 6ms
     × orphan probability factor with invalid baseline=true quotes the user figure and does not call it Olumi-drafted 2ms
     × an ambiguous probability factor quotes the user figure without assigning it to either risk 2ms

⎯⎯⎯⎯⎯⎯ Failed Tests 13 ⎯⎯⎯⎯⎯⎯⎯

 FAIL  src/orchestrator-v5/agent-lane/__tests__/event-risk-fix2-admission.test.ts > FIX2 Class A: every named event figure prevents Olumi authorship > duplicate probability factors cannot call a hedged user figure Olumi-drafted
AssertionError: expected true to be false // Object.is equality

- Expected
+ Received

- false
+ true

 ❯ src/orchestrator-v5/agent-lane/__tests__/event-risk-fix2-admission.test.ts:50:57
     48|       `${LABEL}: probably 10% within 6 months.`);
     49|     expect(risk(result).event_risk).toBeUndefined();
     50|     expect(result.nodes.some(n => n.kind === 'factor')).toBe(false);
       |                                                         ^
     51|     expect(result.loss.some(l => /You said/.test(l.reason))).toBe(true…
     52|     expect(result.loss.some(l => /Olumi had drafted/.test(l.reason))).…

⎯⎯⎯⎯⎯⎯⎯⎯⎯⎯⎯⎯⎯⎯⎯⎯⎯⎯⎯⎯⎯⎯⎯[1/13]⎯

 FAIL  src/orchestrator-v5/agent-lane/__tests__/event-risk-fix2-admission.test.ts > FIX2 Class A: every named event figure prevents Olumi authorship > any refused user figure 15% blocks a different drafted factor and occurrence
 FAIL  src/orchestrator-v5/agent-lane/__tests__/event-risk-fix2-admission.test.ts > FIX2 Class A: every named event figure prevents Olumi authorship > any refused user figure 110% blocks a different drafted factor and occurrence
 FAIL  src/orchestrator-v5/agent-lane/__tests__/event-risk-fix2-admission.test.ts > FIX2 Class A: every named event figure prevents Olumi authorship > any refused user figure 10.5% blocks a different drafted factor and occurrence
 FAIL  src/orchestrator-v5/agent-lane/__tests__/event-risk-fix2-admission.test.ts > FIX2 Class A: every named event figure prevents Olumi authorship > any refused user figure 0.15 blocks a different drafted factor and occurrence
 FAIL  src/orchestrator-v5/agent-lane/__tests__/event-risk-fix2-admission.test.ts > FIX2 Class A: every named event figure prevents Olumi authorship > any refused user figure .15 blocks a different drafted factor and occurrence
AssertionError: expected true to be false // Object.is equality

- Expected
+ Received

- false
+ true

 ❯ src/orchestrator-v5/agent-lane/__tests__/event-risk-fix2-admission.test.ts:66:57
     64|     const result = admit(factor(draft()), `${LABEL}: probably ${figure…
     65|     expect(risk(result).event_risk).toBeUndefined();
     66|     expect(result.nodes.some(n => n.kind === 'factor')).toBe(false);
       |                                                         ^
     67|     expect(result.loss.some(l => /You said/.test(l.reason))).toBe(true…
     68|     expect(result.loss.some(l => /Olumi had drafted/.test(l.reason))).…

⎯⎯⎯⎯⎯⎯⎯⎯⎯⎯⎯⎯⎯⎯⎯⎯⎯⎯⎯⎯⎯⎯⎯[2/13]⎯

 FAIL  src/orchestrator-v5/agent-lane/__tests__/event-risk-fix2-admission.test.ts > FIX2 Class B: drafted likelihood word token anywhere is removed before separation > token probability in the middle survives no label gate
 FAIL  src/orchestrator-v5/agent-lane/__tests__/event-risk-fix2-admission.test.ts > FIX2 Class B: drafted likelihood word token anywhere is removed before separation > token likelihood in the middle survives no label gate
 FAIL  src/orchestrator-v5/agent-lane/__tests__/event-risk-fix2-admission.test.ts > FIX2 Class B: drafted likelihood word token anywhere is removed before separation > token chance in the middle survives no label gate
 FAIL  src/orchestrator-v5/agent-lane/__tests__/event-risk-fix2-admission.test.ts > FIX2 Class B: drafted likelihood word token anywhere is removed before separation > token odds in the middle survives no label gate
AssertionError: expected true to be false // Object.is equality

- Expected
+ Received

- false
+ true

 ❯ src/orchestrator-v5/agent-lane/__tests__/event-risk-fix2-admission.test.ts:116:57
    114|   it.each(['probability', 'likelihood', 'chance', 'odds'])('token %s i…
    115|     const result = admit(factor(draft(false), `${LABEL} ${word} level`…
    116|     expect(result.nodes.some(n => n.kind === 'factor')).toBe(false);
       |                                                         ^
    117|     expect(result.loss.some(l => /isn't used/.test(l.reason))).toBe(tr…
    118|   });

⎯⎯⎯⎯⎯⎯⎯⎯⎯⎯⎯⎯⎯⎯⎯⎯⎯⎯⎯⎯⎯⎯⎯[3/13]⎯

 FAIL  src/orchestrator-v5/agent-lane/__tests__/event-risk-fix2-claim-scope.test.ts > FIX2 Class A: every figure scope and every probability factor uses the same user-claim guard > orphan probability factor with invalid baseline=false quotes the user figure and does not call it Olumi-drafted
 FAIL  src/orchestrator-v5/agent-lane/__tests__/event-risk-fix2-claim-scope.test.ts > FIX2 Class A: every figure scope and every probability factor uses the same user-claim guard > orphan probability factor with invalid baseline=true quotes the user figure and does not call it Olumi-drafted
AssertionError: expected true to be false // Object.is equality

- Expected
+ Received

- false
+ true

 ❯ src/orchestrator-v5/agent-lane/__tests__/event-risk-fix2-claim-scope.test.ts:45:57
     43|     };
     44|     const result = admit(draft, `${LABEL}: probably 10% within 6 month…
     45|     expect(result.nodes.some(n => n.kind === 'factor')).toBe(false);
       |                                                         ^
     46|     expect(result.loss.some(l => l.reason.includes('You said') && l.re…
     47|     expect(result.loss.some(l => l.reason.includes('Olumi had drafted'…

⎯⎯⎯⎯⎯⎯⎯⎯⎯⎯⎯⎯⎯⎯⎯⎯⎯⎯⎯⎯⎯⎯⎯[4/13]⎯

 FAIL  src/orchestrator-v5/agent-lane/__tests__/event-risk-fix2-claim-scope.test.ts > FIX2 Class A: every figure scope and every probability factor uses the same user-claim guard > an ambiguous probability factor quotes the user figure without assigning it to either risk
AssertionError: expected true to be false // Object.is equality

- Expected
+ Received

- false
+ true

 ❯ src/orchestrator-v5/agent-lane/__tests__/event-risk-fix2-claim-scope.test.ts:61:57
     59|     const result = admit(draft, `${LABEL}: probably 10% within 6 month…
     60|     expect(result.nodes.filter(n => n.kind === 'risk').every(n => n.ev…
     61|     expect(result.nodes.some(n => n.kind === 'factor')).toBe(false);
       |                                                         ^
     62|     expect(result.loss.some(l => l.reason.includes('You said') && l.re…
     63|     expect(result.loss.some(l => l.reason.includes('Olumi had drafted'…

⎯⎯⎯⎯⎯⎯⎯⎯⎯⎯⎯⎯⎯⎯⎯⎯⎯⎯⎯⎯⎯⎯⎯[5/13]⎯


 Test Files  2 failed (2)
      Tests  13 failed | 17 passed (30)
   Start at  15:40:51
   Duration  2.35s (transform 1.18s, setup 126ms, import 1.78s, tests 202ms, environment 0ms)

