Load gate exit: 0
{"load":6.9794921875,"threshold":25}
node_modules/.bin/vitest run src/orchestrator-v5/tools/handlers/__tests__/run-analysis-horizon-untested.test.ts --maxWorkers=1 --no-file-parallelism --configLoader=runner < /dev/null

 RUN  v4.1.10 /private/tmp/accel-er-b2scope-cee

{"level":"info","time":1791478067874,"pid":45073,"hostname":"Mac.net","event":"cee.analysis_ready.built","optionCount":3,"status":"ready","userQuestionCount":0,"goalNodeId":"mrr","readyOptionsCount":3,"optionsNeedingEncoding":0,"optionsNeedingMapping":0,"declinedFallbackCount":0,"blockerCount":0}
{"level":"info","time":1791478067879,"pid":45073,"hostname":"Mac.net","event":"cee.analysis_ready.built","optionCount":3,"status":"ready","userQuestionCount":0,"goalNodeId":"mrr","readyOptionsCount":3,"optionsNeedingEncoding":0,"optionsNeedingMapping":0,"declinedFallbackCount":0,"blockerCount":0}
{"level":"info","time":1791478067887,"pid":45073,"hostname":"Mac.net","event":"v5.run_analysis.options_scaffolded","request_id":"req-a7-run","scenario_id":"c8108752-0000-4000-8000-0000000000a7","scaffolded_option_ids":["current_price"],"scaffolded_factor_counts":[1],"excluded_option_ids":[],"option_count":3}
{"level":"info","time":1791478067889,"pid":45073,"hostname":"Mac.net","event":"run_analysis.level_limit_baseline_carried","request_id":"req-a7-run","scenario_id":"c8108752-0000-4000-8000-0000000000a7","node_ids":["monthly_churn_rate"],"msg":"run_analysis carried the current level of a level-limited node as its baseline (wire copy only; no magnitudes)"}
{"level":"info","time":1791478067890,"pid":45073,"hostname":"Mac.net","event":"run_analysis.stated_level_spread_carried","request_id":"req-a7-run","scenario_id":"c8108752-0000-4000-8000-0000000000a7","node_ids":["pro_plan_price","current_paying_subscribers"],"msg":"run_analysis sent user-stated factor levels at the minimum spread (wire copy only; no magnitudes)"}
{"level":"info","time":1791478067892,"pid":45073,"hostname":"Mac.net","event":"run_analysis.user_links_held_at_one","request_id":"req-a7-run","scenario_id":"c8108752-0000-4000-8000-0000000000a7","msg":"run_analysis held links at existence 1.0: a user range, a validated definition or route-once (wire copy only; ids only)"}
{"level":"info","time":1791478067900,"pid":45073,"hostname":"Mac.net","event":"run_analysis.seed_reuse","request_id":"req-a7-run","scenario_id":"c8108752-0000-4000-8000-0000000000a7","reason":"no_prior_run","msg":"run_analysis seed decision"}
{"level":"info","time":1791478067905,"pid":45073,"hostname":"Mac.net","event":"run_analysis.limit_p_withheld_for_placeholder_moved_options","request_id":"req-a7-run","scenario_id":"c8108752-0000-4000-8000-0000000000a7","withheld":[{"constraint_id":"agent-lane:monthly_churn_rate:<=","option_ids":["59_price","current_price"]}],"msg":"run_analysis: a limit's P is withheld for the options that move its target through an unsized Olumi link"}
{"level":"info","time":1791478067909,"pid":45073,"hostname":"Mac.net","event":"run_analysis.goal_figures_withheld_for_placeholder_paths","request_id":"req-a7-run","scenario_id":"c8108752-0000-4000-8000-0000000000a7","withheld":[{"option_id":"59_price","links":1}],"msg":"run_analysis: goal figures withheld for the options an unsized Olumi link moves"}
{"level":"info","time":1791478067919,"pid":45073,"hostname":"Mac.net","event":"v5.run_analysis.constraint_unevaluated","request_id":"req-a7-run","scenario_id":"c8108752-0000-4000-8000-0000000000a7","constraint_ids":["agent-lane:monthly_churn_rate:<="],"codes":[]}
{"level":"info","time":1791478067922,"pid":45073,"hostname":"Mac.net","event":"cee.analysis_ready.built","optionCount":3,"status":"ready","userQuestionCount":0,"goalNodeId":"mrr","readyOptionsCount":3,"optionsNeedingEncoding":0,"optionsNeedingMapping":0,"declinedFallbackCount":0,"blockerCount":0}
{"level":"info","time":1791478067946,"pid":45073,"hostname":"Mac.net","event":"cee.leader_licence.shadow","request_id":"req-a7-run","scenario_id":"c8108752-0000-4000-8000-0000000000a7","run_id":"8c5ed9988edd07b3297821cf221d830e92ef9481c95e7f18090e8ad885a6c4b5","verdict":"withheld","leader_option_id":null,"reason":"goal_figures_withheld","caveats":[],"admission_mode":"comparative_leader","claim_reason":"goal_path_unsized","failed_closed":false,"disagreements":[],"msg":"A2 L1 leader-licence shadow verdict (no behaviour change)"}
{"level":"info","time":1791478067951,"pid":45073,"hostname":"Mac.net","event":"cee.analysis_ready.built","optionCount":3,"status":"ready","userQuestionCount":0,"goalNodeId":"mrr","readyOptionsCount":3,"optionsNeedingEncoding":0,"optionsNeedingMapping":0,"declinedFallbackCount":0,"blockerCount":0}
{"level":"info","time":1791478067955,"pid":45073,"hostname":"Mac.net","event":"cee.analysis_ready.built","optionCount":3,"status":"ready","userQuestionCount":0,"goalNodeId":"mrr","readyOptionsCount":3,"optionsNeedingEncoding":0,"optionsNeedingMapping":0,"declinedFallbackCount":0,"blockerCount":0}
{"level":"info","time":1791478067958,"pid":45073,"hostname":"Mac.net","event":"v5.run_analysis.options_scaffolded","request_id":"req-a7-run","scenario_id":"c8108752-0000-4000-8000-0000000000a7","scaffolded_option_ids":["current_price"],"scaffolded_factor_counts":[1],"excluded_option_ids":[],"option_count":3}
{"level":"info","time":1791478067958,"pid":45073,"hostname":"Mac.net","event":"run_analysis.level_limit_baseline_carried","request_id":"req-a7-run","scenario_id":"c8108752-0000-4000-8000-0000000000a7","node_ids":["monthly_churn_rate"],"msg":"run_analysis carried the current level of a level-limited node as its baseline (wire copy only; no magnitudes)"}
{"level":"info","time":1791478067959,"pid":45073,"hostname":"Mac.net","event":"run_analysis.stated_level_spread_carried","request_id":"req-a7-run","scenario_id":"c8108752-0000-4000-8000-0000000000a7","node_ids":["pro_plan_price","current_paying_subscribers"],"msg":"run_analysis sent user-stated factor levels at the minimum spread (wire copy only; no magnitudes)"}
{"level":"info","time":1791478067960,"pid":45073,"hostname":"Mac.net","event":"run_analysis.user_links_held_at_one","request_id":"req-a7-run","scenario_id":"c8108752-0000-4000-8000-0000000000a7","msg":"run_analysis held links at existence 1.0: a user range, a validated definition or route-once (wire copy only; ids only)"}
{"level":"info","time":1791478067962,"pid":45073,"hostname":"Mac.net","event":"run_analysis.seed_reuse","request_id":"req-a7-run","scenario_id":"c8108752-0000-4000-8000-0000000000a7","reason":"no_prior_run","msg":"run_analysis seed decision"}
{"level":"info","time":1791478067963,"pid":45073,"hostname":"Mac.net","event":"run_analysis.limit_p_withheld_for_placeholder_moved_options","request_id":"req-a7-run","scenario_id":"c8108752-0000-4000-8000-0000000000a7","withheld":[{"constraint_id":"agent-lane:monthly_churn_rate:<=","option_ids":["59_price","current_price"]}],"msg":"run_analysis: a limit's P is withheld for the options that move its target through an unsized Olumi link"}
{"level":"info","time":1791478067964,"pid":45073,"hostname":"Mac.net","event":"run_analysis.goal_figures_withheld_for_placeholder_paths","request_id":"req-a7-run","scenario_id":"c8108752-0000-4000-8000-0000000000a7","withheld":[{"option_id":"59_price","links":1}],"msg":"run_analysis: goal figures withheld for the options an unsized Olumi link moves"}
{"level":"info","time":1791478067969,"pid":45073,"hostname":"Mac.net","event":"v5.run_analysis.constraint_unevaluated","request_id":"req-a7-run","scenario_id":"c8108752-0000-4000-8000-0000000000a7","constraint_ids":["agent-lane:monthly_churn_rate:<="],"codes":[]}
{"level":"info","time":1791478067971,"pid":45073,"hostname":"Mac.net","event":"cee.analysis_ready.built","optionCount":3,"status":"ready","userQuestionCount":0,"goalNodeId":"mrr","readyOptionsCount":3,"optionsNeedingEncoding":0,"optionsNeedingMapping":0,"declinedFallbackCount":0,"blockerCount":0}
{"level":"info","time":1791478067983,"pid":45073,"hostname":"Mac.net","event":"cee.leader_licence.shadow","request_id":"req-a7-run","scenario_id":"c8108752-0000-4000-8000-0000000000a7","run_id":"8c5ed9988edd07b3297821cf221d830e92ef9481c95e7f18090e8ad885a6c4b5","verdict":"withheld","leader_option_id":null,"reason":"goal_figures_withheld","caveats":[],"admission_mode":"comparative_leader","claim_reason":"goal_path_unsized","failed_closed":false,"disagreements":[],"msg":"A2 L1 leader-licence shadow verdict (no behaviour change)"}
{"level":"info","time":1791478067989,"pid":45073,"hostname":"Mac.net","event":"cee.analysis_ready.built","optionCount":3,"status":"ready","userQuestionCount":0,"goalNodeId":"mrr","readyOptionsCount":3,"optionsNeedingEncoding":0,"optionsNeedingMapping":0,"declinedFallbackCount":0,"blockerCount":0}
{"level":"info","time":1791478067991,"pid":45073,"hostname":"Mac.net","event":"cee.analysis_ready.built","optionCount":3,"status":"ready","userQuestionCount":0,"goalNodeId":"mrr","readyOptionsCount":3,"optionsNeedingEncoding":0,"optionsNeedingMapping":0,"declinedFallbackCount":0,"blockerCount":0}
{"level":"info","time":1791478067992,"pid":45073,"hostname":"Mac.net","event":"v5.run_analysis.options_scaffolded","request_id":"req-a7-run","scenario_id":"c8108752-0000-4000-8000-0000000000a7","scaffolded_option_ids":["current_price"],"scaffolded_factor_counts":[1],"excluded_option_ids":[],"option_count":3}
{"level":"info","time":1791478067993,"pid":45073,"hostname":"Mac.net","event":"run_analysis.level_limit_baseline_carried","request_id":"req-a7-run","scenario_id":"c8108752-0000-4000-8000-0000000000a7","node_ids":["monthly_churn_rate"],"msg":"run_analysis carried the current level of a level-limited node as its baseline (wire copy only; no magnitudes)"}
{"level":"info","time":1791478067994,"pid":45073,"hostname":"Mac.net","event":"run_analysis.stated_level_spread_carried","request_id":"req-a7-run","scenario_id":"c8108752-0000-4000-8000-0000000000a7","node_ids":["pro_plan_price","current_paying_subscribers"],"msg":"run_analysis sent user-stated factor levels at the minimum spread (wire copy only; no magnitudes)"}
{"level":"info","time":1791478067995,"pid":45073,"hostname":"Mac.net","event":"run_analysis.user_links_held_at_one","request_id":"req-a7-run","scenario_id":"c8108752-0000-4000-8000-0000000000a7","msg":"run_analysis held links at existence 1.0: a user range, a validated definition or route-once (wire copy only; ids only)"}
{"level":"info","time":1791478067998,"pid":45073,"hostname":"Mac.net","event":"run_analysis.seed_reuse","request_id":"req-a7-run","scenario_id":"c8108752-0000-4000-8000-0000000000a7","reason":"no_prior_run","msg":"run_analysis seed decision"}
{"level":"info","time":1791478067998,"pid":45073,"hostname":"Mac.net","event":"run_analysis.limit_p_withheld_for_placeholder_moved_options","request_id":"req-a7-run","scenario_id":"c8108752-0000-4000-8000-0000000000a7","withheld":[{"constraint_id":"agent-lane:monthly_churn_rate:<=","option_ids":["59_price","current_price"]}],"msg":"run_analysis: a limit's P is withheld for the options that move its target through an unsized Olumi link"}
{"level":"info","time":1791478068000,"pid":45073,"hostname":"Mac.net","event":"v5.run_analysis.constraint_unevaluated","request_id":"req-a7-run","scenario_id":"c8108752-0000-4000-8000-0000000000a7","constraint_ids":["agent-lane:monthly_churn_rate:<="],"codes":[]}
{"level":"info","time":1791478068001,"pid":45073,"hostname":"Mac.net","event":"cee.analysis_ready.built","optionCount":3,"status":"ready","userQuestionCount":0,"goalNodeId":"mrr","readyOptionsCount":3,"optionsNeedingEncoding":0,"optionsNeedingMapping":0,"declinedFallbackCount":0,"blockerCount":0}
{"level":"info","time":1791478068004,"pid":45073,"hostname":"Mac.net","event":"cee.nonlinear_identity.leader_withheld","request_id":"req-a7-run","scenario_id":"c8108752-0000-4000-8000-0000000000a7","leading_option_id":"59_price","outcome_node_id":"mrr","unproven_against_count":1,"msg":"run_analysis: leader withheld — its sign on a multiplied goal is not proven"}
{"level":"info","time":1791478068008,"pid":45073,"hostname":"Mac.net","event":"cee.leader_licence.shadow","request_id":"req-a7-run","scenario_id":"c8108752-0000-4000-8000-0000000000a7","run_id":"32f660539e5351396bf7d3c275e4abf73e900c54d5382a86c70cde74ddc03107","verdict":"withheld","leader_option_id":null,"reason":"constraint_withheld","caveats":[],"admission_mode":"comparative_leader","claim_reason":"constraint_verdict_withheld","failed_closed":false,"disagreements":[{"site":"stored_leader","live":true,"verdict":false}],"msg":"A2 L1 leader-licence shadow verdict (no behaviour change)"}
{"level":"info","time":1791478068010,"pid":45073,"hostname":"Mac.net","event":"cee.analysis_ready.built","optionCount":3,"status":"ready","userQuestionCount":0,"goalNodeId":"mrr","readyOptionsCount":3,"optionsNeedingEncoding":0,"optionsNeedingMapping":0,"declinedFallbackCount":0,"blockerCount":0}
{"level":"info","time":1791478068013,"pid":45073,"hostname":"Mac.net","event":"cee.analysis_ready.built","optionCount":3,"status":"ready","userQuestionCount":0,"goalNodeId":"mrr","readyOptionsCount":3,"optionsNeedingEncoding":0,"optionsNeedingMapping":0,"declinedFallbackCount":0,"blockerCount":0}
{"level":"info","time":1791478068014,"pid":45073,"hostname":"Mac.net","event":"v5.run_analysis.options_scaffolded","request_id":"req-a7-run","scenario_id":"c8108752-0000-4000-8000-0000000000a7","scaffolded_option_ids":["current_price"],"scaffolded_factor_counts":[1],"excluded_option_ids":[],"option_count":3}
{"level":"info","time":1791478068015,"pid":45073,"hostname":"Mac.net","event":"run_analysis.level_limit_baseline_carried","request_id":"req-a7-run","scenario_id":"c8108752-0000-4000-8000-0000000000a7","node_ids":["monthly_churn_rate"],"msg":"run_analysis carried the current level of a level-limited node as its baseline (wire copy only; no magnitudes)"}
{"level":"info","time":1791478068015,"pid":45073,"hostname":"Mac.net","event":"run_analysis.stated_level_spread_carried","request_id":"req-a7-run","scenario_id":"c8108752-0000-4000-8000-0000000000a7","node_ids":["pro_plan_price","current_paying_subscribers"],"msg":"run_analysis sent user-stated factor levels at the minimum spread (wire copy only; no magnitudes)"}
{"level":"info","time":1791478068016,"pid":45073,"hostname":"Mac.net","event":"run_analysis.user_links_held_at_one","request_id":"req-a7-run","scenario_id":"c8108752-0000-4000-8000-0000000000a7","msg":"run_analysis held links at existence 1.0: a user range, a validated definition or route-once (wire copy only; ids only)"}
{"level":"info","time":1791478068018,"pid":45073,"hostname":"Mac.net","event":"run_analysis.seed_reuse","request_id":"req-a7-run","scenario_id":"c8108752-0000-4000-8000-0000000000a7","reason":"no_prior_run","msg":"run_analysis seed decision"}
{"level":"info","time":1791478068019,"pid":45073,"hostname":"Mac.net","event":"run_analysis.limit_p_withheld_for_placeholder_moved_options","request_id":"req-a7-run","scenario_id":"c8108752-0000-4000-8000-0000000000a7","withheld":[{"constraint_id":"agent-lane:monthly_churn_rate:<=","option_ids":["59_price","current_price"]}],"msg":"run_analysis: a limit's P is withheld for the options that move its target through an unsized Olumi link"}
{"level":"info","time":1791478068020,"pid":45073,"hostname":"Mac.net","event":"run_analysis.goal_figures_withheld_for_placeholder_paths","request_id":"req-a7-run","scenario_id":"c8108752-0000-4000-8000-0000000000a7","withheld":[{"option_id":"59_price","links":1}],"msg":"run_analysis: goal figures withheld for the options an unsized Olumi link moves"}
{"level":"info","time":1791478068023,"pid":45073,"hostname":"Mac.net","event":"v5.run_analysis.constraint_unevaluated","request_id":"req-a7-run","scenario_id":"c8108752-0000-4000-8000-0000000000a7","constraint_ids":["agent-lane:monthly_churn_rate:<=","k-months"],"codes":[]}
{"level":"info","time":1791478068025,"pid":45073,"hostname":"Mac.net","event":"cee.analysis_ready.built","optionCount":3,"status":"ready","userQuestionCount":0,"goalNodeId":"mrr","readyOptionsCount":3,"optionsNeedingEncoding":0,"optionsNeedingMapping":0,"declinedFallbackCount":0,"blockerCount":0}
{"level":"info","time":1791478068029,"pid":45073,"hostname":"Mac.net","event":"cee.leader_licence.shadow","request_id":"req-a7-run","scenario_id":"c8108752-0000-4000-8000-0000000000a7","run_id":"67dc4ae0f26e6f606a5a222545be975f2ac87402d6998358b201ace31ef12fcc","verdict":"withheld","leader_option_id":null,"reason":"goal_figures_withheld","caveats":[],"admission_mode":"comparative_leader","claim_reason":"goal_path_unsized","failed_closed":false,"disagreements":[],"msg":"A2 L1 leader-licence shadow verdict (no behaviour change)"}
 ❯ src/orchestrator-v5/tools/handlers/__tests__/run-analysis-horizon-untested.test.ts (9 tests | 1 failed) 192ms
     × RED: it rides beside the target withhold, never in place of it (two separate facts) 40ms
{"level":"info","time":1791478068031,"pid":45073,"hostname":"Mac.net","event":"cee.analysis_ready.built","optionCount":3,"status":"ready","userQuestionCount":0,"goalNodeId":"mrr","readyOptionsCount":3,"optionsNeedingEncoding":0,"optionsNeedingMapping":0,"declinedFallbackCount":0,"blockerCount":0}
{"level":"info","time":1791478068033,"pid":45073,"hostname":"Mac.net","event":"cee.analysis_ready.built","optionCount":3,"status":"ready","userQuestionCount":0,"goalNodeId":"mrr","readyOptionsCount":3,"optionsNeedingEncoding":0,"optionsNeedingMapping":0,"declinedFallbackCount":0,"blockerCount":0}
{"level":"info","time":1791478068034,"pid":45073,"hostname":"Mac.net","event":"v5.run_analysis.options_scaffolded","request_id":"req-a7-run","scenario_id":"c8108752-0000-4000-8000-0000000000a7","scaffolded_option_ids":["current_price"],"scaffolded_factor_counts":[1],"excluded_option_ids":[],"option_count":3}
{"level":"info","time":1791478068035,"pid":45073,"hostname":"Mac.net","event":"run_analysis.level_limit_baseline_carried","request_id":"req-a7-run","scenario_id":"c8108752-0000-4000-8000-0000000000a7","node_ids":["monthly_churn_rate"],"msg":"run_analysis carried the current level of a level-limited node as its baseline (wire copy only; no magnitudes)"}
{"level":"info","time":1791478068035,"pid":45073,"hostname":"Mac.net","event":"run_analysis.stated_level_spread_carried","request_id":"req-a7-run","scenario_id":"c8108752-0000-4000-8000-0000000000a7","node_ids":["pro_plan_price","current_paying_subscribers"],"msg":"run_analysis sent user-stated factor levels at the minimum spread (wire copy only; no magnitudes)"}
{"level":"info","time":1791478068036,"pid":45073,"hostname":"Mac.net","event":"run_analysis.user_links_held_at_one","request_id":"req-a7-run","scenario_id":"c8108752-0000-4000-8000-0000000000a7","msg":"run_analysis held links at existence 1.0: a user range, a validated definition or route-once (wire copy only; ids only)"}
{"level":"info","time":1791478068039,"pid":45073,"hostname":"Mac.net","event":"run_analysis.seed_reuse","request_id":"req-a7-run","scenario_id":"c8108752-0000-4000-8000-0000000000a7","reason":"no_prior_run","msg":"run_analysis seed decision"}
{"level":"info","time":1791478068040,"pid":45073,"hostname":"Mac.net","event":"run_analysis.limit_p_withheld_for_placeholder_moved_options","request_id":"req-a7-run","scenario_id":"c8108752-0000-4000-8000-0000000000a7","withheld":[{"constraint_id":"agent-lane:monthly_churn_rate:<=","option_ids":["59_price","current_price"]}],"msg":"run_analysis: a limit's P is withheld for the options that move its target through an unsized Olumi link"}
{"level":"info","time":1791478068041,"pid":45073,"hostname":"Mac.net","event":"run_analysis.goal_figures_withheld_for_placeholder_paths","request_id":"req-a7-run","scenario_id":"c8108752-0000-4000-8000-0000000000a7","withheld":[{"option_id":"59_price","links":1}],"msg":"run_analysis: goal figures withheld for the options an unsized Olumi link moves"}
{"level":"info","time":1791478068043,"pid":45073,"hostname":"Mac.net","event":"v5.run_analysis.constraint_unevaluated","request_id":"req-a7-run","scenario_id":"c8108752-0000-4000-8000-0000000000a7","constraint_ids":["agent-lane:monthly_churn_rate:<="],"codes":[]}
{"level":"info","time":1791478068044,"pid":45073,"hostname":"Mac.net","event":"cee.analysis_ready.built","optionCount":3,"status":"ready","userQuestionCount":0,"goalNodeId":"mrr","readyOptionsCount":3,"optionsNeedingEncoding":0,"optionsNeedingMapping":0,"declinedFallbackCount":0,"blockerCount":0}
{"level":"info","time":1791478068048,"pid":45073,"hostname":"Mac.net","event":"cee.leader_licence.shadow","request_id":"req-a7-run","scenario_id":"c8108752-0000-4000-8000-0000000000a7","run_id":"8c5ed9988edd07b3297821cf221d830e92ef9481c95e7f18090e8ad885a6c4b5","verdict":"withheld","leader_option_id":null,"reason":"goal_figures_withheld","caveats":[],"admission_mode":"comparative_leader","claim_reason":"goal_path_unsized","failed_closed":false,"disagreements":[],"msg":"A2 L1 leader-licence shadow verdict (no behaviour change)"}

⎯⎯⎯⎯⎯⎯⎯ Failed Tests 1 ⎯⎯⎯⎯⎯⎯⎯

 FAIL  src/orchestrator-v5/tools/handlers/__tests__/run-analysis-horizon-untested.test.ts > the Run carries A7 as a typed warning (served m1 through the real handler) > RED: it rides beside the target withhold, never in place of it (two separate facts)
AssertionError: expected [ …(6) ] to include 'GOAL_FIGURES_TARGET_NOT_TESTABLE'
 ❯ src/orchestrator-v5/tools/handlers/__tests__/run-analysis-horizon-untested.test.ts:118:19
    116|   it('RED: it rides beside the target withhold, never in place of it (…
    117|     const codes = warningsOf(await runOn(M1.graph)).map((w) => w.code);
    118|     expect(codes).toContain(GOAL_FIGURES_TARGET_NOT_TESTABLE);
       |                   ^
    119|     expect(codes).toContain(GOAL_HORIZON_NOT_TESTED);
    120|   });

⎯⎯⎯⎯⎯⎯⎯⎯⎯⎯⎯⎯⎯⎯⎯⎯⎯⎯⎯⎯⎯⎯⎯⎯[1/1]⎯


 Test Files  1 failed (1)
      Tests  1 failed | 8 passed (9)
   Start at  17:47:43
   Duration  4.17s (transform 2.82s, setup 106ms, import 3.75s, tests 192ms, environment 0ms)

