
 RUN  v4.1.10 /private/tmp/accel-er-b2scope-cee

{"level":"info","time":1791474220253,"pid":52743,"hostname":"Mac.net","event":"cee.analysis_ready.built","optionCount":3,"status":"ready","userQuestionCount":0,"goalNodeId":"mrr","readyOptionsCount":3,"optionsNeedingEncoding":0,"optionsNeedingMapping":0,"declinedFallbackCount":0,"blockerCount":0}
{"level":"info","time":1791474220258,"pid":52743,"hostname":"Mac.net","event":"cee.analysis_ready.built","optionCount":3,"status":"ready","userQuestionCount":0,"goalNodeId":"mrr","readyOptionsCount":3,"optionsNeedingEncoding":0,"optionsNeedingMapping":0,"declinedFallbackCount":0,"blockerCount":0}
{"level":"info","time":1791474220265,"pid":52743,"hostname":"Mac.net","event":"v5.run_analysis.options_scaffolded","request_id":"req-range-run","scenario_id":"c8108752-0000-4000-8000-0000000000a7","scaffolded_option_ids":["current_price"],"scaffolded_factor_counts":[1],"excluded_option_ids":[],"option_count":3}
{"level":"info","time":1791474220268,"pid":52743,"hostname":"Mac.net","event":"run_analysis.level_limit_baseline_carried","request_id":"req-range-run","scenario_id":"c8108752-0000-4000-8000-0000000000a7","node_ids":["monthly_churn_rate"],"msg":"run_analysis carried the current level of a level-limited node as its baseline (wire copy only; no magnitudes)"}
{"level":"info","time":1791474220268,"pid":52743,"hostname":"Mac.net","event":"run_analysis.stated_level_spread_carried","request_id":"req-range-run","scenario_id":"c8108752-0000-4000-8000-0000000000a7","node_ids":["pro_plan_price","current_paying_subscribers"],"msg":"run_analysis sent user-stated factor levels at the minimum spread (wire copy only; no magnitudes)"}
{"level":"info","time":1791474220270,"pid":52743,"hostname":"Mac.net","event":"run_analysis.user_links_held_at_one","request_id":"req-range-run","scenario_id":"c8108752-0000-4000-8000-0000000000a7","msg":"run_analysis held links at existence 1.0: a user range, a validated definition or route-once (wire copy only; ids only)"}
{"level":"info","time":1791474220277,"pid":52743,"hostname":"Mac.net","event":"run_analysis.seed_reuse","request_id":"req-range-run","scenario_id":"c8108752-0000-4000-8000-0000000000a7","reason":"no_prior_run","msg":"run_analysis seed decision"}
{"level":"info","time":1791474220279,"pid":52743,"hostname":"Mac.net","event":"run_analysis.limit_p_withheld_for_placeholder_moved_options","request_id":"req-range-run","scenario_id":"c8108752-0000-4000-8000-0000000000a7","withheld":[{"constraint_id":"agent-lane:monthly_churn_rate:<=","option_ids":["59_price","current_price"]}],"msg":"run_analysis: a limit's P is withheld for the options that move its target through an unsized Olumi link"}
{"level":"info","time":1791474220283,"pid":52743,"hostname":"Mac.net","event":"run_analysis.goal_figures_withheld_for_placeholder_paths","request_id":"req-range-run","scenario_id":"c8108752-0000-4000-8000-0000000000a7","withheld":[{"option_id":"59_price","links":1}],"msg":"run_analysis: goal figures withheld for the options an unsized Olumi link moves"}
{"level":"info","time":1791474220289,"pid":52743,"hostname":"Mac.net","event":"v5.run_analysis.constraint_unevaluated","request_id":"req-range-run","scenario_id":"c8108752-0000-4000-8000-0000000000a7","constraint_ids":["agent-lane:monthly_churn_rate:<="],"codes":[]}
{"level":"info","time":1791474220292,"pid":52743,"hostname":"Mac.net","event":"cee.analysis_ready.built","optionCount":3,"status":"ready","userQuestionCount":0,"goalNodeId":"mrr","readyOptionsCount":3,"optionsNeedingEncoding":0,"optionsNeedingMapping":0,"declinedFallbackCount":0,"blockerCount":0}
{"level":"info","time":1791474220316,"pid":52743,"hostname":"Mac.net","event":"cee.leader_licence.shadow","request_id":"req-range-run","scenario_id":"c8108752-0000-4000-8000-0000000000a7","run_id":"f6e04e32973a84b3d572b7cb6a08c2013d41852df19d815d40ebb2d93dcc59da","verdict":"withheld","leader_option_id":null,"reason":"goal_figures_withheld","caveats":[],"admission_mode":"comparative_leader","claim_reason":"goal_path_unsized","failed_closed":false,"disagreements":[],"msg":"A2 L1 leader-licence shadow verdict (no behaviour change)"}
{"level":"info","time":1791474220320,"pid":52743,"hostname":"Mac.net","event":"cee.analysis_ready.built","optionCount":3,"status":"ready","userQuestionCount":0,"goalNodeId":"mrr","readyOptionsCount":3,"optionsNeedingEncoding":0,"optionsNeedingMapping":0,"declinedFallbackCount":0,"blockerCount":0}
{"level":"info","time":1791474220324,"pid":52743,"hostname":"Mac.net","event":"cee.analysis_ready.built","optionCount":3,"status":"ready","userQuestionCount":0,"goalNodeId":"mrr","readyOptionsCount":3,"optionsNeedingEncoding":0,"optionsNeedingMapping":0,"declinedFallbackCount":0,"blockerCount":0}
{"level":"info","time":1791474220328,"pid":52743,"hostname":"Mac.net","event":"v5.run_analysis.options_scaffolded","request_id":"req-range-run","scenario_id":"c8108752-0000-4000-8000-0000000000a7","scaffolded_option_ids":["current_price"],"scaffolded_factor_counts":[1],"excluded_option_ids":[],"option_count":3}
{"level":"info","time":1791474220329,"pid":52743,"hostname":"Mac.net","event":"run_analysis.level_limit_baseline_carried","request_id":"req-range-run","scenario_id":"c8108752-0000-4000-8000-0000000000a7","node_ids":["monthly_churn_rate"],"msg":"run_analysis carried the current level of a level-limited node as its baseline (wire copy only; no magnitudes)"}
{"level":"info","time":1791474220329,"pid":52743,"hostname":"Mac.net","event":"run_analysis.stated_level_spread_carried","request_id":"req-range-run","scenario_id":"c8108752-0000-4000-8000-0000000000a7","node_ids":["pro_plan_price","current_paying_subscribers"],"msg":"run_analysis sent user-stated factor levels at the minimum spread (wire copy only; no magnitudes)"}
{"level":"info","time":1791474220330,"pid":52743,"hostname":"Mac.net","event":"run_analysis.user_links_held_at_one","request_id":"req-range-run","scenario_id":"c8108752-0000-4000-8000-0000000000a7","msg":"run_analysis held links at existence 1.0: a user range, a validated definition or route-once (wire copy only; ids only)"}
{"level":"info","time":1791474220333,"pid":52743,"hostname":"Mac.net","event":"run_analysis.seed_reuse","request_id":"req-range-run","scenario_id":"c8108752-0000-4000-8000-0000000000a7","reason":"no_prior_run","msg":"run_analysis seed decision"}
{"level":"info","time":1791474220334,"pid":52743,"hostname":"Mac.net","event":"run_analysis.limit_p_withheld_for_placeholder_moved_options","request_id":"req-range-run","scenario_id":"c8108752-0000-4000-8000-0000000000a7","withheld":[{"constraint_id":"agent-lane:monthly_churn_rate:<=","option_ids":["59_price","current_price"]}],"msg":"run_analysis: a limit's P is withheld for the options that move its target through an unsized Olumi link"}
{"level":"info","time":1791474220336,"pid":52743,"hostname":"Mac.net","event":"v5.run_analysis.constraint_unevaluated","request_id":"req-range-run","scenario_id":"c8108752-0000-4000-8000-0000000000a7","constraint_ids":["agent-lane:monthly_churn_rate:<="],"codes":[]}
{"level":"info","time":1791474220338,"pid":52743,"hostname":"Mac.net","event":"cee.analysis_ready.built","optionCount":3,"status":"ready","userQuestionCount":0,"goalNodeId":"mrr","readyOptionsCount":3,"optionsNeedingEncoding":0,"optionsNeedingMapping":0,"declinedFallbackCount":0,"blockerCount":0}
{"level":"info","time":1791474220340,"pid":52743,"hostname":"Mac.net","event":"cee.nonlinear_identity.leader_withheld","request_id":"req-range-run","scenario_id":"c8108752-0000-4000-8000-0000000000a7","leading_option_id":"59_price","outcome_node_id":"mrr","unproven_against_count":1,"msg":"run_analysis: leader withheld — its sign on a multiplied goal is not proven"}
{"level":"info","time":1791474220352,"pid":52743,"hostname":"Mac.net","event":"cee.leader_licence.shadow","request_id":"req-range-run","scenario_id":"c8108752-0000-4000-8000-0000000000a7","run_id":"c74c1469c77b437485f0136dfd43ad7ad2b9c64b17ff1087a78a2d80d3ee8bd1","verdict":"withheld","leader_option_id":null,"reason":"constraint_withheld","caveats":[],"admission_mode":"comparative_leader","claim_reason":"constraint_verdict_withheld","failed_closed":false,"disagreements":[{"site":"stored_leader","live":true,"verdict":false}],"msg":"A2 L1 leader-licence shadow verdict (no behaviour change)"}
{"level":"info","time":1791474222459,"pid":52815,"hostname":"Mac.net","event":"cee.analysis_ready.built","optionCount":4,"status":"ready","userQuestionCount":0,"goalNodeId":"monthly_profit","readyOptionsCount":4,"optionsNeedingEncoding":0,"optionsNeedingMapping":0,"declinedFallbackCount":0,"blockerCount":0}
{"level":"info","time":1791474222523,"pid":52815,"hostname":"Mac.net","event":"cee.analysis_ready.built","optionCount":4,"status":"ready","userQuestionCount":0,"goalNodeId":"monthly_profit","readyOptionsCount":4,"optionsNeedingEncoding":0,"optionsNeedingMapping":0,"declinedFallbackCount":0,"blockerCount":0}
{"level":"info","time":1791474222555,"pid":52815,"hostname":"Mac.net","event":"agent_lane.withheld_leader_ranking_dropped","request_id":"s4b-unseen-1","exit_path":"agent_lane_v1","dropped_sentences":1,"withheld_reason":"goal_path_unsized","no_result_run":false,"original_length":298,"projected_length":423,"msg":"agent-lane: the leader is withheld, so ranking sentences were dropped from the reply"}
{"level":"info","time":1791474222577,"pid":52815,"hostname":"Mac.net","event":"v5.egress.leading_option_claim_neutralised_at_wire","request_id":"s4b-unseen-1","exit_path":"agent_lane_v1","edited_fields":"blocks","mode":"surgical","original_length":0,"projected_length":0}
{"level":"info","time":1791474222755,"pid":52815,"hostname":"Mac.net","event":"cee.analysis_ready.built","optionCount":4,"status":"ready","userQuestionCount":0,"goalNodeId":"monthly_profit","readyOptionsCount":4,"optionsNeedingEncoding":0,"optionsNeedingMapping":0,"declinedFallbackCount":0,"blockerCount":0}
{"level":"info","time":1791474222783,"pid":52815,"hostname":"Mac.net","event":"cee.analysis_ready.built","optionCount":4,"status":"ready","userQuestionCount":0,"goalNodeId":"monthly_profit","readyOptionsCount":4,"optionsNeedingEncoding":0,"optionsNeedingMapping":0,"declinedFallbackCount":0,"blockerCount":0}
{"level":"info","time":1791474222815,"pid":52815,"hostname":"Mac.net","event":"agent_lane.withheld_leader_ranking_dropped","request_id":"s4b-unseen-2","exit_path":"agent_lane_v1","dropped_sentences":1,"withheld_reason":"goal_path_unsized","no_result_run":false,"original_length":313,"projected_length":428,"msg":"agent-lane: the leader is withheld, so ranking sentences were dropped from the reply"}
{"level":"info","time":1791474222829,"pid":52815,"hostname":"Mac.net","event":"v5.egress.leading_option_claim_neutralised_at_wire","request_id":"s4b-unseen-2","exit_path":"agent_lane_v1","edited_fields":"blocks","mode":"surgical","original_length":0,"projected_length":0}

 Test Files  2 passed (2)
      Tests  88 passed (88)
   Start at  16:43:36
   Duration  6.82s (transform 3.56s, setup 133ms, import 5.73s, tests 725ms, environment 0ms)

